Criminal[index=0;pos=(41,31)]
Sherlock[index=1;pos=(5,3);moving_rule=ULRDDDURRRDRDD]
Watson[index=2;pos=(42,6);moving_rule=LLDURUDRDUD]
Robot[pos=(12,18);type=W;dist=42]
CRIMINAL -> SHERLOCK -> WATSON -> ROBOTW
STEPT 1:
Criminal[index=0;pos=(41,32)]
Sherlock[index=1;pos=(4,3);moving_rule=ULRDDDURRRDRDD]
Watson[index=2;pos=(42,5);moving_rule=LLDURUDRDUD]
Robot[pos=(13,18);type=W;dist=42]
STEPT 2:
Criminal[index=0;pos=(41,33)]
Sherlock[index=1;pos=(4,2);moving_rule=ULRDDDURRRDRDD]
Watson[index=2;pos=(42,4);moving_rule=LLDURUDRDUD]
Robot[pos=(14,18);type=W;dist=42]
STEPT 3:
Criminal[index=0;pos=(41,34)]
Sherlock[index=1;pos=(4,3);moving_rule=ULRDDDURRRDRDD]
Watson[index=2;pos=(43,4);moving_rule=LLDURUDRDUD]
Robot[pos=(15,18);type=W;dist=42]
STEPT 4:
Criminal[index=0;pos=(41,35)]
Sherlock[index=1;pos=(5,3);moving_rule=ULRDDDURRRDRDD]
Watson[index=2;pos=(42,4);moving_rule=LLDURUDRDUD]
Robot[pos=(16,18);type=W;dist=40]
STEPT 5:
Criminal[index=0;pos=(41,36)]
Sherlock[index=1;pos=(6,3);moving_rule=ULRDDDURRRDRDD]
Watson[index=2;pos=(42,5);moving_rule=LLDURUDRDUD]
Robot[pos=(17,18);type=W;dist=38]
STEPT 6:
Criminal[index=0;pos=(41,37)]
Sherlock[index=1;pos=(7,3);moving_rule=ULRDDDURRRDRDD]
Watson[index=2;pos=(41,5);moving_rule=LLDURUDRDUD]
Robot[pos=(18,18);type=W;dist=36]
STEPT 7:
Criminal[index=0;pos=(42,37)]
Sherlock[index=1;pos=(6,3);moving_rule=ULRDDDURRRDRDD]
Watson[index=2;pos=(42,5);moving_rule=LLDURUDRDUD]
Robot[pos=(19,18);type=W;dist=36]
STEPT 8:
Criminal[index=0;pos=(43,37)]
Sherlock[index=1;pos=(6,4);moving_rule=ULRDDDURRRDRDD]
Watson[index=2;pos=(42,6);moving_rule=LLDURUDRDUD]
Robot[pos=(20,18);type=W;dist=34]
STEPT 9:
Criminal[index=0;pos=(44,37)]
Sherlock[index=1;pos=(6,5);moving_rule=ULRDDDURRRDRDD]
Watson[index=2;pos=(43,6);moving_rule=LLDURUDRDUD]
Robot[pos=(21,18);type=W;dist=34]
STEPT 10:
Criminal[index=0;pos=(45,37)]
Sherlock[index=1;pos=(6,6);moving_rule=ULRDDDURRRDRDD]
Watson[index=2;pos=(42,6);moving_rule=LLDURUDRDUD]
Robot[pos=(22,18);type=W;dist=32]
STEPT 11:
Criminal[index=0;pos=(46,37)]
Sherlock[index=1;pos=(7,6);moving_rule=ULRDDDURRRDRDD]
Watson[index=2;pos=(43,6);moving_rule=LLDURUDRDUD]
Robot[pos=(23,18);type=W;dist=32]
STEPT 12:
Criminal[index=0;pos=(47,37)]
Sherlock[index=1;pos=(7,7);moving_rule=ULRDDDURRRDRDD]
Watson[index=2;pos=(43,5);moving_rule=LLDURUDRDUD]
Robot[pos=(24,18);type=W;dist=32]
STEPT 13:
Criminal[index=0;pos=(47,38)]
Sherlock[index=1;pos=(8,7);moving_rule=ULRDDDURRRDRDD]
Watson[index=2;pos=(43,4);moving_rule=LLDURUDRDUD]
Robot[pos=(25,18);type=W;dist=32]
STEPT 14:
Criminal[index=0;pos=(47,39)]
Sherlock[index=1;pos=(9,7);moving_rule=ULRDDDURRRDRDD]
Watson[index=2;pos=(44,4);moving_rule=LLDURUDRDUD]
Robot[pos=(26,18);type=W;dist=32]
STEPT 15:
Criminal[index=0;pos=(47,40)]
Sherlock[index=1;pos=(8,7);moving_rule=ULRDDDURRRDRDD]
Watson[index=2;pos=(43,4);moving_rule=LLDURUDRDUD]
Robot[pos=(27,18);type=W;dist=30]
STEPT 16:
Criminal[index=0;pos=(47,41)]
Sherlock[index=1;pos=(8,6);moving_rule=ULRDDDURRRDRDD]
Watson[index=2;pos=(43,5);moving_rule=LLDURUDRDUD]
Robot[pos=(28,18);type=W;dist=28]
STEPT 17:
Criminal[index=0;pos=(47,42)]
Sherlock[index=1;pos=(8,7);moving_rule=ULRDDDURRRDRDD]
Watson[index=2;pos=(42,5);moving_rule=LLDURUDRDUD]
Robot[pos=(29,18);type=W;dist=26]
STEPT 18:
Criminal[index=0;pos=(47,43)]
Sherlock[index=1;pos=(9,7);moving_rule=ULRDDDURRRDRDD]
Watson[index=2;pos=(43,5);moving_rule=LLDURUDRDUD]
Robot[pos=(30,18);type=W;dist=26]
STEPT 19:
Criminal[index=0;pos=(47,44)]
Sherlock[index=1;pos=(10,7);moving_rule=ULRDDDURRRDRDD]
Watson[index=2;pos=(43,6);moving_rule=LLDURUDRDUD]
Robot[pos=(31,18);type=W;dist=24]
STEPT 20:
Criminal[index=0;pos=(47,45)]
Sherlock[index=1;pos=(11,7);moving_rule=ULRDDDURRRDRDD]
Watson[index=2;pos=(44,6);moving_rule=LLDURUDRDUD]
Robot[pos=(32,18);type=W;dist=24]
STEPT 21:
Criminal[index=0;pos=(47,46)]
Sherlock[index=1;pos=(10,7);moving_rule=ULRDDDURRRDRDD]
Watson[index=2;pos=(43,6);moving_rule=LLDURUDRDUD]
Robot[pos=(33,18);type=W;dist=22]
STEPT 22:
Criminal[index=0;pos=(46,46)]
Sherlock[index=1;pos=(10,8);moving_rule=ULRDDDURRRDRDD]
Watson[index=2;pos=(44,6);moving_rule=LLDURUDRDUD]
Robot[pos=(34,18);type=W;dist=22]
STEPT 23:
Criminal[index=0;pos=(47,46)]
Sherlock[index=1;pos=(10,9);moving_rule=ULRDDDURRRDRDD]
Watson[index=2;pos=(44,5);moving_rule=LLDURUDRDUD]
Robot[pos=(35,18);type=W;dist=22]
STEPT 24:
Criminal[index=0;pos=(46,46)]
Sherlock[index=1;pos=(10,10);moving_rule=ULRDDDURRRDRDD]
Watson[index=2;pos=(44,4);moving_rule=LLDURUDRDUD]
Robot[pos=(36,18);type=W;dist=22]
STEPT 25:
Criminal[index=0;pos=(47,46)]
Sherlock[index=1;pos=(11,10);moving_rule=ULRDDDURRRDRDD]
Watson[index=2;pos=(45,4);moving_rule=LLDURUDRDUD]
Robot[pos=(37,18);type=W;dist=22]
STEPT 26:
Criminal[index=0;pos=(46,46)]
Sherlock[index=1;pos=(11,11);moving_rule=ULRDDDURRRDRDD]
Watson[index=2;pos=(44,4);moving_rule=LLDURUDRDUD]
Robot[pos=(38,18);type=W;dist=20]
STEPT 27:
Criminal[index=0;pos=(47,46)]
Sherlock[index=1;pos=(12,11);moving_rule=ULRDDDURRRDRDD]
Watson[index=2;pos=(44,5);moving_rule=LLDURUDRDUD]
Robot[pos=(39,18);type=W;dist=18]
STEPT 28:
Criminal[index=0;pos=(46,46)]
Sherlock[index=1;pos=(13,11);moving_rule=ULRDDDURRRDRDD]
Watson[index=2;pos=(43,5);moving_rule=LLDURUDRDUD]
Robot[pos=(40,18);type=W;dist=16]
STEPT 29:
Criminal[index=0;pos=(47,46)]
Sherlock[index=1;pos=(12,11);moving_rule=ULRDDDURRRDRDD]
Watson[index=2;pos=(44,5);moving_rule=LLDURUDRDUD]
Robot[pos=(41,18);type=W;dist=16]
STEPT 30:
Criminal[index=0;pos=(46,46)]
Sherlock[index=1;pos=(12,10);moving_rule=ULRDDDURRRDRDD]
Watson[index=2;pos=(44,6);moving_rule=LLDURUDRDUD]
Robot[pos=(42,18);type=W;dist=14]
STEPT 31:
Criminal[index=0;pos=(47,46)]
Sherlock[index=1;pos=(12,11);moving_rule=ULRDDDURRRDRDD]
Watson[index=2;pos=(45,6);moving_rule=LLDURUDRDUD]
Robot[pos=(43,18);type=W;dist=14]
STEPT 32:
Criminal[index=0;pos=(46,46)]
Sherlock[index=1;pos=(13,11);moving_rule=ULRDDDURRRDRDD]
Watson[index=2;pos=(44,6);moving_rule=LLDURUDRDUD]
Robot[pos=(44,18);type=W;dist=12]
STEPT 33:
Criminal[index=0;pos=(47,46)]
Sherlock[index=1;pos=(14,11);moving_rule=ULRDDDURRRDRDD]
Watson[index=2;pos=(45,6);moving_rule=LLDURUDRDUD]
Robot[pos=(45,18);type=W;dist=12]
STEPT 34:
Criminal[index=0;pos=(46,46)]
Sherlock[index=1;pos=(15,11);moving_rule=ULRDDDURRRDRDD]
Watson[index=2;pos=(45,5);moving_rule=LLDURUDRDUD]
Robot[pos=(45,17);type=W;dist=12]
STEPT 35:
Criminal[index=0;pos=(47,46)]
Sherlock[index=1;pos=(14,11);moving_rule=ULRDDDURRRDRDD]
Watson[index=2;pos=(45,4);moving_rule=LLDURUDRDUD]
Robot[pos=(45,16);type=W;dist=12]
STEPT 36:
Criminal[index=0;pos=(46,46)]
Sherlock[index=1;pos=(14,12);moving_rule=ULRDDDURRRDRDD]
Watson[index=2;pos=(46,4);moving_rule=LLDURUDRDUD]
Robot[pos=(46,16);type=W;dist=12]
STEPT 37:
Criminal[index=0;pos=(47,46)]
Sherlock[index=1;pos=(14,13);moving_rule=ULRDDDURRRDRDD]
Watson[index=2;pos=(45,4);moving_rule=LLDURUDRDUD]
Robot[pos=(45,16);type=W;dist=12]
STEPT 38:
Criminal[index=0;pos=(46,46)]
Sherlock[index=1;pos=(14,14);moving_rule=ULRDDDURRRDRDD]
Watson[index=2;pos=(45,5);moving_rule=LLDURUDRDUD]
Robot[pos=(45,15);type=W;dist=10]
STEPT 39:
Criminal[index=0;pos=(47,46)]
Sherlock[index=1;pos=(15,14);moving_rule=ULRDDDURRRDRDD]
Watson[index=2;pos=(44,5);moving_rule=LLDURUDRDUD]
Robot[pos=(44,15);type=W;dist=10]
STEPT 40:
Criminal[index=0;pos=(46,46)]
Sherlock[index=1;pos=(15,15);moving_rule=ULRDDDURRRDRDD]
Watson[index=2;pos=(45,5);moving_rule=LLDURUDRDUD]
Robot[pos=(45,15);type=W;dist=10]
STEPT 41:
Criminal[index=0;pos=(47,46)]
Sherlock[index=1;pos=(16,15);moving_rule=ULRDDDURRRDRDD]
Watson[index=2;pos=(45,6);moving_rule=LLDURUDRDUD]
Robot[pos=(45,14);type=W;dist=8]
STEPT 42:
Criminal[index=0;pos=(46,46)]
Sherlock[index=1;pos=(17,15);moving_rule=ULRDDDURRRDRDD]
Watson[index=2;pos=(46,6);moving_rule=LLDURUDRDUD]
Robot[pos=(46,14);type=W;dist=8]
STEPT 43:
Criminal[index=0;pos=(47,46)]
Sherlock[index=1;pos=(16,15);moving_rule=ULRDDDURRRDRDD]
Watson[index=2;pos=(45,6);moving_rule=LLDURUDRDUD]
Robot[pos=(45,14);type=W;dist=8]
STEPT 44:
Criminal[index=0;pos=(46,46)]
Sherlock[index=1;pos=(16,14);moving_rule=ULRDDDURRRDRDD]
Watson[index=2;pos=(46,6);moving_rule=LLDURUDRDUD]
Robot[pos=(46,14);type=W;dist=8]
STEPT 45:
Criminal[index=0;pos=(47,46)]
Sherlock[index=1;pos=(16,15);moving_rule=ULRDDDURRRDRDD]
Watson[index=2;pos=(46,5);moving_rule=LLDURUDRDUD]
Robot[pos=(46,13);type=W;dist=8]
STEPT 46:
Criminal[index=0;pos=(46,46)]
Sherlock[index=1;pos=(17,15);moving_rule=ULRDDDURRRDRDD]
Watson[index=2;pos=(46,4);moving_rule=LLDURUDRDUD]
Robot[pos=(46,12);type=W;dist=8]
STEPT 47:
Criminal[index=0;pos=(47,46)]
Sherlock[index=1;pos=(18,15);moving_rule=ULRDDDURRRDRDD]
Watson[index=2;pos=(47,4);moving_rule=LLDURUDRDUD]
Robot[pos=(47,12);type=W;dist=8]
STEPT 48:
Criminal[index=0;pos=(46,46)]
Sherlock[index=1;pos=(19,15);moving_rule=ULRDDDURRRDRDD]
Watson[index=2;pos=(46,4);moving_rule=LLDURUDRDUD]
Robot[pos=(46,12);type=W;dist=8]
STEPT 49:
Criminal[index=0;pos=(47,46)]
Sherlock[index=1;pos=(18,15);moving_rule=ULRDDDURRRDRDD]
Watson[index=2;pos=(46,5);moving_rule=LLDURUDRDUD]
Robot[pos=(46,11);type=W;dist=6]
STEPT 50:
Criminal[index=0;pos=(46,46)]
Sherlock[index=1;pos=(18,16);moving_rule=ULRDDDURRRDRDD]
Watson[index=2;pos=(45,5);moving_rule=LLDURUDRDUD]
Robot[pos=(45,11);type=W;dist=6]
STEPT 51:
Criminal[index=0;pos=(47,46)]
Sherlock[index=1;pos=(18,17);moving_rule=ULRDDDURRRDRDD]
Watson[index=2;pos=(46,5);moving_rule=LLDURUDRDUD]
Robot[pos=(46,11);type=W;dist=6]
STEPT 52:
Criminal[index=0;pos=(46,46)]
Sherlock[index=1;pos=(18,18);moving_rule=ULRDDDURRRDRDD]
Watson[index=2;pos=(46,6);moving_rule=LLDURUDRDUD]
Robot[pos=(46,10);type=W;dist=4]
STEPT 53:
Criminal[index=0;pos=(47,46)]
Sherlock[index=1;pos=(19,18);moving_rule=ULRDDDURRRDRDD]
Watson[index=2;pos=(47,6);moving_rule=LLDURUDRDUD]
Robot[pos=(47,10);type=W;dist=4]
STEPT 54:
Criminal[index=0;pos=(46,46)]
Sherlock[index=1;pos=(19,19);moving_rule=ULRDDDURRRDRDD]
Watson[index=2;pos=(46,6);moving_rule=LLDURUDRDUD]
Robot[pos=(46,10);type=W;dist=4]
STEPT 55:
Criminal[index=0;pos=(47,46)]
Sherlock[index=1;pos=(20,19);moving_rule=ULRDDDURRRDRDD]
Watson[index=2;pos=(47,6);moving_rule=LLDURUDRDUD]
Robot[pos=(47,10);type=W;dist=4]
STEPT 56:
Criminal[index=0;pos=(46,46)]
Sherlock[index=1;pos=(21,19);moving_rule=ULRDDDURRRDRDD]
Watson[index=2;pos=(47,5);moving_rule=LLDURUDRDUD]
Robot[pos=(47,9);type=W;dist=4]
STEPT 57:
Criminal[index=0;pos=(45,46)]
Sherlock[index=1;pos=(20,19);moving_rule=ULRDDDURRRDRDD]
Watson[index=2;pos=(47,4);moving_rule=LLDURUDRDUD]
Robot[pos=(47,8);type=W;dist=4]
STEPT 58:
Criminal[index=0;pos=(44,46)]
Sherlock[index=1;pos=(20,18);moving_rule=ULRDDDURRRDRDD]
Watson[index=2;pos=(47,4);moving_rule=LLDURUDRDUD]
Robot[pos=(47,7);type=W;dist=3]
STEPT 59:
Criminal[index=0;pos=(43,46)]
Sherlock[index=1;pos=(20,19);moving_rule=ULRDDDURRRDRDD]
Watson[index=2;pos=(46,4);moving_rule=LLDURUDRDUD]
Robot[pos=(46,7);type=W;dist=3]
STEPT 60:
Criminal[index=0;pos=(42,46)]
Sherlock[index=1;pos=(21,19);moving_rule=ULRDDDURRRDRDD]
Watson[index=2;pos=(46,5);moving_rule=LLDURUDRDUD]
Robot[pos=(46,6);type=W;dist=1]
STEPT 61:
Criminal[index=0;pos=(41,46)]
Sherlock[index=1;pos=(22,19);moving_rule=ULRDDDURRRDRDD]
Watson[index=2;pos=(45,5);moving_rule=LLDURUDRDUD]
Robot[pos=(45,6);type=W;dist=1]
STEPT 62:
Criminal[index=0;pos=(40,46)]
Sherlock[index=1;pos=(23,19);moving_rule=ULRDDDURRRDRDD]
Watson[index=2;pos=(46,5);moving_rule=LLDURUDRDUD]
Robot[pos=(46,6);type=W;dist=1]
STEPT 63:
Criminal[index=0;pos=(39,46)]
Sherlock[index=1;pos=(22,19);moving_rule=ULRDDDURRRDRDD]
Watson[index=2;pos=(46,6);moving_rule=LLDURUDRDUD]
Robot[pos=(45,6);type=W;dist=1]
STEPT 64:
Criminal[index=0;pos=(38,46)]
Sherlock[index=1;pos=(22,20);moving_rule=ULRDDDURRRDRDD]
Watson[index=2;pos=(47,6);moving_rule=LLDURUDRDUD]
Robot[pos=(46,6);type=W;dist=1]
STEPT 65:
Criminal[index=0;pos=(37,46)]
Sherlock[index=1;pos=(22,21);moving_rule=ULRDDDURRRDRDD]
Watson[index=2;pos=(46,6);moving_rule=LLDURUDRDUD]
Robot[pos=(45,6);type=W;dist=1]
STEPT 66:
Criminal[index=0;pos=(36,46)]
Sherlock[index=1;pos=(22,22);moving_rule=ULRDDDURRRDRDD]
Watson[index=2;pos=(47,6);moving_rule=LLDURUDRDUD]
Robot[pos=(46,6);type=W;dist=1]
STEPT 67:
Criminal[index=0;pos=(35,46)]
Sherlock[index=1;pos=(23,22);moving_rule=ULRDDDURRRDRDD]
Watson[index=2;pos=(47,5);moving_rule=LLDURUDRDUD]
Robot[pos=(47,6);type=W;dist=1]
STEPT 68:
Criminal[index=0;pos=(34,46)]
Sherlock[index=1;pos=(23,23);moving_rule=ULRDDDURRRDRDD]
Watson[index=2;pos=(47,4);moving_rule=LLDURUDRDUD]
Robot[pos=(47,5);type=W;dist=1]
STEPT 69:
Criminal[index=0;pos=(33,46)]
Sherlock[index=1;pos=(24,23);moving_rule=ULRDDDURRRDRDD]
Watson[index=2;pos=(47,4);moving_rule=LLDURUDRDUD]
Robot[pos=(47,4);type=W;dist=0]
STEPT 70:
Criminal[index=0;pos=(32,46)]
Sherlock[index=1;pos=(25,23);moving_rule=ULRDDDURRRDRDD]
Watson[index=2;pos=(46,4);moving_rule=LLDURUDRDUD]
Robot[pos=(46,4);type=W;dist=0]
STEPT 71:
Criminal[index=0;pos=(31,46)]
Sherlock[index=1;pos=(24,23);moving_rule=ULRDDDURRRDRDD]
Watson[index=2;pos=(46,5);moving_rule=LLDURUDRDUD]
Robot[pos=(46,5);type=W;dist=0]
STEPT 72:
Criminal[index=0;pos=(30,46)]
Sherlock[index=1;pos=(24,22);moving_rule=ULRDDDURRRDRDD]
Watson[index=2;pos=(45,5);moving_rule=LLDURUDRDUD]
Robot[pos=(45,5);type=W;dist=0]
STEPT 73:
Criminal[index=0;pos=(29,46)]
Sherlock[index=1;pos=(24,23);moving_rule=ULRDDDURRRDRDD]
Watson[index=2;pos=(46,5);moving_rule=LLDURUDRDUD]
Robot[pos=(46,5);type=W;dist=0]
STEPT 74:
Criminal[index=0;pos=(28,46)]
Sherlock[index=1;pos=(25,23);moving_rule=ULRDDDURRRDRDD]
Watson[index=2;pos=(46,6);moving_rule=LLDURUDRDUD]
Robot[pos=(46,6);type=W;dist=0]
STEPT 75:
Criminal[index=0;pos=(27,46)]
Sherlock[index=1;pos=(26,23);moving_rule=ULRDDDURRRDRDD]
Watson[index=2;pos=(47,6);moving_rule=LLDURUDRDUD]
Robot[pos=(47,6);type=W;dist=0]
STEPT 76:
Criminal[index=0;pos=(26,46)]
Sherlock[index=1;pos=(27,23);moving_rule=ULRDDDURRRDRDD]
Watson[index=2;pos=(46,6);moving_rule=LLDURUDRDUD]
Robot[pos=(46,6);type=W;dist=0]
STEPT 77:
Criminal[index=0;pos=(25,46)]
Sherlock[index=1;pos=(26,23);moving_rule=ULRDDDURRRDRDD]
Watson[index=2;pos=(47,6);moving_rule=LLDURUDRDUD]
Robot[pos=(47,6);type=W;dist=0]
STEPT 78:
Criminal[index=0;pos=(24,46)]
Sherlock[index=1;pos=(26,24);moving_rule=ULRDDDURRRDRDD]
Watson[index=2;pos=(47,5);moving_rule=LLDURUDRDUD]
Robot[pos=(47,5);type=W;dist=0]
STEPT 79:
Criminal[index=0;pos=(23,46)]
Sherlock[index=1;pos=(26,25);moving_rule=ULRDDDURRRDRDD]
Watson[index=2;pos=(47,4);moving_rule=LLDURUDRDUD]
Robot[pos=(47,4);type=W;dist=0]
STEPT 80:
Criminal[index=0;pos=(22,46)]
Sherlock[index=1;pos=(26,26);moving_rule=ULRDDDURRRDRDD]
Watson[index=2;pos=(47,4);moving_rule=LLDURUDRDUD]
Robot[pos=(46,4);type=W;dist=1]
STEPT 81:
Criminal[index=0;pos=(21,46)]
Sherlock[index=1;pos=(27,26);moving_rule=ULRDDDURRRDRDD]
Watson[index=2;pos=(46,4);moving_rule=LLDURUDRDUD]
Robot[pos=(45,4);type=W;dist=1]
STEPT 82:
Criminal[index=0;pos=(20,46)]
Sherlock[index=1;pos=(27,27);moving_rule=ULRDDDURRRDRDD]
Watson[index=2;pos=(46,5);moving_rule=LLDURUDRDUD]
Robot[pos=(45,5);type=W;dist=1]
STEPT 83:
Criminal[index=0;pos=(19,46)]
Sherlock[index=1;pos=(28,27);moving_rule=ULRDDDURRRDRDD]
Watson[index=2;pos=(45,5);moving_rule=LLDURUDRDUD]
Robot[pos=(44,5);type=W;dist=1]
STEPT 84:
Criminal[index=0;pos=(18,46)]
Sherlock[index=1;pos=(29,27);moving_rule=ULRDDDURRRDRDD]
Watson[index=2;pos=(46,5);moving_rule=LLDURUDRDUD]
Robot[pos=(45,5);type=W;dist=1]
STEPT 85:
Criminal[index=0;pos=(17,46)]
Sherlock[index=1;pos=(28,27);moving_rule=ULRDDDURRRDRDD]
Watson[index=2;pos=(46,6);moving_rule=LLDURUDRDUD]
Robot[pos=(45,6);type=W;dist=1]
STEPT 86:
Criminal[index=0;pos=(16,46)]
Sherlock[index=1;pos=(28,26);moving_rule=ULRDDDURRRDRDD]
Watson[index=2;pos=(47,6);moving_rule=LLDURUDRDUD]
Robot[pos=(46,6);type=W;dist=1]
STEPT 87:
Criminal[index=0;pos=(15,46)]
Sherlock[index=1;pos=(28,27);moving_rule=ULRDDDURRRDRDD]
Watson[index=2;pos=(46,6);moving_rule=LLDURUDRDUD]
Robot[pos=(45,6);type=W;dist=1]
STEPT 88:
Criminal[index=0;pos=(14,46)]
Sherlock[index=1;pos=(29,27);moving_rule=ULRDDDURRRDRDD]
Watson[index=2;pos=(47,6);moving_rule=LLDURUDRDUD]
Robot[pos=(46,6);type=W;dist=1]
STEPT 89:
Criminal[index=0;pos=(13,46)]
Sherlock[index=1;pos=(30,27);moving_rule=ULRDDDURRRDRDD]
Watson[index=2;pos=(47,5);moving_rule=LLDURUDRDUD]
Robot[pos=(47,6);type=W;dist=1]
STEPT 90:
Criminal[index=0;pos=(12,46)]
Sherlock[index=1;pos=(31,27);moving_rule=ULRDDDURRRDRDD]
Watson[index=2;pos=(47,4);moving_rule=LLDURUDRDUD]
Robot[pos=(47,5);type=W;dist=1]
STEPT 91:
Criminal[index=0;pos=(11,46)]
Sherlock[index=1;pos=(30,27);moving_rule=ULRDDDURRRDRDD]
Watson[index=2;pos=(47,4);moving_rule=LLDURUDRDUD]
Robot[pos=(47,4);type=W;dist=0]
STEPT 92:
Criminal[index=0;pos=(10,46)]
Sherlock[index=1;pos=(30,28);moving_rule=ULRDDDURRRDRDD]
Watson[index=2;pos=(46,4);moving_rule=LLDURUDRDUD]
Robot[pos=(46,4);type=W;dist=0]
STEPT 93:
Criminal[index=0;pos=(9,46)]
Sherlock[index=1;pos=(30,29);moving_rule=ULRDDDURRRDRDD]
Watson[index=2;pos=(46,5);moving_rule=LLDURUDRDUD]
Robot[pos=(46,5);type=W;dist=0]
STEPT 94:
Criminal[index=0;pos=(8,46)]
Sherlock[index=1;pos=(30,30);moving_rule=ULRDDDURRRDRDD]
Watson[index=2;pos=(45,5);moving_rule=LLDURUDRDUD]
Robot[pos=(45,5);type=W;dist=0]
STEPT 95:
Criminal[index=0;pos=(7,46)]
Sherlock[index=1;pos=(31,30);moving_rule=ULRDDDURRRDRDD]
Watson[index=2;pos=(46,5);moving_rule=LLDURUDRDUD]
Robot[pos=(46,5);type=W;dist=0]
STEPT 96:
Criminal[index=0;pos=(6,46)]
Sherlock[index=1;pos=(31,31);moving_rule=ULRDDDURRRDRDD]
Watson[index=2;pos=(46,6);moving_rule=LLDURUDRDUD]
Robot[pos=(46,6);type=W;dist=0]
STEPT 97:
Criminal[index=0;pos=(5,46)]
Sherlock[index=1;pos=(32,31);moving_rule=ULRDDDURRRDRDD]
Watson[index=2;pos=(47,6);moving_rule=LLDURUDRDUD]
Robot[pos=(47,6);type=W;dist=0]
STEPT 98:
Criminal[index=0;pos=(4,46)]
Sherlock[index=1;pos=(33,31);moving_rule=ULRDDDURRRDRDD]
Watson[index=2;pos=(46,6);moving_rule=LLDURUDRDUD]
Robot[pos=(46,6);type=W;dist=0]
STEPT 99:
Criminal[index=0;pos=(3,46)]
Sherlock[index=1;pos=(32,31);moving_rule=ULRDDDURRRDRDD]
Watson[index=2;pos=(47,6);moving_rule=LLDURUDRDUD]
Robot[pos=(47,6);type=W;dist=0]
STEPT 100:
Criminal[index=0;pos=(2,46)]
Sherlock[index=1;pos=(32,30);moving_rule=ULRDDDURRRDRDD]
Watson[index=2;pos=(47,5);moving_rule=LLDURUDRDUD]
Robot[pos=(47,5);type=W;dist=0]
STEPT 101:
Criminal[index=0;pos=(1,46)]
Sherlock[index=1;pos=(32,31);moving_rule=ULRDDDURRRDRDD]
Watson[index=2;pos=(47,4);moving_rule=LLDURUDRDUD]
Robot[pos=(47,4);type=W;dist=0]
STEPT 102:
Criminal[index=0;pos=(0,46)]
Sherlock[index=1;pos=(33,31);moving_rule=ULRDDDURRRDRDD]
Watson[index=2;pos=(47,4);moving_rule=LLDURUDRDUD]
Robot[pos=(46,4);type=W;dist=1]
STEPT 103:
Criminal[index=0;pos=(0,45)]
Sherlock[index=1;pos=(34,31);moving_rule=ULRDDDURRRDRDD]
Watson[index=2;pos=(46,4);moving_rule=LLDURUDRDUD]
Robot[pos=(45,4);type=W;dist=1]
STEPT 104:
Criminal[index=0;pos=(0,46)]
Sherlock[index=1;pos=(35,31);moving_rule=ULRDDDURRRDRDD]
Watson[index=2;pos=(46,5);moving_rule=LLDURUDRDUD]
Robot[pos=(45,5);type=W;dist=1]
STEPT 105:
Criminal[index=0;pos=(0,45)]
Sherlock[index=1;pos=(34,31);moving_rule=ULRDDDURRRDRDD]
Watson[index=2;pos=(45,5);moving_rule=LLDURUDRDUD]
Robot[pos=(44,5);type=W;dist=1]
STEPT 106:
Criminal[index=0;pos=(0,46)]
Sherlock[index=1;pos=(34,32);moving_rule=ULRDDDURRRDRDD]
Watson[index=2;pos=(46,5);moving_rule=LLDURUDRDUD]
Robot[pos=(45,5);type=W;dist=1]
STEPT 107:
Criminal[index=0;pos=(0,45)]
Sherlock[index=1;pos=(34,33);moving_rule=ULRDDDURRRDRDD]
Watson[index=2;pos=(46,6);moving_rule=LLDURUDRDUD]
Robot[pos=(45,6);type=W;dist=1]
STEPT 108:
Criminal[index=0;pos=(0,46)]
Sherlock[index=1;pos=(34,34);moving_rule=ULRDDDURRRDRDD]
Watson[index=2;pos=(47,6);moving_rule=LLDURUDRDUD]
Robot[pos=(46,6);type=W;dist=1]
STEPT 109:
Criminal[index=0;pos=(0,45)]
Sherlock[index=1;pos=(35,34);moving_rule=ULRDDDURRRDRDD]
Watson[index=2;pos=(46,6);moving_rule=LLDURUDRDUD]
Robot[pos=(45,6);type=W;dist=1]
STEPT 110:
Criminal[index=0;pos=(0,46)]
Sherlock[index=1;pos=(35,35);moving_rule=ULRDDDURRRDRDD]
Watson[index=2;pos=(47,6);moving_rule=LLDURUDRDUD]
Robot[pos=(46,6);type=W;dist=1]
STEPT 111:
Criminal[index=0;pos=(0,45)]
Sherlock[index=1;pos=(36,35);moving_rule=ULRDDDURRRDRDD]
Watson[index=2;pos=(47,5);moving_rule=LLDURUDRDUD]
Robot[pos=(47,6);type=W;dist=1]
STEPT 112:
Criminal[index=0;pos=(0,46)]
Sherlock[index=1;pos=(37,35);moving_rule=ULRDDDURRRDRDD]
Watson[index=2;pos=(47,4);moving_rule=LLDURUDRDUD]
Robot[pos=(47,5);type=W;dist=1]
STEPT 113:
Criminal[index=0;pos=(0,45)]
Sherlock[index=1;pos=(36,35);moving_rule=ULRDDDURRRDRDD]
Watson[index=2;pos=(47,4);moving_rule=LLDURUDRDUD]
Robot[pos=(47,4);type=W;dist=0]
STEPT 114:
Criminal[index=0;pos=(0,46)]
Sherlock[index=1;pos=(36,34);moving_rule=ULRDDDURRRDRDD]
Watson[index=2;pos=(46,4);moving_rule=LLDURUDRDUD]
Robot[pos=(46,4);type=W;dist=0]
STEPT 115:
Criminal[index=0;pos=(0,45)]
Sherlock[index=1;pos=(36,35);moving_rule=ULRDDDURRRDRDD]
Watson[index=2;pos=(46,5);moving_rule=LLDURUDRDUD]
Robot[pos=(46,5);type=W;dist=0]
STEPT 116:
Criminal[index=0;pos=(0,46)]
Sherlock[index=1;pos=(37,35);moving_rule=ULRDDDURRRDRDD]
Watson[index=2;pos=(45,5);moving_rule=LLDURUDRDUD]
Robot[pos=(45,5);type=W;dist=0]
STEPT 117:
Criminal[index=0;pos=(0,45)]
Sherlock[index=1;pos=(38,35);moving_rule=ULRDDDURRRDRDD]
Watson[index=2;pos=(46,5);moving_rule=LLDURUDRDUD]
Robot[pos=(46,5);type=W;dist=0]
STEPT 118:
Criminal[index=0;pos=(0,46)]
Sherlock[index=1;pos=(39,35);moving_rule=ULRDDDURRRDRDD]
Watson[index=2;pos=(46,6);moving_rule=LLDURUDRDUD]
Robot[pos=(46,6);type=W;dist=0]
STEPT 119:
Criminal[index=0;pos=(0,45)]
Sherlock[index=1;pos=(38,35);moving_rule=ULRDDDURRRDRDD]
Watson[index=2;pos=(47,6);moving_rule=LLDURUDRDUD]
Robot[pos=(47,6);type=W;dist=0]
STEPT 120:
Criminal[index=0;pos=(0,46)]
Sherlock[index=1;pos=(38,36);moving_rule=ULRDDDURRRDRDD]
Watson[index=2;pos=(46,6);moving_rule=LLDURUDRDUD]
Robot[pos=(46,6);type=W;dist=0]
STEPT 121:
Criminal[index=0;pos=(0,45)]
Sherlock[index=1;pos=(38,37);moving_rule=ULRDDDURRRDRDD]
Watson[index=2;pos=(47,6);moving_rule=LLDURUDRDUD]
Robot[pos=(47,6);type=W;dist=0]
STEPT 122:
Criminal[index=0;pos=(0,46)]
Sherlock[index=1;pos=(38,38);moving_rule=ULRDDDURRRDRDD]
Watson[index=2;pos=(47,5);moving_rule=LLDURUDRDUD]
Robot[pos=(47,5);type=W;dist=0]
STEPT 123:
Criminal[index=0;pos=(0,45)]
Sherlock[index=1;pos=(39,38);moving_rule=ULRDDDURRRDRDD]
Watson[index=2;pos=(47,4);moving_rule=LLDURUDRDUD]
Robot[pos=(47,4);type=W;dist=0]
STEPT 124:
Criminal[index=0;pos=(0,46)]
Sherlock[index=1;pos=(39,39);moving_rule=ULRDDDURRRDRDD]
Watson[index=2;pos=(47,4);moving_rule=LLDURUDRDUD]
Robot[pos=(46,4);type=W;dist=1]
STEPT 125:
Criminal[index=0;pos=(0,45)]
Sherlock[index=1;pos=(40,39);moving_rule=ULRDDDURRRDRDD]
Watson[index=2;pos=(46,4);moving_rule=LLDURUDRDUD]
Robot[pos=(45,4);type=W;dist=1]
STEPT 126:
Criminal[index=0;pos=(0,46)]
Sherlock[index=1;pos=(41,39);moving_rule=ULRDDDURRRDRDD]
Watson[index=2;pos=(46,5);moving_rule=LLDURUDRDUD]
Robot[pos=(45,5);type=W;dist=1]
STEPT 127:
Criminal[index=0;pos=(0,45)]
Sherlock[index=1;pos=(40,39);moving_rule=ULRDDDURRRDRDD]
Watson[index=2;pos=(45,5);moving_rule=LLDURUDRDUD]
Robot[pos=(44,5);type=W;dist=1]
STEPT 128:
Criminal[index=0;pos=(0,46)]
Sherlock[index=1;pos=(40,38);moving_rule=ULRDDDURRRDRDD]
Watson[index=2;pos=(46,5);moving_rule=LLDURUDRDUD]
Robot[pos=(45,5);type=W;dist=1]
STEPT 129:
Criminal[index=0;pos=(0,45)]
Sherlock[index=1;pos=(40,39);moving_rule=ULRDDDURRRDRDD]
Watson[index=2;pos=(46,6);moving_rule=LLDURUDRDUD]
Robot[pos=(45,6);type=W;dist=1]
STEPT 130:
Criminal[index=0;pos=(0,46)]
Sherlock[index=1;pos=(41,39);moving_rule=ULRDDDURRRDRDD]
Watson[index=2;pos=(47,6);moving_rule=LLDURUDRDUD]
Robot[pos=(46,6);type=W;dist=1]
STEPT 131:
Criminal[index=0;pos=(0,45)]
Sherlock[index=1;pos=(42,39);moving_rule=ULRDDDURRRDRDD]
Watson[index=2;pos=(46,6);moving_rule=LLDURUDRDUD]
Robot[pos=(45,6);type=W;dist=1]
STEPT 132:
Criminal[index=0;pos=(0,46)]
Sherlock[index=1;pos=(43,39);moving_rule=ULRDDDURRRDRDD]
Watson[index=2;pos=(47,6);moving_rule=LLDURUDRDUD]
Robot[pos=(46,6);type=W;dist=1]
STEPT 133:
Criminal[index=0;pos=(0,45)]
Sherlock[index=1;pos=(42,39);moving_rule=ULRDDDURRRDRDD]
Watson[index=2;pos=(47,5);moving_rule=LLDURUDRDUD]
Robot[pos=(47,6);type=W;dist=1]
STEPT 134:
Criminal[index=0;pos=(0,46)]
Sherlock[index=1;pos=(42,40);moving_rule=ULRDDDURRRDRDD]
Watson[index=2;pos=(47,4);moving_rule=LLDURUDRDUD]
Robot[pos=(47,5);type=W;dist=1]
STEPT 135:
Criminal[index=0;pos=(0,45)]
Sherlock[index=1;pos=(42,41);moving_rule=ULRDDDURRRDRDD]
Watson[index=2;pos=(47,4);moving_rule=LLDURUDRDUD]
Robot[pos=(47,4);type=W;dist=0]
STEPT 136:
Criminal[index=0;pos=(0,46)]
Sherlock[index=1;pos=(42,42);moving_rule=ULRDDDURRRDRDD]
Watson[index=2;pos=(46,4);moving_rule=LLDURUDRDUD]
Robot[pos=(46,4);type=W;dist=0]
STEPT 137:
Criminal[index=0;pos=(0,45)]
Sherlock[index=1;pos=(43,42);moving_rule=ULRDDDURRRDRDD]
Watson[index=2;pos=(46,5);moving_rule=LLDURUDRDUD]
Robot[pos=(46,5);type=W;dist=0]
STEPT 138:
Criminal[index=0;pos=(0,46)]
Sherlock[index=1;pos=(43,43);moving_rule=ULRDDDURRRDRDD]
Watson[index=2;pos=(45,5);moving_rule=LLDURUDRDUD]
Robot[pos=(45,5);type=W;dist=0]
STEPT 139:
Criminal[index=0;pos=(0,45)]
Sherlock[index=1;pos=(44,43);moving_rule=ULRDDDURRRDRDD]
Watson[index=2;pos=(46,5);moving_rule=LLDURUDRDUD]
Robot[pos=(46,5);type=W;dist=0]
STEPT 140:
Criminal[index=0;pos=(0,46)]
Sherlock[index=1;pos=(45,43);moving_rule=ULRDDDURRRDRDD]
Watson[index=2;pos=(46,6);moving_rule=LLDURUDRDUD]
Robot[pos=(46,6);type=W;dist=0]
STEPT 141:
Criminal[index=0;pos=(0,45)]
Sherlock[index=1;pos=(44,43);moving_rule=ULRDDDURRRDRDD]
Watson[index=2;pos=(47,6);moving_rule=LLDURUDRDUD]
Robot[pos=(47,6);type=W;dist=0]
STEPT 142:
Criminal[index=0;pos=(0,46)]
Sherlock[index=1;pos=(44,42);moving_rule=ULRDDDURRRDRDD]
Watson[index=2;pos=(46,6);moving_rule=LLDURUDRDUD]
Robot[pos=(46,6);type=W;dist=0]
STEPT 143:
Criminal[index=0;pos=(0,45)]
Sherlock[index=1;pos=(44,43);moving_rule=ULRDDDURRRDRDD]
Watson[index=2;pos=(47,6);moving_rule=LLDURUDRDUD]
Robot[pos=(47,6);type=W;dist=0]
STEPT 144:
Criminal[index=0;pos=(0,46)]
Sherlock[index=1;pos=(45,43);moving_rule=ULRDDDURRRDRDD]
Watson[index=2;pos=(47,5);moving_rule=LLDURUDRDUD]
Robot[pos=(47,5);type=W;dist=0]
STEPT 145:
Criminal[index=0;pos=(0,45)]
Sherlock[index=1;pos=(46,43);moving_rule=ULRDDDURRRDRDD]
Watson[index=2;pos=(47,4);moving_rule=LLDURUDRDUD]
Robot[pos=(47,4);type=W;dist=0]
STEPT 146:
Criminal[index=0;pos=(0,46)]
Sherlock[index=1;pos=(47,43);moving_rule=ULRDDDURRRDRDD]
Watson[index=2;pos=(47,4);moving_rule=LLDURUDRDUD]
Robot[pos=(46,4);type=W;dist=1]
STEPT 147:
Criminal[index=0;pos=(0,45)]
Sherlock[index=1;pos=(46,43);moving_rule=ULRDDDURRRDRDD]
Watson[index=2;pos=(46,4);moving_rule=LLDURUDRDUD]
Robot[pos=(45,4);type=W;dist=1]
STEPT 148:
Criminal[index=0;pos=(0,46)]
Sherlock[index=1;pos=(46,44);moving_rule=ULRDDDURRRDRDD]
Watson[index=2;pos=(46,5);moving_rule=LLDURUDRDUD]
Robot[pos=(45,5);type=W;dist=1]
STEPT 149:
Criminal[index=0;pos=(0,45)]
Sherlock[index=1;pos=(46,45);moving_rule=ULRDDDURRRDRDD]
Watson[index=2;pos=(45,5);moving_rule=LLDURUDRDUD]
Robot[pos=(44,5);type=W;dist=1]
STEPT 150:
Criminal[index=0;pos=(0,46)]
Sherlock[index=1;pos=(46,46);moving_rule=ULRDDDURRRDRDD]
Watson[index=2;pos=(46,5);moving_rule=LLDURUDRDUD]
Robot[pos=(45,5);type=W;dist=1]
STEPT 151:
Criminal[index=0;pos=(0,45)]
Sherlock[index=1;pos=(47,46);moving_rule=ULRDDDURRRDRDD]
Watson[index=2;pos=(46,6);moving_rule=LLDURUDRDUD]
Robot[pos=(45,6);type=W;dist=1]
STEPT 152:
Criminal[index=0;pos=(0,44)]
Sherlock[index=1;pos=(47,46);moving_rule=ULRDDDURRRDRDD]
Watson[index=2;pos=(47,6);moving_rule=LLDURUDRDUD]
Robot[pos=(46,6);type=W;dist=1]
STEPT 153:
Criminal[index=0;pos=(0,43)]
Sherlock[index=1;pos=(47,46);moving_rule=ULRDDDURRRDRDD]
Watson[index=2;pos=(46,6);moving_rule=LLDURUDRDUD]
Robot[pos=(45,6);type=W;dist=1]
STEPT 154:
Criminal[index=0;pos=(0,42)]
Sherlock[index=1;pos=(47,46);moving_rule=ULRDDDURRRDRDD]
Watson[index=2;pos=(47,6);moving_rule=LLDURUDRDUD]
Robot[pos=(46,6);type=W;dist=1]
STEPT 155:
Criminal[index=0;pos=(0,41)]
Sherlock[index=1;pos=(46,46);moving_rule=ULRDDDURRRDRDD]
Watson[index=2;pos=(47,5);moving_rule=LLDURUDRDUD]
Robot[pos=(47,6);type=W;dist=1]
STEPT 156:
Criminal[index=0;pos=(0,40)]
Sherlock[index=1;pos=(46,45);moving_rule=ULRDDDURRRDRDD]
Watson[index=2;pos=(47,4);moving_rule=LLDURUDRDUD]
Robot[pos=(47,5);type=W;dist=1]
STEPT 157:
Criminal[index=0;pos=(0,39)]
Sherlock[index=1;pos=(46,46);moving_rule=ULRDDDURRRDRDD]
Watson[index=2;pos=(47,4);moving_rule=LLDURUDRDUD]
Robot[pos=(47,4);type=W;dist=0]
STEPT 158:
Criminal[index=0;pos=(0,38)]
Sherlock[index=1;pos=(47,46);moving_rule=ULRDDDURRRDRDD]
Watson[index=2;pos=(46,4);moving_rule=LLDURUDRDUD]
Robot[pos=(46,4);type=W;dist=0]
STEPT 159:
Criminal[index=0;pos=(0,39)]
Sherlock[index=1;pos=(47,46);moving_rule=ULRDDDURRRDRDD]
Watson[index=2;pos=(46,5);moving_rule=LLDURUDRDUD]
Robot[pos=(46,5);type=W;dist=0]
STEPT 160:
Criminal[index=0;pos=(0,38)]
Sherlock[index=1;pos=(47,46);moving_rule=ULRDDDURRRDRDD]
Watson[index=2;pos=(45,5);moving_rule=LLDURUDRDUD]
Robot[pos=(45,5);type=W;dist=0]
STEPT 161:
Criminal[index=0;pos=(0,39)]
Sherlock[index=1;pos=(46,46);moving_rule=ULRDDDURRRDRDD]
Watson[index=2;pos=(46,5);moving_rule=LLDURUDRDUD]
Robot[pos=(46,5);type=W;dist=0]
STEPT 162:
Criminal[index=0;pos=(0,38)]
Sherlock[index=1;pos=(46,46);moving_rule=ULRDDDURRRDRDD]
Watson[index=2;pos=(46,6);moving_rule=LLDURUDRDUD]
Robot[pos=(46,6);type=W;dist=0]
STEPT 163:
Criminal[index=0;pos=(0,39)]
Sherlock[index=1;pos=(46,46);moving_rule=ULRDDDURRRDRDD]
Watson[index=2;pos=(47,6);moving_rule=LLDURUDRDUD]
Robot[pos=(47,6);type=W;dist=0]
STEPT 164:
Criminal[index=0;pos=(0,38)]
Sherlock[index=1;pos=(46,46);moving_rule=ULRDDDURRRDRDD]
Watson[index=2;pos=(46,6);moving_rule=LLDURUDRDUD]
Robot[pos=(46,6);type=W;dist=0]
STEPT 165:
Criminal[index=0;pos=(0,39)]
Sherlock[index=1;pos=(47,46);moving_rule=ULRDDDURRRDRDD]
Watson[index=2;pos=(47,6);moving_rule=LLDURUDRDUD]
Robot[pos=(47,6);type=W;dist=0]
STEPT 166:
Criminal[index=0;pos=(0,38)]
Sherlock[index=1;pos=(47,46);moving_rule=ULRDDDURRRDRDD]
Watson[index=2;pos=(47,5);moving_rule=LLDURUDRDUD]
Robot[pos=(47,5);type=W;dist=0]
STEPT 167:
Criminal[index=0;pos=(0,39)]
Sherlock[index=1;pos=(47,46);moving_rule=ULRDDDURRRDRDD]
Watson[index=2;pos=(47,4);moving_rule=LLDURUDRDUD]
Robot[pos=(47,4);type=W;dist=0]
STEPT 168:
Criminal[index=0;pos=(0,38)]
Sherlock[index=1;pos=(47,46);moving_rule=ULRDDDURRRDRDD]
Watson[index=2;pos=(47,4);moving_rule=LLDURUDRDUD]
Robot[pos=(46,4);type=W;dist=1]
STEPT 169:
Criminal[index=0;pos=(0,39)]
Sherlock[index=1;pos=(46,46);moving_rule=ULRDDDURRRDRDD]
Watson[index=2;pos=(46,4);moving_rule=LLDURUDRDUD]
Robot[pos=(45,4);type=W;dist=1]
STEPT 170:
Criminal[index=0;pos=(0,38)]
Sherlock[index=1;pos=(46,45);moving_rule=ULRDDDURRRDRDD]
Watson[index=2;pos=(46,5);moving_rule=LLDURUDRDUD]
Robot[pos=(45,5);type=W;dist=1]
STEPT 171:
Criminal[index=0;pos=(0,39)]
Sherlock[index=1;pos=(46,46);moving_rule=ULRDDDURRRDRDD]
Watson[index=2;pos=(45,5);moving_rule=LLDURUDRDUD]
Robot[pos=(44,5);type=W;dist=1]
STEPT 172:
Criminal[index=0;pos=(0,38)]
Sherlock[index=1;pos=(47,46);moving_rule=ULRDDDURRRDRDD]
Watson[index=2;pos=(46,5);moving_rule=LLDURUDRDUD]
Robot[pos=(45,5);type=W;dist=1]
STEPT 173:
Criminal[index=0;pos=(0,39)]
Sherlock[index=1;pos=(47,46);moving_rule=ULRDDDURRRDRDD]
Watson[index=2;pos=(46,6);moving_rule=LLDURUDRDUD]
Robot[pos=(45,6);type=W;dist=1]
STEPT 174:
Criminal[index=0;pos=(0,38)]
Sherlock[index=1;pos=(47,46);moving_rule=ULRDDDURRRDRDD]
Watson[index=2;pos=(47,6);moving_rule=LLDURUDRDUD]
Robot[pos=(46,6);type=W;dist=1]
STEPT 175:
Criminal[index=0;pos=(0,39)]
Sherlock[index=1;pos=(46,46);moving_rule=ULRDDDURRRDRDD]
Watson[index=2;pos=(46,6);moving_rule=LLDURUDRDUD]
Robot[pos=(45,6);type=W;dist=1]
STEPT 176:
Criminal[index=0;pos=(0,38)]
Sherlock[index=1;pos=(46,46);moving_rule=ULRDDDURRRDRDD]
Watson[index=2;pos=(47,6);moving_rule=LLDURUDRDUD]
Robot[pos=(46,6);type=W;dist=1]
STEPT 177:
Criminal[index=0;pos=(0,39)]
Sherlock[index=1;pos=(46,46);moving_rule=ULRDDDURRRDRDD]
Watson[index=2;pos=(47,5);moving_rule=LLDURUDRDUD]
Robot[pos=(47,6);type=W;dist=1]
STEPT 178:
Criminal[index=0;pos=(0,38)]
Sherlock[index=1;pos=(46,46);moving_rule=ULRDDDURRRDRDD]
Watson[index=2;pos=(47,4);moving_rule=LLDURUDRDUD]
Robot[pos=(47,5);type=W;dist=1]
STEPT 179:
Criminal[index=0;pos=(0,39)]
Sherlock[index=1;pos=(47,46);moving_rule=ULRDDDURRRDRDD]
Watson[index=2;pos=(47,4);moving_rule=LLDURUDRDUD]
Robot[pos=(47,4);type=W;dist=0]
STEPT 180:
Criminal[index=0;pos=(0,38)]
Sherlock[index=1;pos=(47,46);moving_rule=ULRDDDURRRDRDD]
Watson[index=2;pos=(46,4);moving_rule=LLDURUDRDUD]
Robot[pos=(46,4);type=W;dist=0]
STEPT 181:
Criminal[index=0;pos=(0,39)]
Sherlock[index=1;pos=(47,46);moving_rule=ULRDDDURRRDRDD]
Watson[index=2;pos=(46,5);moving_rule=LLDURUDRDUD]
Robot[pos=(46,5);type=W;dist=0]
STEPT 182:
Criminal[index=0;pos=(0,38)]
Sherlock[index=1;pos=(47,46);moving_rule=ULRDDDURRRDRDD]
Watson[index=2;pos=(45,5);moving_rule=LLDURUDRDUD]
Robot[pos=(45,5);type=W;dist=0]
STEPT 183:
Criminal[index=0;pos=(0,39)]
Sherlock[index=1;pos=(46,46);moving_rule=ULRDDDURRRDRDD]
Watson[index=2;pos=(46,5);moving_rule=LLDURUDRDUD]
Robot[pos=(46,5);type=W;dist=0]
STEPT 184:
Criminal[index=0;pos=(0,38)]
Sherlock[index=1;pos=(46,45);moving_rule=ULRDDDURRRDRDD]
Watson[index=2;pos=(46,6);moving_rule=LLDURUDRDUD]
Robot[pos=(46,6);type=W;dist=0]
STEPT 185:
Criminal[index=0;pos=(0,39)]
Sherlock[index=1;pos=(46,46);moving_rule=ULRDDDURRRDRDD]
Watson[index=2;pos=(47,6);moving_rule=LLDURUDRDUD]
Robot[pos=(47,6);type=W;dist=0]
STEPT 186:
Criminal[index=0;pos=(0,38)]
Sherlock[index=1;pos=(47,46);moving_rule=ULRDDDURRRDRDD]
Watson[index=2;pos=(46,6);moving_rule=LLDURUDRDUD]
Robot[pos=(46,6);type=W;dist=0]
STEPT 187:
Criminal[index=0;pos=(0,39)]
Sherlock[index=1;pos=(47,46);moving_rule=ULRDDDURRRDRDD]
Watson[index=2;pos=(47,6);moving_rule=LLDURUDRDUD]
Robot[pos=(47,6);type=W;dist=0]
STEPT 188:
Criminal[index=0;pos=(0,38)]
Sherlock[index=1;pos=(47,46);moving_rule=ULRDDDURRRDRDD]
Watson[index=2;pos=(47,5);moving_rule=LLDURUDRDUD]
Robot[pos=(47,5);type=W;dist=0]
STEPT 189:
Criminal[index=0;pos=(0,39)]
Sherlock[index=1;pos=(46,46);moving_rule=ULRDDDURRRDRDD]
Watson[index=2;pos=(47,4);moving_rule=LLDURUDRDUD]
Robot[pos=(47,4);type=W;dist=0]
STEPT 190:
Criminal[index=0;pos=(0,38)]
Sherlock[index=1;pos=(46,46);moving_rule=ULRDDDURRRDRDD]
Watson[index=2;pos=(47,4);moving_rule=LLDURUDRDUD]
Robot[pos=(46,4);type=W;dist=1]
STEPT 191:
Criminal[index=0;pos=(0,39)]
Sherlock[index=1;pos=(46,46);moving_rule=ULRDDDURRRDRDD]
Watson[index=2;pos=(46,4);moving_rule=LLDURUDRDUD]
Robot[pos=(45,4);type=W;dist=1]
STEPT 192:
Criminal[index=0;pos=(0,38)]
Sherlock[index=1;pos=(46,46);moving_rule=ULRDDDURRRDRDD]
Watson[index=2;pos=(46,5);moving_rule=LLDURUDRDUD]
Robot[pos=(45,5);type=W;dist=1]
STEPT 193:
Criminal[index=0;pos=(0,39)]
Sherlock[index=1;pos=(47,46);moving_rule=ULRDDDURRRDRDD]
Watson[index=2;pos=(45,5);moving_rule=LLDURUDRDUD]
Robot[pos=(44,5);type=W;dist=1]
STEPT 194:
Criminal[index=0;pos=(0,38)]
Sherlock[index=1;pos=(47,46);moving_rule=ULRDDDURRRDRDD]
Watson[index=2;pos=(46,5);moving_rule=LLDURUDRDUD]
Robot[pos=(45,5);type=W;dist=1]
STEPT 195:
Criminal[index=0;pos=(0,39)]
Sherlock[index=1;pos=(47,46);moving_rule=ULRDDDURRRDRDD]
Watson[index=2;pos=(46,6);moving_rule=LLDURUDRDUD]
Robot[pos=(45,6);type=W;dist=1]
STEPT 196:
Criminal[index=0;pos=(0,38)]
Sherlock[index=1;pos=(47,46);moving_rule=ULRDDDURRRDRDD]
Watson[index=2;pos=(47,6);moving_rule=LLDURUDRDUD]
Robot[pos=(46,6);type=W;dist=1]
STEPT 197:
Criminal[index=0;pos=(0,39)]
Sherlock[index=1;pos=(46,46);moving_rule=ULRDDDURRRDRDD]
Watson[index=2;pos=(46,6);moving_rule=LLDURUDRDUD]
Robot[pos=(45,6);type=W;dist=1]
STEPT 198:
Criminal[index=0;pos=(0,38)]
Sherlock[index=1;pos=(46,45);moving_rule=ULRDDDURRRDRDD]
Watson[index=2;pos=(47,6);moving_rule=LLDURUDRDUD]
Robot[pos=(46,6);type=W;dist=1]
STEPT 199:
Criminal[index=0;pos=(0,39)]
Sherlock[index=1;pos=(46,46);moving_rule=ULRDDDURRRDRDD]
Watson[index=2;pos=(47,5);moving_rule=LLDURUDRDUD]
Robot[pos=(47,6);type=W;dist=1]
STEPT 200:
Criminal[index=0;pos=(0,38)]
Sherlock[index=1;pos=(47,46);moving_rule=ULRDDDURRRDRDD]
Watson[index=2;pos=(47,4);moving_rule=LLDURUDRDUD]
Robot[pos=(47,5);type=W;dist=1]
