Watson[index=0;pos=(11,6);moving_rule=LRRDLRDULDL] HP:23 EXP:109
Bag[count=0]
ACTIVITY 0 : INSERT FIRST AID
Bag[count=1;FirstAid]
ACTIVITY 1 : INSERT MAGIC BOOK
Bag[count=2;MagicBook,FirstAid]
ACTIVITY 2 : INSERT MAGIC BOOK
Bag[count=3;MagicBook,MagicBook,FirstAid]
ACTIVITY 3 : INSERT EXCEMPTION CARD
Bag[count=4;ExcemptionCard,MagicBook,MagicBook,FirstAid]
ACTIVITY 4 : INSERT EXCEMPTION CARD
Bag[count=5;ExcemptionCard,ExcemptionCard,MagicBook,MagicBook,FirstAid]
ACTIVITY 5 : GET PASSING CARD
Bag[count=5;ExcemptionCard,ExcemptionCard,MagicBook,MagicBook,FirstAid]
ACTIVITY 6 : GET
Bag[count=4;ExcemptionCard,ExcemptionCard,MagicBook,FirstAid]
ACTIVITY 7 : INSERT FIRST AID
Bag[count=5;FirstAid,ExcemptionCard,ExcemptionCard,MagicBook,FirstAid]
ACTIVITY 8 : GET EXCEMPTION CARD
Bag[count=4;FirstAid,ExcemptionCard,MagicBook,FirstAid]
ACTIVITY 9 : INSERT PASSING CARD
Bag[count=5;PassingCard,FirstAid,ExcemptionCard,MagicBook,FirstAid]
ACTIVITY 10 : GET
Bag[count=4;PassingCard,ExcemptionCard,MagicBook,FirstAid]
ACTIVITY 11 : GET EXCEMPTION CARD
Bag[count=3;PassingCard,MagicBook,FirstAid]
ACTIVITY 12 : INSERT PASSING CARD
Bag[count=4;PassingCard,PassingCard,MagicBook,FirstAid]
ACTIVITY 13 : GET MAGIC BOOK
Bag[count=3;PassingCard,PassingCard,FirstAid]
ACTIVITY 14 : INSERT ENERGY DRINK
Bag[count=4;EnergyDrink,PassingCard,PassingCard,FirstAid]
ACTIVITY 15 : GET MAGIC BOOK
Bag[count=4;EnergyDrink,PassingCard,PassingCard,FirstAid]
ACTIVITY 16 : GET
Bag[count=3;PassingCard,PassingCard,FirstAid]
ACTIVITY 17 : GET
Bag[count=2;PassingCard,PassingCard]
ACTIVITY 18 : INSERT ENERGY DRINK
Bag[count=3;EnergyDrink,PassingCard,PassingCard]
ACTIVITY 19 : GET FIRST AID
Bag[count=3;EnergyDrink,PassingCard,PassingCard]
ACTIVITY 20 : INSERT FIRST AID
Bag[count=4;FirstAid,EnergyDrink,PassingCard,PassingCard]
ACTIVITY 21 : GET PASSING CARD
Bag[count=3;EnergyDrink,FirstAid,PassingCard]
ACTIVITY 22 : GET
Bag[count=2;FirstAid,PassingCard]
ACTIVITY 23 : GET MAGIC BOOK
Bag[count=2;FirstAid,PassingCard]
ACTIVITY 24 : GET ENERGY DRINK
Bag[count=2;FirstAid,PassingCard]
ACTIVITY 25 : GET
Bag[count=1;PassingCard]
ACTIVITY 26 : GET PASSING CARD
Bag[count=0]
ACTIVITY 27 : INSERT ENERGY DRINK
Bag[count=1;EnergyDrink]
ACTIVITY 28 : INSERT PASSING CARD
Bag[count=2;PassingCard,EnergyDrink]
ACTIVITY 29 : GET
Bag[count=1;PassingCard]
ACTIVITY 30 : GET ENERGY DRINK
Bag[count=1;PassingCard]
