Criminal[index=0;pos=(4,4)]
Sherlock[index=1;pos=(30,19);moving_rule=DUDDDURDLUU]
Watson[index=2;pos=(0,22);moving_rule=DRDRRLLLURDR]
Robot[pos=(5,7);type=S;dist=37]
CRIMINAL -> SHERLOCK -> WATSON -> ROBOTS
STEPT 1:
Criminal[index=0;pos=(4,3)]
Sherlock[index=1;pos=(30,19);moving_rule=DUDDDURDLUU]
Watson[index=2;pos=(1,22);moving_rule=DRDRRLLLURDR]
Robot[pos=(5,8);type=S;dist=36]
STEPT 2:
Criminal[index=0;pos=(4,2)]
Sherlock[index=1;pos=(29,19);moving_rule=DUDDDURDLUU]
Watson[index=2;pos=(1,23);moving_rule=DRDRRLLLURDR]
Robot[pos=(5,9);type=S;dist=34]
STEPT 3:
Criminal[index=0;pos=(4,1)]
Sherlock[index=1;pos=(30,19);moving_rule=DUDDDURDLUU]
Watson[index=2;pos=(2,23);moving_rule=DRDRRLLLURDR]
Robot[pos=(5,10);type=S;dist=34]
STEPT 4:
Criminal[index=0;pos=(4,0)]
Sherlock[index=1;pos=(30,19);moving_rule=DUDDDURDLUU]
Watson[index=2;pos=(2,24);moving_rule=DRDRRLLLURDR]
Robot[pos=(5,11);type=S;dist=33]
STEPT 5:
Criminal[index=0;pos=(3,0)]
Sherlock[index=1;pos=(30,19);moving_rule=DUDDDURDLUU]
Watson[index=2;pos=(2,25);moving_rule=DRDRRLLLURDR]
Robot[pos=(5,12);type=S;dist=32]
STEPT 6:
Criminal[index=0;pos=(2,0)]
Sherlock[index=1;pos=(29,19);moving_rule=DUDDDURDLUU]
Watson[index=2;pos=(2,24);moving_rule=DRDRRLLLURDR]
Robot[pos=(5,13);type=S;dist=30]
STEPT 7:
Criminal[index=0;pos=(1,0)]
Sherlock[index=1;pos=(29,20);moving_rule=DUDDDURDLUU]
Watson[index=2;pos=(2,23);moving_rule=DRDRRLLLURDR]
Robot[pos=(5,14);type=S;dist=30]
STEPT 8:
Criminal[index=0;pos=(0,0)]
Sherlock[index=1;pos=(29,20);moving_rule=DUDDDURDLUU]
Watson[index=2;pos=(2,22);moving_rule=DRDRRLLLURDR]
Robot[pos=(5,15);type=S;dist=29]
STEPT 9:
Criminal[index=0;pos=(1,0)]
Sherlock[index=1;pos=(29,19);moving_rule=DUDDDURDLUU]
Watson[index=2;pos=(1,22);moving_rule=DRDRRLLLURDR]
Robot[pos=(5,16);type=S;dist=27]
STEPT 10:
Criminal[index=0;pos=(0,0)]
Sherlock[index=1;pos=(28,19);moving_rule=DUDDDURDLUU]
Watson[index=2;pos=(1,23);moving_rule=DRDRRLLLURDR]
Robot[pos=(5,17);type=S;dist=25]
STEPT 11:
Criminal[index=0;pos=(1,0)]
Sherlock[index=1;pos=(27,19);moving_rule=DUDDDURDLUU]
Watson[index=2;pos=(2,23);moving_rule=DRDRRLLLURDR]
Robot[pos=(5,18);type=S;dist=23]
STEPT 12:
Criminal[index=0;pos=(0,0)]
Sherlock[index=1;pos=(28,19);moving_rule=DUDDDURDLUU]
Watson[index=2;pos=(2,24);moving_rule=DRDRRLLLURDR]
Robot[pos=(5,19);type=S;dist=23]
STEPT 13:
Criminal[index=0;pos=(1,0)]
Sherlock[index=1;pos=(27,19);moving_rule=DUDDDURDLUU]
Watson[index=2;pos=(3,24);moving_rule=DRDRRLLLURDR]
Robot[pos=(6,19);type=S;dist=21]
STEPT 14:
Criminal[index=0;pos=(0,0)]
Sherlock[index=1;pos=(28,19);moving_rule=DUDDDURDLUU]
Watson[index=2;pos=(3,25);moving_rule=DRDRRLLLURDR]
Robot[pos=(7,19);type=S;dist=21]
STEPT 15:
Criminal[index=0;pos=(1,0)]
Sherlock[index=1;pos=(29,19);moving_rule=DUDDDURDLUU]
Watson[index=2;pos=(4,25);moving_rule=DRDRRLLLURDR]
Robot[pos=(8,19);type=S;dist=21]
STEPT 16:
Criminal[index=0;pos=(0,0)]
Sherlock[index=1;pos=(30,19);moving_rule=DUDDDURDLUU]
Watson[index=2;pos=(4,26);moving_rule=DRDRRLLLURDR]
Robot[pos=(9,19);type=S;dist=21]
STEPT 17:
Criminal[index=0;pos=(1,0)]
Sherlock[index=1;pos=(29,19);moving_rule=DUDDDURDLUU]
Watson[index=2;pos=(4,26);moving_rule=DRDRRLLLURDR]
Robot[pos=(10,19);type=S;dist=19]
STEPT 18:
Criminal[index=0;pos=(0,0)]
Sherlock[index=1;pos=(29,20);moving_rule=DUDDDURDLUU]
Watson[index=2;pos=(4,25);moving_rule=DRDRRLLLURDR]
Robot[pos=(10,20);type=S;dist=19]
STEPT 19:
Criminal[index=0;pos=(1,0)]
Sherlock[index=1;pos=(29,20);moving_rule=DUDDDURDLUU]
Watson[index=2;pos=(4,24);moving_rule=DRDRRLLLURDR]
Robot[pos=(11,20);type=S;dist=18]
STEPT 20:
Criminal[index=0;pos=(0,0)]
Sherlock[index=1;pos=(29,19);moving_rule=DUDDDURDLUU]
Watson[index=2;pos=(4,23);moving_rule=DRDRRLLLURDR]
Robot[pos=(12,20);type=S;dist=18]
STEPT 21:
Criminal[index=0;pos=(1,0)]
Sherlock[index=1;pos=(28,19);moving_rule=DUDDDURDLUU]
Watson[index=2;pos=(3,23);moving_rule=DRDRRLLLURDR]
Robot[pos=(13,20);type=S;dist=16]
STEPT 22:
Criminal[index=0;pos=(0,0)]
Sherlock[index=1;pos=(27,19);moving_rule=DUDDDURDLUU]
Watson[index=2;pos=(3,24);moving_rule=DRDRRLLLURDR]
Robot[pos=(13,19);type=S;dist=14]
STEPT 23:
Criminal[index=0;pos=(1,0)]
Sherlock[index=1;pos=(28,19);moving_rule=DUDDDURDLUU]
Watson[index=2;pos=(4,24);moving_rule=DRDRRLLLURDR]
Robot[pos=(14,19);type=S;dist=14]
STEPT 24:
Criminal[index=0;pos=(0,0)]
Sherlock[index=1;pos=(27,19);moving_rule=DUDDDURDLUU]
Watson[index=2;pos=(4,25);moving_rule=DRDRRLLLURDR]
Robot[pos=(15,19);type=S;dist=12]
STEPT 25:
Criminal[index=0;pos=(1,0)]
Sherlock[index=1;pos=(28,19);moving_rule=DUDDDURDLUU]
Watson[index=2;pos=(5,25);moving_rule=DRDRRLLLURDR]
Robot[pos=(16,19);type=S;dist=12]
STEPT 26:
Criminal[index=0;pos=(0,0)]
Sherlock[index=1;pos=(29,19);moving_rule=DUDDDURDLUU]
Watson[index=2;pos=(5,26);moving_rule=DRDRRLLLURDR]
Robot[pos=(17,19);type=S;dist=12]
STEPT 27:
Criminal[index=0;pos=(1,0)]
Sherlock[index=1;pos=(30,19);moving_rule=DUDDDURDLUU]
Watson[index=2;pos=(6,26);moving_rule=DRDRRLLLURDR]
Robot[pos=(18,19);type=S;dist=12]
STEPT 28:
Criminal[index=0;pos=(0,0)]
Sherlock[index=1;pos=(29,19);moving_rule=DUDDDURDLUU]
Watson[index=2;pos=(6,26);moving_rule=DRDRRLLLURDR]
Robot[pos=(19,19);type=S;dist=10]
STEPT 29:
Criminal[index=0;pos=(1,0)]
Sherlock[index=1;pos=(29,20);moving_rule=DUDDDURDLUU]
Watson[index=2;pos=(6,26);moving_rule=DRDRRLLLURDR]
Robot[pos=(19,20);type=S;dist=10]
STEPT 30:
Criminal[index=0;pos=(0,0)]
Sherlock[index=1;pos=(29,20);moving_rule=DUDDDURDLUU]
Watson[index=2;pos=(6,25);moving_rule=DRDRRLLLURDR]
Robot[pos=(20,20);type=S;dist=9]
STEPT 31:
Criminal[index=0;pos=(1,0)]
Sherlock[index=1;pos=(29,19);moving_rule=DUDDDURDLUU]
Watson[index=2;pos=(6,24);moving_rule=DRDRRLLLURDR]
Robot[pos=(21,20);type=S;dist=9]
STEPT 32:
Criminal[index=0;pos=(0,0)]
Sherlock[index=1;pos=(28,19);moving_rule=DUDDDURDLUU]
Watson[index=2;pos=(6,23);moving_rule=DRDRRLLLURDR]
Robot[pos=(22,20);type=S;dist=7]
STEPT 33:
Criminal[index=0;pos=(1,0)]
Sherlock[index=1;pos=(27,19);moving_rule=DUDDDURDLUU]
Watson[index=2;pos=(5,23);moving_rule=DRDRRLLLURDR]
Robot[pos=(23,20);type=S;dist=5]
STEPT 34:
Criminal[index=0;pos=(0,0)]
Sherlock[index=1;pos=(28,19);moving_rule=DUDDDURDLUU]
Watson[index=2;pos=(5,24);moving_rule=DRDRRLLLURDR]
Robot[pos=(24,20);type=S;dist=5]
STEPT 35:
Criminal[index=0;pos=(1,0)]
Sherlock[index=1;pos=(27,19);moving_rule=DUDDDURDLUU]
Watson[index=2;pos=(6,24);moving_rule=DRDRRLLLURDR]
Robot[pos=(25,20);type=S;dist=3]
STEPT 36:
Criminal[index=0;pos=(0,0)]
Sherlock[index=1;pos=(28,19);moving_rule=DUDDDURDLUU]
Watson[index=2;pos=(6,25);moving_rule=DRDRRLLLURDR]
Robot[pos=(26,20);type=S;dist=3]
STEPT 37:
Criminal[index=0;pos=(1,0)]
Sherlock[index=1;pos=(29,19);moving_rule=DUDDDURDLUU]
Watson[index=2;pos=(7,25);moving_rule=DRDRRLLLURDR]
Robot[pos=(27,20);type=S;dist=3]
STEPT 38:
Criminal[index=0;pos=(0,0)]
Sherlock[index=1;pos=(30,19);moving_rule=DUDDDURDLUU]
Watson[index=2;pos=(7,26);moving_rule=DRDRRLLLURDR]
Robot[pos=(28,20);type=S;dist=3]
STEPT 39:
Criminal[index=0;pos=(1,0)]
Sherlock[index=1;pos=(29,19);moving_rule=DUDDDURDLUU]
Watson[index=2;pos=(8,26);moving_rule=DRDRRLLLURDR]
Robot[pos=(29,20);type=S;dist=1]
STEPT 40:
Criminal[index=0;pos=(0,0)]
Sherlock[index=1;pos=(29,20);moving_rule=DUDDDURDLUU]
Watson[index=2;pos=(8,26);moving_rule=DRDRRLLLURDR]
Robot[pos=(28,20);type=S;dist=1]
STEPT 41:
Criminal[index=0;pos=(1,0)]
Sherlock[index=1;pos=(29,20);moving_rule=DUDDDURDLUU]
Watson[index=2;pos=(8,26);moving_rule=DRDRRLLLURDR]
Robot[pos=(29,20);type=S;dist=0]
STEPT 42:
Criminal[index=0;pos=(0,0)]
Sherlock[index=1;pos=(29,19);moving_rule=DUDDDURDLUU]
Watson[index=2;pos=(8,25);moving_rule=DRDRRLLLURDR]
Robot[pos=(29,19);type=S;dist=0]
STEPT 43:
Criminal[index=0;pos=(1,0)]
Sherlock[index=1;pos=(28,19);moving_rule=DUDDDURDLUU]
Watson[index=2;pos=(8,24);moving_rule=DRDRRLLLURDR]
Robot[pos=(28,19);type=S;dist=0]
STEPT 44:
Criminal[index=0;pos=(0,0)]
Sherlock[index=1;pos=(27,19);moving_rule=DUDDDURDLUU]
Watson[index=2;pos=(8,23);moving_rule=DRDRRLLLURDR]
Robot[pos=(27,19);type=S;dist=0]
STEPT 45:
Criminal[index=0;pos=(1,0)]
Sherlock[index=1;pos=(28,19);moving_rule=DUDDDURDLUU]
Watson[index=2;pos=(7,23);moving_rule=DRDRRLLLURDR]
Robot[pos=(28,19);type=S;dist=0]
STEPT 46:
Criminal[index=0;pos=(0,0)]
Sherlock[index=1;pos=(27,19);moving_rule=DUDDDURDLUU]
Watson[index=2;pos=(7,24);moving_rule=DRDRRLLLURDR]
Robot[pos=(27,19);type=S;dist=0]
STEPT 47:
Criminal[index=0;pos=(1,0)]
Sherlock[index=1;pos=(28,19);moving_rule=DUDDDURDLUU]
Watson[index=2;pos=(8,24);moving_rule=DRDRRLLLURDR]
Robot[pos=(28,19);type=S;dist=0]
STEPT 48:
Criminal[index=0;pos=(0,0)]
Sherlock[index=1;pos=(29,19);moving_rule=DUDDDURDLUU]
Watson[index=2;pos=(8,25);moving_rule=DRDRRLLLURDR]
Robot[pos=(29,19);type=S;dist=0]
STEPT 49:
Criminal[index=0;pos=(1,0)]
Sherlock[index=1;pos=(30,19);moving_rule=DUDDDURDLUU]
Watson[index=2;pos=(9,25);moving_rule=DRDRRLLLURDR]
Robot[pos=(30,19);type=S;dist=0]
STEPT 50:
Criminal[index=0;pos=(0,0)]
Sherlock[index=1;pos=(29,19);moving_rule=DUDDDURDLUU]
Watson[index=2;pos=(9,26);moving_rule=DRDRRLLLURDR]
Robot[pos=(29,19);type=S;dist=0]
STEPT 51:
Criminal[index=0;pos=(1,0)]
Sherlock[index=1;pos=(29,20);moving_rule=DUDDDURDLUU]
Watson[index=2;pos=(10,26);moving_rule=DRDRRLLLURDR]
Robot[pos=(29,20);type=S;dist=0]
STEPT 52:
Criminal[index=0;pos=(0,0)]
Sherlock[index=1;pos=(29,20);moving_rule=DUDDDURDLUU]
Watson[index=2;pos=(10,26);moving_rule=DRDRRLLLURDR]
Robot[pos=(28,20);type=S;dist=1]
STEPT 53:
Criminal[index=0;pos=(1,0)]
Sherlock[index=1;pos=(29,19);moving_rule=DUDDDURDLUU]
Watson[index=2;pos=(10,26);moving_rule=DRDRRLLLURDR]
Robot[pos=(29,20);type=S;dist=1]
STEPT 54:
Criminal[index=0;pos=(0,0)]
Sherlock[index=1;pos=(28,19);moving_rule=DUDDDURDLUU]
Watson[index=2;pos=(10,25);moving_rule=DRDRRLLLURDR]
Robot[pos=(28,20);type=S;dist=1]
STEPT 55:
Criminal[index=0;pos=(1,0)]
Sherlock[index=1;pos=(27,19);moving_rule=DUDDDURDLUU]
Watson[index=2;pos=(10,24);moving_rule=DRDRRLLLURDR]
Robot[pos=(27,20);type=S;dist=1]
STEPT 56:
Criminal[index=0;pos=(0,0)]
Sherlock[index=1;pos=(28,19);moving_rule=DUDDDURDLUU]
Watson[index=2;pos=(10,23);moving_rule=DRDRRLLLURDR]
Robot[pos=(28,20);type=S;dist=1]
STEPT 57:
Criminal[index=0;pos=(1,0)]
Sherlock[index=1;pos=(27,19);moving_rule=DUDDDURDLUU]
Watson[index=2;pos=(9,23);moving_rule=DRDRRLLLURDR]
Robot[pos=(27,20);type=S;dist=1]
STEPT 58:
Criminal[index=0;pos=(0,0)]
Sherlock[index=1;pos=(28,19);moving_rule=DUDDDURDLUU]
Watson[index=2;pos=(9,24);moving_rule=DRDRRLLLURDR]
Robot[pos=(28,20);type=S;dist=1]
STEPT 59:
Criminal[index=0;pos=(1,0)]
Sherlock[index=1;pos=(29,19);moving_rule=DUDDDURDLUU]
Watson[index=2;pos=(10,24);moving_rule=DRDRRLLLURDR]
Robot[pos=(29,20);type=S;dist=1]
STEPT 60:
Criminal[index=0;pos=(0,0)]
Sherlock[index=1;pos=(30,19);moving_rule=DUDDDURDLUU]
Watson[index=2;pos=(10,25);moving_rule=DRDRRLLLURDR]
Robot[pos=(29,19);type=S;dist=1]
STEPT 61:
Criminal[index=0;pos=(1,0)]
Sherlock[index=1;pos=(29,19);moving_rule=DUDDDURDLUU]
Watson[index=2;pos=(11,25);moving_rule=DRDRRLLLURDR]
Robot[pos=(28,19);type=S;dist=1]
STEPT 62:
Criminal[index=0;pos=(0,0)]
Sherlock[index=1;pos=(29,20);moving_rule=DUDDDURDLUU]
Watson[index=2;pos=(11,26);moving_rule=DRDRRLLLURDR]
Robot[pos=(28,20);type=S;dist=1]
STEPT 63:
Criminal[index=0;pos=(1,0)]
Sherlock[index=1;pos=(29,20);moving_rule=DUDDDURDLUU]
Watson[index=2;pos=(12,26);moving_rule=DRDRRLLLURDR]
Robot[pos=(29,20);type=S;dist=0]
STEPT 64:
Criminal[index=0;pos=(0,0)]
Sherlock[index=1;pos=(29,19);moving_rule=DUDDDURDLUU]
Watson[index=2;pos=(12,26);moving_rule=DRDRRLLLURDR]
Robot[pos=(29,19);type=S;dist=0]
STEPT 65:
Criminal[index=0;pos=(1,0)]
Sherlock[index=1;pos=(28,19);moving_rule=DUDDDURDLUU]
Watson[index=2;pos=(12,26);moving_rule=DRDRRLLLURDR]
Robot[pos=(28,19);type=S;dist=0]
STEPT 66:
Criminal[index=0;pos=(0,0)]
Sherlock[index=1;pos=(27,19);moving_rule=DUDDDURDLUU]
Watson[index=2;pos=(12,25);moving_rule=DRDRRLLLURDR]
Robot[pos=(27,19);type=S;dist=0]
STEPT 67:
Criminal[index=0;pos=(1,0)]
Sherlock[index=1;pos=(28,19);moving_rule=DUDDDURDLUU]
Watson[index=2;pos=(12,24);moving_rule=DRDRRLLLURDR]
Robot[pos=(28,19);type=S;dist=0]
STEPT 68:
Criminal[index=0;pos=(0,0)]
Sherlock[index=1;pos=(27,19);moving_rule=DUDDDURDLUU]
Watson[index=2;pos=(12,23);moving_rule=DRDRRLLLURDR]
Robot[pos=(27,19);type=S;dist=0]
STEPT 69:
Criminal[index=0;pos=(1,0)]
Sherlock[index=1;pos=(28,19);moving_rule=DUDDDURDLUU]
Watson[index=2;pos=(12,23);moving_rule=DRDRRLLLURDR]
Robot[pos=(28,19);type=S;dist=0]
STEPT 70:
Criminal[index=0;pos=(0,0)]
Sherlock[index=1;pos=(29,19);moving_rule=DUDDDURDLUU]
Watson[index=2;pos=(12,24);moving_rule=DRDRRLLLURDR]
Robot[pos=(29,19);type=S;dist=0]
STEPT 71:
Criminal[index=0;pos=(1,0)]
Sherlock[index=1;pos=(30,19);moving_rule=DUDDDURDLUU]
Watson[index=2;pos=(13,24);moving_rule=DRDRRLLLURDR]
Robot[pos=(30,19);type=S;dist=0]
STEPT 72:
Criminal[index=0;pos=(0,0)]
Sherlock[index=1;pos=(29,19);moving_rule=DUDDDURDLUU]
Watson[index=2;pos=(13,25);moving_rule=DRDRRLLLURDR]
Robot[pos=(29,19);type=S;dist=0]
STEPT 73:
Criminal[index=0;pos=(1,0)]
Sherlock[index=1;pos=(29,20);moving_rule=DUDDDURDLUU]
Watson[index=2;pos=(14,25);moving_rule=DRDRRLLLURDR]
Robot[pos=(29,20);type=S;dist=0]
STEPT 74:
Criminal[index=0;pos=(0,0)]
Sherlock[index=1;pos=(29,20);moving_rule=DUDDDURDLUU]
Watson[index=2;pos=(14,26);moving_rule=DRDRRLLLURDR]
Robot[pos=(28,20);type=S;dist=1]
STEPT 75:
Criminal[index=0;pos=(1,0)]
Sherlock[index=1;pos=(29,19);moving_rule=DUDDDURDLUU]
Watson[index=2;pos=(15,26);moving_rule=DRDRRLLLURDR]
Robot[pos=(29,20);type=S;dist=1]
STEPT 76:
Criminal[index=0;pos=(0,0)]
Sherlock[index=1;pos=(28,19);moving_rule=DUDDDURDLUU]
Watson[index=2;pos=(15,26);moving_rule=DRDRRLLLURDR]
Robot[pos=(28,20);type=S;dist=1]
STEPT 77:
Criminal[index=0;pos=(1,0)]
Sherlock[index=1;pos=(27,19);moving_rule=DUDDDURDLUU]
Watson[index=2;pos=(15,26);moving_rule=DRDRRLLLURDR]
Robot[pos=(27,20);type=S;dist=1]
STEPT 78:
Criminal[index=0;pos=(0,0)]
Sherlock[index=1;pos=(28,19);moving_rule=DUDDDURDLUU]
Watson[index=2;pos=(15,25);moving_rule=DRDRRLLLURDR]
Robot[pos=(28,20);type=S;dist=1]
STEPT 79:
Criminal[index=0;pos=(1,0)]
Sherlock[index=1;pos=(27,19);moving_rule=DUDDDURDLUU]
Watson[index=2;pos=(15,24);moving_rule=DRDRRLLLURDR]
Robot[pos=(27,20);type=S;dist=1]
STEPT 80:
Criminal[index=0;pos=(0,0)]
Sherlock[index=1;pos=(28,19);moving_rule=DUDDDURDLUU]
Watson[index=2;pos=(15,23);moving_rule=DRDRRLLLURDR]
Robot[pos=(28,20);type=S;dist=1]
STEPT 81:
Criminal[index=0;pos=(1,0)]
Sherlock[index=1;pos=(29,19);moving_rule=DUDDDURDLUU]
Watson[index=2;pos=(14,23);moving_rule=DRDRRLLLURDR]
Robot[pos=(29,20);type=S;dist=1]
STEPT 82:
Criminal[index=0;pos=(0,0)]
Sherlock[index=1;pos=(30,19);moving_rule=DUDDDURDLUU]
Watson[index=2;pos=(14,24);moving_rule=DRDRRLLLURDR]
Robot[pos=(29,19);type=S;dist=1]
STEPT 83:
Criminal[index=0;pos=(1,0)]
Sherlock[index=1;pos=(29,19);moving_rule=DUDDDURDLUU]
Watson[index=2;pos=(15,24);moving_rule=DRDRRLLLURDR]
Robot[pos=(28,19);type=S;dist=1]
STEPT 84:
Criminal[index=0;pos=(0,0)]
Sherlock[index=1;pos=(29,20);moving_rule=DUDDDURDLUU]
Watson[index=2;pos=(15,25);moving_rule=DRDRRLLLURDR]
Robot[pos=(28,20);type=S;dist=1]
STEPT 85:
Criminal[index=0;pos=(1,0)]
Sherlock[index=1;pos=(29,20);moving_rule=DUDDDURDLUU]
Watson[index=2;pos=(16,25);moving_rule=DRDRRLLLURDR]
Robot[pos=(29,20);type=S;dist=0]
STEPT 86:
Criminal[index=0;pos=(0,0)]
Sherlock[index=1;pos=(29,19);moving_rule=DUDDDURDLUU]
Watson[index=2;pos=(16,26);moving_rule=DRDRRLLLURDR]
Robot[pos=(29,19);type=S;dist=0]
STEPT 87:
Criminal[index=0;pos=(1,0)]
Sherlock[index=1;pos=(28,19);moving_rule=DUDDDURDLUU]
Watson[index=2;pos=(17,26);moving_rule=DRDRRLLLURDR]
Robot[pos=(28,19);type=S;dist=0]
STEPT 88:
Criminal[index=0;pos=(0,0)]
Sherlock[index=1;pos=(27,19);moving_rule=DUDDDURDLUU]
Watson[index=2;pos=(17,26);moving_rule=DRDRRLLLURDR]
Robot[pos=(27,19);type=S;dist=0]
STEPT 89:
Criminal[index=0;pos=(1,0)]
Sherlock[index=1;pos=(28,19);moving_rule=DUDDDURDLUU]
Watson[index=2;pos=(17,26);moving_rule=DRDRRLLLURDR]
Robot[pos=(28,19);type=S;dist=0]
STEPT 90:
Criminal[index=0;pos=(0,0)]
Sherlock[index=1;pos=(27,19);moving_rule=DUDDDURDLUU]
Watson[index=2;pos=(17,25);moving_rule=DRDRRLLLURDR]
Robot[pos=(27,19);type=S;dist=0]
STEPT 91:
Criminal[index=0;pos=(1,0)]
Sherlock[index=1;pos=(28,19);moving_rule=DUDDDURDLUU]
Watson[index=2;pos=(17,24);moving_rule=DRDRRLLLURDR]
Robot[pos=(28,19);type=S;dist=0]
STEPT 92:
Criminal[index=0;pos=(0,0)]
Sherlock[index=1;pos=(29,19);moving_rule=DUDDDURDLUU]
Watson[index=2;pos=(17,23);moving_rule=DRDRRLLLURDR]
Robot[pos=(29,19);type=S;dist=0]
STEPT 93:
Criminal[index=0;pos=(1,0)]
Sherlock[index=1;pos=(30,19);moving_rule=DUDDDURDLUU]
Watson[index=2;pos=(16,23);moving_rule=DRDRRLLLURDR]
Robot[pos=(30,19);type=S;dist=0]
STEPT 94:
Criminal[index=0;pos=(0,0)]
Sherlock[index=1;pos=(29,19);moving_rule=DUDDDURDLUU]
Watson[index=2;pos=(16,24);moving_rule=DRDRRLLLURDR]
Robot[pos=(29,19);type=S;dist=0]
STEPT 95:
Criminal[index=0;pos=(1,0)]
Sherlock[index=1;pos=(29,20);moving_rule=DUDDDURDLUU]
Watson[index=2;pos=(17,24);moving_rule=DRDRRLLLURDR]
Robot[pos=(29,20);type=S;dist=0]
STEPT 96:
Criminal[index=0;pos=(0,0)]
Sherlock[index=1;pos=(29,20);moving_rule=DUDDDURDLUU]
Watson[index=2;pos=(17,25);moving_rule=DRDRRLLLURDR]
Robot[pos=(28,20);type=S;dist=1]
STEPT 97:
Criminal[index=0;pos=(1,0)]
Sherlock[index=1;pos=(29,19);moving_rule=DUDDDURDLUU]
Watson[index=2;pos=(18,25);moving_rule=DRDRRLLLURDR]
Robot[pos=(29,20);type=S;dist=1]
STEPT 98:
Criminal[index=0;pos=(0,0)]
Sherlock[index=1;pos=(28,19);moving_rule=DUDDDURDLUU]
Watson[index=2;pos=(18,26);moving_rule=DRDRRLLLURDR]
Robot[pos=(28,20);type=S;dist=1]
STEPT 99:
Criminal[index=0;pos=(1,0)]
Sherlock[index=1;pos=(27,19);moving_rule=DUDDDURDLUU]
Watson[index=2;pos=(19,26);moving_rule=DRDRRLLLURDR]
Robot[pos=(27,20);type=S;dist=1]
STEPT 100:
Criminal[index=0;pos=(0,0)]
Sherlock[index=1;pos=(28,19);moving_rule=DUDDDURDLUU]
Watson[index=2;pos=(19,26);moving_rule=DRDRRLLLURDR]
Robot[pos=(28,20);type=S;dist=1]
STEPT 101:
Criminal[index=0;pos=(1,0)]
Sherlock[index=1;pos=(27,19);moving_rule=DUDDDURDLUU]
Watson[index=2;pos=(19,26);moving_rule=DRDRRLLLURDR]
Robot[pos=(27,20);type=S;dist=1]
STEPT 102:
Criminal[index=0;pos=(0,0)]
Sherlock[index=1;pos=(28,19);moving_rule=DUDDDURDLUU]
Watson[index=2;pos=(19,25);moving_rule=DRDRRLLLURDR]
Robot[pos=(28,20);type=S;dist=1]
STEPT 103:
Criminal[index=0;pos=(1,0)]
Sherlock[index=1;pos=(29,19);moving_rule=DUDDDURDLUU]
Watson[index=2;pos=(19,24);moving_rule=DRDRRLLLURDR]
Robot[pos=(29,20);type=S;dist=1]
STEPT 104:
Criminal[index=0;pos=(0,0)]
Sherlock[index=1;pos=(30,19);moving_rule=DUDDDURDLUU]
Watson[index=2;pos=(19,23);moving_rule=DRDRRLLLURDR]
Robot[pos=(29,19);type=S;dist=1]
STEPT 105:
Criminal[index=0;pos=(1,0)]
Sherlock[index=1;pos=(29,19);moving_rule=DUDDDURDLUU]
Watson[index=2;pos=(18,23);moving_rule=DRDRRLLLURDR]
Robot[pos=(28,19);type=S;dist=1]
STEPT 106:
Criminal[index=0;pos=(0,0)]
Sherlock[index=1;pos=(29,20);moving_rule=DUDDDURDLUU]
Watson[index=2;pos=(18,24);moving_rule=DRDRRLLLURDR]
Robot[pos=(28,20);type=S;dist=1]
STEPT 107:
Criminal[index=0;pos=(1,0)]
Sherlock[index=1;pos=(29,20);moving_rule=DUDDDURDLUU]
Watson[index=2;pos=(19,24);moving_rule=DRDRRLLLURDR]
Robot[pos=(29,20);type=S;dist=0]
STEPT 108:
Criminal[index=0;pos=(0,0)]
Sherlock[index=1;pos=(29,19);moving_rule=DUDDDURDLUU]
Watson[index=2;pos=(19,25);moving_rule=DRDRRLLLURDR]
Robot[pos=(29,19);type=S;dist=0]
STEPT 109:
Criminal[index=0;pos=(1,0)]
Sherlock[index=1;pos=(28,19);moving_rule=DUDDDURDLUU]
Watson[index=2;pos=(20,25);moving_rule=DRDRRLLLURDR]
Robot[pos=(28,19);type=S;dist=0]
STEPT 110:
Criminal[index=0;pos=(0,0)]
Sherlock[index=1;pos=(27,19);moving_rule=DUDDDURDLUU]
Watson[index=2;pos=(20,26);moving_rule=DRDRRLLLURDR]
Robot[pos=(27,19);type=S;dist=0]
STEPT 111:
Criminal[index=0;pos=(1,0)]
Sherlock[index=1;pos=(28,19);moving_rule=DUDDDURDLUU]
Watson[index=2;pos=(21,26);moving_rule=DRDRRLLLURDR]
Robot[pos=(28,19);type=S;dist=0]
STEPT 112:
Criminal[index=0;pos=(0,0)]
Sherlock[index=1;pos=(27,19);moving_rule=DUDDDURDLUU]
Watson[index=2;pos=(21,26);moving_rule=DRDRRLLLURDR]
Robot[pos=(27,19);type=S;dist=0]
STEPT 113:
Criminal[index=0;pos=(1,0)]
Sherlock[index=1;pos=(28,19);moving_rule=DUDDDURDLUU]
Watson[index=2;pos=(21,26);moving_rule=DRDRRLLLURDR]
Robot[pos=(28,19);type=S;dist=0]
STEPT 114:
Criminal[index=0;pos=(0,0)]
Sherlock[index=1;pos=(29,19);moving_rule=DUDDDURDLUU]
Watson[index=2;pos=(21,26);moving_rule=DRDRRLLLURDR]
Robot[pos=(29,19);type=S;dist=0]
STEPT 115:
Criminal[index=0;pos=(1,0)]
Sherlock[index=1;pos=(30,19);moving_rule=DUDDDURDLUU]
Watson[index=2;pos=(21,26);moving_rule=DRDRRLLLURDR]
Robot[pos=(30,19);type=S;dist=0]
STEPT 116:
Criminal[index=0;pos=(0,0)]
Sherlock[index=1;pos=(29,19);moving_rule=DUDDDURDLUU]
Watson[index=2;pos=(21,26);moving_rule=DRDRRLLLURDR]
Robot[pos=(29,19);type=S;dist=0]
STEPT 117:
Criminal[index=0;pos=(1,0)]
Sherlock[index=1;pos=(29,20);moving_rule=DUDDDURDLUU]
Watson[index=2;pos=(20,26);moving_rule=DRDRRLLLURDR]
Robot[pos=(29,20);type=S;dist=0]
STEPT 118:
Criminal[index=0;pos=(0,0)]
Sherlock[index=1;pos=(29,20);moving_rule=DUDDDURDLUU]
Watson[index=2;pos=(20,26);moving_rule=DRDRRLLLURDR]
Robot[pos=(28,20);type=S;dist=1]
STEPT 119:
Criminal[index=0;pos=(1,0)]
Sherlock[index=1;pos=(29,19);moving_rule=DUDDDURDLUU]
Watson[index=2;pos=(21,26);moving_rule=DRDRRLLLURDR]
Robot[pos=(29,20);type=S;dist=1]
STEPT 120:
Criminal[index=0;pos=(0,0)]
Sherlock[index=1;pos=(28,19);moving_rule=DUDDDURDLUU]
Watson[index=2;pos=(21,26);moving_rule=DRDRRLLLURDR]
Robot[pos=(28,20);type=S;dist=1]
STEPT 121:
Criminal[index=0;pos=(1,0)]
Sherlock[index=1;pos=(27,19);moving_rule=DUDDDURDLUU]
Watson[index=2;pos=(22,26);moving_rule=DRDRRLLLURDR]
Robot[pos=(27,20);type=S;dist=1]
STEPT 122:
Criminal[index=0;pos=(0,0)]
Sherlock[index=1;pos=(28,19);moving_rule=DUDDDURDLUU]
Watson[index=2;pos=(22,26);moving_rule=DRDRRLLLURDR]
Robot[pos=(28,20);type=S;dist=1]
STEPT 123:
Criminal[index=0;pos=(1,0)]
Sherlock[index=1;pos=(27,19);moving_rule=DUDDDURDLUU]
Watson[index=2;pos=(23,26);moving_rule=DRDRRLLLURDR]
Robot[pos=(27,20);type=S;dist=1]
STEPT 124:
Criminal[index=0;pos=(0,0)]
Sherlock[index=1;pos=(28,19);moving_rule=DUDDDURDLUU]
Watson[index=2;pos=(23,26);moving_rule=DRDRRLLLURDR]
Robot[pos=(28,20);type=S;dist=1]
STEPT 125:
Criminal[index=0;pos=(1,0)]
Sherlock[index=1;pos=(29,19);moving_rule=DUDDDURDLUU]
Watson[index=2;pos=(23,26);moving_rule=DRDRRLLLURDR]
Robot[pos=(29,20);type=S;dist=1]
STEPT 126:
Criminal[index=0;pos=(0,0)]
Sherlock[index=1;pos=(30,19);moving_rule=DUDDDURDLUU]
Watson[index=2;pos=(23,25);moving_rule=DRDRRLLLURDR]
Robot[pos=(29,19);type=S;dist=1]
STEPT 127:
Criminal[index=0;pos=(1,0)]
Sherlock[index=1;pos=(29,19);moving_rule=DUDDDURDLUU]
Watson[index=2;pos=(23,24);moving_rule=DRDRRLLLURDR]
Robot[pos=(28,19);type=S;dist=1]
STEPT 128:
Criminal[index=0;pos=(0,0)]
Sherlock[index=1;pos=(29,20);moving_rule=DUDDDURDLUU]
Watson[index=2;pos=(23,23);moving_rule=DRDRRLLLURDR]
Robot[pos=(28,20);type=S;dist=1]
STEPT 129:
Criminal[index=0;pos=(1,0)]
Sherlock[index=1;pos=(29,20);moving_rule=DUDDDURDLUU]
Watson[index=2;pos=(22,23);moving_rule=DRDRRLLLURDR]
Robot[pos=(29,20);type=S;dist=0]
STEPT 130:
Criminal[index=0;pos=(0,0)]
Sherlock[index=1;pos=(29,19);moving_rule=DUDDDURDLUU]
Watson[index=2;pos=(22,24);moving_rule=DRDRRLLLURDR]
Robot[pos=(29,19);type=S;dist=0]
STEPT 131:
Criminal[index=0;pos=(1,0)]
Sherlock[index=1;pos=(28,19);moving_rule=DUDDDURDLUU]
Watson[index=2;pos=(23,24);moving_rule=DRDRRLLLURDR]
Robot[pos=(28,19);type=S;dist=0]
STEPT 132:
Criminal[index=0;pos=(0,0)]
Sherlock[index=1;pos=(27,19);moving_rule=DUDDDURDLUU]
Watson[index=2;pos=(23,25);moving_rule=DRDRRLLLURDR]
Robot[pos=(27,19);type=S;dist=0]
STEPT 133:
Criminal[index=0;pos=(1,0)]
Sherlock[index=1;pos=(28,19);moving_rule=DUDDDURDLUU]
Watson[index=2;pos=(24,25);moving_rule=DRDRRLLLURDR]
Robot[pos=(28,19);type=S;dist=0]
STEPT 134:
Criminal[index=0;pos=(0,0)]
Sherlock[index=1;pos=(27,19);moving_rule=DUDDDURDLUU]
Watson[index=2;pos=(24,26);moving_rule=DRDRRLLLURDR]
Robot[pos=(27,19);type=S;dist=0]
STEPT 135:
Criminal[index=0;pos=(1,0)]
Sherlock[index=1;pos=(28,19);moving_rule=DUDDDURDLUU]
Watson[index=2;pos=(25,26);moving_rule=DRDRRLLLURDR]
Robot[pos=(28,19);type=S;dist=0]
STEPT 136:
Criminal[index=0;pos=(0,0)]
Sherlock[index=1;pos=(29,19);moving_rule=DUDDDURDLUU]
Watson[index=2;pos=(25,26);moving_rule=DRDRRLLLURDR]
Robot[pos=(29,19);type=S;dist=0]
STEPT 137:
Criminal[index=0;pos=(1,0)]
Sherlock[index=1;pos=(30,19);moving_rule=DUDDDURDLUU]
Watson[index=2;pos=(25,26);moving_rule=DRDRRLLLURDR]
Robot[pos=(30,19);type=S;dist=0]
STEPT 138:
Criminal[index=0;pos=(0,0)]
Sherlock[index=1;pos=(29,19);moving_rule=DUDDDURDLUU]
Watson[index=2;pos=(25,25);moving_rule=DRDRRLLLURDR]
Robot[pos=(29,19);type=S;dist=0]
STEPT 139:
Criminal[index=0;pos=(1,0)]
Sherlock[index=1;pos=(29,20);moving_rule=DUDDDURDLUU]
Watson[index=2;pos=(25,24);moving_rule=DRDRRLLLURDR]
Robot[pos=(29,20);type=S;dist=0]
STEPT 140:
Criminal[index=0;pos=(0,0)]
Sherlock[index=1;pos=(29,20);moving_rule=DUDDDURDLUU]
Watson[index=2;pos=(25,23);moving_rule=DRDRRLLLURDR]
Robot[pos=(28,20);type=S;dist=1]
STEPT 141:
Criminal[index=0;pos=(1,0)]
Sherlock[index=1;pos=(29,19);moving_rule=DUDDDURDLUU]
Watson[index=2;pos=(24,23);moving_rule=DRDRRLLLURDR]
Robot[pos=(29,20);type=S;dist=1]
STEPT 142:
Criminal[index=0;pos=(0,0)]
Sherlock[index=1;pos=(28,19);moving_rule=DUDDDURDLUU]
Watson[index=2;pos=(24,24);moving_rule=DRDRRLLLURDR]
Robot[pos=(28,20);type=S;dist=1]
STEPT 143:
Criminal[index=0;pos=(1,0)]
Sherlock[index=1;pos=(27,19);moving_rule=DUDDDURDLUU]
Watson[index=2;pos=(25,24);moving_rule=DRDRRLLLURDR]
Robot[pos=(27,20);type=S;dist=1]
STEPT 144:
Criminal[index=0;pos=(0,0)]
Sherlock[index=1;pos=(28,19);moving_rule=DUDDDURDLUU]
Watson[index=2;pos=(25,25);moving_rule=DRDRRLLLURDR]
Robot[pos=(28,20);type=S;dist=1]
STEPT 145:
Criminal[index=0;pos=(1,0)]
Sherlock[index=1;pos=(27,19);moving_rule=DUDDDURDLUU]
Watson[index=2;pos=(26,25);moving_rule=DRDRRLLLURDR]
Robot[pos=(27,20);type=S;dist=1]
STEPT 146:
Criminal[index=0;pos=(0,0)]
Sherlock[index=1;pos=(28,19);moving_rule=DUDDDURDLUU]
Watson[index=2;pos=(26,26);moving_rule=DRDRRLLLURDR]
Robot[pos=(28,20);type=S;dist=1]
STEPT 147:
Criminal[index=0;pos=(1,0)]
Sherlock[index=1;pos=(29,19);moving_rule=DUDDDURDLUU]
Watson[index=2;pos=(27,26);moving_rule=DRDRRLLLURDR]
Robot[pos=(29,20);type=S;dist=1]
STEPT 148:
Criminal[index=0;pos=(0,0)]
Sherlock[index=1;pos=(30,19);moving_rule=DUDDDURDLUU]
Watson[index=2;pos=(27,26);moving_rule=DRDRRLLLURDR]
Robot[pos=(29,19);type=S;dist=1]
STEPT 149:
Criminal[index=0;pos=(1,0)]
Sherlock[index=1;pos=(29,19);moving_rule=DUDDDURDLUU]
Watson[index=2;pos=(27,26);moving_rule=DRDRRLLLURDR]
Robot[pos=(28,19);type=S;dist=1]
STEPT 150:
Criminal[index=0;pos=(0,0)]
Sherlock[index=1;pos=(29,20);moving_rule=DUDDDURDLUU]
Watson[index=2;pos=(27,25);moving_rule=DRDRRLLLURDR]
Robot[pos=(28,20);type=S;dist=1]
STEPT 151:
Criminal[index=0;pos=(1,0)]
Sherlock[index=1;pos=(29,20);moving_rule=DUDDDURDLUU]
Watson[index=2;pos=(27,24);moving_rule=DRDRRLLLURDR]
Robot[pos=(29,20);type=S;dist=0]
STEPT 152:
Criminal[index=0;pos=(0,0)]
Sherlock[index=1;pos=(29,19);moving_rule=DUDDDURDLUU]
Watson[index=2;pos=(27,23);moving_rule=DRDRRLLLURDR]
Robot[pos=(29,19);type=S;dist=0]
STEPT 153:
Criminal[index=0;pos=(1,0)]
Sherlock[index=1;pos=(28,19);moving_rule=DUDDDURDLUU]
Watson[index=2;pos=(26,23);moving_rule=DRDRRLLLURDR]
Robot[pos=(28,19);type=S;dist=0]
STEPT 154:
Criminal[index=0;pos=(0,0)]
Sherlock[index=1;pos=(27,19);moving_rule=DUDDDURDLUU]
Watson[index=2;pos=(26,24);moving_rule=DRDRRLLLURDR]
Robot[pos=(27,19);type=S;dist=0]
STEPT 155:
Criminal[index=0;pos=(1,0)]
Sherlock[index=1;pos=(28,19);moving_rule=DUDDDURDLUU]
Watson[index=2;pos=(27,24);moving_rule=DRDRRLLLURDR]
Robot[pos=(28,19);type=S;dist=0]
STEPT 156:
Criminal[index=0;pos=(0,0)]
Sherlock[index=1;pos=(27,19);moving_rule=DUDDDURDLUU]
Watson[index=2;pos=(27,25);moving_rule=DRDRRLLLURDR]
Robot[pos=(27,19);type=S;dist=0]
STEPT 157:
Criminal[index=0;pos=(1,0)]
Sherlock[index=1;pos=(28,19);moving_rule=DUDDDURDLUU]
Watson[index=2;pos=(28,25);moving_rule=DRDRRLLLURDR]
Robot[pos=(28,19);type=S;dist=0]
STEPT 158:
Criminal[index=0;pos=(0,0)]
Sherlock[index=1;pos=(29,19);moving_rule=DUDDDURDLUU]
Watson[index=2;pos=(28,26);moving_rule=DRDRRLLLURDR]
Robot[pos=(29,19);type=S;dist=0]
STEPT 159:
Criminal[index=0;pos=(1,0)]
Sherlock[index=1;pos=(30,19);moving_rule=DUDDDURDLUU]
Watson[index=2;pos=(29,26);moving_rule=DRDRRLLLURDR]
Robot[pos=(30,19);type=S;dist=0]
STEPT 160:
Criminal[index=0;pos=(0,0)]
Sherlock[index=1;pos=(29,19);moving_rule=DUDDDURDLUU]
Watson[index=2;pos=(29,26);moving_rule=DRDRRLLLURDR]
Robot[pos=(29,19);type=S;dist=0]
STEPT 161:
Criminal[index=0;pos=(1,0)]
Sherlock[index=1;pos=(29,20);moving_rule=DUDDDURDLUU]
Watson[index=2;pos=(29,26);moving_rule=DRDRRLLLURDR]
Robot[pos=(29,20);type=S;dist=0]
STEPT 162:
Criminal[index=0;pos=(0,0)]
Sherlock[index=1;pos=(29,20);moving_rule=DUDDDURDLUU]
Watson[index=2;pos=(29,25);moving_rule=DRDRRLLLURDR]
Robot[pos=(28,20);type=S;dist=1]
STEPT 163:
Criminal[index=0;pos=(1,0)]
Sherlock[index=1;pos=(29,19);moving_rule=DUDDDURDLUU]
Watson[index=2;pos=(29,24);moving_rule=DRDRRLLLURDR]
Robot[pos=(29,20);type=S;dist=1]
STEPT 164:
Criminal[index=0;pos=(0,0)]
Sherlock[index=1;pos=(28,19);moving_rule=DUDDDURDLUU]
Watson[index=2;pos=(29,23);moving_rule=DRDRRLLLURDR]
Robot[pos=(28,20);type=S;dist=1]
STEPT 165:
Criminal[index=0;pos=(1,0)]
Sherlock[index=1;pos=(27,19);moving_rule=DUDDDURDLUU]
Watson[index=2;pos=(29,23);moving_rule=DRDRRLLLURDR]
Robot[pos=(27,20);type=S;dist=1]
STEPT 166:
Criminal[index=0;pos=(0,0)]
Sherlock[index=1;pos=(28,19);moving_rule=DUDDDURDLUU]
Watson[index=2;pos=(29,24);moving_rule=DRDRRLLLURDR]
Robot[pos=(28,20);type=S;dist=1]
STEPT 167:
Criminal[index=0;pos=(1,0)]
Sherlock[index=1;pos=(27,19);moving_rule=DUDDDURDLUU]
Watson[index=2;pos=(30,24);moving_rule=DRDRRLLLURDR]
Robot[pos=(27,20);type=S;dist=1]
STEPT 168:
Criminal[index=0;pos=(0,0)]
Sherlock[index=1;pos=(28,19);moving_rule=DUDDDURDLUU]
Watson[index=2;pos=(30,25);moving_rule=DRDRRLLLURDR]
Robot[pos=(28,20);type=S;dist=1]
STEPT 169:
Criminal[index=0;pos=(1,0)]
Sherlock[index=1;pos=(29,19);moving_rule=DUDDDURDLUU]
Watson[index=2;pos=(30,25);moving_rule=DRDRRLLLURDR]
Robot[pos=(29,20);type=S;dist=1]
STEPT 170:
Criminal[index=0;pos=(0,0)]
Sherlock[index=1;pos=(30,19);moving_rule=DUDDDURDLUU]
Watson[index=2;pos=(30,26);moving_rule=DRDRRLLLURDR]
Robot[pos=(29,19);type=S;dist=1]
STEPT 171:
Criminal[index=0;pos=(1,0)]
Sherlock[index=1;pos=(29,19);moving_rule=DUDDDURDLUU]
Watson[index=2;pos=(30,26);moving_rule=DRDRRLLLURDR]
Robot[pos=(28,19);type=S;dist=1]
STEPT 172:
Criminal[index=0;pos=(0,0)]
Sherlock[index=1;pos=(29,20);moving_rule=DUDDDURDLUU]
Watson[index=2;pos=(30,26);moving_rule=DRDRRLLLURDR]
Robot[pos=(28,20);type=S;dist=1]
STEPT 173:
Criminal[index=0;pos=(1,0)]
Sherlock[index=1;pos=(29,20);moving_rule=DUDDDURDLUU]
Watson[index=2;pos=(30,26);moving_rule=DRDRRLLLURDR]
Robot[pos=(29,20);type=S;dist=0]
STEPT 174:
Criminal[index=0;pos=(0,0)]
Sherlock[index=1;pos=(29,19);moving_rule=DUDDDURDLUU]
Watson[index=2;pos=(30,25);moving_rule=DRDRRLLLURDR]
Robot[pos=(29,19);type=S;dist=0]
STEPT 175:
Criminal[index=0;pos=(1,0)]
Sherlock[index=1;pos=(28,19);moving_rule=DUDDDURDLUU]
Watson[index=2;pos=(30,24);moving_rule=DRDRRLLLURDR]
Robot[pos=(28,19);type=S;dist=0]
STEPT 176:
Criminal[index=0;pos=(0,0)]
Sherlock[index=1;pos=(27,19);moving_rule=DUDDDURDLUU]
Watson[index=2;pos=(30,23);moving_rule=DRDRRLLLURDR]
Robot[pos=(27,19);type=S;dist=0]
STEPT 177:
Criminal[index=0;pos=(1,0)]
Sherlock[index=1;pos=(28,19);moving_rule=DUDDDURDLUU]
Watson[index=2;pos=(29,23);moving_rule=DRDRRLLLURDR]
Robot[pos=(28,19);type=S;dist=0]
STEPT 178:
Criminal[index=0;pos=(0,0)]
Sherlock[index=1;pos=(27,19);moving_rule=DUDDDURDLUU]
Watson[index=2;pos=(29,24);moving_rule=DRDRRLLLURDR]
Robot[pos=(27,19);type=S;dist=0]
STEPT 179:
Criminal[index=0;pos=(1,0)]
Sherlock[index=1;pos=(28,19);moving_rule=DUDDDURDLUU]
Watson[index=2;pos=(30,24);moving_rule=DRDRRLLLURDR]
Robot[pos=(28,19);type=S;dist=0]
STEPT 180:
Criminal[index=0;pos=(0,0)]
Sherlock[index=1;pos=(29,19);moving_rule=DUDDDURDLUU]
Watson[index=2;pos=(30,25);moving_rule=DRDRRLLLURDR]
Robot[pos=(29,19);type=S;dist=0]
STEPT 181:
Criminal[index=0;pos=(1,0)]
Sherlock[index=1;pos=(30,19);moving_rule=DUDDDURDLUU]
Watson[index=2;pos=(30,25);moving_rule=DRDRRLLLURDR]
Robot[pos=(30,19);type=S;dist=0]
STEPT 182:
Criminal[index=0;pos=(0,0)]
Sherlock[index=1;pos=(29,19);moving_rule=DUDDDURDLUU]
Watson[index=2;pos=(30,26);moving_rule=DRDRRLLLURDR]
Robot[pos=(29,19);type=S;dist=0]
STEPT 183:
Criminal[index=0;pos=(1,0)]
Sherlock[index=1;pos=(29,20);moving_rule=DUDDDURDLUU]
Watson[index=2;pos=(30,26);moving_rule=DRDRRLLLURDR]
Robot[pos=(29,20);type=S;dist=0]
STEPT 184:
Criminal[index=0;pos=(0,0)]
Sherlock[index=1;pos=(29,20);moving_rule=DUDDDURDLUU]
Watson[index=2;pos=(30,26);moving_rule=DRDRRLLLURDR]
Robot[pos=(28,20);type=S;dist=1]
STEPT 185:
Criminal[index=0;pos=(1,0)]
Sherlock[index=1;pos=(29,19);moving_rule=DUDDDURDLUU]
Watson[index=2;pos=(30,26);moving_rule=DRDRRLLLURDR]
Robot[pos=(29,20);type=S;dist=1]
STEPT 186:
Criminal[index=0;pos=(0,0)]
Sherlock[index=1;pos=(28,19);moving_rule=DUDDDURDLUU]
Watson[index=2;pos=(30,25);moving_rule=DRDRRLLLURDR]
Robot[pos=(28,20);type=S;dist=1]
STEPT 187:
Criminal[index=0;pos=(1,0)]
Sherlock[index=1;pos=(27,19);moving_rule=DUDDDURDLUU]
Watson[index=2;pos=(30,24);moving_rule=DRDRRLLLURDR]
Robot[pos=(27,20);type=S;dist=1]
STEPT 188:
Criminal[index=0;pos=(0,0)]
Sherlock[index=1;pos=(28,19);moving_rule=DUDDDURDLUU]
Watson[index=2;pos=(30,23);moving_rule=DRDRRLLLURDR]
Robot[pos=(28,20);type=S;dist=1]
STEPT 189:
Criminal[index=0;pos=(1,0)]
Sherlock[index=1;pos=(27,19);moving_rule=DUDDDURDLUU]
Watson[index=2;pos=(29,23);moving_rule=DRDRRLLLURDR]
Robot[pos=(27,20);type=S;dist=1]
STEPT 190:
Criminal[index=0;pos=(0,0)]
Sherlock[index=1;pos=(28,19);moving_rule=DUDDDURDLUU]
Watson[index=2;pos=(29,24);moving_rule=DRDRRLLLURDR]
Robot[pos=(28,20);type=S;dist=1]
STEPT 191:
Criminal[index=0;pos=(1,0)]
Sherlock[index=1;pos=(29,19);moving_rule=DUDDDURDLUU]
Watson[index=2;pos=(30,24);moving_rule=DRDRRLLLURDR]
Robot[pos=(29,20);type=S;dist=1]
STEPT 192:
Criminal[index=0;pos=(0,0)]
Sherlock[index=1;pos=(30,19);moving_rule=DUDDDURDLUU]
Watson[index=2;pos=(30,25);moving_rule=DRDRRLLLURDR]
Robot[pos=(29,19);type=S;dist=1]
STEPT 193:
Criminal[index=0;pos=(1,0)]
Sherlock[index=1;pos=(29,19);moving_rule=DUDDDURDLUU]
Watson[index=2;pos=(30,25);moving_rule=DRDRRLLLURDR]
Robot[pos=(28,19);type=S;dist=1]
STEPT 194:
Criminal[index=0;pos=(0,0)]
Sherlock[index=1;pos=(29,20);moving_rule=DUDDDURDLUU]
Watson[index=2;pos=(30,26);moving_rule=DRDRRLLLURDR]
Robot[pos=(28,20);type=S;dist=1]
STEPT 195:
Criminal[index=0;pos=(1,0)]
Sherlock[index=1;pos=(29,20);moving_rule=DUDDDURDLUU]
Watson[index=2;pos=(30,26);moving_rule=DRDRRLLLURDR]
Robot[pos=(29,20);type=S;dist=0]
STEPT 196:
Criminal[index=0;pos=(0,0)]
Sherlock[index=1;pos=(29,19);moving_rule=DUDDDURDLUU]
Watson[index=2;pos=(30,26);moving_rule=DRDRRLLLURDR]
Robot[pos=(29,19);type=S;dist=0]
STEPT 197:
Criminal[index=0;pos=(1,0)]
Sherlock[index=1;pos=(28,19);moving_rule=DUDDDURDLUU]
Watson[index=2;pos=(30,26);moving_rule=DRDRRLLLURDR]
Robot[pos=(28,19);type=S;dist=0]
STEPT 198:
Criminal[index=0;pos=(0,0)]
Sherlock[index=1;pos=(27,19);moving_rule=DUDDDURDLUU]
Watson[index=2;pos=(30,25);moving_rule=DRDRRLLLURDR]
Robot[pos=(27,19);type=S;dist=0]
STEPT 199:
Criminal[index=0;pos=(1,0)]
Sherlock[index=1;pos=(28,19);moving_rule=DUDDDURDLUU]
Watson[index=2;pos=(30,24);moving_rule=DRDRRLLLURDR]
Robot[pos=(28,19);type=S;dist=0]
STEPT 200:
Criminal[index=0;pos=(0,0)]
Sherlock[index=1;pos=(27,19);moving_rule=DUDDDURDLUU]
Watson[index=2;pos=(30,23);moving_rule=DRDRRLLLURDR]
Robot[pos=(27,19);type=S;dist=0]
