Criminal[index=0;pos=(30,6)]
Sherlock[index=1;pos=(24,0);moving_rule=LURLDR]
Watson[index=2;pos=(35,2);moving_rule=ULULDUL]
Robot[pos=(12,17);type=S;dist=29]
CRIMINAL -> SHERLOCK -> WATSON -> ROBOTS
STEPT 1:
Criminal[index=0;pos=(30,7)]
Sherlock[index=1;pos=(24,0);moving_rule=LURLDR]
Watson[index=2;pos=(34,2);moving_rule=ULULDUL]
Robot[pos=(13,17);type=S;dist=28]
STEPT 2:
Criminal[index=0;pos=(30,8)]
Sherlock[index=1;pos=(23,0);moving_rule=LURLDR]
Watson[index=2;pos=(34,1);moving_rule=ULULDUL]
Robot[pos=(13,16);type=S;dist=26]
STEPT 3:
Criminal[index=0;pos=(30,9)]
Sherlock[index=1;pos=(23,1);moving_rule=LURLDR]
Watson[index=2;pos=(33,1);moving_rule=ULULDUL]
Robot[pos=(14,16);type=S;dist=24]
STEPT 4:
Criminal[index=0;pos=(30,10)]
Sherlock[index=1;pos=(23,0);moving_rule=LURLDR]
Watson[index=2;pos=(33,0);moving_rule=ULULDUL]
Robot[pos=(15,16);type=S;dist=24]
STEPT 5:
Criminal[index=0;pos=(30,11)]
Sherlock[index=1;pos=(24,0);moving_rule=LURLDR]
Watson[index=2;pos=(34,0);moving_rule=ULULDUL]
Robot[pos=(16,16);type=S;dist=24]
STEPT 6:
Criminal[index=0;pos=(30,12)]
Sherlock[index=1;pos=(24,1);moving_rule=LURLDR]
Watson[index=2;pos=(33,0);moving_rule=ULULDUL]
Robot[pos=(17,16);type=S;dist=22]
STEPT 7:
Criminal[index=0;pos=(29,12)]
Sherlock[index=1;pos=(24,0);moving_rule=LURLDR]
Watson[index=2;pos=(33,0);moving_rule=ULULDUL]
Robot[pos=(18,16);type=S;dist=22]
STEPT 8:
Criminal[index=0;pos=(29,13)]
Sherlock[index=1;pos=(23,0);moving_rule=LURLDR]
Watson[index=2;pos=(32,0);moving_rule=ULULDUL]
Robot[pos=(19,16);type=S;dist=20]
STEPT 9:
Criminal[index=0;pos=(29,14)]
Sherlock[index=1;pos=(23,1);moving_rule=LURLDR]
Watson[index=2;pos=(32,0);moving_rule=ULULDUL]
Robot[pos=(20,16);type=S;dist=18]
STEPT 10:
Criminal[index=0;pos=(29,15)]
Sherlock[index=1;pos=(23,0);moving_rule=LURLDR]
Watson[index=2;pos=(31,0);moving_rule=ULULDUL]
Robot[pos=(21,16);type=S;dist=18]
STEPT 11:
Criminal[index=0;pos=(29,16)]
Sherlock[index=1;pos=(24,0);moving_rule=LURLDR]
Watson[index=2;pos=(31,0);moving_rule=ULULDUL]
Robot[pos=(22,16);type=S;dist=18]
STEPT 12:
Criminal[index=0;pos=(29,17)]
Sherlock[index=1;pos=(24,1);moving_rule=LURLDR]
Watson[index=2;pos=(32,0);moving_rule=ULULDUL]
Robot[pos=(23,16);type=S;dist=16]
STEPT 13:
Criminal[index=0;pos=(28,17)]
Sherlock[index=1;pos=(24,0);moving_rule=LURLDR]
Watson[index=2;pos=(31,0);moving_rule=ULULDUL]
Robot[pos=(24,16);type=S;dist=16]
STEPT 14:
Criminal[index=0;pos=(27,17)]
Sherlock[index=1;pos=(23,0);moving_rule=LURLDR]
Watson[index=2;pos=(31,0);moving_rule=ULULDUL]
Robot[pos=(23,16);type=S;dist=16]
STEPT 15:
Criminal[index=0;pos=(26,17)]
Sherlock[index=1;pos=(23,1);moving_rule=LURLDR]
Watson[index=2;pos=(30,0);moving_rule=ULULDUL]
Robot[pos=(23,15);type=S;dist=14]
STEPT 16:
Criminal[index=0;pos=(25,17)]
Sherlock[index=1;pos=(23,0);moving_rule=LURLDR]
Watson[index=2;pos=(30,0);moving_rule=ULULDUL]
Robot[pos=(23,14);type=S;dist=14]
STEPT 17:
Criminal[index=0;pos=(24,17)]
Sherlock[index=1;pos=(24,0);moving_rule=LURLDR]
Watson[index=2;pos=(29,0);moving_rule=ULULDUL]
Robot[pos=(24,14);type=S;dist=14]
STEPT 18:
Criminal[index=0;pos=(23,17)]
Sherlock[index=1;pos=(24,1);moving_rule=LURLDR]
Watson[index=2;pos=(29,0);moving_rule=ULULDUL]
Robot[pos=(24,13);type=S;dist=12]
STEPT 19:
Criminal[index=0;pos=(22,17)]
Sherlock[index=1;pos=(24,0);moving_rule=LURLDR]
Watson[index=2;pos=(30,0);moving_rule=ULULDUL]
Robot[pos=(24,12);type=S;dist=12]
STEPT 20:
Criminal[index=0;pos=(21,17)]
Sherlock[index=1;pos=(23,0);moving_rule=LURLDR]
Watson[index=2;pos=(29,0);moving_rule=ULULDUL]
Robot[pos=(23,12);type=S;dist=12]
STEPT 21:
Criminal[index=0;pos=(20,17)]
Sherlock[index=1;pos=(23,1);moving_rule=LURLDR]
Watson[index=2;pos=(29,0);moving_rule=ULULDUL]
Robot[pos=(23,11);type=S;dist=10]
STEPT 22:
Criminal[index=0;pos=(19,17)]
Sherlock[index=1;pos=(23,0);moving_rule=LURLDR]
Watson[index=2;pos=(28,0);moving_rule=ULULDUL]
Robot[pos=(23,10);type=S;dist=10]
STEPT 23:
Criminal[index=0;pos=(18,17)]
Sherlock[index=1;pos=(24,0);moving_rule=LURLDR]
Watson[index=2;pos=(28,0);moving_rule=ULULDUL]
Robot[pos=(23,9);type=S;dist=10]
STEPT 24:
Criminal[index=0;pos=(17,17)]
Sherlock[index=1;pos=(24,1);moving_rule=LURLDR]
Watson[index=2;pos=(27,0);moving_rule=ULULDUL]
Robot[pos=(24,9);type=S;dist=8]
STEPT 25:
Criminal[index=0;pos=(16,17)]
Sherlock[index=1;pos=(24,0);moving_rule=LURLDR]
Watson[index=2;pos=(27,0);moving_rule=ULULDUL]
Robot[pos=(24,8);type=S;dist=8]
STEPT 26:
Criminal[index=0;pos=(15,17)]
Sherlock[index=1;pos=(23,0);moving_rule=LURLDR]
Watson[index=2;pos=(28,0);moving_rule=ULULDUL]
Robot[pos=(23,8);type=S;dist=8]
STEPT 27:
Criminal[index=0;pos=(15,16)]
Sherlock[index=1;pos=(23,1);moving_rule=LURLDR]
Watson[index=2;pos=(27,0);moving_rule=ULULDUL]
Robot[pos=(23,7);type=S;dist=6]
STEPT 28:
Criminal[index=0;pos=(14,16)]
Sherlock[index=1;pos=(23,0);moving_rule=LURLDR]
Watson[index=2;pos=(27,0);moving_rule=ULULDUL]
Robot[pos=(23,6);type=S;dist=6]
STEPT 29:
Criminal[index=0;pos=(13,16)]
Sherlock[index=1;pos=(24,0);moving_rule=LURLDR]
Watson[index=2;pos=(26,0);moving_rule=ULULDUL]
Robot[pos=(24,6);type=S;dist=6]
STEPT 30:
Criminal[index=0;pos=(12,16)]
Sherlock[index=1;pos=(24,1);moving_rule=LURLDR]
Watson[index=2;pos=(26,0);moving_rule=ULULDUL]
Robot[pos=(24,5);type=S;dist=4]
STEPT 31:
Criminal[index=0;pos=(11,16)]
Sherlock[index=1;pos=(24,0);moving_rule=LURLDR]
Watson[index=2;pos=(25,0);moving_rule=ULULDUL]
Robot[pos=(24,4);type=S;dist=4]
STEPT 32:
Criminal[index=0;pos=(10,16)]
Sherlock[index=1;pos=(23,0);moving_rule=LURLDR]
Watson[index=2;pos=(25,0);moving_rule=ULULDUL]
Robot[pos=(23,4);type=S;dist=4]
STEPT 33:
Criminal[index=0;pos=(9,16)]
Sherlock[index=1;pos=(23,1);moving_rule=LURLDR]
Watson[index=2;pos=(26,0);moving_rule=ULULDUL]
Robot[pos=(23,3);type=S;dist=2]
STEPT 34:
Criminal[index=0;pos=(8,16)]
Sherlock[index=1;pos=(23,0);moving_rule=LURLDR]
Watson[index=2;pos=(25,0);moving_rule=ULULDUL]
Robot[pos=(23,2);type=S;dist=2]
STEPT 35:
Criminal[index=0;pos=(7,16)]
Sherlock[index=1;pos=(24,0);moving_rule=LURLDR]
Watson[index=2;pos=(25,0);moving_rule=ULULDUL]
Robot[pos=(23,1);type=S;dist=2]
STEPT 36:
Criminal[index=0;pos=(6,16)]
Sherlock[index=1;pos=(24,1);moving_rule=LURLDR]
Watson[index=2;pos=(24,0);moving_rule=ULULDUL]
Robot[pos=(24,1);type=S;dist=0]
STEPT 37:
Criminal[index=0;pos=(5,16)]
Sherlock[index=1;pos=(24,0);moving_rule=LURLDR]
Watson[index=2;pos=(24,0);moving_rule=ULULDUL]
Robot[pos=(24,0);type=S;dist=0]
STEPT 38:
Criminal[index=0;pos=(4,16)]
Sherlock[index=1;pos=(23,0);moving_rule=LURLDR]
Watson[index=2;pos=(23,0);moving_rule=ULULDUL]
Robot[pos=(23,0);type=S;dist=0]
STEPT 39:
Criminal[index=0;pos=(3,16)]
Sherlock[index=1;pos=(23,1);moving_rule=LURLDR]
Watson[index=2;pos=(23,0);moving_rule=ULULDUL]
Robot[pos=(23,1);type=S;dist=0]
STEPT 40:
Criminal[index=0;pos=(2,16)]
Sherlock[index=1;pos=(23,0);moving_rule=LURLDR]
Watson[index=2;pos=(24,0);moving_rule=ULULDUL]
Robot[pos=(23,0);type=S;dist=0]
STEPT 41:
Criminal[index=0;pos=(1,16)]
Sherlock[index=1;pos=(24,0);moving_rule=LURLDR]
Watson[index=2;pos=(23,0);moving_rule=ULULDUL]
Robot[pos=(24,0);type=S;dist=0]
STEPT 42:
Criminal[index=0;pos=(0,16)]
Sherlock[index=1;pos=(24,1);moving_rule=LURLDR]
Watson[index=2;pos=(23,0);moving_rule=ULULDUL]
Robot[pos=(24,1);type=S;dist=0]
STEPT 43:
Criminal[index=0;pos=(0,17)]
Sherlock[index=1;pos=(24,0);moving_rule=LURLDR]
Watson[index=2;pos=(22,0);moving_rule=ULULDUL]
Robot[pos=(24,0);type=S;dist=0]
STEPT 44:
Criminal[index=0;pos=(0,16)]
Sherlock[index=1;pos=(23,0);moving_rule=LURLDR]
Watson[index=2;pos=(22,0);moving_rule=ULULDUL]
Robot[pos=(23,0);type=S;dist=0]
STEPT 45:
Criminal[index=0;pos=(0,17)]
Sherlock[index=1;pos=(23,1);moving_rule=LURLDR]
Watson[index=2;pos=(21,0);moving_rule=ULULDUL]
Robot[pos=(23,1);type=S;dist=0]
STEPT 46:
Criminal[index=0;pos=(0,16)]
Sherlock[index=1;pos=(23,0);moving_rule=LURLDR]
Watson[index=2;pos=(21,0);moving_rule=ULULDUL]
Robot[pos=(23,0);type=S;dist=0]
STEPT 47:
Criminal[index=0;pos=(0,17)]
Sherlock[index=1;pos=(24,0);moving_rule=LURLDR]
Watson[index=2;pos=(22,0);moving_rule=ULULDUL]
Robot[pos=(24,0);type=S;dist=0]
STEPT 48:
Criminal[index=0;pos=(0,16)]
Sherlock[index=1;pos=(24,1);moving_rule=LURLDR]
Watson[index=2;pos=(21,0);moving_rule=ULULDUL]
Robot[pos=(24,1);type=S;dist=0]
STEPT 49:
Criminal[index=0;pos=(0,17)]
Sherlock[index=1;pos=(24,0);moving_rule=LURLDR]
Watson[index=2;pos=(21,0);moving_rule=ULULDUL]
Robot[pos=(24,0);type=S;dist=0]
STEPT 50:
Criminal[index=0;pos=(0,16)]
Sherlock[index=1;pos=(23,0);moving_rule=LURLDR]
Watson[index=2;pos=(20,0);moving_rule=ULULDUL]
Robot[pos=(23,0);type=S;dist=0]
STEPT 51:
Criminal[index=0;pos=(0,17)]
Sherlock[index=1;pos=(23,1);moving_rule=LURLDR]
Watson[index=2;pos=(20,0);moving_rule=ULULDUL]
Robot[pos=(23,1);type=S;dist=0]
STEPT 52:
Criminal[index=0;pos=(0,16)]
Sherlock[index=1;pos=(23,0);moving_rule=LURLDR]
Watson[index=2;pos=(19,0);moving_rule=ULULDUL]
Robot[pos=(23,0);type=S;dist=0]
STEPT 53:
Criminal[index=0;pos=(0,17)]
Sherlock[index=1;pos=(24,0);moving_rule=LURLDR]
Watson[index=2;pos=(19,0);moving_rule=ULULDUL]
Robot[pos=(24,0);type=S;dist=0]
STEPT 54:
Criminal[index=0;pos=(0,16)]
Sherlock[index=1;pos=(24,1);moving_rule=LURLDR]
Watson[index=2;pos=(20,0);moving_rule=ULULDUL]
Robot[pos=(24,1);type=S;dist=0]
STEPT 55:
Criminal[index=0;pos=(0,17)]
Sherlock[index=1;pos=(24,0);moving_rule=LURLDR]
Watson[index=2;pos=(19,0);moving_rule=ULULDUL]
Robot[pos=(24,0);type=S;dist=0]
STEPT 56:
Criminal[index=0;pos=(0,16)]
Sherlock[index=1;pos=(23,0);moving_rule=LURLDR]
Watson[index=2;pos=(19,0);moving_rule=ULULDUL]
Robot[pos=(23,0);type=S;dist=0]
STEPT 57:
Criminal[index=0;pos=(0,17)]
Sherlock[index=1;pos=(23,1);moving_rule=LURLDR]
Watson[index=2;pos=(18,0);moving_rule=ULULDUL]
Robot[pos=(23,1);type=S;dist=0]
STEPT 58:
Criminal[index=0;pos=(0,16)]
Sherlock[index=1;pos=(23,0);moving_rule=LURLDR]
Watson[index=2;pos=(18,0);moving_rule=ULULDUL]
Robot[pos=(23,0);type=S;dist=0]
STEPT 59:
Criminal[index=0;pos=(0,17)]
Sherlock[index=1;pos=(24,0);moving_rule=LURLDR]
Watson[index=2;pos=(17,0);moving_rule=ULULDUL]
Robot[pos=(24,0);type=S;dist=0]
STEPT 60:
Criminal[index=0;pos=(0,16)]
Sherlock[index=1;pos=(24,1);moving_rule=LURLDR]
Watson[index=2;pos=(17,0);moving_rule=ULULDUL]
Robot[pos=(24,1);type=S;dist=0]
STEPT 61:
Criminal[index=0;pos=(0,17)]
Sherlock[index=1;pos=(24,0);moving_rule=LURLDR]
Watson[index=2;pos=(18,0);moving_rule=ULULDUL]
Robot[pos=(24,0);type=S;dist=0]
STEPT 62:
Criminal[index=0;pos=(0,16)]
Sherlock[index=1;pos=(23,0);moving_rule=LURLDR]
Watson[index=2;pos=(17,0);moving_rule=ULULDUL]
Robot[pos=(23,0);type=S;dist=0]
STEPT 63:
Criminal[index=0;pos=(0,17)]
Sherlock[index=1;pos=(23,1);moving_rule=LURLDR]
Watson[index=2;pos=(17,0);moving_rule=ULULDUL]
Robot[pos=(23,1);type=S;dist=0]
STEPT 64:
Criminal[index=0;pos=(0,16)]
Sherlock[index=1;pos=(23,0);moving_rule=LURLDR]
Watson[index=2;pos=(16,0);moving_rule=ULULDUL]
Robot[pos=(23,0);type=S;dist=0]
STEPT 65:
Criminal[index=0;pos=(0,17)]
Sherlock[index=1;pos=(24,0);moving_rule=LURLDR]
Watson[index=2;pos=(16,0);moving_rule=ULULDUL]
Robot[pos=(24,0);type=S;dist=0]
STEPT 66:
Criminal[index=0;pos=(0,16)]
Sherlock[index=1;pos=(24,1);moving_rule=LURLDR]
Watson[index=2;pos=(15,0);moving_rule=ULULDUL]
Robot[pos=(24,1);type=S;dist=0]
STEPT 67:
Criminal[index=0;pos=(0,17)]
Sherlock[index=1;pos=(24,0);moving_rule=LURLDR]
Watson[index=2;pos=(15,0);moving_rule=ULULDUL]
Robot[pos=(24,0);type=S;dist=0]
STEPT 68:
Criminal[index=0;pos=(0,16)]
Sherlock[index=1;pos=(23,0);moving_rule=LURLDR]
Watson[index=2;pos=(16,0);moving_rule=ULULDUL]
Robot[pos=(23,0);type=S;dist=0]
STEPT 69:
Criminal[index=0;pos=(0,17)]
Sherlock[index=1;pos=(23,1);moving_rule=LURLDR]
Watson[index=2;pos=(15,0);moving_rule=ULULDUL]
Robot[pos=(23,1);type=S;dist=0]
STEPT 70:
Criminal[index=0;pos=(0,16)]
Sherlock[index=1;pos=(23,0);moving_rule=LURLDR]
Watson[index=2;pos=(15,0);moving_rule=ULULDUL]
Robot[pos=(23,0);type=S;dist=0]
STEPT 71:
Criminal[index=0;pos=(0,17)]
Sherlock[index=1;pos=(24,0);moving_rule=LURLDR]
Watson[index=2;pos=(14,0);moving_rule=ULULDUL]
Robot[pos=(24,0);type=S;dist=0]
STEPT 72:
Criminal[index=0;pos=(0,16)]
Sherlock[index=1;pos=(24,1);moving_rule=LURLDR]
Watson[index=2;pos=(14,0);moving_rule=ULULDUL]
Robot[pos=(24,1);type=S;dist=0]
STEPT 73:
Criminal[index=0;pos=(0,17)]
Sherlock[index=1;pos=(24,0);moving_rule=LURLDR]
Watson[index=2;pos=(13,0);moving_rule=ULULDUL]
Robot[pos=(24,0);type=S;dist=0]
STEPT 74:
Criminal[index=0;pos=(0,16)]
Sherlock[index=1;pos=(23,0);moving_rule=LURLDR]
Watson[index=2;pos=(13,0);moving_rule=ULULDUL]
Robot[pos=(23,0);type=S;dist=0]
STEPT 75:
Criminal[index=0;pos=(0,17)]
Sherlock[index=1;pos=(23,1);moving_rule=LURLDR]
Watson[index=2;pos=(14,0);moving_rule=ULULDUL]
Robot[pos=(23,1);type=S;dist=0]
STEPT 76:
Criminal[index=0;pos=(0,16)]
Sherlock[index=1;pos=(23,0);moving_rule=LURLDR]
Watson[index=2;pos=(13,0);moving_rule=ULULDUL]
Robot[pos=(23,0);type=S;dist=0]
STEPT 77:
Criminal[index=0;pos=(0,17)]
Sherlock[index=1;pos=(24,0);moving_rule=LURLDR]
Watson[index=2;pos=(13,0);moving_rule=ULULDUL]
Robot[pos=(24,0);type=S;dist=0]
STEPT 78:
Criminal[index=0;pos=(0,16)]
Sherlock[index=1;pos=(24,1);moving_rule=LURLDR]
Watson[index=2;pos=(12,0);moving_rule=ULULDUL]
Robot[pos=(24,1);type=S;dist=0]
STEPT 79:
Criminal[index=0;pos=(0,17)]
Sherlock[index=1;pos=(24,0);moving_rule=LURLDR]
Watson[index=2;pos=(12,0);moving_rule=ULULDUL]
Robot[pos=(24,0);type=S;dist=0]
STEPT 80:
Criminal[index=0;pos=(0,16)]
Sherlock[index=1;pos=(23,0);moving_rule=LURLDR]
Watson[index=2;pos=(11,0);moving_rule=ULULDUL]
Robot[pos=(23,0);type=S;dist=0]
STEPT 81:
Criminal[index=0;pos=(0,17)]
Sherlock[index=1;pos=(23,1);moving_rule=LURLDR]
Watson[index=2;pos=(11,0);moving_rule=ULULDUL]
Robot[pos=(23,1);type=S;dist=0]
STEPT 82:
Criminal[index=0;pos=(0,16)]
Sherlock[index=1;pos=(23,0);moving_rule=LURLDR]
Watson[index=2;pos=(12,0);moving_rule=ULULDUL]
Robot[pos=(23,0);type=S;dist=0]
STEPT 83:
Criminal[index=0;pos=(0,17)]
Sherlock[index=1;pos=(24,0);moving_rule=LURLDR]
Watson[index=2;pos=(11,0);moving_rule=ULULDUL]
Robot[pos=(24,0);type=S;dist=0]
STEPT 84:
Criminal[index=0;pos=(0,16)]
Sherlock[index=1;pos=(24,1);moving_rule=LURLDR]
Watson[index=2;pos=(11,0);moving_rule=ULULDUL]
Robot[pos=(24,1);type=S;dist=0]
STEPT 85:
Criminal[index=0;pos=(0,17)]
Sherlock[index=1;pos=(24,0);moving_rule=LURLDR]
Watson[index=2;pos=(10,0);moving_rule=ULULDUL]
Robot[pos=(24,0);type=S;dist=0]
STEPT 86:
Criminal[index=0;pos=(0,16)]
Sherlock[index=1;pos=(23,0);moving_rule=LURLDR]
Watson[index=2;pos=(10,0);moving_rule=ULULDUL]
Robot[pos=(23,0);type=S;dist=0]
STEPT 87:
Criminal[index=0;pos=(0,17)]
Sherlock[index=1;pos=(23,1);moving_rule=LURLDR]
Watson[index=2;pos=(9,0);moving_rule=ULULDUL]
Robot[pos=(23,1);type=S;dist=0]
STEPT 88:
Criminal[index=0;pos=(0,16)]
Sherlock[index=1;pos=(23,0);moving_rule=LURLDR]
Watson[index=2;pos=(9,0);moving_rule=ULULDUL]
Robot[pos=(23,0);type=S;dist=0]
STEPT 89:
Criminal[index=0;pos=(0,17)]
Sherlock[index=1;pos=(24,0);moving_rule=LURLDR]
Watson[index=2;pos=(10,0);moving_rule=ULULDUL]
Robot[pos=(24,0);type=S;dist=0]
STEPT 90:
Criminal[index=0;pos=(0,16)]
Sherlock[index=1;pos=(24,1);moving_rule=LURLDR]
Watson[index=2;pos=(9,0);moving_rule=ULULDUL]
Robot[pos=(24,1);type=S;dist=0]
STEPT 91:
Criminal[index=0;pos=(0,17)]
Sherlock[index=1;pos=(24,0);moving_rule=LURLDR]
Watson[index=2;pos=(9,0);moving_rule=ULULDUL]
Robot[pos=(24,0);type=S;dist=0]
STEPT 92:
Criminal[index=0;pos=(0,16)]
Sherlock[index=1;pos=(23,0);moving_rule=LURLDR]
Watson[index=2;pos=(8,0);moving_rule=ULULDUL]
Robot[pos=(23,0);type=S;dist=0]
STEPT 93:
Criminal[index=0;pos=(0,17)]
Sherlock[index=1;pos=(23,1);moving_rule=LURLDR]
Watson[index=2;pos=(8,0);moving_rule=ULULDUL]
Robot[pos=(23,1);type=S;dist=0]
STEPT 94:
Criminal[index=0;pos=(0,16)]
Sherlock[index=1;pos=(23,0);moving_rule=LURLDR]
Watson[index=2;pos=(7,0);moving_rule=ULULDUL]
Robot[pos=(23,0);type=S;dist=0]
STEPT 95:
Criminal[index=0;pos=(0,17)]
Sherlock[index=1;pos=(24,0);moving_rule=LURLDR]
Watson[index=2;pos=(7,0);moving_rule=ULULDUL]
Robot[pos=(24,0);type=S;dist=0]
STEPT 96:
Criminal[index=0;pos=(0,16)]
Sherlock[index=1;pos=(24,1);moving_rule=LURLDR]
Watson[index=2;pos=(8,0);moving_rule=ULULDUL]
Robot[pos=(24,1);type=S;dist=0]
STEPT 97:
Criminal[index=0;pos=(0,17)]
Sherlock[index=1;pos=(24,0);moving_rule=LURLDR]
Watson[index=2;pos=(7,0);moving_rule=ULULDUL]
Robot[pos=(24,0);type=S;dist=0]
STEPT 98:
Criminal[index=0;pos=(0,16)]
Sherlock[index=1;pos=(23,0);moving_rule=LURLDR]
Watson[index=2;pos=(7,0);moving_rule=ULULDUL]
Robot[pos=(23,0);type=S;dist=0]
STEPT 99:
Criminal[index=0;pos=(0,17)]
Sherlock[index=1;pos=(23,1);moving_rule=LURLDR]
Watson[index=2;pos=(6,0);moving_rule=ULULDUL]
Robot[pos=(23,1);type=S;dist=0]
STEPT 100:
Criminal[index=0;pos=(0,16)]
Sherlock[index=1;pos=(23,0);moving_rule=LURLDR]
Watson[index=2;pos=(6,0);moving_rule=ULULDUL]
Robot[pos=(23,0);type=S;dist=0]
STEPT 101:
Criminal[index=0;pos=(0,17)]
Sherlock[index=1;pos=(24,0);moving_rule=LURLDR]
Watson[index=2;pos=(5,0);moving_rule=ULULDUL]
Robot[pos=(24,0);type=S;dist=0]
STEPT 102:
Criminal[index=0;pos=(0,16)]
Sherlock[index=1;pos=(24,1);moving_rule=LURLDR]
Watson[index=2;pos=(5,0);moving_rule=ULULDUL]
Robot[pos=(24,1);type=S;dist=0]
STEPT 103:
Criminal[index=0;pos=(0,17)]
Sherlock[index=1;pos=(24,0);moving_rule=LURLDR]
Watson[index=2;pos=(6,0);moving_rule=ULULDUL]
Robot[pos=(24,0);type=S;dist=0]
STEPT 104:
Criminal[index=0;pos=(0,16)]
Sherlock[index=1;pos=(23,0);moving_rule=LURLDR]
Watson[index=2;pos=(5,0);moving_rule=ULULDUL]
Robot[pos=(23,0);type=S;dist=0]
STEPT 105:
Criminal[index=0;pos=(0,17)]
Sherlock[index=1;pos=(23,1);moving_rule=LURLDR]
Watson[index=2;pos=(5,0);moving_rule=ULULDUL]
Robot[pos=(23,1);type=S;dist=0]
STEPT 106:
Criminal[index=0;pos=(0,16)]
Sherlock[index=1;pos=(23,0);moving_rule=LURLDR]
Watson[index=2;pos=(4,0);moving_rule=ULULDUL]
Robot[pos=(23,0);type=S;dist=0]
STEPT 107:
Criminal[index=0;pos=(0,17)]
Sherlock[index=1;pos=(24,0);moving_rule=LURLDR]
Watson[index=2;pos=(4,0);moving_rule=ULULDUL]
Robot[pos=(24,0);type=S;dist=0]
STEPT 108:
Criminal[index=0;pos=(0,16)]
Sherlock[index=1;pos=(24,1);moving_rule=LURLDR]
Watson[index=2;pos=(3,0);moving_rule=ULULDUL]
Robot[pos=(24,1);type=S;dist=0]
STEPT 109:
Criminal[index=0;pos=(0,17)]
Sherlock[index=1;pos=(24,0);moving_rule=LURLDR]
Watson[index=2;pos=(3,0);moving_rule=ULULDUL]
Robot[pos=(24,0);type=S;dist=0]
STEPT 110:
Criminal[index=0;pos=(0,16)]
Sherlock[index=1;pos=(23,0);moving_rule=LURLDR]
Watson[index=2;pos=(4,0);moving_rule=ULULDUL]
Robot[pos=(23,0);type=S;dist=0]
STEPT 111:
Criminal[index=0;pos=(0,17)]
Sherlock[index=1;pos=(23,1);moving_rule=LURLDR]
Watson[index=2;pos=(3,0);moving_rule=ULULDUL]
Robot[pos=(23,1);type=S;dist=0]
STEPT 112:
Criminal[index=0;pos=(0,16)]
Sherlock[index=1;pos=(23,0);moving_rule=LURLDR]
Watson[index=2;pos=(3,0);moving_rule=ULULDUL]
Robot[pos=(23,0);type=S;dist=0]
STEPT 113:
Criminal[index=0;pos=(0,17)]
Sherlock[index=1;pos=(24,0);moving_rule=LURLDR]
Watson[index=2;pos=(2,0);moving_rule=ULULDUL]
Robot[pos=(24,0);type=S;dist=0]
STEPT 114:
Criminal[index=0;pos=(0,16)]
Sherlock[index=1;pos=(24,1);moving_rule=LURLDR]
Watson[index=2;pos=(2,0);moving_rule=ULULDUL]
Robot[pos=(24,1);type=S;dist=0]
STEPT 115:
Criminal[index=0;pos=(0,17)]
Sherlock[index=1;pos=(24,0);moving_rule=LURLDR]
Watson[index=2;pos=(1,0);moving_rule=ULULDUL]
Robot[pos=(24,0);type=S;dist=0]
STEPT 116:
Criminal[index=0;pos=(0,16)]
Sherlock[index=1;pos=(23,0);moving_rule=LURLDR]
Watson[index=2;pos=(1,0);moving_rule=ULULDUL]
Robot[pos=(23,0);type=S;dist=0]
STEPT 117:
Criminal[index=0;pos=(0,17)]
Sherlock[index=1;pos=(23,1);moving_rule=LURLDR]
Watson[index=2;pos=(2,0);moving_rule=ULULDUL]
Robot[pos=(23,1);type=S;dist=0]
STEPT 118:
Criminal[index=0;pos=(0,16)]
Sherlock[index=1;pos=(23,0);moving_rule=LURLDR]
Watson[index=2;pos=(1,0);moving_rule=ULULDUL]
Robot[pos=(23,0);type=S;dist=0]
STEPT 119:
Criminal[index=0;pos=(0,17)]
Sherlock[index=1;pos=(24,0);moving_rule=LURLDR]
Watson[index=2;pos=(1,0);moving_rule=ULULDUL]
Robot[pos=(24,0);type=S;dist=0]
STEPT 120:
Criminal[index=0;pos=(0,16)]
Sherlock[index=1;pos=(24,1);moving_rule=LURLDR]
Watson[index=2;pos=(0,0);moving_rule=ULULDUL]
Robot[pos=(24,1);type=S;dist=0]
STEPT 121:
Criminal[index=0;pos=(0,17)]
Sherlock[index=1;pos=(24,0);moving_rule=LURLDR]
Watson[index=2;pos=(0,0);moving_rule=ULULDUL]
Robot[pos=(24,0);type=S;dist=0]
STEPT 122:
Criminal[index=0;pos=(1,17)]
Sherlock[index=1;pos=(23,0);moving_rule=LURLDR]
Watson[index=2;pos=(0,0);moving_rule=ULULDUL]
Robot[pos=(23,0);type=S;dist=0]
STEPT 123:
Criminal[index=0;pos=(0,17)]
Sherlock[index=1;pos=(23,1);moving_rule=LURLDR]
Watson[index=2;pos=(0,0);moving_rule=ULULDUL]
Robot[pos=(23,1);type=S;dist=0]
STEPT 124:
Criminal[index=0;pos=(1,17)]
Sherlock[index=1;pos=(23,0);moving_rule=LURLDR]
Watson[index=2;pos=(1,0);moving_rule=ULULDUL]
Robot[pos=(23,0);type=S;dist=0]
STEPT 125:
Criminal[index=0;pos=(0,17)]
Sherlock[index=1;pos=(24,0);moving_rule=LURLDR]
Watson[index=2;pos=(0,0);moving_rule=ULULDUL]
Robot[pos=(24,0);type=S;dist=0]
STEPT 126:
Criminal[index=0;pos=(1,17)]
Sherlock[index=1;pos=(24,1);moving_rule=LURLDR]
Watson[index=2;pos=(0,0);moving_rule=ULULDUL]
Robot[pos=(24,1);type=S;dist=0]
STEPT 127:
Criminal[index=0;pos=(0,17)]
Sherlock[index=1;pos=(24,0);moving_rule=LURLDR]
Watson[index=2;pos=(0,0);moving_rule=ULULDUL]
Robot[pos=(24,0);type=S;dist=0]
STEPT 128:
Criminal[index=0;pos=(1,17)]
Sherlock[index=1;pos=(23,0);moving_rule=LURLDR]
Watson[index=2;pos=(0,0);moving_rule=ULULDUL]
Robot[pos=(23,0);type=S;dist=0]
STEPT 129:
Criminal[index=0;pos=(0,17)]
Sherlock[index=1;pos=(23,1);moving_rule=LURLDR]
Watson[index=2;pos=(0,0);moving_rule=ULULDUL]
Robot[pos=(23,1);type=S;dist=0]
STEPT 130:
Criminal[index=0;pos=(1,17)]
Sherlock[index=1;pos=(23,0);moving_rule=LURLDR]
Watson[index=2;pos=(0,0);moving_rule=ULULDUL]
Robot[pos=(23,0);type=S;dist=0]
STEPT 131:
Criminal[index=0;pos=(0,17)]
Sherlock[index=1;pos=(24,0);moving_rule=LURLDR]
Watson[index=2;pos=(1,0);moving_rule=ULULDUL]
Robot[pos=(24,0);type=S;dist=0]
STEPT 132:
Criminal[index=0;pos=(0,16)]
Sherlock[index=1;pos=(24,1);moving_rule=LURLDR]
Watson[index=2;pos=(0,0);moving_rule=ULULDUL]
Robot[pos=(24,1);type=S;dist=0]
STEPT 133:
Criminal[index=0;pos=(0,17)]
Sherlock[index=1;pos=(24,0);moving_rule=LURLDR]
Watson[index=2;pos=(0,0);moving_rule=ULULDUL]
Robot[pos=(24,0);type=S;dist=0]
STEPT 134:
Criminal[index=0;pos=(1,17)]
Sherlock[index=1;pos=(23,0);moving_rule=LURLDR]
Watson[index=2;pos=(0,0);moving_rule=ULULDUL]
Robot[pos=(23,0);type=S;dist=0]
STEPT 135:
Criminal[index=0;pos=(0,17)]
Sherlock[index=1;pos=(23,1);moving_rule=LURLDR]
Watson[index=2;pos=(0,0);moving_rule=ULULDUL]
Robot[pos=(23,1);type=S;dist=0]
STEPT 136:
Criminal[index=0;pos=(1,17)]
Sherlock[index=1;pos=(23,0);moving_rule=LURLDR]
Watson[index=2;pos=(0,0);moving_rule=ULULDUL]
Robot[pos=(23,0);type=S;dist=0]
STEPT 137:
Criminal[index=0;pos=(0,17)]
Sherlock[index=1;pos=(24,0);moving_rule=LURLDR]
Watson[index=2;pos=(0,0);moving_rule=ULULDUL]
Robot[pos=(24,0);type=S;dist=0]
STEPT 138:
Criminal[index=0;pos=(1,17)]
Sherlock[index=1;pos=(24,1);moving_rule=LURLDR]
Watson[index=2;pos=(1,0);moving_rule=ULULDUL]
Robot[pos=(24,1);type=S;dist=0]
STEPT 139:
Criminal[index=0;pos=(0,17)]
Sherlock[index=1;pos=(24,0);moving_rule=LURLDR]
Watson[index=2;pos=(0,0);moving_rule=ULULDUL]
Robot[pos=(24,0);type=S;dist=0]
STEPT 140:
Criminal[index=0;pos=(1,17)]
Sherlock[index=1;pos=(23,0);moving_rule=LURLDR]
Watson[index=2;pos=(0,0);moving_rule=ULULDUL]
Robot[pos=(23,0);type=S;dist=0]
STEPT 141:
Criminal[index=0;pos=(0,17)]
Sherlock[index=1;pos=(23,1);moving_rule=LURLDR]
Watson[index=2;pos=(0,0);moving_rule=ULULDUL]
Robot[pos=(23,1);type=S;dist=0]
STEPT 142:
Criminal[index=0;pos=(1,17)]
Sherlock[index=1;pos=(23,0);moving_rule=LURLDR]
Watson[index=2;pos=(0,0);moving_rule=ULULDUL]
Robot[pos=(23,0);type=S;dist=0]
STEPT 143:
Criminal[index=0;pos=(0,17)]
Sherlock[index=1;pos=(24,0);moving_rule=LURLDR]
Watson[index=2;pos=(0,0);moving_rule=ULULDUL]
Robot[pos=(24,0);type=S;dist=0]
STEPT 144:
Criminal[index=0;pos=(1,17)]
Sherlock[index=1;pos=(24,1);moving_rule=LURLDR]
Watson[index=2;pos=(0,0);moving_rule=ULULDUL]
Robot[pos=(24,1);type=S;dist=0]
STEPT 145:
Criminal[index=0;pos=(0,17)]
Sherlock[index=1;pos=(24,0);moving_rule=LURLDR]
Watson[index=2;pos=(1,0);moving_rule=ULULDUL]
Robot[pos=(24,0);type=S;dist=0]
STEPT 146:
Criminal[index=0;pos=(0,16)]
Sherlock[index=1;pos=(23,0);moving_rule=LURLDR]
Watson[index=2;pos=(0,0);moving_rule=ULULDUL]
Robot[pos=(23,0);type=S;dist=0]
STEPT 147:
Criminal[index=0;pos=(0,17)]
Sherlock[index=1;pos=(23,1);moving_rule=LURLDR]
Watson[index=2;pos=(0,0);moving_rule=ULULDUL]
Robot[pos=(23,1);type=S;dist=0]
STEPT 148:
Criminal[index=0;pos=(1,17)]
Sherlock[index=1;pos=(23,0);moving_rule=LURLDR]
Watson[index=2;pos=(0,0);moving_rule=ULULDUL]
Robot[pos=(23,0);type=S;dist=0]
STEPT 149:
Criminal[index=0;pos=(0,17)]
Sherlock[index=1;pos=(24,0);moving_rule=LURLDR]
Watson[index=2;pos=(0,0);moving_rule=ULULDUL]
Robot[pos=(24,0);type=S;dist=0]
STEPT 150:
Criminal[index=0;pos=(1,17)]
Sherlock[index=1;pos=(24,1);moving_rule=LURLDR]
Watson[index=2;pos=(0,0);moving_rule=ULULDUL]
Robot[pos=(24,1);type=S;dist=0]
STEPT 151:
Criminal[index=0;pos=(0,17)]
Sherlock[index=1;pos=(24,0);moving_rule=LURLDR]
Watson[index=2;pos=(0,0);moving_rule=ULULDUL]
Robot[pos=(24,0);type=S;dist=0]
STEPT 152:
Criminal[index=0;pos=(1,17)]
Sherlock[index=1;pos=(23,0);moving_rule=LURLDR]
Watson[index=2;pos=(1,0);moving_rule=ULULDUL]
Robot[pos=(23,0);type=S;dist=0]
STEPT 153:
Criminal[index=0;pos=(0,17)]
Sherlock[index=1;pos=(23,1);moving_rule=LURLDR]
Watson[index=2;pos=(0,0);moving_rule=ULULDUL]
Robot[pos=(23,1);type=S;dist=0]
STEPT 154:
Criminal[index=0;pos=(1,17)]
Sherlock[index=1;pos=(23,0);moving_rule=LURLDR]
Watson[index=2;pos=(0,0);moving_rule=ULULDUL]
Robot[pos=(23,0);type=S;dist=0]
STEPT 155:
Criminal[index=0;pos=(0,17)]
Sherlock[index=1;pos=(24,0);moving_rule=LURLDR]
Watson[index=2;pos=(0,0);moving_rule=ULULDUL]
Robot[pos=(24,0);type=S;dist=0]
STEPT 156:
Criminal[index=0;pos=(1,17)]
Sherlock[index=1;pos=(24,1);moving_rule=LURLDR]
Watson[index=2;pos=(0,0);moving_rule=ULULDUL]
Robot[pos=(24,1);type=S;dist=0]
STEPT 157:
Criminal[index=0;pos=(0,17)]
Sherlock[index=1;pos=(24,0);moving_rule=LURLDR]
Watson[index=2;pos=(0,0);moving_rule=ULULDUL]
Robot[pos=(24,0);type=S;dist=0]
STEPT 158:
Criminal[index=0;pos=(1,17)]
Sherlock[index=1;pos=(23,0);moving_rule=LURLDR]
Watson[index=2;pos=(0,0);moving_rule=ULULDUL]
Robot[pos=(23,0);type=S;dist=0]
STEPT 159:
Criminal[index=0;pos=(0,17)]
Sherlock[index=1;pos=(23,1);moving_rule=LURLDR]
Watson[index=2;pos=(1,0);moving_rule=ULULDUL]
Robot[pos=(23,1);type=S;dist=0]
STEPT 160:
Criminal[index=0;pos=(0,16)]
Sherlock[index=1;pos=(23,0);moving_rule=LURLDR]
Watson[index=2;pos=(0,0);moving_rule=ULULDUL]
Robot[pos=(23,0);type=S;dist=0]
STEPT 161:
Criminal[index=0;pos=(0,17)]
Sherlock[index=1;pos=(24,0);moving_rule=LURLDR]
Watson[index=2;pos=(0,0);moving_rule=ULULDUL]
Robot[pos=(24,0);type=S;dist=0]
STEPT 162:
Criminal[index=0;pos=(1,17)]
Sherlock[index=1;pos=(24,1);moving_rule=LURLDR]
Watson[index=2;pos=(0,0);moving_rule=ULULDUL]
Robot[pos=(24,1);type=S;dist=0]
STEPT 163:
Criminal[index=0;pos=(0,17)]
Sherlock[index=1;pos=(24,0);moving_rule=LURLDR]
Watson[index=2;pos=(0,0);moving_rule=ULULDUL]
Robot[pos=(24,0);type=S;dist=0]
STEPT 164:
Criminal[index=0;pos=(1,17)]
Sherlock[index=1;pos=(23,0);moving_rule=LURLDR]
Watson[index=2;pos=(0,0);moving_rule=ULULDUL]
Robot[pos=(23,0);type=S;dist=0]
STEPT 165:
Criminal[index=0;pos=(0,17)]
Sherlock[index=1;pos=(23,1);moving_rule=LURLDR]
Watson[index=2;pos=(0,0);moving_rule=ULULDUL]
Robot[pos=(23,1);type=S;dist=0]
STEPT 166:
Criminal[index=0;pos=(1,17)]
Sherlock[index=1;pos=(23,0);moving_rule=LURLDR]
Watson[index=2;pos=(1,0);moving_rule=ULULDUL]
Robot[pos=(23,0);type=S;dist=0]
STEPT 167:
Criminal[index=0;pos=(0,17)]
Sherlock[index=1;pos=(24,0);moving_rule=LURLDR]
Watson[index=2;pos=(0,0);moving_rule=ULULDUL]
Robot[pos=(24,0);type=S;dist=0]
STEPT 168:
Criminal[index=0;pos=(1,17)]
Sherlock[index=1;pos=(24,1);moving_rule=LURLDR]
Watson[index=2;pos=(0,0);moving_rule=ULULDUL]
Robot[pos=(24,1);type=S;dist=0]
STEPT 169:
Criminal[index=0;pos=(0,17)]
Sherlock[index=1;pos=(24,0);moving_rule=LURLDR]
Watson[index=2;pos=(0,0);moving_rule=ULULDUL]
Robot[pos=(24,0);type=S;dist=0]
STEPT 170:
Criminal[index=0;pos=(1,17)]
Sherlock[index=1;pos=(23,0);moving_rule=LURLDR]
Watson[index=2;pos=(0,0);moving_rule=ULULDUL]
Robot[pos=(23,0);type=S;dist=0]
STEPT 171:
Criminal[index=0;pos=(0,17)]
Sherlock[index=1;pos=(23,1);moving_rule=LURLDR]
Watson[index=2;pos=(0,0);moving_rule=ULULDUL]
Robot[pos=(23,1);type=S;dist=0]
STEPT 172:
Criminal[index=0;pos=(1,17)]
Sherlock[index=1;pos=(23,0);moving_rule=LURLDR]
Watson[index=2;pos=(0,0);moving_rule=ULULDUL]
Robot[pos=(23,0);type=S;dist=0]
STEPT 173:
Criminal[index=0;pos=(0,17)]
Sherlock[index=1;pos=(24,0);moving_rule=LURLDR]
Watson[index=2;pos=(1,0);moving_rule=ULULDUL]
Robot[pos=(24,0);type=S;dist=0]
STEPT 174:
Criminal[index=0;pos=(0,16)]
Sherlock[index=1;pos=(24,1);moving_rule=LURLDR]
Watson[index=2;pos=(0,0);moving_rule=ULULDUL]
Robot[pos=(24,1);type=S;dist=0]
STEPT 175:
Criminal[index=0;pos=(0,17)]
Sherlock[index=1;pos=(24,0);moving_rule=LURLDR]
Watson[index=2;pos=(0,0);moving_rule=ULULDUL]
Robot[pos=(24,0);type=S;dist=0]
STEPT 176:
Criminal[index=0;pos=(1,17)]
Sherlock[index=1;pos=(23,0);moving_rule=LURLDR]
Watson[index=2;pos=(0,0);moving_rule=ULULDUL]
Robot[pos=(23,0);type=S;dist=0]
STEPT 177:
Criminal[index=0;pos=(0,17)]
Sherlock[index=1;pos=(23,1);moving_rule=LURLDR]
Watson[index=2;pos=(0,0);moving_rule=ULULDUL]
Robot[pos=(23,1);type=S;dist=0]
STEPT 178:
Criminal[index=0;pos=(1,17)]
Sherlock[index=1;pos=(23,0);moving_rule=LURLDR]
Watson[index=2;pos=(0,0);moving_rule=ULULDUL]
Robot[pos=(23,0);type=S;dist=0]
STEPT 179:
Criminal[index=0;pos=(0,17)]
Sherlock[index=1;pos=(24,0);moving_rule=LURLDR]
Watson[index=2;pos=(0,0);moving_rule=ULULDUL]
Robot[pos=(24,0);type=S;dist=0]
STEPT 180:
Criminal[index=0;pos=(1,17)]
Sherlock[index=1;pos=(24,1);moving_rule=LURLDR]
Watson[index=2;pos=(1,0);moving_rule=ULULDUL]
Robot[pos=(24,1);type=S;dist=0]
STEPT 181:
Criminal[index=0;pos=(0,17)]
Sherlock[index=1;pos=(24,0);moving_rule=LURLDR]
Watson[index=2;pos=(0,0);moving_rule=ULULDUL]
Robot[pos=(24,0);type=S;dist=0]
STEPT 182:
Criminal[index=0;pos=(1,17)]
Sherlock[index=1;pos=(23,0);moving_rule=LURLDR]
Watson[index=2;pos=(0,0);moving_rule=ULULDUL]
Robot[pos=(23,0);type=S;dist=0]
STEPT 183:
Criminal[index=0;pos=(0,17)]
Sherlock[index=1;pos=(23,1);moving_rule=LURLDR]
Watson[index=2;pos=(0,0);moving_rule=ULULDUL]
Robot[pos=(23,1);type=S;dist=0]
STEPT 184:
Criminal[index=0;pos=(1,17)]
Sherlock[index=1;pos=(23,0);moving_rule=LURLDR]
Watson[index=2;pos=(0,0);moving_rule=ULULDUL]
Robot[pos=(23,0);type=S;dist=0]
STEPT 185:
Criminal[index=0;pos=(0,17)]
Sherlock[index=1;pos=(24,0);moving_rule=LURLDR]
Watson[index=2;pos=(0,0);moving_rule=ULULDUL]
Robot[pos=(24,0);type=S;dist=0]
STEPT 186:
Criminal[index=0;pos=(1,17)]
Sherlock[index=1;pos=(24,1);moving_rule=LURLDR]
Watson[index=2;pos=(0,0);moving_rule=ULULDUL]
Robot[pos=(24,1);type=S;dist=0]
STEPT 187:
Criminal[index=0;pos=(0,17)]
Sherlock[index=1;pos=(24,0);moving_rule=LURLDR]
Watson[index=2;pos=(1,0);moving_rule=ULULDUL]
Robot[pos=(24,0);type=S;dist=0]
STEPT 188:
Criminal[index=0;pos=(0,16)]
Sherlock[index=1;pos=(23,0);moving_rule=LURLDR]
Watson[index=2;pos=(0,0);moving_rule=ULULDUL]
Robot[pos=(23,0);type=S;dist=0]
STEPT 189:
Criminal[index=0;pos=(0,17)]
Sherlock[index=1;pos=(23,1);moving_rule=LURLDR]
Watson[index=2;pos=(0,0);moving_rule=ULULDUL]
Robot[pos=(23,1);type=S;dist=0]
STEPT 190:
Criminal[index=0;pos=(1,17)]
Sherlock[index=1;pos=(23,0);moving_rule=LURLDR]
Watson[index=2;pos=(0,0);moving_rule=ULULDUL]
Robot[pos=(23,0);type=S;dist=0]
STEPT 191:
Criminal[index=0;pos=(0,17)]
Sherlock[index=1;pos=(24,0);moving_rule=LURLDR]
Watson[index=2;pos=(0,0);moving_rule=ULULDUL]
Robot[pos=(24,0);type=S;dist=0]
STEPT 192:
Criminal[index=0;pos=(1,17)]
Sherlock[index=1;pos=(24,1);moving_rule=LURLDR]
Watson[index=2;pos=(0,0);moving_rule=ULULDUL]
Robot[pos=(24,1);type=S;dist=0]
STEPT 193:
Criminal[index=0;pos=(0,17)]
Sherlock[index=1;pos=(24,0);moving_rule=LURLDR]
Watson[index=2;pos=(0,0);moving_rule=ULULDUL]
Robot[pos=(24,0);type=S;dist=0]
STEPT 194:
Criminal[index=0;pos=(1,17)]
Sherlock[index=1;pos=(23,0);moving_rule=LURLDR]
Watson[index=2;pos=(1,0);moving_rule=ULULDUL]
Robot[pos=(23,0);type=S;dist=0]
STEPT 195:
Criminal[index=0;pos=(0,17)]
Sherlock[index=1;pos=(23,1);moving_rule=LURLDR]
Watson[index=2;pos=(0,0);moving_rule=ULULDUL]
Robot[pos=(23,1);type=S;dist=0]
STEPT 196:
Criminal[index=0;pos=(1,17)]
Sherlock[index=1;pos=(23,0);moving_rule=LURLDR]
Watson[index=2;pos=(0,0);moving_rule=ULULDUL]
Robot[pos=(23,0);type=S;dist=0]
STEPT 197:
Criminal[index=0;pos=(0,17)]
Sherlock[index=1;pos=(24,0);moving_rule=LURLDR]
Watson[index=2;pos=(0,0);moving_rule=ULULDUL]
Robot[pos=(24,0);type=S;dist=0]
STEPT 198:
Criminal[index=0;pos=(1,17)]
Sherlock[index=1;pos=(24,1);moving_rule=LURLDR]
Watson[index=2;pos=(0,0);moving_rule=ULULDUL]
Robot[pos=(24,1);type=S;dist=0]
STEPT 199:
Criminal[index=0;pos=(0,17)]
Sherlock[index=1;pos=(24,0);moving_rule=LURLDR]
Watson[index=2;pos=(0,0);moving_rule=ULULDUL]
Robot[pos=(24,0);type=S;dist=0]
STEPT 200:
Criminal[index=0;pos=(1,17)]
Sherlock[index=1;pos=(23,0);moving_rule=LURLDR]
Watson[index=2;pos=(0,0);moving_rule=ULULDUL]
Robot[pos=(23,0);type=S;dist=0]
