Sherlock[index=0;pos=(7,3);moving_rule=ULURUDR] HP:409 EXP:346
Bag[count=0]
ACTIVITY 0 : INSERT FIRST AID
Bag[count=1;FirstAid]
ACTIVITY 1 : INSERT ENERGY DRINK
Bag[count=2;EnergyDrink,FirstAid]
ACTIVITY 2 : INSERT PASSING CARD
Bag[count=3;PassingCard,EnergyDrink,FirstAid]
ACTIVITY 3 : INSERT PASSING CARD
Bag[count=4;PassingCard,PassingCard,EnergyDrink,FirstAid]
ACTIVITY 4 : INSERT MAGIC BOOK
Bag[count=5;MagicBook,PassingCard,PassingCard,EnergyDrink,FirstAid]
ACTIVITY 5 : GET ENERGY DRINK
Bag[count=4;PassingCard,PassingCard,MagicBook,FirstAid]
ACTIVITY 6 : GET
Bag[count=3;PassingCard,PassingCard,FirstAid]
ACTIVITY 7 : INSERT ENERGY DRINK
Bag[count=4;EnergyDrink,PassingCard,PassingCard,FirstAid]
ACTIVITY 8 : GET
Bag[count=3;PassingCard,PassingCard,EnergyDrink]
ACTIVITY 9 : GET FIRST AID
Bag[count=3;PassingCard,PassingCard,EnergyDrink]
ACTIVITY 10 : GET
Bag[count=3;PassingCard,PassingCard,EnergyDrink]
ACTIVITY 11 : GET ENERGY DRINK
Bag[count=2;PassingCard,PassingCard]
ACTIVITY 12 : GET PASSING CARD
Bag[count=1;PassingCard]
ACTIVITY 13 : INSERT FIRST AID
Bag[count=2;FirstAid,PassingCard]
ACTIVITY 14 : GET
Bag[count=1;PassingCard]
ACTIVITY 15 : INSERT FIRST AID
Bag[count=2;FirstAid,PassingCard]
ACTIVITY 16 : GET PASSING CARD
Bag[count=1;FirstAid]
ACTIVITY 17 : GET
Bag[count=0]
ACTIVITY 18 : INSERT FIRST AID
Bag[count=1;FirstAid]
ACTIVITY 19 : GET MAGIC BOOK
Bag[count=1;FirstAid]
ACTIVITY 20 : GET ENERGY DRINK
Bag[count=1;FirstAid]
ACTIVITY 21 : GET ENERGY DRINK
Bag[count=1;FirstAid]
ACTIVITY 22 : INSERT EXCEMPTION CARD
Bag[count=2;ExcemptionCard,FirstAid]
ACTIVITY 23 : INSERT PASSING CARD
Bag[count=3;PassingCard,ExcemptionCard,FirstAid]
ACTIVITY 24 : INSERT PASSING CARD
Bag[count=4;PassingCard,PassingCard,ExcemptionCard,FirstAid]
ACTIVITY 25 : INSERT EXCEMPTION CARD
Bag[count=5;ExcemptionCard,PassingCard,PassingCard,ExcemptionCard,FirstAid]
ACTIVITY 26 : GET
Bag[count=4;PassingCard,PassingCard,ExcemptionCard,FirstAid]
ACTIVITY 27 : GET EXCEMPTION CARD
Bag[count=3;PassingCard,PassingCard,FirstAid]
ACTIVITY 28 : GET PASSING CARD
Bag[count=2;PassingCard,FirstAid]
ACTIVITY 29 : GET EXCEMPTION CARD
Bag[count=2;PassingCard,FirstAid]
ACTIVITY 30 : INSERT FIRST AID
Bag[count=3;FirstAid,PassingCard,FirstAid]
ACTIVITY 31 : GET ENERGY DRINK
Bag[count=3;FirstAid,PassingCard,FirstAid]
ACTIVITY 32 : GET
Bag[count=2;PassingCard,FirstAid]
ACTIVITY 33 : GET
Bag[count=1;PassingCard]
ACTIVITY 34 : INSERT EXCEMPTION CARD
Bag[count=2;ExcemptionCard,PassingCard]
ACTIVITY 35 : INSERT ENERGY DRINK
Bag[count=3;EnergyDrink,ExcemptionCard,PassingCard]
ACTIVITY 36 : GET FIRST AID
Bag[count=3;EnergyDrink,ExcemptionCard,PassingCard]
ACTIVITY 37 : INSERT ENERGY DRINK
Bag[count=4;EnergyDrink,EnergyDrink,ExcemptionCard,PassingCard]
ACTIVITY 38 : INSERT EXCEMPTION CARD
Bag[count=5;ExcemptionCard,EnergyDrink,EnergyDrink,ExcemptionCard,PassingCard]
ACTIVITY 39 : INSERT FIRST AID
Bag[count=6;FirstAid,ExcemptionCard,EnergyDrink,EnergyDrink,ExcemptionCard,PassingCard]
ACTIVITY 40 : INSERT PASSING CARD
Bag[count=7;PassingCard,FirstAid,ExcemptionCard,EnergyDrink,EnergyDrink,ExcemptionCard,PassingCard]
