Sherlock[index=0;pos=(0,2);moving_rule=RDLD] HP:474 EXP:609
Bag[count=0]
ACTIVITY 0 : INSERT FIRST AID
Bag[count=1;FirstAid]
ACTIVITY 1 : INSERT ENERGY DRINK
Bag[count=2;EnergyDrink,FirstAid]
ACTIVITY 2 : INSERT PASSING CARD
Bag[count=3;PassingCard,EnergyDrink,FirstAid]
ACTIVITY 3 : INSERT MAGIC BOOK
Bag[count=4;MagicBook,PassingCard,EnergyDrink,FirstAid]
ACTIVITY 4 : INSERT PASSING CARD
Bag[count=5;PassingCard,MagicBook,PassingCard,EnergyDrink,FirstAid]
ACTIVITY 5 : GET ENERGY DRINK
Bag[count=4;MagicBook,PassingCard,PassingCard,FirstAid]
ACTIVITY 6 : GET
Bag[count=4;MagicBook,PassingCard,PassingCard,FirstAid]
ACTIVITY 7 : GET EXCEMPTION CARD
Bag[count=4;MagicBook,PassingCard,PassingCard,FirstAid]
ACTIVITY 8 : INSERT ENERGY DRINK
Bag[count=5;EnergyDrink,MagicBook,PassingCard,PassingCard,FirstAid]
ACTIVITY 9 : GET PASSING CARD
Bag[count=4;MagicBook,EnergyDrink,PassingCard,FirstAid]
ACTIVITY 10 : INSERT EXCEMPTION CARD
Bag[count=5;ExcemptionCard,MagicBook,EnergyDrink,PassingCard,FirstAid]
ACTIVITY 11 : GET
Bag[count=5;ExcemptionCard,MagicBook,EnergyDrink,PassingCard,FirstAid]
ACTIVITY 12 : INSERT PASSING CARD
Bag[count=6;PassingCard,ExcemptionCard,MagicBook,EnergyDrink,PassingCard,FirstAid]
ACTIVITY 13 : INSERT PASSING CARD
Bag[count=7;PassingCard,PassingCard,ExcemptionCard,MagicBook,EnergyDrink,PassingCard,FirstAid]
ACTIVITY 14 : GET FIRST AID
Bag[count=6;PassingCard,ExcemptionCard,MagicBook,EnergyDrink,PassingCard,PassingCard]
ACTIVITY 15 : INSERT MAGIC BOOK
Bag[count=7;MagicBook,PassingCard,ExcemptionCard,MagicBook,EnergyDrink,PassingCard,PassingCard]
ACTIVITY 16 : GET PASSING CARD
Bag[count=6;MagicBook,ExcemptionCard,MagicBook,EnergyDrink,PassingCard,PassingCard]
ACTIVITY 17 : GET ENERGY DRINK
Bag[count=5;ExcemptionCard,MagicBook,MagicBook,PassingCard,PassingCard]
ACTIVITY 18 : GET
Bag[count=5;ExcemptionCard,MagicBook,MagicBook,PassingCard,PassingCard]
ACTIVITY 19 : INSERT PASSING CARD
Bag[count=6;PassingCard,ExcemptionCard,MagicBook,MagicBook,PassingCard,PassingCard]
ACTIVITY 20 : INSERT PASSING CARD
Bag[count=7;PassingCard,PassingCard,ExcemptionCard,MagicBook,MagicBook,PassingCard,PassingCard]
ACTIVITY 21 : GET
Bag[count=7;PassingCard,PassingCard,ExcemptionCard,MagicBook,MagicBook,PassingCard,PassingCard]
ACTIVITY 22 : GET
Bag[count=7;PassingCard,PassingCard,ExcemptionCard,MagicBook,MagicBook,PassingCard,PassingCard]
ACTIVITY 23 : INSERT EXCEMPTION CARD
Bag[count=8;ExcemptionCard,PassingCard,PassingCard,ExcemptionCard,MagicBook,MagicBook,PassingCard,PassingCard]
ACTIVITY 24 : INSERT EXCEMPTION CARD
Bag[count=9;ExcemptionCard,ExcemptionCard,PassingCard,PassingCard,ExcemptionCard,MagicBook,MagicBook,PassingCard,PassingCard]
ACTIVITY 25 : INSERT EXCEMPTION CARD
Bag[count=10;ExcemptionCard,ExcemptionCard,ExcemptionCard,PassingCard,PassingCard,ExcemptionCard,MagicBook,MagicBook,PassingCard,PassingCard]
ACTIVITY 26 : GET
Bag[count=10;ExcemptionCard,ExcemptionCard,ExcemptionCard,PassingCard,PassingCard,ExcemptionCard,MagicBook,MagicBook,PassingCard,PassingCard]
ACTIVITY 27 : GET
Bag[count=10;ExcemptionCard,ExcemptionCard,ExcemptionCard,PassingCard,PassingCard,ExcemptionCard,MagicBook,MagicBook,PassingCard,PassingCard]
ACTIVITY 28 : GET FIRST AID
Bag[count=10;ExcemptionCard,ExcemptionCard,ExcemptionCard,PassingCard,PassingCard,ExcemptionCard,MagicBook,MagicBook,PassingCard,PassingCard]
ACTIVITY 29 : GET FIRST AID
Bag[count=10;ExcemptionCard,ExcemptionCard,ExcemptionCard,PassingCard,PassingCard,ExcemptionCard,MagicBook,MagicBook,PassingCard,PassingCard]
