Sherlock[index=0;pos=(23,45);moving_rule=LUULRUL] HP:387 EXP:469
Bag[count=0]
ACTIVITY 0 : INSERT ENERGY DRINK
Bag[count=1;EnergyDrink]
ACTIVITY 1 : INSERT MAGIC BOOK
Bag[count=2;MagicBook,EnergyDrink]
ACTIVITY 2 : INSERT FIRST AID
Bag[count=3;FirstAid,MagicBook,EnergyDrink]
ACTIVITY 3 : INSERT FIRST AID
Bag[count=4;FirstAid,FirstAid,MagicBook,EnergyDrink]
ACTIVITY 4 : INSERT EXCEMPTION CARD
Bag[count=5;ExcemptionCard,FirstAid,FirstAid,MagicBook,EnergyDrink]
ACTIVITY 5 : GET ENERGY DRINK
Bag[count=4;FirstAid,FirstAid,MagicBook,ExcemptionCard]
ACTIVITY 6 : GET FIRST AID
Bag[count=3;FirstAid,MagicBook,ExcemptionCard]
ACTIVITY 7 : INSERT ENERGY DRINK
Bag[count=4;EnergyDrink,FirstAid,MagicBook,ExcemptionCard]
ACTIVITY 8 : INSERT ENERGY DRINK
Bag[count=5;EnergyDrink,EnergyDrink,FirstAid,MagicBook,ExcemptionCard]
ACTIVITY 9 : GET
Bag[count=4;EnergyDrink,FirstAid,MagicBook,EnergyDrink]
ACTIVITY 10 : GET
Bag[count=4;EnergyDrink,FirstAid,MagicBook,EnergyDrink]
ACTIVITY 11 : INSERT FIRST AID
Bag[count=5;FirstAid,EnergyDrink,FirstAid,MagicBook,EnergyDrink]
ACTIVITY 12 : GET
Bag[count=5;FirstAid,EnergyDrink,FirstAid,MagicBook,EnergyDrink]
ACTIVITY 13 : INSERT FIRST AID
Bag[count=6;FirstAid,FirstAid,EnergyDrink,FirstAid,MagicBook,EnergyDrink]
ACTIVITY 14 : GET MAGIC BOOK
Bag[count=5;FirstAid,EnergyDrink,FirstAid,FirstAid,EnergyDrink]
ACTIVITY 15 : GET MAGIC BOOK
Bag[count=5;FirstAid,EnergyDrink,FirstAid,FirstAid,EnergyDrink]
ACTIVITY 16 : INSERT EXCEMPTION CARD
Bag[count=6;ExcemptionCard,FirstAid,EnergyDrink,FirstAid,FirstAid,EnergyDrink]
ACTIVITY 17 : GET FIRST AID
Bag[count=5;ExcemptionCard,EnergyDrink,FirstAid,FirstAid,EnergyDrink]
ACTIVITY 18 : GET
Bag[count=4;EnergyDrink,FirstAid,FirstAid,EnergyDrink]
ACTIVITY 19 : INSERT ENERGY DRINK
Bag[count=5;EnergyDrink,EnergyDrink,FirstAid,FirstAid,EnergyDrink]
ACTIVITY 20 : GET MAGIC BOOK
Bag[count=5;EnergyDrink,EnergyDrink,FirstAid,FirstAid,EnergyDrink]
ACTIVITY 21 : GET PASSING CARD
Bag[count=5;EnergyDrink,EnergyDrink,FirstAid,FirstAid,EnergyDrink]
ACTIVITY 22 : GET
Bag[count=5;EnergyDrink,EnergyDrink,FirstAid,FirstAid,EnergyDrink]
ACTIVITY 23 : GET
Bag[count=5;EnergyDrink,EnergyDrink,FirstAid,FirstAid,EnergyDrink]
ACTIVITY 24 : INSERT MAGIC BOOK
Bag[count=6;MagicBook,EnergyDrink,EnergyDrink,FirstAid,FirstAid,EnergyDrink]
ACTIVITY 25 : GET
Bag[count=6;MagicBook,EnergyDrink,EnergyDrink,FirstAid,FirstAid,EnergyDrink]
ACTIVITY 26 : GET ENERGY DRINK
Bag[count=5;MagicBook,EnergyDrink,FirstAid,FirstAid,EnergyDrink]
ACTIVITY 27 : GET EXCEMPTION CARD
Bag[count=5;MagicBook,EnergyDrink,FirstAid,FirstAid,EnergyDrink]
ACTIVITY 28 : GET PASSING CARD
Bag[count=5;MagicBook,EnergyDrink,FirstAid,FirstAid,EnergyDrink]
ACTIVITY 29 : GET ENERGY DRINK
Bag[count=4;MagicBook,FirstAid,FirstAid,EnergyDrink]
ACTIVITY 30 : GET
Bag[count=4;MagicBook,FirstAid,FirstAid,EnergyDrink]
ACTIVITY 31 : INSERT FIRST AID
Bag[count=5;FirstAid,MagicBook,FirstAid,FirstAid,EnergyDrink]
ACTIVITY 32 : GET PASSING CARD
Bag[count=5;FirstAid,MagicBook,FirstAid,FirstAid,EnergyDrink]
ACTIVITY 33 : GET ENERGY DRINK
Bag[count=4;MagicBook,FirstAid,FirstAid,FirstAid]
ACTIVITY 34 : GET EXCEMPTION CARD
Bag[count=4;MagicBook,FirstAid,FirstAid,FirstAid]
ACTIVITY 35 : GET
Bag[count=4;MagicBook,FirstAid,FirstAid,FirstAid]
ACTIVITY 36 : GET
Bag[count=4;MagicBook,FirstAid,FirstAid,FirstAid]
