Sherlock[index=0;pos=(11,8);moving_rule=ULUULLL] HP:184 EXP:241
Bag[count=0]
ACTIVITY 0 : INSERT MAGIC BOOK
Bag[count=1;MagicBook]
ACTIVITY 1 : INSERT FIRST AID
Bag[count=2;FirstAid,MagicBook]
ACTIVITY 2 : INSERT FIRST AID
Bag[count=3;FirstAid,FirstAid,MagicBook]
ACTIVITY 3 : INSERT PASSING CARD
Bag[count=4;PassingCard,FirstAid,FirstAid,MagicBook]
ACTIVITY 4 : INSERT ENERGY DRINK
Bag[count=5;EnergyDrink,PassingCard,FirstAid,FirstAid,MagicBook]
ACTIVITY 5 : GET
Bag[count=4;PassingCard,EnergyDrink,FirstAid,MagicBook]
ACTIVITY 6 : GET FIRST AID
Bag[count=3;EnergyDrink,PassingCard,MagicBook]
ACTIVITY 7 : INSERT FIRST AID
Bag[count=4;FirstAid,EnergyDrink,PassingCard,MagicBook]
ACTIVITY 8 : GET MAGIC BOOK
Bag[count=3;EnergyDrink,PassingCard,FirstAid]
ACTIVITY 9 : GET
Bag[count=2;PassingCard,EnergyDrink]
ACTIVITY 10 : INSERT PASSING CARD
Bag[count=3;PassingCard,PassingCard,EnergyDrink]
ACTIVITY 11 : INSERT MAGIC BOOK
Bag[count=4;MagicBook,PassingCard,PassingCard,EnergyDrink]
ACTIVITY 12 : INSERT FIRST AID
Bag[count=5;FirstAid,MagicBook,PassingCard,PassingCard,EnergyDrink]
ACTIVITY 13 : INSERT FIRST AID
Bag[count=6;FirstAid,FirstAid,MagicBook,PassingCard,PassingCard,EnergyDrink]
ACTIVITY 14 : GET
Bag[count=5;FirstAid,MagicBook,PassingCard,PassingCard,EnergyDrink]
ACTIVITY 15 : GET
Bag[count=4;MagicBook,PassingCard,PassingCard,EnergyDrink]
ACTIVITY 16 : INSERT ENERGY DRINK
Bag[count=5;EnergyDrink,MagicBook,PassingCard,PassingCard,EnergyDrink]
ACTIVITY 17 : GET
Bag[count=4;EnergyDrink,PassingCard,PassingCard,EnergyDrink]
ACTIVITY 18 : INSERT FIRST AID
Bag[count=5;FirstAid,EnergyDrink,PassingCard,PassingCard,EnergyDrink]
ACTIVITY 19 : GET
Bag[count=4;EnergyDrink,PassingCard,PassingCard,EnergyDrink]
ACTIVITY 20 : GET EXCEMPTION CARD
Bag[count=4;EnergyDrink,PassingCard,PassingCard,EnergyDrink]
ACTIVITY 21 : INSERT MAGIC BOOK
Bag[count=5;MagicBook,EnergyDrink,PassingCard,PassingCard,EnergyDrink]
ACTIVITY 22 : INSERT FIRST AID
Bag[count=6;FirstAid,MagicBook,EnergyDrink,PassingCard,PassingCard,EnergyDrink]
ACTIVITY 23 : GET
Bag[count=5;MagicBook,EnergyDrink,PassingCard,PassingCard,EnergyDrink]
ACTIVITY 24 : GET MAGIC BOOK
Bag[count=4;EnergyDrink,PassingCard,PassingCard,EnergyDrink]
ACTIVITY 25 : GET
Bag[count=4;EnergyDrink,PassingCard,PassingCard,EnergyDrink]
ACTIVITY 26 : INSERT EXCEMPTION CARD
Bag[count=5;ExcemptionCard,EnergyDrink,PassingCard,PassingCard,EnergyDrink]
ACTIVITY 27 : GET EXCEMPTION CARD
Bag[count=4;EnergyDrink,PassingCard,PassingCard,EnergyDrink]
ACTIVITY 28 : GET
Bag[count=4;EnergyDrink,PassingCard,PassingCard,EnergyDrink]
ACTIVITY 29 : GET FIRST AID
Bag[count=4;EnergyDrink,PassingCard,PassingCard,EnergyDrink]
ACTIVITY 30 : GET
Bag[count=4;EnergyDrink,PassingCard,PassingCard,EnergyDrink]
ACTIVITY 31 : GET
Bag[count=4;EnergyDrink,PassingCard,PassingCard,EnergyDrink]
ACTIVITY 32 : GET ENERGY DRINK
Bag[count=3;PassingCard,PassingCard,EnergyDrink]
ACTIVITY 33 : INSERT EXCEMPTION CARD
Bag[count=4;ExcemptionCard,PassingCard,PassingCard,EnergyDrink]
ACTIVITY 34 : INSERT EXCEMPTION CARD
Bag[count=5;ExcemptionCard,ExcemptionCard,PassingCard,PassingCard,EnergyDrink]
ACTIVITY 35 : GET
Bag[count=5;ExcemptionCard,ExcemptionCard,PassingCard,PassingCard,EnergyDrink]
ACTIVITY 36 : GET
Bag[count=5;ExcemptionCard,ExcemptionCard,PassingCard,PassingCard,EnergyDrink]
ACTIVITY 37 : GET
Bag[count=5;ExcemptionCard,ExcemptionCard,PassingCard,PassingCard,EnergyDrink]
ACTIVITY 38 : GET FIRST AID
Bag[count=5;ExcemptionCard,ExcemptionCard,PassingCard,PassingCard,EnergyDrink]
ACTIVITY 39 : INSERT EXCEMPTION CARD
Bag[count=6;ExcemptionCard,ExcemptionCard,ExcemptionCard,PassingCard,PassingCard,EnergyDrink]
