Watson[index=0;pos=(39,1);moving_rule=DRRDLUU] EXP:13
STEPT 1:
Watson[index=0;pos=(40,1);moving_rule=DRRDLUU]
STEPT 2:
Watson[index=0;pos=(40,1);moving_rule=DRRDLUU]
STEPT 3:
Watson[index=0;pos=(40,1);moving_rule=DRRDLUU]
STEPT 4:
Watson[index=0;pos=(40,1);moving_rule=DRRDLUU]
STEPT 5:
Watson[index=0;pos=(40,0);moving_rule=DRRDLUU]
STEPT 6:
Watson[index=0;pos=(39,0);moving_rule=DRRDLUU]
STEPT 7:
Watson[index=0;pos=(38,0);moving_rule=DRRDLUU]
STEPT 8:
Watson[index=0;pos=(39,0);moving_rule=DRRDLUU]
STEPT 9:
Watson[index=0;pos=(39,0);moving_rule=DRRDLUU]
STEPT 10:
Watson[index=0;pos=(39,0);moving_rule=DRRDLUU]
STEPT 11:
Watson[index=0;pos=(40,0);moving_rule=DRRDLUU]
STEPT 12:
Watson[index=0;pos=(40,0);moving_rule=DRRDLUU]
STEPT 13:
Watson[index=0;pos=(39,0);moving_rule=DRRDLUU]
STEPT 14:
Watson[index=0;pos=(38,0);moving_rule=DRRDLUU]
STEPT 15:
Watson[index=0;pos=(39,0);moving_rule=DRRDLUU]
STEPT 16:
Watson[index=0;pos=(39,0);moving_rule=DRRDLUU]
STEPT 17:
Watson[index=0;pos=(39,0);moving_rule=DRRDLUU]
STEPT 18:
Watson[index=0;pos=(40,0);moving_rule=DRRDLUU]
STEPT 19:
Watson[index=0;pos=(40,0);moving_rule=DRRDLUU]
STEPT 20:
Watson[index=0;pos=(39,0);moving_rule=DRRDLUU]
STEPT 21:
Watson[index=0;pos=(38,0);moving_rule=DRRDLUU]
STEPT 22:
Watson[index=0;pos=(39,0);moving_rule=DRRDLUU]
STEPT 23:
Watson[index=0;pos=(39,0);moving_rule=DRRDLUU]
STEPT 24:
Watson[index=0;pos=(39,0);moving_rule=DRRDLUU]
STEPT 25:
Watson[index=0;pos=(40,0);moving_rule=DRRDLUU]
STEPT 26:
Watson[index=0;pos=(40,0);moving_rule=DRRDLUU]
STEPT 27:
Watson[index=0;pos=(39,0);moving_rule=DRRDLUU]
STEPT 28:
Watson[index=0;pos=(38,0);moving_rule=DRRDLUU]
STEPT 29:
Watson[index=0;pos=(39,0);moving_rule=DRRDLUU]
STEPT 30:
Watson[index=0;pos=(39,0);moving_rule=DRRDLUU]
STEPT 31:
Watson[index=0;pos=(39,0);moving_rule=DRRDLUU]
STEPT 32:
Watson[index=0;pos=(40,0);moving_rule=DRRDLUU]
STEPT 33:
Watson[index=0;pos=(40,0);moving_rule=DRRDLUU]
STEPT 34:
Watson[index=0;pos=(39,0);moving_rule=DRRDLUU]
STEPT 35:
Watson[index=0;pos=(38,0);moving_rule=DRRDLUU]
STEPT 36:
Watson[index=0;pos=(39,0);moving_rule=DRRDLUU]
STEPT 37:
Watson[index=0;pos=(39,0);moving_rule=DRRDLUU]
STEPT 38:
Watson[index=0;pos=(39,0);moving_rule=DRRDLUU]
STEPT 39:
Watson[index=0;pos=(40,0);moving_rule=DRRDLUU]
STEPT 40:
Watson[index=0;pos=(40,0);moving_rule=DRRDLUU]
STEPT 41:
Watson[index=0;pos=(39,0);moving_rule=DRRDLUU]
STEPT 42:
Watson[index=0;pos=(38,0);moving_rule=DRRDLUU]
STEPT 43:
Watson[index=0;pos=(39,0);moving_rule=DRRDLUU]
STEPT 44:
Watson[index=0;pos=(39,0);moving_rule=DRRDLUU]
STEPT 45:
Watson[index=0;pos=(39,0);moving_rule=DRRDLUU]
STEPT 46:
Watson[index=0;pos=(40,0);moving_rule=DRRDLUU]
STEPT 47:
Watson[index=0;pos=(40,0);moving_rule=DRRDLUU]
STEPT 48:
Watson[index=0;pos=(39,0);moving_rule=DRRDLUU]
STEPT 49:
Watson[index=0;pos=(38,0);moving_rule=DRRDLUU]
STEPT 50:
Watson[index=0;pos=(39,0);moving_rule=DRRDLUU]
STEPT 51:
Watson[index=0;pos=(39,0);moving_rule=DRRDLUU]
STEPT 52:
Watson[index=0;pos=(39,0);moving_rule=DRRDLUU]
STEPT 53:
Watson[index=0;pos=(40,0);moving_rule=DRRDLUU]
STEPT 54:
Watson[index=0;pos=(40,0);moving_rule=DRRDLUU]
STEPT 55:
Watson[index=0;pos=(39,0);moving_rule=DRRDLUU]
STEPT 56:
Watson[index=0;pos=(38,0);moving_rule=DRRDLUU]
STEPT 57:
Watson[index=0;pos=(39,0);moving_rule=DRRDLUU]
STEPT 58:
Watson[index=0;pos=(39,0);moving_rule=DRRDLUU]
STEPT 59:
Watson[index=0;pos=(39,0);moving_rule=DRRDLUU]
STEPT 60:
Watson[index=0;pos=(40,0);moving_rule=DRRDLUU]
STEPT 61:
Watson[index=0;pos=(40,0);moving_rule=DRRDLUU]
STEPT 62:
Watson[index=0;pos=(39,0);moving_rule=DRRDLUU]
STEPT 63:
Watson[index=0;pos=(38,0);moving_rule=DRRDLUU]
STEPT 64:
Watson[index=0;pos=(39,0);moving_rule=DRRDLUU]
STEPT 65:
Watson[index=0;pos=(39,0);moving_rule=DRRDLUU]
STEPT 66:
Watson[index=0;pos=(39,0);moving_rule=DRRDLUU]
STEPT 67:
Watson[index=0;pos=(40,0);moving_rule=DRRDLUU]
STEPT 68:
Watson[index=0;pos=(40,0);moving_rule=DRRDLUU]
STEPT 69:
Watson[index=0;pos=(39,0);moving_rule=DRRDLUU]
STEPT 70:
Watson[index=0;pos=(38,0);moving_rule=DRRDLUU]
STEPT 71:
Watson[index=0;pos=(39,0);moving_rule=DRRDLUU]
STEPT 72:
Watson[index=0;pos=(39,0);moving_rule=DRRDLUU]
STEPT 73:
Watson[index=0;pos=(39,0);moving_rule=DRRDLUU]
STEPT 74:
Watson[index=0;pos=(40,0);moving_rule=DRRDLUU]
STEPT 75:
Watson[index=0;pos=(40,0);moving_rule=DRRDLUU]
STEPT 76:
Watson[index=0;pos=(39,0);moving_rule=DRRDLUU]
STEPT 77:
Watson[index=0;pos=(38,0);moving_rule=DRRDLUU]
STEPT 78:
Watson[index=0;pos=(39,0);moving_rule=DRRDLUU]
STEPT 79:
Watson[index=0;pos=(39,0);moving_rule=DRRDLUU]
STEPT 80:
Watson[index=0;pos=(39,0);moving_rule=DRRDLUU]
STEPT 81:
Watson[index=0;pos=(40,0);moving_rule=DRRDLUU]
STEPT 82:
Watson[index=0;pos=(40,0);moving_rule=DRRDLUU]
STEPT 83:
Watson[index=0;pos=(39,0);moving_rule=DRRDLUU]
STEPT 84:
Watson[index=0;pos=(38,0);moving_rule=DRRDLUU]
STEPT 85:
Watson[index=0;pos=(39,0);moving_rule=DRRDLUU]
STEPT 86:
Watson[index=0;pos=(39,0);moving_rule=DRRDLUU]
STEPT 87:
Watson[index=0;pos=(39,0);moving_rule=DRRDLUU]
STEPT 88:
Watson[index=0;pos=(40,0);moving_rule=DRRDLUU]
STEPT 89:
Watson[index=0;pos=(40,0);moving_rule=DRRDLUU]
STEPT 90:
Watson[index=0;pos=(39,0);moving_rule=DRRDLUU]
STEPT 91:
Watson[index=0;pos=(38,0);moving_rule=DRRDLUU]
STEPT 92:
Watson[index=0;pos=(39,0);moving_rule=DRRDLUU]
STEPT 93:
Watson[index=0;pos=(39,0);moving_rule=DRRDLUU]
STEPT 94:
Watson[index=0;pos=(39,0);moving_rule=DRRDLUU]
STEPT 95:
Watson[index=0;pos=(40,0);moving_rule=DRRDLUU]
STEPT 96:
Watson[index=0;pos=(40,0);moving_rule=DRRDLUU]
STEPT 97:
Watson[index=0;pos=(39,0);moving_rule=DRRDLUU]
STEPT 98:
Watson[index=0;pos=(38,0);moving_rule=DRRDLUU]
STEPT 99:
Watson[index=0;pos=(39,0);moving_rule=DRRDLUU]
STEPT 100:
Watson[index=0;pos=(39,0);moving_rule=DRRDLUU]
STEPT 101:
Watson[index=0;pos=(39,0);moving_rule=DRRDLUU]
STEPT 102:
Watson[index=0;pos=(40,0);moving_rule=DRRDLUU]
STEPT 103:
Watson[index=0;pos=(40,0);moving_rule=DRRDLUU]
STEPT 104:
Watson[index=0;pos=(39,0);moving_rule=DRRDLUU]
STEPT 105:
Watson[index=0;pos=(38,0);moving_rule=DRRDLUU]
STEPT 106:
Watson[index=0;pos=(39,0);moving_rule=DRRDLUU]
STEPT 107:
Watson[index=0;pos=(39,0);moving_rule=DRRDLUU]
STEPT 108:
Watson[index=0;pos=(39,0);moving_rule=DRRDLUU]
STEPT 109:
Watson[index=0;pos=(40,0);moving_rule=DRRDLUU]
STEPT 110:
Watson[index=0;pos=(40,0);moving_rule=DRRDLUU]
STEPT 111:
Watson[index=0;pos=(39,0);moving_rule=DRRDLUU]
STEPT 112:
Watson[index=0;pos=(38,0);moving_rule=DRRDLUU]
STEPT 113:
Watson[index=0;pos=(39,0);moving_rule=DRRDLUU]
STEPT 114:
Watson[index=0;pos=(39,0);moving_rule=DRRDLUU]
STEPT 115:
Watson[index=0;pos=(39,0);moving_rule=DRRDLUU]
STEPT 116:
Watson[index=0;pos=(40,0);moving_rule=DRRDLUU]
STEPT 117:
Watson[index=0;pos=(40,0);moving_rule=DRRDLUU]
STEPT 118:
Watson[index=0;pos=(39,0);moving_rule=DRRDLUU]
STEPT 119:
Watson[index=0;pos=(38,0);moving_rule=DRRDLUU]
STEPT 120:
Watson[index=0;pos=(39,0);moving_rule=DRRDLUU]
STEPT 121:
Watson[index=0;pos=(39,0);moving_rule=DRRDLUU]
STEPT 122:
Watson[index=0;pos=(39,0);moving_rule=DRRDLUU]
STEPT 123:
Watson[index=0;pos=(40,0);moving_rule=DRRDLUU]
STEPT 124:
Watson[index=0;pos=(40,0);moving_rule=DRRDLUU]
STEPT 125:
Watson[index=0;pos=(39,0);moving_rule=DRRDLUU]
STEPT 126:
Watson[index=0;pos=(38,0);moving_rule=DRRDLUU]
STEPT 127:
Watson[index=0;pos=(39,0);moving_rule=DRRDLUU]
STEPT 128:
Watson[index=0;pos=(39,0);moving_rule=DRRDLUU]
STEPT 129:
Watson[index=0;pos=(39,0);moving_rule=DRRDLUU]
STEPT 130:
Watson[index=0;pos=(40,0);moving_rule=DRRDLUU]
STEPT 131:
Watson[index=0;pos=(40,0);moving_rule=DRRDLUU]
STEPT 132:
Watson[index=0;pos=(39,0);moving_rule=DRRDLUU]
STEPT 133:
Watson[index=0;pos=(38,0);moving_rule=DRRDLUU]
STEPT 134:
Watson[index=0;pos=(39,0);moving_rule=DRRDLUU]
STEPT 135:
Watson[index=0;pos=(39,0);moving_rule=DRRDLUU]
STEPT 136:
Watson[index=0;pos=(39,0);moving_rule=DRRDLUU]
STEPT 137:
Watson[index=0;pos=(40,0);moving_rule=DRRDLUU]
STEPT 138:
Watson[index=0;pos=(40,0);moving_rule=DRRDLUU]
STEPT 139:
Watson[index=0;pos=(39,0);moving_rule=DRRDLUU]
STEPT 140:
Watson[index=0;pos=(38,0);moving_rule=DRRDLUU]
STEPT 141:
Watson[index=0;pos=(39,0);moving_rule=DRRDLUU]
STEPT 142:
Watson[index=0;pos=(39,0);moving_rule=DRRDLUU]
STEPT 143:
Watson[index=0;pos=(39,0);moving_rule=DRRDLUU]
STEPT 144:
Watson[index=0;pos=(40,0);moving_rule=DRRDLUU]
STEPT 145:
Watson[index=0;pos=(40,0);moving_rule=DRRDLUU]
STEPT 146:
Watson[index=0;pos=(39,0);moving_rule=DRRDLUU]
STEPT 147:
Watson[index=0;pos=(38,0);moving_rule=DRRDLUU]
STEPT 148:
Watson[index=0;pos=(39,0);moving_rule=DRRDLUU]
STEPT 149:
Watson[index=0;pos=(39,0);moving_rule=DRRDLUU]
STEPT 150:
Watson[index=0;pos=(39,0);moving_rule=DRRDLUU]
STEPT 151:
Watson[index=0;pos=(40,0);moving_rule=DRRDLUU]
STEPT 152:
Watson[index=0;pos=(40,0);moving_rule=DRRDLUU]
STEPT 153:
Watson[index=0;pos=(39,0);moving_rule=DRRDLUU]
STEPT 154:
Watson[index=0;pos=(38,0);moving_rule=DRRDLUU]
STEPT 155:
Watson[index=0;pos=(39,0);moving_rule=DRRDLUU]
STEPT 156:
Watson[index=0;pos=(39,0);moving_rule=DRRDLUU]
STEPT 157:
Watson[index=0;pos=(39,0);moving_rule=DRRDLUU]
STEPT 158:
Watson[index=0;pos=(40,0);moving_rule=DRRDLUU]
STEPT 159:
Watson[index=0;pos=(40,0);moving_rule=DRRDLUU]
STEPT 160:
Watson[index=0;pos=(39,0);moving_rule=DRRDLUU]
STEPT 161:
Watson[index=0;pos=(38,0);moving_rule=DRRDLUU]
STEPT 162:
Watson[index=0;pos=(39,0);moving_rule=DRRDLUU]
STEPT 163:
Watson[index=0;pos=(39,0);moving_rule=DRRDLUU]
STEPT 164:
Watson[index=0;pos=(39,0);moving_rule=DRRDLUU]
STEPT 165:
Watson[index=0;pos=(40,0);moving_rule=DRRDLUU]
STEPT 166:
Watson[index=0;pos=(40,0);moving_rule=DRRDLUU]
STEPT 167:
Watson[index=0;pos=(39,0);moving_rule=DRRDLUU]
STEPT 168:
Watson[index=0;pos=(38,0);moving_rule=DRRDLUU]
STEPT 169:
Watson[index=0;pos=(39,0);moving_rule=DRRDLUU]
STEPT 170:
Watson[index=0;pos=(39,0);moving_rule=DRRDLUU]
STEPT 171:
Watson[index=0;pos=(39,0);moving_rule=DRRDLUU]
STEPT 172:
Watson[index=0;pos=(40,0);moving_rule=DRRDLUU]
STEPT 173:
Watson[index=0;pos=(40,0);moving_rule=DRRDLUU]
STEPT 174:
Watson[index=0;pos=(39,0);moving_rule=DRRDLUU]
STEPT 175:
Watson[index=0;pos=(38,0);moving_rule=DRRDLUU]
STEPT 176:
Watson[index=0;pos=(39,0);moving_rule=DRRDLUU]
STEPT 177:
Watson[index=0;pos=(39,0);moving_rule=DRRDLUU]
STEPT 178:
Watson[index=0;pos=(39,0);moving_rule=DRRDLUU]
STEPT 179:
Watson[index=0;pos=(40,0);moving_rule=DRRDLUU]
STEPT 180:
Watson[index=0;pos=(40,0);moving_rule=DRRDLUU]
STEPT 181:
Watson[index=0;pos=(39,0);moving_rule=DRRDLUU]
STEPT 182:
Watson[index=0;pos=(38,0);moving_rule=DRRDLUU]
STEPT 183:
Watson[index=0;pos=(39,0);moving_rule=DRRDLUU]
STEPT 184:
Watson[index=0;pos=(39,0);moving_rule=DRRDLUU]
STEPT 185:
Watson[index=0;pos=(39,0);moving_rule=DRRDLUU]
STEPT 186:
Watson[index=0;pos=(40,0);moving_rule=DRRDLUU]
STEPT 187:
Watson[index=0;pos=(40,0);moving_rule=DRRDLUU]
STEPT 188:
Watson[index=0;pos=(39,0);moving_rule=DRRDLUU]
STEPT 189:
Watson[index=0;pos=(38,0);moving_rule=DRRDLUU]
STEPT 190:
Watson[index=0;pos=(39,0);moving_rule=DRRDLUU]
STEPT 191:
Watson[index=0;pos=(39,0);moving_rule=DRRDLUU]
STEPT 192:
Watson[index=0;pos=(39,0);moving_rule=DRRDLUU]
STEPT 193:
Watson[index=0;pos=(40,0);moving_rule=DRRDLUU]
STEPT 194:
Watson[index=0;pos=(40,0);moving_rule=DRRDLUU]
STEPT 195:
Watson[index=0;pos=(39,0);moving_rule=DRRDLUU]
STEPT 196:
Watson[index=0;pos=(38,0);moving_rule=DRRDLUU]
STEPT 197:
Watson[index=0;pos=(39,0);moving_rule=DRRDLUU]
STEPT 198:
Watson[index=0;pos=(39,0);moving_rule=DRRDLUU]
STEPT 199:
Watson[index=0;pos=(39,0);moving_rule=DRRDLUU]
STEPT 200:
Watson[index=0;pos=(40,0);moving_rule=DRRDLUU]
