Criminal[index=0;pos=(32,2)]
Sherlock[index=1;pos=(29,9);moving_rule=LUUUUDDL]
Watson[index=2;pos=(24,10);moving_rule=LUDRRLUL]
CRIMINAL -> SHERLOCK -> WATSON
STEPT 1:
Criminal[index=0;pos=(32,1)]
Sherlock[index=1;pos=(29,8);moving_rule=LUUUUDDL]
Watson[index=2;pos=(24,9);moving_rule=LUDRRLUL]
STEPT 2:
Criminal[index=0;pos=(32,0)]
Sherlock[index=1;pos=(28,8);moving_rule=LUUUUDDL]
Watson[index=2;pos=(23,9);moving_rule=LUDRRLUL]
STEPT 3:
Criminal[index=0;pos=(33,0)]
Sherlock[index=1;pos=(28,8);moving_rule=LUUUUDDL]
Watson[index=2;pos=(24,9);moving_rule=LUDRRLUL]
STEPT 4:
Criminal[index=0;pos=(34,0)]
Sherlock[index=1;pos=(28,8);moving_rule=LUUUUDDL]
Watson[index=2;pos=(24,10);moving_rule=LUDRRLUL]
STEPT 5:
Criminal[index=0;pos=(35,0)]
Sherlock[index=1;pos=(28,8);moving_rule=LUUUUDDL]
Watson[index=2;pos=(24,10);moving_rule=LUDRRLUL]
STEPT 6:
Criminal[index=0;pos=(36,0)]
Sherlock[index=1;pos=(29,8);moving_rule=LUUUUDDL]
Watson[index=2;pos=(24,9);moving_rule=LUDRRLUL]
STEPT 7:
Criminal[index=0;pos=(35,0)]
Sherlock[index=1;pos=(30,8);moving_rule=LUUUUDDL]
Watson[index=2;pos=(23,9);moving_rule=LUDRRLUL]
STEPT 8:
Criminal[index=0;pos=(36,0)]
Sherlock[index=1;pos=(30,7);moving_rule=LUUUUDDL]
Watson[index=2;pos=(23,8);moving_rule=LUDRRLUL]
STEPT 9:
Criminal[index=0;pos=(35,0)]
Sherlock[index=1;pos=(30,6);moving_rule=LUUUUDDL]
Watson[index=2;pos=(23,7);moving_rule=LUDRRLUL]
STEPT 10:
Criminal[index=0;pos=(36,0)]
Sherlock[index=1;pos=(29,6);moving_rule=LUUUUDDL]
Watson[index=2;pos=(22,7);moving_rule=LUDRRLUL]
STEPT 11:
Criminal[index=0;pos=(35,0)]
Sherlock[index=1;pos=(28,6);moving_rule=LUUUUDDL]
Watson[index=2;pos=(23,7);moving_rule=LUDRRLUL]
STEPT 12:
Criminal[index=0;pos=(36,0)]
Sherlock[index=1;pos=(27,6);moving_rule=LUUUUDDL]
Watson[index=2;pos=(23,8);moving_rule=LUDRRLUL]
STEPT 13:
Criminal[index=0;pos=(35,0)]
Sherlock[index=1;pos=(26,6);moving_rule=LUUUUDDL]
Watson[index=2;pos=(23,9);moving_rule=LUDRRLUL]
STEPT 14:
Criminal[index=0;pos=(36,0)]
Sherlock[index=1;pos=(27,6);moving_rule=LUUUUDDL]
Watson[index=2;pos=(23,8);moving_rule=LUDRRLUL]
STEPT 15:
Criminal[index=0;pos=(35,0)]
Sherlock[index=1;pos=(28,6);moving_rule=LUUUUDDL]
Watson[index=2;pos=(23,8);moving_rule=LUDRRLUL]
STEPT 16:
Criminal[index=0;pos=(36,0)]
Sherlock[index=1;pos=(28,5);moving_rule=LUUUUDDL]
Watson[index=2;pos=(23,7);moving_rule=LUDRRLUL]
STEPT 17:
Criminal[index=0;pos=(35,0)]
Sherlock[index=1;pos=(28,4);moving_rule=LUUUUDDL]
Watson[index=2;pos=(23,6);moving_rule=LUDRRLUL]
STEPT 18:
Criminal[index=0;pos=(36,0)]
Sherlock[index=1;pos=(27,4);moving_rule=LUUUUDDL]
Watson[index=2;pos=(22,6);moving_rule=LUDRRLUL]
STEPT 19:
Criminal[index=0;pos=(35,0)]
Sherlock[index=1;pos=(26,4);moving_rule=LUUUUDDL]
Watson[index=2;pos=(23,6);moving_rule=LUDRRLUL]
STEPT 20:
Criminal[index=0;pos=(36,0)]
Sherlock[index=1;pos=(25,4);moving_rule=LUUUUDDL]
Watson[index=2;pos=(23,7);moving_rule=LUDRRLUL]
STEPT 21:
Criminal[index=0;pos=(35,0)]
Sherlock[index=1;pos=(24,4);moving_rule=LUUUUDDL]
Watson[index=2;pos=(23,8);moving_rule=LUDRRLUL]
STEPT 22:
Criminal[index=0;pos=(36,0)]
Sherlock[index=1;pos=(25,4);moving_rule=LUUUUDDL]
Watson[index=2;pos=(23,7);moving_rule=LUDRRLUL]
STEPT 23:
Criminal[index=0;pos=(35,0)]
Sherlock[index=1;pos=(26,4);moving_rule=LUUUUDDL]
Watson[index=2;pos=(22,7);moving_rule=LUDRRLUL]
STEPT 24:
Criminal[index=0;pos=(36,0)]
Sherlock[index=1;pos=(26,3);moving_rule=LUUUUDDL]
Watson[index=2;pos=(22,6);moving_rule=LUDRRLUL]
STEPT 25:
Criminal[index=0;pos=(35,0)]
Sherlock[index=1;pos=(26,2);moving_rule=LUUUUDDL]
Watson[index=2;pos=(22,5);moving_rule=LUDRRLUL]
STEPT 26:
Criminal[index=0;pos=(36,0)]
Sherlock[index=1;pos=(25,2);moving_rule=LUUUUDDL]
Watson[index=2;pos=(21,5);moving_rule=LUDRRLUL]
STEPT 27:
Criminal[index=0;pos=(35,0)]
Sherlock[index=1;pos=(24,2);moving_rule=LUUUUDDL]
Watson[index=2;pos=(22,5);moving_rule=LUDRRLUL]
STEPT 28:
Criminal[index=0;pos=(36,0)]
Sherlock[index=1;pos=(23,2);moving_rule=LUUUUDDL]
Watson[index=2;pos=(22,6);moving_rule=LUDRRLUL]
STEPT 29:
Criminal[index=0;pos=(35,0)]
Sherlock[index=1;pos=(22,2);moving_rule=LUUUUDDL]
Watson[index=2;pos=(22,7);moving_rule=LUDRRLUL]
STEPT 30:
Criminal[index=0;pos=(36,0)]
Sherlock[index=1;pos=(23,2);moving_rule=LUUUUDDL]
Watson[index=2;pos=(22,6);moving_rule=LUDRRLUL]
STEPT 31:
Criminal[index=0;pos=(35,0)]
Sherlock[index=1;pos=(24,2);moving_rule=LUUUUDDL]
Watson[index=2;pos=(21,6);moving_rule=LUDRRLUL]
STEPT 32:
Criminal[index=0;pos=(36,0)]
Sherlock[index=1;pos=(24,1);moving_rule=LUUUUDDL]
Watson[index=2;pos=(21,5);moving_rule=LUDRRLUL]
STEPT 33:
Criminal[index=0;pos=(35,0)]
Sherlock[index=1;pos=(24,0);moving_rule=LUUUUDDL]
Watson[index=2;pos=(21,4);moving_rule=LUDRRLUL]
STEPT 34:
Criminal[index=0;pos=(36,0)]
Sherlock[index=1;pos=(23,0);moving_rule=LUUUUDDL]
Watson[index=2;pos=(20,4);moving_rule=LUDRRLUL]
STEPT 35:
Criminal[index=0;pos=(36,1)]
Sherlock[index=1;pos=(22,0);moving_rule=LUUUUDDL]
Watson[index=2;pos=(21,4);moving_rule=LUDRRLUL]
STEPT 36:
Criminal[index=0;pos=(36,0)]
Sherlock[index=1;pos=(21,0);moving_rule=LUUUUDDL]
Watson[index=2;pos=(21,5);moving_rule=LUDRRLUL]
STEPT 37:
Criminal[index=0;pos=(36,1)]
Sherlock[index=1;pos=(20,0);moving_rule=LUUUUDDL]
Watson[index=2;pos=(21,6);moving_rule=LUDRRLUL]
STEPT 38:
Criminal[index=0;pos=(36,0)]
Sherlock[index=1;pos=(21,0);moving_rule=LUUUUDDL]
Watson[index=2;pos=(21,5);moving_rule=LUDRRLUL]
STEPT 39:
Criminal[index=0;pos=(36,1)]
Sherlock[index=1;pos=(22,0);moving_rule=LUUUUDDL]
Watson[index=2;pos=(20,5);moving_rule=LUDRRLUL]
STEPT 40:
Criminal[index=0;pos=(36,0)]
Sherlock[index=1;pos=(22,0);moving_rule=LUUUUDDL]
Watson[index=2;pos=(20,4);moving_rule=LUDRRLUL]
STEPT 41:
Criminal[index=0;pos=(36,1)]
Sherlock[index=1;pos=(22,0);moving_rule=LUUUUDDL]
Watson[index=2;pos=(20,3);moving_rule=LUDRRLUL]
STEPT 42:
Criminal[index=0;pos=(36,0)]
Sherlock[index=1;pos=(21,0);moving_rule=LUUUUDDL]
Watson[index=2;pos=(19,3);moving_rule=LUDRRLUL]
STEPT 43:
Criminal[index=0;pos=(36,1)]
Sherlock[index=1;pos=(20,0);moving_rule=LUUUUDDL]
Watson[index=2;pos=(20,3);moving_rule=LUDRRLUL]
STEPT 44:
Criminal[index=0;pos=(36,0)]
Sherlock[index=1;pos=(19,0);moving_rule=LUUUUDDL]
Watson[index=2;pos=(20,4);moving_rule=LUDRRLUL]
STEPT 45:
Criminal[index=0;pos=(36,1)]
Sherlock[index=1;pos=(18,0);moving_rule=LUUUUDDL]
Watson[index=2;pos=(20,5);moving_rule=LUDRRLUL]
STEPT 46:
Criminal[index=0;pos=(36,0)]
Sherlock[index=1;pos=(19,0);moving_rule=LUUUUDDL]
Watson[index=2;pos=(20,4);moving_rule=LUDRRLUL]
STEPT 47:
Criminal[index=0;pos=(36,1)]
Sherlock[index=1;pos=(20,0);moving_rule=LUUUUDDL]
Watson[index=2;pos=(19,4);moving_rule=LUDRRLUL]
STEPT 48:
Criminal[index=0;pos=(36,0)]
Sherlock[index=1;pos=(20,0);moving_rule=LUUUUDDL]
Watson[index=2;pos=(19,3);moving_rule=LUDRRLUL]
STEPT 49:
Criminal[index=0;pos=(36,1)]
Sherlock[index=1;pos=(20,0);moving_rule=LUUUUDDL]
Watson[index=2;pos=(19,2);moving_rule=LUDRRLUL]
STEPT 50:
Criminal[index=0;pos=(36,0)]
Sherlock[index=1;pos=(19,0);moving_rule=LUUUUDDL]
Watson[index=2;pos=(18,2);moving_rule=LUDRRLUL]
STEPT 51:
Criminal[index=0;pos=(36,1)]
Sherlock[index=1;pos=(18,0);moving_rule=LUUUUDDL]
Watson[index=2;pos=(19,2);moving_rule=LUDRRLUL]
STEPT 52:
Criminal[index=0;pos=(36,0)]
Sherlock[index=1;pos=(17,0);moving_rule=LUUUUDDL]
Watson[index=2;pos=(19,3);moving_rule=LUDRRLUL]
STEPT 53:
Criminal[index=0;pos=(36,1)]
Sherlock[index=1;pos=(16,0);moving_rule=LUUUUDDL]
Watson[index=2;pos=(19,4);moving_rule=LUDRRLUL]
STEPT 54:
Criminal[index=0;pos=(36,0)]
Sherlock[index=1;pos=(17,0);moving_rule=LUUUUDDL]
Watson[index=2;pos=(19,3);moving_rule=LUDRRLUL]
STEPT 55:
Criminal[index=0;pos=(36,1)]
Sherlock[index=1;pos=(18,0);moving_rule=LUUUUDDL]
Watson[index=2;pos=(18,3);moving_rule=LUDRRLUL]
STEPT 56:
Criminal[index=0;pos=(36,0)]
Sherlock[index=1;pos=(18,0);moving_rule=LUUUUDDL]
Watson[index=2;pos=(18,2);moving_rule=LUDRRLUL]
STEPT 57:
Criminal[index=0;pos=(36,1)]
Sherlock[index=1;pos=(18,0);moving_rule=LUUUUDDL]
Watson[index=2;pos=(18,1);moving_rule=LUDRRLUL]
STEPT 58:
Criminal[index=0;pos=(36,2)]
Sherlock[index=1;pos=(17,0);moving_rule=LUUUUDDL]
Watson[index=2;pos=(17,1);moving_rule=LUDRRLUL]
STEPT 59:
Criminal[index=0;pos=(36,3)]
Sherlock[index=1;pos=(16,0);moving_rule=LUUUUDDL]
Watson[index=2;pos=(18,1);moving_rule=LUDRRLUL]
STEPT 60:
Criminal[index=0;pos=(36,4)]
Sherlock[index=1;pos=(15,0);moving_rule=LUUUUDDL]
Watson[index=2;pos=(18,2);moving_rule=LUDRRLUL]
STEPT 61:
Criminal[index=0;pos=(36,5)]
Sherlock[index=1;pos=(14,0);moving_rule=LUUUUDDL]
Watson[index=2;pos=(18,3);moving_rule=LUDRRLUL]
STEPT 62:
Criminal[index=0;pos=(36,6)]
Sherlock[index=1;pos=(15,0);moving_rule=LUUUUDDL]
Watson[index=2;pos=(18,2);moving_rule=LUDRRLUL]
STEPT 63:
Criminal[index=0;pos=(36,7)]
Sherlock[index=1;pos=(16,0);moving_rule=LUUUUDDL]
Watson[index=2;pos=(17,2);moving_rule=LUDRRLUL]
STEPT 64:
Criminal[index=0;pos=(36,8)]
Sherlock[index=1;pos=(16,0);moving_rule=LUUUUDDL]
Watson[index=2;pos=(17,1);moving_rule=LUDRRLUL]
STEPT 65:
Criminal[index=0;pos=(36,9)]
Sherlock[index=1;pos=(16,0);moving_rule=LUUUUDDL]
Watson[index=2;pos=(17,0);moving_rule=LUDRRLUL]
STEPT 66:
Criminal[index=0;pos=(36,10)]
Sherlock[index=1;pos=(15,0);moving_rule=LUUUUDDL]
Watson[index=2;pos=(16,0);moving_rule=LUDRRLUL]
STEPT 67:
Criminal[index=0;pos=(35,10)]
Sherlock[index=1;pos=(14,0);moving_rule=LUUUUDDL]
Watson[index=2;pos=(17,0);moving_rule=LUDRRLUL]
STEPT 68:
Criminal[index=0;pos=(36,10)]
Sherlock[index=1;pos=(13,0);moving_rule=LUUUUDDL]
Watson[index=2;pos=(17,1);moving_rule=LUDRRLUL]
STEPT 69:
Criminal[index=0;pos=(35,10)]
Sherlock[index=1;pos=(12,0);moving_rule=LUUUUDDL]
Watson[index=2;pos=(17,2);moving_rule=LUDRRLUL]
STEPT 70:
Criminal[index=0;pos=(36,10)]
Sherlock[index=1;pos=(13,0);moving_rule=LUUUUDDL]
Watson[index=2;pos=(17,1);moving_rule=LUDRRLUL]
STEPT 71:
Criminal[index=0;pos=(35,10)]
Sherlock[index=1;pos=(14,0);moving_rule=LUUUUDDL]
Watson[index=2;pos=(16,1);moving_rule=LUDRRLUL]
STEPT 72:
Criminal[index=0;pos=(36,10)]
Sherlock[index=1;pos=(14,0);moving_rule=LUUUUDDL]
Watson[index=2;pos=(16,0);moving_rule=LUDRRLUL]
STEPT 73:
Criminal[index=0;pos=(35,10)]
Sherlock[index=1;pos=(14,0);moving_rule=LUUUUDDL]
Watson[index=2;pos=(16,0);moving_rule=LUDRRLUL]
STEPT 74:
Criminal[index=0;pos=(36,10)]
Sherlock[index=1;pos=(13,0);moving_rule=LUUUUDDL]
Watson[index=2;pos=(15,0);moving_rule=LUDRRLUL]
STEPT 75:
Criminal[index=0;pos=(35,10)]
Sherlock[index=1;pos=(12,0);moving_rule=LUUUUDDL]
Watson[index=2;pos=(16,0);moving_rule=LUDRRLUL]
STEPT 76:
Criminal[index=0;pos=(36,10)]
Sherlock[index=1;pos=(11,0);moving_rule=LUUUUDDL]
Watson[index=2;pos=(16,1);moving_rule=LUDRRLUL]
STEPT 77:
Criminal[index=0;pos=(35,10)]
Sherlock[index=1;pos=(10,0);moving_rule=LUUUUDDL]
Watson[index=2;pos=(16,2);moving_rule=LUDRRLUL]
STEPT 78:
Criminal[index=0;pos=(36,10)]
Sherlock[index=1;pos=(11,0);moving_rule=LUUUUDDL]
Watson[index=2;pos=(16,1);moving_rule=LUDRRLUL]
STEPT 79:
Criminal[index=0;pos=(35,10)]
Sherlock[index=1;pos=(12,0);moving_rule=LUUUUDDL]
Watson[index=2;pos=(15,1);moving_rule=LUDRRLUL]
STEPT 80:
Criminal[index=0;pos=(36,10)]
Sherlock[index=1;pos=(12,0);moving_rule=LUUUUDDL]
Watson[index=2;pos=(15,0);moving_rule=LUDRRLUL]
STEPT 81:
Criminal[index=0;pos=(35,10)]
Sherlock[index=1;pos=(12,0);moving_rule=LUUUUDDL]
Watson[index=2;pos=(15,0);moving_rule=LUDRRLUL]
STEPT 82:
Criminal[index=0;pos=(36,10)]
Sherlock[index=1;pos=(11,0);moving_rule=LUUUUDDL]
Watson[index=2;pos=(14,0);moving_rule=LUDRRLUL]
STEPT 83:
Criminal[index=0;pos=(35,10)]
Sherlock[index=1;pos=(10,0);moving_rule=LUUUUDDL]
Watson[index=2;pos=(15,0);moving_rule=LUDRRLUL]
STEPT 84:
Criminal[index=0;pos=(36,10)]
Sherlock[index=1;pos=(9,0);moving_rule=LUUUUDDL]
Watson[index=2;pos=(15,1);moving_rule=LUDRRLUL]
STEPT 85:
Criminal[index=0;pos=(35,10)]
Sherlock[index=1;pos=(8,0);moving_rule=LUUUUDDL]
Watson[index=2;pos=(15,2);moving_rule=LUDRRLUL]
STEPT 86:
Criminal[index=0;pos=(36,10)]
Sherlock[index=1;pos=(9,0);moving_rule=LUUUUDDL]
Watson[index=2;pos=(15,1);moving_rule=LUDRRLUL]
STEPT 87:
Criminal[index=0;pos=(35,10)]
Sherlock[index=1;pos=(10,0);moving_rule=LUUUUDDL]
Watson[index=2;pos=(14,1);moving_rule=LUDRRLUL]
STEPT 88:
Criminal[index=0;pos=(36,10)]
Sherlock[index=1;pos=(10,0);moving_rule=LUUUUDDL]
Watson[index=2;pos=(14,0);moving_rule=LUDRRLUL]
STEPT 89:
Criminal[index=0;pos=(35,10)]
Sherlock[index=1;pos=(10,0);moving_rule=LUUUUDDL]
Watson[index=2;pos=(14,0);moving_rule=LUDRRLUL]
STEPT 90:
Criminal[index=0;pos=(36,10)]
Sherlock[index=1;pos=(9,0);moving_rule=LUUUUDDL]
Watson[index=2;pos=(13,0);moving_rule=LUDRRLUL]
STEPT 91:
Criminal[index=0;pos=(35,10)]
Sherlock[index=1;pos=(8,0);moving_rule=LUUUUDDL]
Watson[index=2;pos=(14,0);moving_rule=LUDRRLUL]
STEPT 92:
Criminal[index=0;pos=(36,10)]
Sherlock[index=1;pos=(7,0);moving_rule=LUUUUDDL]
Watson[index=2;pos=(14,1);moving_rule=LUDRRLUL]
STEPT 93:
Criminal[index=0;pos=(35,10)]
Sherlock[index=1;pos=(6,0);moving_rule=LUUUUDDL]
Watson[index=2;pos=(14,2);moving_rule=LUDRRLUL]
STEPT 94:
Criminal[index=0;pos=(36,10)]
Sherlock[index=1;pos=(7,0);moving_rule=LUUUUDDL]
Watson[index=2;pos=(14,1);moving_rule=LUDRRLUL]
STEPT 95:
Criminal[index=0;pos=(35,10)]
Sherlock[index=1;pos=(8,0);moving_rule=LUUUUDDL]
Watson[index=2;pos=(13,1);moving_rule=LUDRRLUL]
STEPT 96:
Criminal[index=0;pos=(36,10)]
Sherlock[index=1;pos=(8,0);moving_rule=LUUUUDDL]
Watson[index=2;pos=(13,0);moving_rule=LUDRRLUL]
STEPT 97:
Criminal[index=0;pos=(35,10)]
Sherlock[index=1;pos=(8,0);moving_rule=LUUUUDDL]
Watson[index=2;pos=(13,0);moving_rule=LUDRRLUL]
STEPT 98:
Criminal[index=0;pos=(36,10)]
Sherlock[index=1;pos=(7,0);moving_rule=LUUUUDDL]
Watson[index=2;pos=(12,0);moving_rule=LUDRRLUL]
STEPT 99:
Criminal[index=0;pos=(35,10)]
Sherlock[index=1;pos=(6,0);moving_rule=LUUUUDDL]
Watson[index=2;pos=(13,0);moving_rule=LUDRRLUL]
STEPT 100:
Criminal[index=0;pos=(36,10)]
Sherlock[index=1;pos=(5,0);moving_rule=LUUUUDDL]
Watson[index=2;pos=(13,1);moving_rule=LUDRRLUL]
STEPT 101:
Criminal[index=0;pos=(35,10)]
Sherlock[index=1;pos=(4,0);moving_rule=LUUUUDDL]
Watson[index=2;pos=(13,2);moving_rule=LUDRRLUL]
STEPT 102:
Criminal[index=0;pos=(36,10)]
Sherlock[index=1;pos=(5,0);moving_rule=LUUUUDDL]
Watson[index=2;pos=(13,1);moving_rule=LUDRRLUL]
STEPT 103:
Criminal[index=0;pos=(35,10)]
Sherlock[index=1;pos=(6,0);moving_rule=LUUUUDDL]
Watson[index=2;pos=(12,1);moving_rule=LUDRRLUL]
STEPT 104:
Criminal[index=0;pos=(36,10)]
Sherlock[index=1;pos=(6,0);moving_rule=LUUUUDDL]
Watson[index=2;pos=(12,0);moving_rule=LUDRRLUL]
STEPT 105:
Criminal[index=0;pos=(35,10)]
Sherlock[index=1;pos=(6,0);moving_rule=LUUUUDDL]
Watson[index=2;pos=(12,0);moving_rule=LUDRRLUL]
STEPT 106:
Criminal[index=0;pos=(36,10)]
Sherlock[index=1;pos=(5,0);moving_rule=LUUUUDDL]
Watson[index=2;pos=(11,0);moving_rule=LUDRRLUL]
STEPT 107:
Criminal[index=0;pos=(35,10)]
Sherlock[index=1;pos=(4,0);moving_rule=LUUUUDDL]
Watson[index=2;pos=(12,0);moving_rule=LUDRRLUL]
STEPT 108:
Criminal[index=0;pos=(36,10)]
Sherlock[index=1;pos=(3,0);moving_rule=LUUUUDDL]
Watson[index=2;pos=(12,1);moving_rule=LUDRRLUL]
STEPT 109:
Criminal[index=0;pos=(35,10)]
Sherlock[index=1;pos=(2,0);moving_rule=LUUUUDDL]
Watson[index=2;pos=(12,2);moving_rule=LUDRRLUL]
STEPT 110:
Criminal[index=0;pos=(36,10)]
Sherlock[index=1;pos=(3,0);moving_rule=LUUUUDDL]
Watson[index=2;pos=(12,1);moving_rule=LUDRRLUL]
STEPT 111:
Criminal[index=0;pos=(35,10)]
Sherlock[index=1;pos=(4,0);moving_rule=LUUUUDDL]
Watson[index=2;pos=(11,1);moving_rule=LUDRRLUL]
STEPT 112:
Criminal[index=0;pos=(36,10)]
Sherlock[index=1;pos=(4,0);moving_rule=LUUUUDDL]
Watson[index=2;pos=(11,0);moving_rule=LUDRRLUL]
STEPT 113:
Criminal[index=0;pos=(35,10)]
Sherlock[index=1;pos=(4,0);moving_rule=LUUUUDDL]
Watson[index=2;pos=(11,0);moving_rule=LUDRRLUL]
STEPT 114:
Criminal[index=0;pos=(36,10)]
Sherlock[index=1;pos=(3,0);moving_rule=LUUUUDDL]
Watson[index=2;pos=(10,0);moving_rule=LUDRRLUL]
STEPT 115:
Criminal[index=0;pos=(35,10)]
Sherlock[index=1;pos=(2,0);moving_rule=LUUUUDDL]
Watson[index=2;pos=(11,0);moving_rule=LUDRRLUL]
STEPT 116:
Criminal[index=0;pos=(36,10)]
Sherlock[index=1;pos=(1,0);moving_rule=LUUUUDDL]
Watson[index=2;pos=(11,1);moving_rule=LUDRRLUL]
STEPT 117:
Criminal[index=0;pos=(35,10)]
Sherlock[index=1;pos=(0,0);moving_rule=LUUUUDDL]
Watson[index=2;pos=(11,2);moving_rule=LUDRRLUL]
STEPT 118:
Criminal[index=0;pos=(36,10)]
Sherlock[index=1;pos=(1,0);moving_rule=LUUUUDDL]
Watson[index=2;pos=(11,1);moving_rule=LUDRRLUL]
STEPT 119:
Criminal[index=0;pos=(35,10)]
Sherlock[index=1;pos=(2,0);moving_rule=LUUUUDDL]
Watson[index=2;pos=(10,1);moving_rule=LUDRRLUL]
STEPT 120:
Criminal[index=0;pos=(36,10)]
Sherlock[index=1;pos=(2,0);moving_rule=LUUUUDDL]
Watson[index=2;pos=(10,0);moving_rule=LUDRRLUL]
STEPT 121:
Criminal[index=0;pos=(35,10)]
Sherlock[index=1;pos=(2,0);moving_rule=LUUUUDDL]
Watson[index=2;pos=(10,0);moving_rule=LUDRRLUL]
STEPT 122:
Criminal[index=0;pos=(36,10)]
Sherlock[index=1;pos=(1,0);moving_rule=LUUUUDDL]
Watson[index=2;pos=(9,0);moving_rule=LUDRRLUL]
STEPT 123:
Criminal[index=0;pos=(35,10)]
Sherlock[index=1;pos=(0,0);moving_rule=LUUUUDDL]
Watson[index=2;pos=(10,0);moving_rule=LUDRRLUL]
STEPT 124:
Criminal[index=0;pos=(36,10)]
Sherlock[index=1;pos=(0,0);moving_rule=LUUUUDDL]
Watson[index=2;pos=(10,1);moving_rule=LUDRRLUL]
STEPT 125:
Criminal[index=0;pos=(35,10)]
Sherlock[index=1;pos=(0,0);moving_rule=LUUUUDDL]
Watson[index=2;pos=(10,2);moving_rule=LUDRRLUL]
STEPT 126:
Criminal[index=0;pos=(36,10)]
Sherlock[index=1;pos=(1,0);moving_rule=LUUUUDDL]
Watson[index=2;pos=(10,1);moving_rule=LUDRRLUL]
STEPT 127:
Criminal[index=0;pos=(35,10)]
Sherlock[index=1;pos=(2,0);moving_rule=LUUUUDDL]
Watson[index=2;pos=(9,1);moving_rule=LUDRRLUL]
STEPT 128:
Criminal[index=0;pos=(36,10)]
Sherlock[index=1;pos=(2,0);moving_rule=LUUUUDDL]
Watson[index=2;pos=(9,0);moving_rule=LUDRRLUL]
STEPT 129:
Criminal[index=0;pos=(35,10)]
Sherlock[index=1;pos=(2,0);moving_rule=LUUUUDDL]
Watson[index=2;pos=(9,0);moving_rule=LUDRRLUL]
STEPT 130:
Criminal[index=0;pos=(36,10)]
Sherlock[index=1;pos=(1,0);moving_rule=LUUUUDDL]
Watson[index=2;pos=(8,0);moving_rule=LUDRRLUL]
STEPT 131:
Criminal[index=0;pos=(35,10)]
Sherlock[index=1;pos=(0,0);moving_rule=LUUUUDDL]
Watson[index=2;pos=(9,0);moving_rule=LUDRRLUL]
STEPT 132:
Criminal[index=0;pos=(36,10)]
Sherlock[index=1;pos=(0,0);moving_rule=LUUUUDDL]
Watson[index=2;pos=(9,1);moving_rule=LUDRRLUL]
STEPT 133:
Criminal[index=0;pos=(35,10)]
Sherlock[index=1;pos=(0,0);moving_rule=LUUUUDDL]
Watson[index=2;pos=(9,2);moving_rule=LUDRRLUL]
STEPT 134:
Criminal[index=0;pos=(36,10)]
Sherlock[index=1;pos=(1,0);moving_rule=LUUUUDDL]
Watson[index=2;pos=(9,1);moving_rule=LUDRRLUL]
STEPT 135:
Criminal[index=0;pos=(35,10)]
Sherlock[index=1;pos=(2,0);moving_rule=LUUUUDDL]
Watson[index=2;pos=(8,1);moving_rule=LUDRRLUL]
STEPT 136:
Criminal[index=0;pos=(36,10)]
Sherlock[index=1;pos=(2,0);moving_rule=LUUUUDDL]
Watson[index=2;pos=(8,0);moving_rule=LUDRRLUL]
STEPT 137:
Criminal[index=0;pos=(35,10)]
Sherlock[index=1;pos=(2,0);moving_rule=LUUUUDDL]
Watson[index=2;pos=(8,0);moving_rule=LUDRRLUL]
STEPT 138:
Criminal[index=0;pos=(36,10)]
Sherlock[index=1;pos=(1,0);moving_rule=LUUUUDDL]
Watson[index=2;pos=(7,0);moving_rule=LUDRRLUL]
STEPT 139:
Criminal[index=0;pos=(35,10)]
Sherlock[index=1;pos=(0,0);moving_rule=LUUUUDDL]
Watson[index=2;pos=(8,0);moving_rule=LUDRRLUL]
STEPT 140:
Criminal[index=0;pos=(36,10)]
Sherlock[index=1;pos=(0,0);moving_rule=LUUUUDDL]
Watson[index=2;pos=(8,1);moving_rule=LUDRRLUL]
STEPT 141:
Criminal[index=0;pos=(35,10)]
Sherlock[index=1;pos=(0,0);moving_rule=LUUUUDDL]
Watson[index=2;pos=(8,2);moving_rule=LUDRRLUL]
STEPT 142:
Criminal[index=0;pos=(36,10)]
Sherlock[index=1;pos=(1,0);moving_rule=LUUUUDDL]
Watson[index=2;pos=(8,1);moving_rule=LUDRRLUL]
STEPT 143:
Criminal[index=0;pos=(35,10)]
Sherlock[index=1;pos=(2,0);moving_rule=LUUUUDDL]
Watson[index=2;pos=(7,1);moving_rule=LUDRRLUL]
STEPT 144:
Criminal[index=0;pos=(36,10)]
Sherlock[index=1;pos=(2,0);moving_rule=LUUUUDDL]
Watson[index=2;pos=(7,0);moving_rule=LUDRRLUL]
STEPT 145:
Criminal[index=0;pos=(35,10)]
Sherlock[index=1;pos=(2,0);moving_rule=LUUUUDDL]
Watson[index=2;pos=(7,0);moving_rule=LUDRRLUL]
STEPT 146:
Criminal[index=0;pos=(36,10)]
Sherlock[index=1;pos=(1,0);moving_rule=LUUUUDDL]
Watson[index=2;pos=(6,0);moving_rule=LUDRRLUL]
STEPT 147:
Criminal[index=0;pos=(35,10)]
Sherlock[index=1;pos=(0,0);moving_rule=LUUUUDDL]
Watson[index=2;pos=(7,0);moving_rule=LUDRRLUL]
STEPT 148:
Criminal[index=0;pos=(36,10)]
Sherlock[index=1;pos=(0,0);moving_rule=LUUUUDDL]
Watson[index=2;pos=(7,1);moving_rule=LUDRRLUL]
STEPT 149:
Criminal[index=0;pos=(35,10)]
Sherlock[index=1;pos=(0,0);moving_rule=LUUUUDDL]
Watson[index=2;pos=(7,2);moving_rule=LUDRRLUL]
STEPT 150:
Criminal[index=0;pos=(36,10)]
Sherlock[index=1;pos=(1,0);moving_rule=LUUUUDDL]
Watson[index=2;pos=(7,1);moving_rule=LUDRRLUL]
STEPT 151:
Criminal[index=0;pos=(35,10)]
Sherlock[index=1;pos=(2,0);moving_rule=LUUUUDDL]
Watson[index=2;pos=(6,1);moving_rule=LUDRRLUL]
STEPT 152:
Criminal[index=0;pos=(36,10)]
Sherlock[index=1;pos=(2,0);moving_rule=LUUUUDDL]
Watson[index=2;pos=(6,0);moving_rule=LUDRRLUL]
STEPT 153:
Criminal[index=0;pos=(35,10)]
Sherlock[index=1;pos=(2,0);moving_rule=LUUUUDDL]
Watson[index=2;pos=(6,0);moving_rule=LUDRRLUL]
STEPT 154:
Criminal[index=0;pos=(36,10)]
Sherlock[index=1;pos=(1,0);moving_rule=LUUUUDDL]
Watson[index=2;pos=(5,0);moving_rule=LUDRRLUL]
STEPT 155:
Criminal[index=0;pos=(35,10)]
Sherlock[index=1;pos=(0,0);moving_rule=LUUUUDDL]
Watson[index=2;pos=(6,0);moving_rule=LUDRRLUL]
STEPT 156:
Criminal[index=0;pos=(36,10)]
Sherlock[index=1;pos=(0,0);moving_rule=LUUUUDDL]
Watson[index=2;pos=(6,1);moving_rule=LUDRRLUL]
STEPT 157:
Criminal[index=0;pos=(35,10)]
Sherlock[index=1;pos=(0,0);moving_rule=LUUUUDDL]
Watson[index=2;pos=(6,2);moving_rule=LUDRRLUL]
STEPT 158:
Criminal[index=0;pos=(36,10)]
Sherlock[index=1;pos=(1,0);moving_rule=LUUUUDDL]
Watson[index=2;pos=(6,1);moving_rule=LUDRRLUL]
STEPT 159:
Criminal[index=0;pos=(35,10)]
Sherlock[index=1;pos=(2,0);moving_rule=LUUUUDDL]
Watson[index=2;pos=(5,1);moving_rule=LUDRRLUL]
STEPT 160:
Criminal[index=0;pos=(36,10)]
Sherlock[index=1;pos=(2,0);moving_rule=LUUUUDDL]
Watson[index=2;pos=(5,0);moving_rule=LUDRRLUL]
STEPT 161:
Criminal[index=0;pos=(35,10)]
Sherlock[index=1;pos=(2,0);moving_rule=LUUUUDDL]
Watson[index=2;pos=(5,0);moving_rule=LUDRRLUL]
STEPT 162:
Criminal[index=0;pos=(36,10)]
Sherlock[index=1;pos=(1,0);moving_rule=LUUUUDDL]
Watson[index=2;pos=(4,0);moving_rule=LUDRRLUL]
STEPT 163:
Criminal[index=0;pos=(35,10)]
Sherlock[index=1;pos=(0,0);moving_rule=LUUUUDDL]
Watson[index=2;pos=(5,0);moving_rule=LUDRRLUL]
STEPT 164:
Criminal[index=0;pos=(36,10)]
Sherlock[index=1;pos=(0,0);moving_rule=LUUUUDDL]
Watson[index=2;pos=(5,1);moving_rule=LUDRRLUL]
STEPT 165:
Criminal[index=0;pos=(35,10)]
Sherlock[index=1;pos=(0,0);moving_rule=LUUUUDDL]
Watson[index=2;pos=(5,2);moving_rule=LUDRRLUL]
STEPT 166:
Criminal[index=0;pos=(36,10)]
Sherlock[index=1;pos=(1,0);moving_rule=LUUUUDDL]
Watson[index=2;pos=(5,1);moving_rule=LUDRRLUL]
STEPT 167:
Criminal[index=0;pos=(35,10)]
Sherlock[index=1;pos=(2,0);moving_rule=LUUUUDDL]
Watson[index=2;pos=(4,1);moving_rule=LUDRRLUL]
STEPT 168:
Criminal[index=0;pos=(36,10)]
Sherlock[index=1;pos=(2,0);moving_rule=LUUUUDDL]
Watson[index=2;pos=(4,0);moving_rule=LUDRRLUL]
STEPT 169:
Criminal[index=0;pos=(35,10)]
Sherlock[index=1;pos=(2,0);moving_rule=LUUUUDDL]
Watson[index=2;pos=(4,0);moving_rule=LUDRRLUL]
STEPT 170:
Criminal[index=0;pos=(36,10)]
Sherlock[index=1;pos=(1,0);moving_rule=LUUUUDDL]
Watson[index=2;pos=(3,0);moving_rule=LUDRRLUL]
STEPT 171:
Criminal[index=0;pos=(35,10)]
Sherlock[index=1;pos=(0,0);moving_rule=LUUUUDDL]
Watson[index=2;pos=(4,0);moving_rule=LUDRRLUL]
STEPT 172:
Criminal[index=0;pos=(36,10)]
Sherlock[index=1;pos=(0,0);moving_rule=LUUUUDDL]
Watson[index=2;pos=(4,1);moving_rule=LUDRRLUL]
STEPT 173:
Criminal[index=0;pos=(35,10)]
Sherlock[index=1;pos=(0,0);moving_rule=LUUUUDDL]
Watson[index=2;pos=(4,2);moving_rule=LUDRRLUL]
STEPT 174:
Criminal[index=0;pos=(36,10)]
Sherlock[index=1;pos=(1,0);moving_rule=LUUUUDDL]
Watson[index=2;pos=(4,1);moving_rule=LUDRRLUL]
STEPT 175:
Criminal[index=0;pos=(35,10)]
Sherlock[index=1;pos=(2,0);moving_rule=LUUUUDDL]
Watson[index=2;pos=(3,1);moving_rule=LUDRRLUL]
STEPT 176:
Criminal[index=0;pos=(36,10)]
Sherlock[index=1;pos=(2,0);moving_rule=LUUUUDDL]
Watson[index=2;pos=(3,0);moving_rule=LUDRRLUL]
STEPT 177:
Criminal[index=0;pos=(35,10)]
Sherlock[index=1;pos=(2,0);moving_rule=LUUUUDDL]
Watson[index=2;pos=(3,0);moving_rule=LUDRRLUL]
STEPT 178:
Criminal[index=0;pos=(36,10)]
Sherlock[index=1;pos=(1,0);moving_rule=LUUUUDDL]
Watson[index=2;pos=(2,0);moving_rule=LUDRRLUL]
STEPT 179:
Criminal[index=0;pos=(35,10)]
Sherlock[index=1;pos=(0,0);moving_rule=LUUUUDDL]
Watson[index=2;pos=(3,0);moving_rule=LUDRRLUL]
STEPT 180:
Criminal[index=0;pos=(36,10)]
Sherlock[index=1;pos=(0,0);moving_rule=LUUUUDDL]
Watson[index=2;pos=(3,1);moving_rule=LUDRRLUL]
STEPT 181:
Criminal[index=0;pos=(35,10)]
Sherlock[index=1;pos=(0,0);moving_rule=LUUUUDDL]
Watson[index=2;pos=(3,2);moving_rule=LUDRRLUL]
STEPT 182:
Criminal[index=0;pos=(36,10)]
Sherlock[index=1;pos=(1,0);moving_rule=LUUUUDDL]
Watson[index=2;pos=(3,1);moving_rule=LUDRRLUL]
STEPT 183:
Criminal[index=0;pos=(35,10)]
Sherlock[index=1;pos=(2,0);moving_rule=LUUUUDDL]
Watson[index=2;pos=(2,1);moving_rule=LUDRRLUL]
STEPT 184:
Criminal[index=0;pos=(36,10)]
Sherlock[index=1;pos=(2,0);moving_rule=LUUUUDDL]
Watson[index=2;pos=(2,0);moving_rule=LUDRRLUL]
STEPT 185:
Criminal[index=0;pos=(35,10)]
Sherlock[index=1;pos=(2,0);moving_rule=LUUUUDDL]
Watson[index=2;pos=(2,0);moving_rule=LUDRRLUL]
STEPT 186:
Criminal[index=0;pos=(36,10)]
Sherlock[index=1;pos=(1,0);moving_rule=LUUUUDDL]
Watson[index=2;pos=(1,0);moving_rule=LUDRRLUL]
STEPT 187:
Criminal[index=0;pos=(35,10)]
Sherlock[index=1;pos=(0,0);moving_rule=LUUUUDDL]
Watson[index=2;pos=(2,0);moving_rule=LUDRRLUL]
STEPT 188:
Criminal[index=0;pos=(36,10)]
Sherlock[index=1;pos=(0,0);moving_rule=LUUUUDDL]
Watson[index=2;pos=(2,1);moving_rule=LUDRRLUL]
STEPT 189:
Criminal[index=0;pos=(35,10)]
Sherlock[index=1;pos=(0,0);moving_rule=LUUUUDDL]
Watson[index=2;pos=(2,2);moving_rule=LUDRRLUL]
STEPT 190:
Criminal[index=0;pos=(36,10)]
Sherlock[index=1;pos=(1,0);moving_rule=LUUUUDDL]
Watson[index=2;pos=(2,1);moving_rule=LUDRRLUL]
STEPT 191:
Criminal[index=0;pos=(35,10)]
Sherlock[index=1;pos=(2,0);moving_rule=LUUUUDDL]
Watson[index=2;pos=(1,1);moving_rule=LUDRRLUL]
STEPT 192:
Criminal[index=0;pos=(36,10)]
Sherlock[index=1;pos=(2,0);moving_rule=LUUUUDDL]
Watson[index=2;pos=(1,0);moving_rule=LUDRRLUL]
STEPT 193:
Criminal[index=0;pos=(35,10)]
Sherlock[index=1;pos=(2,0);moving_rule=LUUUUDDL]
Watson[index=2;pos=(1,0);moving_rule=LUDRRLUL]
STEPT 194:
Criminal[index=0;pos=(36,10)]
Sherlock[index=1;pos=(1,0);moving_rule=LUUUUDDL]
Watson[index=2;pos=(0,0);moving_rule=LUDRRLUL]
STEPT 195:
Criminal[index=0;pos=(35,10)]
Sherlock[index=1;pos=(0,0);moving_rule=LUUUUDDL]
Watson[index=2;pos=(1,0);moving_rule=LUDRRLUL]
STEPT 196:
Criminal[index=0;pos=(36,10)]
Sherlock[index=1;pos=(0,0);moving_rule=LUUUUDDL]
Watson[index=2;pos=(1,1);moving_rule=LUDRRLUL]
STEPT 197:
Criminal[index=0;pos=(35,10)]
Sherlock[index=1;pos=(0,0);moving_rule=LUUUUDDL]
Watson[index=2;pos=(1,2);moving_rule=LUDRRLUL]
STEPT 198:
Criminal[index=0;pos=(36,10)]
Sherlock[index=1;pos=(1,0);moving_rule=LUUUUDDL]
Watson[index=2;pos=(1,1);moving_rule=LUDRRLUL]
STEPT 199:
Criminal[index=0;pos=(35,10)]
Sherlock[index=1;pos=(2,0);moving_rule=LUUUUDDL]
Watson[index=2;pos=(1,1);moving_rule=LUDRRLUL]
STEPT 200:
Criminal[index=0;pos=(36,10)]
Sherlock[index=1;pos=(2,0);moving_rule=LUUUUDDL]
Watson[index=2;pos=(1,0);moving_rule=LUDRRLUL]
