Criminal[index=0;pos=(0,0)]
Sherlock[index=1;pos=(1,4);moving_rule=DRDDDLL]
Watson[index=2;pos=(2,6);moving_rule=LLRUULRRLLDDDL]
CRIMINAL -> SHERLOCK -> WATSON
STEPT 1:
Criminal[index=0;pos=(1,0)]
Sherlock[index=1;pos=(2,4);moving_rule=DRDDDLL]
Watson[index=2;pos=(2,5);moving_rule=LLRUULRRLLDDDL]
STEPT 2:
Criminal[index=0;pos=(0,0)]
Sherlock[index=1;pos=(2,5);moving_rule=DRDDDLL]
Watson[index=2;pos=(2,4);moving_rule=LLRUULRRLLDDDL]
STEPT 3:
Criminal[index=0;pos=(1,0)]
Sherlock[index=1;pos=(2,5);moving_rule=DRDDDLL]
Watson[index=2;pos=(2,5);moving_rule=LLRUULRRLLDDDL]
STEPT 4:
Criminal[index=0;pos=(0,0)]
Sherlock[index=1;pos=(2,5);moving_rule=DRDDDLL]
Watson[index=2;pos=(1,5);moving_rule=LLRUULRRLLDDDL]
STEPT 5:
Criminal[index=0;pos=(1,0)]
Sherlock[index=1;pos=(2,5);moving_rule=DRDDDLL]
Watson[index=2;pos=(0,5);moving_rule=LLRUULRRLLDDDL]
STEPT 6:
Criminal[index=0;pos=(0,0)]
Sherlock[index=1;pos=(2,4);moving_rule=DRDDDLL]
Watson[index=2;pos=(0,4);moving_rule=LLRUULRRLLDDDL]
STEPT 7:
Criminal[index=0;pos=(1,0)]
Sherlock[index=1;pos=(2,3);moving_rule=DRDDDLL]
Watson[index=2;pos=(0,5);moving_rule=LLRUULRRLLDDDL]
STEPT 8:
Criminal[index=0;pos=(0,0)]
Sherlock[index=1;pos=(2,3);moving_rule=DRDDDLL]
Watson[index=2;pos=(0,6);moving_rule=LLRUULRRLLDDDL]
STEPT 9:
Criminal[index=0;pos=(1,0)]
Sherlock[index=1;pos=(2,4);moving_rule=DRDDDLL]
Watson[index=2;pos=(0,5);moving_rule=LLRUULRRLLDDDL]
STEPT 10:
Criminal[index=0;pos=(0,0)]
Sherlock[index=1;pos=(2,4);moving_rule=DRDDDLL]
Watson[index=2;pos=(0,4);moving_rule=LLRUULRRLLDDDL]
STEPT 11:
Criminal[index=0;pos=(1,0)]
Sherlock[index=1;pos=(2,4);moving_rule=DRDDDLL]
Watson[index=2;pos=(1,4);moving_rule=LLRUULRRLLDDDL]
STEPT 12:
Criminal[index=0;pos=(0,0)]
Sherlock[index=1;pos=(2,4);moving_rule=DRDDDLL]
Watson[index=2;pos=(2,4);moving_rule=LLRUULRRLLDDDL]
STEPT 13:
Criminal[index=0;pos=(1,0)]
Sherlock[index=1;pos=(2,3);moving_rule=DRDDDLL]
Watson[index=2;pos=(2,4);moving_rule=LLRUULRRLLDDDL]
STEPT 14:
Criminal[index=0;pos=(0,0)]
Sherlock[index=1;pos=(2,2);moving_rule=DRDDDLL]
Watson[index=2;pos=(2,3);moving_rule=LLRUULRRLLDDDL]
STEPT 15:
Criminal[index=0;pos=(1,0)]
Sherlock[index=1;pos=(2,2);moving_rule=DRDDDLL]
Watson[index=2;pos=(2,2);moving_rule=LLRUULRRLLDDDL]
STEPT 16:
Criminal[index=0;pos=(0,0)]
Sherlock[index=1;pos=(2,3);moving_rule=DRDDDLL]
Watson[index=2;pos=(2,1);moving_rule=LLRUULRRLLDDDL]
STEPT 17:
Criminal[index=0;pos=(1,0)]
Sherlock[index=1;pos=(2,3);moving_rule=DRDDDLL]
Watson[index=2;pos=(2,2);moving_rule=LLRUULRRLLDDDL]
STEPT 18:
Criminal[index=0;pos=(0,0)]
Sherlock[index=1;pos=(2,3);moving_rule=DRDDDLL]
Watson[index=2;pos=(1,2);moving_rule=LLRUULRRLLDDDL]
STEPT 19:
Criminal[index=0;pos=(1,0)]
Sherlock[index=1;pos=(2,3);moving_rule=DRDDDLL]
Watson[index=2;pos=(0,2);moving_rule=LLRUULRRLLDDDL]
STEPT 20:
Criminal[index=0;pos=(0,0)]
Sherlock[index=1;pos=(2,2);moving_rule=DRDDDLL]
Watson[index=2;pos=(0,1);moving_rule=LLRUULRRLLDDDL]
STEPT 21:
Criminal[index=0;pos=(1,0)]
Sherlock[index=1;pos=(2,1);moving_rule=DRDDDLL]
Watson[index=2;pos=(0,2);moving_rule=LLRUULRRLLDDDL]
STEPT 22:
Criminal[index=0;pos=(0,0)]
Sherlock[index=1;pos=(2,1);moving_rule=DRDDDLL]
Watson[index=2;pos=(0,3);moving_rule=LLRUULRRLLDDDL]
STEPT 23:
Criminal[index=0;pos=(1,0)]
Sherlock[index=1;pos=(2,2);moving_rule=DRDDDLL]
Watson[index=2;pos=(0,2);moving_rule=LLRUULRRLLDDDL]
STEPT 24:
Criminal[index=0;pos=(0,0)]
Sherlock[index=1;pos=(2,2);moving_rule=DRDDDLL]
Watson[index=2;pos=(0,1);moving_rule=LLRUULRRLLDDDL]
STEPT 25:
Criminal[index=0;pos=(1,0)]
Sherlock[index=1;pos=(2,2);moving_rule=DRDDDLL]
Watson[index=2;pos=(0,1);moving_rule=LLRUULRRLLDDDL]
STEPT 26:
Criminal[index=0;pos=(0,0)]
Sherlock[index=1;pos=(2,2);moving_rule=DRDDDLL]
Watson[index=2;pos=(0,1);moving_rule=LLRUULRRLLDDDL]
STEPT 27:
Criminal[index=0;pos=(1,0)]
Sherlock[index=1;pos=(2,1);moving_rule=DRDDDLL]
Watson[index=2;pos=(0,1);moving_rule=LLRUULRRLLDDDL]
STEPT 28:
Criminal[index=0;pos=(0,0)]
Sherlock[index=1;pos=(2,0);moving_rule=DRDDDLL]
Watson[index=2;pos=(0,0);moving_rule=LLRUULRRLLDDDL]
STEPT 29:
Criminal[index=0;pos=(0,1)]
Sherlock[index=1;pos=(2,0);moving_rule=DRDDDLL]
Watson[index=2;pos=(0,0);moving_rule=LLRUULRRLLDDDL]
STEPT 30:
Criminal[index=0;pos=(0,2)]
Sherlock[index=1;pos=(2,1);moving_rule=DRDDDLL]
Watson[index=2;pos=(0,0);moving_rule=LLRUULRRLLDDDL]
STEPT 31:
Criminal[index=0;pos=(0,3)]
Sherlock[index=1;pos=(2,1);moving_rule=DRDDDLL]
Watson[index=2;pos=(0,1);moving_rule=LLRUULRRLLDDDL]
STEPT 32:
Criminal[index=0;pos=(0,4)]
Sherlock[index=1;pos=(2,1);moving_rule=DRDDDLL]
Watson[index=2;pos=(0,1);moving_rule=LLRUULRRLLDDDL]
STEPT 33:
Criminal[index=0;pos=(0,5)]
Sherlock[index=1;pos=(2,1);moving_rule=DRDDDLL]
Watson[index=2;pos=(0,1);moving_rule=LLRUULRRLLDDDL]
STEPT 34:
Criminal[index=0;pos=(0,6)]
Sherlock[index=1;pos=(2,0);moving_rule=DRDDDLL]
Watson[index=2;pos=(0,0);moving_rule=LLRUULRRLLDDDL]
STEPT 35:
Criminal[index=0;pos=(0,7)]
Sherlock[index=1;pos=(2,0);moving_rule=DRDDDLL]
Watson[index=2;pos=(0,1);moving_rule=LLRUULRRLLDDDL]
STEPT 36:
Criminal[index=0;pos=(0,8)]
Sherlock[index=1;pos=(2,0);moving_rule=DRDDDLL]
Watson[index=2;pos=(0,2);moving_rule=LLRUULRRLLDDDL]
STEPT 37:
Criminal[index=0;pos=(0,9)]
Sherlock[index=1;pos=(2,1);moving_rule=DRDDDLL]
Watson[index=2;pos=(0,1);moving_rule=LLRUULRRLLDDDL]
STEPT 38:
Criminal[index=0;pos=(0,10)]
Sherlock[index=1;pos=(2,1);moving_rule=DRDDDLL]
Watson[index=2;pos=(0,0);moving_rule=LLRUULRRLLDDDL]
STEPT 39:
Criminal[index=0;pos=(0,11)]
Sherlock[index=1;pos=(2,1);moving_rule=DRDDDLL]
Watson[index=2;pos=(1,0);moving_rule=LLRUULRRLLDDDL]
STEPT 40:
Criminal[index=0;pos=(0,12)]
Sherlock[index=1;pos=(2,1);moving_rule=DRDDDLL]
Watson[index=2;pos=(2,0);moving_rule=LLRUULRRLLDDDL]
STEPT 41:
Criminal[index=0;pos=(0,13)]
Sherlock[index=1;pos=(2,0);moving_rule=DRDDDLL]
Watson[index=2;pos=(2,0);moving_rule=LLRUULRRLLDDDL]
STEPT 42:
Criminal[index=0;pos=(0,14)]
Sherlock[index=1;pos=(2,0);moving_rule=DRDDDLL]
Watson[index=2;pos=(2,0);moving_rule=LLRUULRRLLDDDL]
STEPT 43:
Criminal[index=0;pos=(0,15)]
Sherlock[index=1;pos=(2,0);moving_rule=DRDDDLL]
Watson[index=2;pos=(2,0);moving_rule=LLRUULRRLLDDDL]
STEPT 44:
Criminal[index=0;pos=(0,16)]
Sherlock[index=1;pos=(2,1);moving_rule=DRDDDLL]
Watson[index=2;pos=(2,0);moving_rule=LLRUULRRLLDDDL]
STEPT 45:
Criminal[index=0;pos=(0,17)]
Sherlock[index=1;pos=(2,1);moving_rule=DRDDDLL]
Watson[index=2;pos=(2,1);moving_rule=LLRUULRRLLDDDL]
STEPT 46:
Criminal[index=0;pos=(0,16)]
Sherlock[index=1;pos=(2,1);moving_rule=DRDDDLL]
Watson[index=2;pos=(2,1);moving_rule=LLRUULRRLLDDDL]
STEPT 47:
Criminal[index=0;pos=(0,17)]
Sherlock[index=1;pos=(2,1);moving_rule=DRDDDLL]
Watson[index=2;pos=(2,1);moving_rule=LLRUULRRLLDDDL]
STEPT 48:
Criminal[index=0;pos=(0,16)]
Sherlock[index=1;pos=(2,0);moving_rule=DRDDDLL]
Watson[index=2;pos=(2,0);moving_rule=LLRUULRRLLDDDL]
STEPT 49:
Criminal[index=0;pos=(0,17)]
Sherlock[index=1;pos=(2,0);moving_rule=DRDDDLL]
Watson[index=2;pos=(2,1);moving_rule=LLRUULRRLLDDDL]
STEPT 50:
Criminal[index=0;pos=(0,16)]
Sherlock[index=1;pos=(2,0);moving_rule=DRDDDLL]
Watson[index=2;pos=(2,2);moving_rule=LLRUULRRLLDDDL]
STEPT 51:
Criminal[index=0;pos=(0,17)]
Sherlock[index=1;pos=(2,1);moving_rule=DRDDDLL]
Watson[index=2;pos=(2,1);moving_rule=LLRUULRRLLDDDL]
STEPT 52:
Criminal[index=0;pos=(0,16)]
Sherlock[index=1;pos=(2,1);moving_rule=DRDDDLL]
Watson[index=2;pos=(2,0);moving_rule=LLRUULRRLLDDDL]
STEPT 53:
Criminal[index=0;pos=(0,17)]
Sherlock[index=1;pos=(2,1);moving_rule=DRDDDLL]
Watson[index=2;pos=(2,0);moving_rule=LLRUULRRLLDDDL]
STEPT 54:
Criminal[index=0;pos=(0,16)]
Sherlock[index=1;pos=(2,1);moving_rule=DRDDDLL]
Watson[index=2;pos=(2,0);moving_rule=LLRUULRRLLDDDL]
STEPT 55:
Criminal[index=0;pos=(0,17)]
Sherlock[index=1;pos=(2,0);moving_rule=DRDDDLL]
Watson[index=2;pos=(2,0);moving_rule=LLRUULRRLLDDDL]
STEPT 56:
Criminal[index=0;pos=(0,16)]
Sherlock[index=1;pos=(2,0);moving_rule=DRDDDLL]
Watson[index=2;pos=(2,0);moving_rule=LLRUULRRLLDDDL]
STEPT 57:
Criminal[index=0;pos=(0,17)]
Sherlock[index=1;pos=(2,0);moving_rule=DRDDDLL]
Watson[index=2;pos=(2,0);moving_rule=LLRUULRRLLDDDL]
STEPT 58:
Criminal[index=0;pos=(0,16)]
Sherlock[index=1;pos=(2,1);moving_rule=DRDDDLL]
Watson[index=2;pos=(2,0);moving_rule=LLRUULRRLLDDDL]
STEPT 59:
Criminal[index=0;pos=(0,17)]
Sherlock[index=1;pos=(2,1);moving_rule=DRDDDLL]
Watson[index=2;pos=(2,1);moving_rule=LLRUULRRLLDDDL]
STEPT 60:
Criminal[index=0;pos=(0,16)]
Sherlock[index=1;pos=(2,1);moving_rule=DRDDDLL]
Watson[index=2;pos=(2,1);moving_rule=LLRUULRRLLDDDL]
STEPT 61:
Criminal[index=0;pos=(0,17)]
Sherlock[index=1;pos=(2,1);moving_rule=DRDDDLL]
Watson[index=2;pos=(2,1);moving_rule=LLRUULRRLLDDDL]
STEPT 62:
Criminal[index=0;pos=(0,16)]
Sherlock[index=1;pos=(2,0);moving_rule=DRDDDLL]
Watson[index=2;pos=(2,0);moving_rule=LLRUULRRLLDDDL]
STEPT 63:
Criminal[index=0;pos=(0,17)]
Sherlock[index=1;pos=(2,0);moving_rule=DRDDDLL]
Watson[index=2;pos=(2,1);moving_rule=LLRUULRRLLDDDL]
STEPT 64:
Criminal[index=0;pos=(0,16)]
Sherlock[index=1;pos=(2,0);moving_rule=DRDDDLL]
Watson[index=2;pos=(2,2);moving_rule=LLRUULRRLLDDDL]
STEPT 65:
Criminal[index=0;pos=(0,17)]
Sherlock[index=1;pos=(2,1);moving_rule=DRDDDLL]
Watson[index=2;pos=(2,1);moving_rule=LLRUULRRLLDDDL]
STEPT 66:
Criminal[index=0;pos=(0,16)]
Sherlock[index=1;pos=(2,1);moving_rule=DRDDDLL]
Watson[index=2;pos=(2,0);moving_rule=LLRUULRRLLDDDL]
STEPT 67:
Criminal[index=0;pos=(0,17)]
Sherlock[index=1;pos=(2,1);moving_rule=DRDDDLL]
Watson[index=2;pos=(2,0);moving_rule=LLRUULRRLLDDDL]
STEPT 68:
Criminal[index=0;pos=(0,16)]
Sherlock[index=1;pos=(2,1);moving_rule=DRDDDLL]
Watson[index=2;pos=(2,0);moving_rule=LLRUULRRLLDDDL]
STEPT 69:
Criminal[index=0;pos=(0,17)]
Sherlock[index=1;pos=(2,0);moving_rule=DRDDDLL]
Watson[index=2;pos=(2,0);moving_rule=LLRUULRRLLDDDL]
STEPT 70:
Criminal[index=0;pos=(0,16)]
Sherlock[index=1;pos=(2,0);moving_rule=DRDDDLL]
Watson[index=2;pos=(2,0);moving_rule=LLRUULRRLLDDDL]
STEPT 71:
Criminal[index=0;pos=(0,17)]
Sherlock[index=1;pos=(2,0);moving_rule=DRDDDLL]
Watson[index=2;pos=(2,0);moving_rule=LLRUULRRLLDDDL]
STEPT 72:
Criminal[index=0;pos=(0,16)]
Sherlock[index=1;pos=(2,1);moving_rule=DRDDDLL]
Watson[index=2;pos=(2,0);moving_rule=LLRUULRRLLDDDL]
STEPT 73:
Criminal[index=0;pos=(0,17)]
Sherlock[index=1;pos=(2,1);moving_rule=DRDDDLL]
Watson[index=2;pos=(2,1);moving_rule=LLRUULRRLLDDDL]
STEPT 74:
Criminal[index=0;pos=(0,16)]
Sherlock[index=1;pos=(2,1);moving_rule=DRDDDLL]
Watson[index=2;pos=(2,1);moving_rule=LLRUULRRLLDDDL]
STEPT 75:
Criminal[index=0;pos=(0,17)]
Sherlock[index=1;pos=(2,1);moving_rule=DRDDDLL]
Watson[index=2;pos=(2,1);moving_rule=LLRUULRRLLDDDL]
STEPT 76:
Criminal[index=0;pos=(0,16)]
Sherlock[index=1;pos=(2,0);moving_rule=DRDDDLL]
Watson[index=2;pos=(2,0);moving_rule=LLRUULRRLLDDDL]
STEPT 77:
Criminal[index=0;pos=(0,17)]
Sherlock[index=1;pos=(2,0);moving_rule=DRDDDLL]
Watson[index=2;pos=(2,1);moving_rule=LLRUULRRLLDDDL]
STEPT 78:
Criminal[index=0;pos=(0,16)]
Sherlock[index=1;pos=(2,0);moving_rule=DRDDDLL]
Watson[index=2;pos=(2,2);moving_rule=LLRUULRRLLDDDL]
STEPT 79:
Criminal[index=0;pos=(0,17)]
Sherlock[index=1;pos=(2,1);moving_rule=DRDDDLL]
Watson[index=2;pos=(2,1);moving_rule=LLRUULRRLLDDDL]
STEPT 80:
Criminal[index=0;pos=(0,16)]
Sherlock[index=1;pos=(2,1);moving_rule=DRDDDLL]
Watson[index=2;pos=(2,0);moving_rule=LLRUULRRLLDDDL]
STEPT 81:
Criminal[index=0;pos=(0,17)]
Sherlock[index=1;pos=(2,1);moving_rule=DRDDDLL]
Watson[index=2;pos=(2,0);moving_rule=LLRUULRRLLDDDL]
STEPT 82:
Criminal[index=0;pos=(0,16)]
Sherlock[index=1;pos=(2,1);moving_rule=DRDDDLL]
Watson[index=2;pos=(2,0);moving_rule=LLRUULRRLLDDDL]
STEPT 83:
Criminal[index=0;pos=(0,17)]
Sherlock[index=1;pos=(2,0);moving_rule=DRDDDLL]
Watson[index=2;pos=(2,0);moving_rule=LLRUULRRLLDDDL]
STEPT 84:
Criminal[index=0;pos=(0,16)]
Sherlock[index=1;pos=(2,0);moving_rule=DRDDDLL]
Watson[index=2;pos=(2,0);moving_rule=LLRUULRRLLDDDL]
STEPT 85:
Criminal[index=0;pos=(0,17)]
Sherlock[index=1;pos=(2,0);moving_rule=DRDDDLL]
Watson[index=2;pos=(2,0);moving_rule=LLRUULRRLLDDDL]
STEPT 86:
Criminal[index=0;pos=(0,16)]
Sherlock[index=1;pos=(2,1);moving_rule=DRDDDLL]
Watson[index=2;pos=(2,0);moving_rule=LLRUULRRLLDDDL]
STEPT 87:
Criminal[index=0;pos=(0,17)]
Sherlock[index=1;pos=(2,1);moving_rule=DRDDDLL]
Watson[index=2;pos=(2,1);moving_rule=LLRUULRRLLDDDL]
STEPT 88:
Criminal[index=0;pos=(0,16)]
Sherlock[index=1;pos=(2,1);moving_rule=DRDDDLL]
Watson[index=2;pos=(2,1);moving_rule=LLRUULRRLLDDDL]
STEPT 89:
Criminal[index=0;pos=(0,17)]
Sherlock[index=1;pos=(2,1);moving_rule=DRDDDLL]
Watson[index=2;pos=(2,1);moving_rule=LLRUULRRLLDDDL]
STEPT 90:
Criminal[index=0;pos=(0,16)]
Sherlock[index=1;pos=(2,0);moving_rule=DRDDDLL]
Watson[index=2;pos=(2,0);moving_rule=LLRUULRRLLDDDL]
STEPT 91:
Criminal[index=0;pos=(0,17)]
Sherlock[index=1;pos=(2,0);moving_rule=DRDDDLL]
Watson[index=2;pos=(2,1);moving_rule=LLRUULRRLLDDDL]
STEPT 92:
Criminal[index=0;pos=(0,16)]
Sherlock[index=1;pos=(2,0);moving_rule=DRDDDLL]
Watson[index=2;pos=(2,2);moving_rule=LLRUULRRLLDDDL]
STEPT 93:
Criminal[index=0;pos=(0,17)]
Sherlock[index=1;pos=(2,1);moving_rule=DRDDDLL]
Watson[index=2;pos=(2,1);moving_rule=LLRUULRRLLDDDL]
STEPT 94:
Criminal[index=0;pos=(0,16)]
Sherlock[index=1;pos=(2,1);moving_rule=DRDDDLL]
Watson[index=2;pos=(2,0);moving_rule=LLRUULRRLLDDDL]
STEPT 95:
Criminal[index=0;pos=(0,17)]
Sherlock[index=1;pos=(2,1);moving_rule=DRDDDLL]
Watson[index=2;pos=(2,0);moving_rule=LLRUULRRLLDDDL]
STEPT 96:
Criminal[index=0;pos=(0,16)]
Sherlock[index=1;pos=(2,1);moving_rule=DRDDDLL]
Watson[index=2;pos=(2,0);moving_rule=LLRUULRRLLDDDL]
STEPT 97:
Criminal[index=0;pos=(0,17)]
Sherlock[index=1;pos=(2,0);moving_rule=DRDDDLL]
Watson[index=2;pos=(2,0);moving_rule=LLRUULRRLLDDDL]
STEPT 98:
Criminal[index=0;pos=(0,16)]
Sherlock[index=1;pos=(2,0);moving_rule=DRDDDLL]
Watson[index=2;pos=(2,0);moving_rule=LLRUULRRLLDDDL]
STEPT 99:
Criminal[index=0;pos=(0,17)]
Sherlock[index=1;pos=(2,0);moving_rule=DRDDDLL]
Watson[index=2;pos=(2,0);moving_rule=LLRUULRRLLDDDL]
STEPT 100:
Criminal[index=0;pos=(0,16)]
Sherlock[index=1;pos=(2,1);moving_rule=DRDDDLL]
Watson[index=2;pos=(2,0);moving_rule=LLRUULRRLLDDDL]
STEPT 101:
Criminal[index=0;pos=(0,17)]
Sherlock[index=1;pos=(2,1);moving_rule=DRDDDLL]
Watson[index=2;pos=(2,1);moving_rule=LLRUULRRLLDDDL]
STEPT 102:
Criminal[index=0;pos=(0,16)]
Sherlock[index=1;pos=(2,1);moving_rule=DRDDDLL]
Watson[index=2;pos=(2,1);moving_rule=LLRUULRRLLDDDL]
STEPT 103:
Criminal[index=0;pos=(0,17)]
Sherlock[index=1;pos=(2,1);moving_rule=DRDDDLL]
Watson[index=2;pos=(2,1);moving_rule=LLRUULRRLLDDDL]
STEPT 104:
Criminal[index=0;pos=(0,16)]
Sherlock[index=1;pos=(2,0);moving_rule=DRDDDLL]
Watson[index=2;pos=(2,0);moving_rule=LLRUULRRLLDDDL]
STEPT 105:
Criminal[index=0;pos=(0,17)]
Sherlock[index=1;pos=(2,0);moving_rule=DRDDDLL]
Watson[index=2;pos=(2,1);moving_rule=LLRUULRRLLDDDL]
STEPT 106:
Criminal[index=0;pos=(0,16)]
Sherlock[index=1;pos=(2,0);moving_rule=DRDDDLL]
Watson[index=2;pos=(2,2);moving_rule=LLRUULRRLLDDDL]
STEPT 107:
Criminal[index=0;pos=(0,17)]
Sherlock[index=1;pos=(2,1);moving_rule=DRDDDLL]
Watson[index=2;pos=(2,1);moving_rule=LLRUULRRLLDDDL]
STEPT 108:
Criminal[index=0;pos=(0,16)]
Sherlock[index=1;pos=(2,1);moving_rule=DRDDDLL]
Watson[index=2;pos=(2,0);moving_rule=LLRUULRRLLDDDL]
STEPT 109:
Criminal[index=0;pos=(0,17)]
Sherlock[index=1;pos=(2,1);moving_rule=DRDDDLL]
Watson[index=2;pos=(2,0);moving_rule=LLRUULRRLLDDDL]
STEPT 110:
Criminal[index=0;pos=(0,16)]
Sherlock[index=1;pos=(2,1);moving_rule=DRDDDLL]
Watson[index=2;pos=(2,0);moving_rule=LLRUULRRLLDDDL]
STEPT 111:
Criminal[index=0;pos=(0,17)]
Sherlock[index=1;pos=(2,0);moving_rule=DRDDDLL]
Watson[index=2;pos=(2,0);moving_rule=LLRUULRRLLDDDL]
STEPT 112:
Criminal[index=0;pos=(0,16)]
Sherlock[index=1;pos=(2,0);moving_rule=DRDDDLL]
Watson[index=2;pos=(2,0);moving_rule=LLRUULRRLLDDDL]
STEPT 113:
Criminal[index=0;pos=(0,17)]
Sherlock[index=1;pos=(2,0);moving_rule=DRDDDLL]
Watson[index=2;pos=(2,0);moving_rule=LLRUULRRLLDDDL]
STEPT 114:
Criminal[index=0;pos=(0,16)]
Sherlock[index=1;pos=(2,1);moving_rule=DRDDDLL]
Watson[index=2;pos=(2,0);moving_rule=LLRUULRRLLDDDL]
STEPT 115:
Criminal[index=0;pos=(0,17)]
Sherlock[index=1;pos=(2,1);moving_rule=DRDDDLL]
Watson[index=2;pos=(2,1);moving_rule=LLRUULRRLLDDDL]
STEPT 116:
Criminal[index=0;pos=(0,16)]
Sherlock[index=1;pos=(2,1);moving_rule=DRDDDLL]
Watson[index=2;pos=(2,1);moving_rule=LLRUULRRLLDDDL]
STEPT 117:
Criminal[index=0;pos=(0,17)]
Sherlock[index=1;pos=(2,1);moving_rule=DRDDDLL]
Watson[index=2;pos=(2,1);moving_rule=LLRUULRRLLDDDL]
STEPT 118:
Criminal[index=0;pos=(0,16)]
Sherlock[index=1;pos=(2,0);moving_rule=DRDDDLL]
Watson[index=2;pos=(2,0);moving_rule=LLRUULRRLLDDDL]
STEPT 119:
Criminal[index=0;pos=(0,17)]
Sherlock[index=1;pos=(2,0);moving_rule=DRDDDLL]
Watson[index=2;pos=(2,1);moving_rule=LLRUULRRLLDDDL]
STEPT 120:
Criminal[index=0;pos=(0,16)]
Sherlock[index=1;pos=(2,0);moving_rule=DRDDDLL]
Watson[index=2;pos=(2,2);moving_rule=LLRUULRRLLDDDL]
STEPT 121:
Criminal[index=0;pos=(0,17)]
Sherlock[index=1;pos=(2,1);moving_rule=DRDDDLL]
Watson[index=2;pos=(2,1);moving_rule=LLRUULRRLLDDDL]
STEPT 122:
Criminal[index=0;pos=(0,16)]
Sherlock[index=1;pos=(2,1);moving_rule=DRDDDLL]
Watson[index=2;pos=(2,0);moving_rule=LLRUULRRLLDDDL]
STEPT 123:
Criminal[index=0;pos=(0,17)]
Sherlock[index=1;pos=(2,1);moving_rule=DRDDDLL]
Watson[index=2;pos=(2,0);moving_rule=LLRUULRRLLDDDL]
STEPT 124:
Criminal[index=0;pos=(0,16)]
Sherlock[index=1;pos=(2,1);moving_rule=DRDDDLL]
Watson[index=2;pos=(2,0);moving_rule=LLRUULRRLLDDDL]
STEPT 125:
Criminal[index=0;pos=(0,17)]
Sherlock[index=1;pos=(2,0);moving_rule=DRDDDLL]
Watson[index=2;pos=(2,0);moving_rule=LLRUULRRLLDDDL]
STEPT 126:
Criminal[index=0;pos=(0,16)]
Sherlock[index=1;pos=(2,0);moving_rule=DRDDDLL]
Watson[index=2;pos=(2,0);moving_rule=LLRUULRRLLDDDL]
STEPT 127:
Criminal[index=0;pos=(0,17)]
Sherlock[index=1;pos=(2,0);moving_rule=DRDDDLL]
Watson[index=2;pos=(2,0);moving_rule=LLRUULRRLLDDDL]
STEPT 128:
Criminal[index=0;pos=(0,16)]
Sherlock[index=1;pos=(2,1);moving_rule=DRDDDLL]
Watson[index=2;pos=(2,0);moving_rule=LLRUULRRLLDDDL]
STEPT 129:
Criminal[index=0;pos=(0,17)]
Sherlock[index=1;pos=(2,1);moving_rule=DRDDDLL]
Watson[index=2;pos=(2,1);moving_rule=LLRUULRRLLDDDL]
STEPT 130:
Criminal[index=0;pos=(0,16)]
Sherlock[index=1;pos=(2,1);moving_rule=DRDDDLL]
Watson[index=2;pos=(2,1);moving_rule=LLRUULRRLLDDDL]
STEPT 131:
Criminal[index=0;pos=(0,17)]
Sherlock[index=1;pos=(2,1);moving_rule=DRDDDLL]
Watson[index=2;pos=(2,1);moving_rule=LLRUULRRLLDDDL]
STEPT 132:
Criminal[index=0;pos=(0,16)]
Sherlock[index=1;pos=(2,0);moving_rule=DRDDDLL]
Watson[index=2;pos=(2,0);moving_rule=LLRUULRRLLDDDL]
STEPT 133:
Criminal[index=0;pos=(0,17)]
Sherlock[index=1;pos=(2,0);moving_rule=DRDDDLL]
Watson[index=2;pos=(2,1);moving_rule=LLRUULRRLLDDDL]
STEPT 134:
Criminal[index=0;pos=(0,16)]
Sherlock[index=1;pos=(2,0);moving_rule=DRDDDLL]
Watson[index=2;pos=(2,2);moving_rule=LLRUULRRLLDDDL]
STEPT 135:
Criminal[index=0;pos=(0,17)]
Sherlock[index=1;pos=(2,1);moving_rule=DRDDDLL]
Watson[index=2;pos=(2,1);moving_rule=LLRUULRRLLDDDL]
STEPT 136:
Criminal[index=0;pos=(0,16)]
Sherlock[index=1;pos=(2,1);moving_rule=DRDDDLL]
Watson[index=2;pos=(2,0);moving_rule=LLRUULRRLLDDDL]
STEPT 137:
Criminal[index=0;pos=(0,17)]
Sherlock[index=1;pos=(2,1);moving_rule=DRDDDLL]
Watson[index=2;pos=(2,0);moving_rule=LLRUULRRLLDDDL]
STEPT 138:
Criminal[index=0;pos=(0,16)]
Sherlock[index=1;pos=(2,1);moving_rule=DRDDDLL]
Watson[index=2;pos=(2,0);moving_rule=LLRUULRRLLDDDL]
STEPT 139:
Criminal[index=0;pos=(0,17)]
Sherlock[index=1;pos=(2,0);moving_rule=DRDDDLL]
Watson[index=2;pos=(2,0);moving_rule=LLRUULRRLLDDDL]
STEPT 140:
Criminal[index=0;pos=(0,16)]
Sherlock[index=1;pos=(2,0);moving_rule=DRDDDLL]
Watson[index=2;pos=(2,0);moving_rule=LLRUULRRLLDDDL]
STEPT 141:
Criminal[index=0;pos=(0,17)]
Sherlock[index=1;pos=(2,0);moving_rule=DRDDDLL]
Watson[index=2;pos=(2,0);moving_rule=LLRUULRRLLDDDL]
STEPT 142:
Criminal[index=0;pos=(0,16)]
Sherlock[index=1;pos=(2,1);moving_rule=DRDDDLL]
Watson[index=2;pos=(2,0);moving_rule=LLRUULRRLLDDDL]
STEPT 143:
Criminal[index=0;pos=(0,17)]
Sherlock[index=1;pos=(2,1);moving_rule=DRDDDLL]
Watson[index=2;pos=(2,1);moving_rule=LLRUULRRLLDDDL]
STEPT 144:
Criminal[index=0;pos=(0,16)]
Sherlock[index=1;pos=(2,1);moving_rule=DRDDDLL]
Watson[index=2;pos=(2,1);moving_rule=LLRUULRRLLDDDL]
STEPT 145:
Criminal[index=0;pos=(0,17)]
Sherlock[index=1;pos=(2,1);moving_rule=DRDDDLL]
Watson[index=2;pos=(2,1);moving_rule=LLRUULRRLLDDDL]
STEPT 146:
Criminal[index=0;pos=(0,16)]
Sherlock[index=1;pos=(2,0);moving_rule=DRDDDLL]
Watson[index=2;pos=(2,0);moving_rule=LLRUULRRLLDDDL]
STEPT 147:
Criminal[index=0;pos=(0,17)]
Sherlock[index=1;pos=(2,0);moving_rule=DRDDDLL]
Watson[index=2;pos=(2,1);moving_rule=LLRUULRRLLDDDL]
STEPT 148:
Criminal[index=0;pos=(0,16)]
Sherlock[index=1;pos=(2,0);moving_rule=DRDDDLL]
Watson[index=2;pos=(2,2);moving_rule=LLRUULRRLLDDDL]
STEPT 149:
Criminal[index=0;pos=(0,17)]
Sherlock[index=1;pos=(2,1);moving_rule=DRDDDLL]
Watson[index=2;pos=(2,1);moving_rule=LLRUULRRLLDDDL]
STEPT 150:
Criminal[index=0;pos=(0,16)]
Sherlock[index=1;pos=(2,1);moving_rule=DRDDDLL]
Watson[index=2;pos=(2,0);moving_rule=LLRUULRRLLDDDL]
STEPT 151:
Criminal[index=0;pos=(0,17)]
Sherlock[index=1;pos=(2,1);moving_rule=DRDDDLL]
Watson[index=2;pos=(2,0);moving_rule=LLRUULRRLLDDDL]
STEPT 152:
Criminal[index=0;pos=(0,16)]
Sherlock[index=1;pos=(2,1);moving_rule=DRDDDLL]
Watson[index=2;pos=(2,0);moving_rule=LLRUULRRLLDDDL]
STEPT 153:
Criminal[index=0;pos=(0,17)]
Sherlock[index=1;pos=(2,0);moving_rule=DRDDDLL]
Watson[index=2;pos=(2,0);moving_rule=LLRUULRRLLDDDL]
STEPT 154:
Criminal[index=0;pos=(0,16)]
Sherlock[index=1;pos=(2,0);moving_rule=DRDDDLL]
Watson[index=2;pos=(2,0);moving_rule=LLRUULRRLLDDDL]
STEPT 155:
Criminal[index=0;pos=(0,17)]
Sherlock[index=1;pos=(2,0);moving_rule=DRDDDLL]
Watson[index=2;pos=(2,0);moving_rule=LLRUULRRLLDDDL]
STEPT 156:
Criminal[index=0;pos=(0,16)]
Sherlock[index=1;pos=(2,1);moving_rule=DRDDDLL]
Watson[index=2;pos=(2,0);moving_rule=LLRUULRRLLDDDL]
STEPT 157:
Criminal[index=0;pos=(0,17)]
Sherlock[index=1;pos=(2,1);moving_rule=DRDDDLL]
Watson[index=2;pos=(2,1);moving_rule=LLRUULRRLLDDDL]
STEPT 158:
Criminal[index=0;pos=(0,16)]
Sherlock[index=1;pos=(2,1);moving_rule=DRDDDLL]
Watson[index=2;pos=(2,1);moving_rule=LLRUULRRLLDDDL]
STEPT 159:
Criminal[index=0;pos=(0,17)]
Sherlock[index=1;pos=(2,1);moving_rule=DRDDDLL]
Watson[index=2;pos=(2,1);moving_rule=LLRUULRRLLDDDL]
STEPT 160:
Criminal[index=0;pos=(0,16)]
Sherlock[index=1;pos=(2,0);moving_rule=DRDDDLL]
Watson[index=2;pos=(2,0);moving_rule=LLRUULRRLLDDDL]
STEPT 161:
Criminal[index=0;pos=(0,17)]
Sherlock[index=1;pos=(2,0);moving_rule=DRDDDLL]
Watson[index=2;pos=(2,1);moving_rule=LLRUULRRLLDDDL]
STEPT 162:
Criminal[index=0;pos=(0,16)]
Sherlock[index=1;pos=(2,0);moving_rule=DRDDDLL]
Watson[index=2;pos=(2,2);moving_rule=LLRUULRRLLDDDL]
STEPT 163:
Criminal[index=0;pos=(0,17)]
Sherlock[index=1;pos=(2,1);moving_rule=DRDDDLL]
Watson[index=2;pos=(2,1);moving_rule=LLRUULRRLLDDDL]
STEPT 164:
Criminal[index=0;pos=(0,16)]
Sherlock[index=1;pos=(2,1);moving_rule=DRDDDLL]
Watson[index=2;pos=(2,0);moving_rule=LLRUULRRLLDDDL]
STEPT 165:
Criminal[index=0;pos=(0,17)]
Sherlock[index=1;pos=(2,1);moving_rule=DRDDDLL]
Watson[index=2;pos=(2,0);moving_rule=LLRUULRRLLDDDL]
STEPT 166:
Criminal[index=0;pos=(0,16)]
Sherlock[index=1;pos=(2,1);moving_rule=DRDDDLL]
Watson[index=2;pos=(2,0);moving_rule=LLRUULRRLLDDDL]
STEPT 167:
Criminal[index=0;pos=(0,17)]
Sherlock[index=1;pos=(2,0);moving_rule=DRDDDLL]
Watson[index=2;pos=(2,0);moving_rule=LLRUULRRLLDDDL]
STEPT 168:
Criminal[index=0;pos=(0,16)]
Sherlock[index=1;pos=(2,0);moving_rule=DRDDDLL]
Watson[index=2;pos=(2,0);moving_rule=LLRUULRRLLDDDL]
STEPT 169:
Criminal[index=0;pos=(0,17)]
Sherlock[index=1;pos=(2,0);moving_rule=DRDDDLL]
Watson[index=2;pos=(2,0);moving_rule=LLRUULRRLLDDDL]
STEPT 170:
Criminal[index=0;pos=(0,16)]
Sherlock[index=1;pos=(2,1);moving_rule=DRDDDLL]
Watson[index=2;pos=(2,0);moving_rule=LLRUULRRLLDDDL]
STEPT 171:
Criminal[index=0;pos=(0,17)]
Sherlock[index=1;pos=(2,1);moving_rule=DRDDDLL]
Watson[index=2;pos=(2,1);moving_rule=LLRUULRRLLDDDL]
STEPT 172:
Criminal[index=0;pos=(0,16)]
Sherlock[index=1;pos=(2,1);moving_rule=DRDDDLL]
Watson[index=2;pos=(2,1);moving_rule=LLRUULRRLLDDDL]
STEPT 173:
Criminal[index=0;pos=(0,17)]
Sherlock[index=1;pos=(2,1);moving_rule=DRDDDLL]
Watson[index=2;pos=(2,1);moving_rule=LLRUULRRLLDDDL]
STEPT 174:
Criminal[index=0;pos=(0,16)]
Sherlock[index=1;pos=(2,0);moving_rule=DRDDDLL]
Watson[index=2;pos=(2,0);moving_rule=LLRUULRRLLDDDL]
STEPT 175:
Criminal[index=0;pos=(0,17)]
Sherlock[index=1;pos=(2,0);moving_rule=DRDDDLL]
Watson[index=2;pos=(2,1);moving_rule=LLRUULRRLLDDDL]
STEPT 176:
Criminal[index=0;pos=(0,16)]
Sherlock[index=1;pos=(2,0);moving_rule=DRDDDLL]
Watson[index=2;pos=(2,2);moving_rule=LLRUULRRLLDDDL]
STEPT 177:
Criminal[index=0;pos=(0,17)]
Sherlock[index=1;pos=(2,1);moving_rule=DRDDDLL]
Watson[index=2;pos=(2,1);moving_rule=LLRUULRRLLDDDL]
STEPT 178:
Criminal[index=0;pos=(0,16)]
Sherlock[index=1;pos=(2,1);moving_rule=DRDDDLL]
Watson[index=2;pos=(2,0);moving_rule=LLRUULRRLLDDDL]
STEPT 179:
Criminal[index=0;pos=(0,17)]
Sherlock[index=1;pos=(2,1);moving_rule=DRDDDLL]
Watson[index=2;pos=(2,0);moving_rule=LLRUULRRLLDDDL]
STEPT 180:
Criminal[index=0;pos=(0,16)]
Sherlock[index=1;pos=(2,1);moving_rule=DRDDDLL]
Watson[index=2;pos=(2,0);moving_rule=LLRUULRRLLDDDL]
STEPT 181:
Criminal[index=0;pos=(0,17)]
Sherlock[index=1;pos=(2,0);moving_rule=DRDDDLL]
Watson[index=2;pos=(2,0);moving_rule=LLRUULRRLLDDDL]
STEPT 182:
Criminal[index=0;pos=(0,16)]
Sherlock[index=1;pos=(2,0);moving_rule=DRDDDLL]
Watson[index=2;pos=(2,0);moving_rule=LLRUULRRLLDDDL]
STEPT 183:
Criminal[index=0;pos=(0,17)]
Sherlock[index=1;pos=(2,0);moving_rule=DRDDDLL]
Watson[index=2;pos=(2,0);moving_rule=LLRUULRRLLDDDL]
STEPT 184:
Criminal[index=0;pos=(0,16)]
Sherlock[index=1;pos=(2,1);moving_rule=DRDDDLL]
Watson[index=2;pos=(2,0);moving_rule=LLRUULRRLLDDDL]
STEPT 185:
Criminal[index=0;pos=(0,17)]
Sherlock[index=1;pos=(2,1);moving_rule=DRDDDLL]
Watson[index=2;pos=(2,1);moving_rule=LLRUULRRLLDDDL]
STEPT 186:
Criminal[index=0;pos=(0,16)]
Sherlock[index=1;pos=(2,1);moving_rule=DRDDDLL]
Watson[index=2;pos=(2,1);moving_rule=LLRUULRRLLDDDL]
STEPT 187:
Criminal[index=0;pos=(0,17)]
Sherlock[index=1;pos=(2,1);moving_rule=DRDDDLL]
Watson[index=2;pos=(2,1);moving_rule=LLRUULRRLLDDDL]
STEPT 188:
Criminal[index=0;pos=(0,16)]
Sherlock[index=1;pos=(2,0);moving_rule=DRDDDLL]
Watson[index=2;pos=(2,0);moving_rule=LLRUULRRLLDDDL]
STEPT 189:
Criminal[index=0;pos=(0,17)]
Sherlock[index=1;pos=(2,0);moving_rule=DRDDDLL]
Watson[index=2;pos=(2,1);moving_rule=LLRUULRRLLDDDL]
STEPT 190:
Criminal[index=0;pos=(0,16)]
Sherlock[index=1;pos=(2,0);moving_rule=DRDDDLL]
Watson[index=2;pos=(2,2);moving_rule=LLRUULRRLLDDDL]
STEPT 191:
Criminal[index=0;pos=(0,17)]
Sherlock[index=1;pos=(2,1);moving_rule=DRDDDLL]
Watson[index=2;pos=(2,1);moving_rule=LLRUULRRLLDDDL]
STEPT 192:
Criminal[index=0;pos=(0,16)]
Sherlock[index=1;pos=(2,1);moving_rule=DRDDDLL]
Watson[index=2;pos=(2,0);moving_rule=LLRUULRRLLDDDL]
STEPT 193:
Criminal[index=0;pos=(0,17)]
Sherlock[index=1;pos=(2,1);moving_rule=DRDDDLL]
Watson[index=2;pos=(2,0);moving_rule=LLRUULRRLLDDDL]
STEPT 194:
Criminal[index=0;pos=(0,16)]
Sherlock[index=1;pos=(2,1);moving_rule=DRDDDLL]
Watson[index=2;pos=(2,0);moving_rule=LLRUULRRLLDDDL]
STEPT 195:
Criminal[index=0;pos=(0,17)]
Sherlock[index=1;pos=(2,0);moving_rule=DRDDDLL]
Watson[index=2;pos=(2,0);moving_rule=LLRUULRRLLDDDL]
STEPT 196:
Criminal[index=0;pos=(0,16)]
Sherlock[index=1;pos=(2,0);moving_rule=DRDDDLL]
Watson[index=2;pos=(2,0);moving_rule=LLRUULRRLLDDDL]
STEPT 197:
Criminal[index=0;pos=(0,17)]
Sherlock[index=1;pos=(2,0);moving_rule=DRDDDLL]
Watson[index=2;pos=(2,0);moving_rule=LLRUULRRLLDDDL]
STEPT 198:
Criminal[index=0;pos=(0,16)]
Sherlock[index=1;pos=(2,1);moving_rule=DRDDDLL]
Watson[index=2;pos=(2,0);moving_rule=LLRUULRRLLDDDL]
STEPT 199:
Criminal[index=0;pos=(0,17)]
Sherlock[index=1;pos=(2,1);moving_rule=DRDDDLL]
Watson[index=2;pos=(2,1);moving_rule=LLRUULRRLLDDDL]
STEPT 200:
Criminal[index=0;pos=(0,16)]
Sherlock[index=1;pos=(2,1);moving_rule=DRDDDLL]
Watson[index=2;pos=(2,1);moving_rule=LLRUULRRLLDDDL]
