Criminal[index=0;pos=(17,18)]
Sherlock[index=1;pos=(1,20);moving_rule=ULLURRL]
Watson[index=2;pos=(3,18);moving_rule=UL]
CRIMINAL -> SHERLOCK -> WATSON
STEPT 1:
Criminal[index=0;pos=(17,17)]
Sherlock[index=1;pos=(0,20);moving_rule=ULLURRL]
Watson[index=2;pos=(2,18);moving_rule=UL]
STEPT 2:
Criminal[index=0;pos=(17,16)]
Sherlock[index=1;pos=(0,19);moving_rule=ULLURRL]
Watson[index=2;pos=(2,17);moving_rule=UL]
STEPT 3:
Criminal[index=0;pos=(17,15)]
Sherlock[index=1;pos=(0,18);moving_rule=ULLURRL]
Watson[index=2;pos=(1,17);moving_rule=UL]
STEPT 4:
Criminal[index=0;pos=(17,14)]
Sherlock[index=1;pos=(0,18);moving_rule=ULLURRL]
Watson[index=2;pos=(1,16);moving_rule=UL]
STEPT 5:
Criminal[index=0;pos=(17,13)]
Sherlock[index=1;pos=(0,19);moving_rule=ULLURRL]
Watson[index=2;pos=(0,16);moving_rule=UL]
STEPT 6:
Criminal[index=0;pos=(17,12)]
Sherlock[index=1;pos=(0,20);moving_rule=ULLURRL]
Watson[index=2;pos=(0,15);moving_rule=UL]
STEPT 7:
Criminal[index=0;pos=(17,11)]
Sherlock[index=1;pos=(0,19);moving_rule=ULLURRL]
Watson[index=2;pos=(0,15);moving_rule=UL]
STEPT 8:
Criminal[index=0;pos=(17,10)]
Sherlock[index=1;pos=(0,19);moving_rule=ULLURRL]
Watson[index=2;pos=(0,14);moving_rule=UL]
STEPT 9:
Criminal[index=0;pos=(17,9)]
Sherlock[index=1;pos=(0,18);moving_rule=ULLURRL]
Watson[index=2;pos=(0,14);moving_rule=UL]
STEPT 10:
Criminal[index=0;pos=(17,8)]
Sherlock[index=1;pos=(0,17);moving_rule=ULLURRL]
Watson[index=2;pos=(0,13);moving_rule=UL]
STEPT 11:
Criminal[index=0;pos=(17,7)]
Sherlock[index=1;pos=(0,17);moving_rule=ULLURRL]
Watson[index=2;pos=(0,13);moving_rule=UL]
STEPT 12:
Criminal[index=0;pos=(17,6)]
Sherlock[index=1;pos=(0,18);moving_rule=ULLURRL]
Watson[index=2;pos=(0,12);moving_rule=UL]
STEPT 13:
Criminal[index=0;pos=(17,5)]
Sherlock[index=1;pos=(0,19);moving_rule=ULLURRL]
Watson[index=2;pos=(0,12);moving_rule=UL]
STEPT 14:
Criminal[index=0;pos=(17,4)]
Sherlock[index=1;pos=(0,18);moving_rule=ULLURRL]
Watson[index=2;pos=(0,11);moving_rule=UL]
STEPT 15:
Criminal[index=0;pos=(17,3)]
Sherlock[index=1;pos=(0,18);moving_rule=ULLURRL]
Watson[index=2;pos=(0,11);moving_rule=UL]
STEPT 16:
Criminal[index=0;pos=(17,2)]
Sherlock[index=1;pos=(0,17);moving_rule=ULLURRL]
Watson[index=2;pos=(0,10);moving_rule=UL]
STEPT 17:
Criminal[index=0;pos=(17,1)]
Sherlock[index=1;pos=(0,16);moving_rule=ULLURRL]
Watson[index=2;pos=(0,10);moving_rule=UL]
STEPT 18:
Criminal[index=0;pos=(17,0)]
Sherlock[index=1;pos=(0,16);moving_rule=ULLURRL]
Watson[index=2;pos=(0,9);moving_rule=UL]
STEPT 19:
Criminal[index=0;pos=(18,0)]
Sherlock[index=1;pos=(0,17);moving_rule=ULLURRL]
Watson[index=2;pos=(0,9);moving_rule=UL]
STEPT 20:
Criminal[index=0;pos=(19,0)]
Sherlock[index=1;pos=(0,18);moving_rule=ULLURRL]
Watson[index=2;pos=(0,8);moving_rule=UL]
STEPT 21:
Criminal[index=0;pos=(20,0)]
Sherlock[index=1;pos=(0,17);moving_rule=ULLURRL]
Watson[index=2;pos=(0,8);moving_rule=UL]
STEPT 22:
Criminal[index=0;pos=(21,0)]
Sherlock[index=1;pos=(0,17);moving_rule=ULLURRL]
Watson[index=2;pos=(0,7);moving_rule=UL]
STEPT 23:
Criminal[index=0;pos=(22,0)]
Sherlock[index=1;pos=(0,16);moving_rule=ULLURRL]
Watson[index=2;pos=(0,7);moving_rule=UL]
STEPT 24:
Criminal[index=0;pos=(23,0)]
Sherlock[index=1;pos=(0,15);moving_rule=ULLURRL]
Watson[index=2;pos=(0,6);moving_rule=UL]
STEPT 25:
Criminal[index=0;pos=(24,0)]
Sherlock[index=1;pos=(0,15);moving_rule=ULLURRL]
Watson[index=2;pos=(0,6);moving_rule=UL]
STEPT 26:
Criminal[index=0;pos=(25,0)]
Sherlock[index=1;pos=(0,16);moving_rule=ULLURRL]
Watson[index=2;pos=(0,5);moving_rule=UL]
STEPT 27:
Criminal[index=0;pos=(26,0)]
Sherlock[index=1;pos=(0,17);moving_rule=ULLURRL]
Watson[index=2;pos=(0,5);moving_rule=UL]
STEPT 28:
Criminal[index=0;pos=(27,0)]
Sherlock[index=1;pos=(0,16);moving_rule=ULLURRL]
Watson[index=2;pos=(0,4);moving_rule=UL]
STEPT 29:
Criminal[index=0;pos=(28,0)]
Sherlock[index=1;pos=(0,16);moving_rule=ULLURRL]
Watson[index=2;pos=(0,4);moving_rule=UL]
STEPT 30:
Criminal[index=0;pos=(29,0)]
Sherlock[index=1;pos=(0,15);moving_rule=ULLURRL]
Watson[index=2;pos=(0,3);moving_rule=UL]
STEPT 31:
Criminal[index=0;pos=(30,0)]
Sherlock[index=1;pos=(0,14);moving_rule=ULLURRL]
Watson[index=2;pos=(0,3);moving_rule=UL]
STEPT 32:
Criminal[index=0;pos=(31,0)]
Sherlock[index=1;pos=(0,14);moving_rule=ULLURRL]
Watson[index=2;pos=(0,2);moving_rule=UL]
STEPT 33:
Criminal[index=0;pos=(32,0)]
Sherlock[index=1;pos=(0,15);moving_rule=ULLURRL]
Watson[index=2;pos=(0,2);moving_rule=UL]
STEPT 34:
Criminal[index=0;pos=(33,0)]
Sherlock[index=1;pos=(0,16);moving_rule=ULLURRL]
Watson[index=2;pos=(0,1);moving_rule=UL]
STEPT 35:
Criminal[index=0;pos=(34,0)]
Sherlock[index=1;pos=(0,15);moving_rule=ULLURRL]
Watson[index=2;pos=(0,1);moving_rule=UL]
STEPT 36:
Criminal[index=0;pos=(35,0)]
Sherlock[index=1;pos=(0,15);moving_rule=ULLURRL]
Watson[index=2;pos=(0,0);moving_rule=UL]
STEPT 37:
Criminal[index=0;pos=(36,0)]
Sherlock[index=1;pos=(0,14);moving_rule=ULLURRL]
Watson[index=2;pos=(0,0);moving_rule=UL]
STEPT 38:
Criminal[index=0;pos=(37,0)]
Sherlock[index=1;pos=(0,13);moving_rule=ULLURRL]
Watson[index=2;pos=(0,0);moving_rule=UL]
STEPT 39:
Criminal[index=0;pos=(38,0)]
Sherlock[index=1;pos=(0,13);moving_rule=ULLURRL]
Watson[index=2;pos=(0,0);moving_rule=UL]
STEPT 40:
Criminal[index=0;pos=(39,0)]
Sherlock[index=1;pos=(0,14);moving_rule=ULLURRL]
Watson[index=2;pos=(0,0);moving_rule=UL]
STEPT 41:
Criminal[index=0;pos=(40,0)]
Sherlock[index=1;pos=(0,15);moving_rule=ULLURRL]
Watson[index=2;pos=(0,0);moving_rule=UL]
STEPT 42:
Criminal[index=0;pos=(41,0)]
Sherlock[index=1;pos=(0,14);moving_rule=ULLURRL]
Watson[index=2;pos=(0,0);moving_rule=UL]
STEPT 43:
Criminal[index=0;pos=(42,0)]
Sherlock[index=1;pos=(0,14);moving_rule=ULLURRL]
Watson[index=2;pos=(0,0);moving_rule=UL]
STEPT 44:
Criminal[index=0;pos=(42,1)]
Sherlock[index=1;pos=(0,13);moving_rule=ULLURRL]
Watson[index=2;pos=(0,0);moving_rule=UL]
STEPT 45:
Criminal[index=0;pos=(42,0)]
Sherlock[index=1;pos=(0,12);moving_rule=ULLURRL]
Watson[index=2;pos=(0,0);moving_rule=UL]
STEPT 46:
Criminal[index=0;pos=(42,1)]
Sherlock[index=1;pos=(0,12);moving_rule=ULLURRL]
Watson[index=2;pos=(0,0);moving_rule=UL]
STEPT 47:
Criminal[index=0;pos=(42,0)]
Sherlock[index=1;pos=(0,13);moving_rule=ULLURRL]
Watson[index=2;pos=(0,0);moving_rule=UL]
STEPT 48:
Criminal[index=0;pos=(42,1)]
Sherlock[index=1;pos=(0,14);moving_rule=ULLURRL]
Watson[index=2;pos=(0,0);moving_rule=UL]
STEPT 49:
Criminal[index=0;pos=(42,0)]
Sherlock[index=1;pos=(0,13);moving_rule=ULLURRL]
Watson[index=2;pos=(0,0);moving_rule=UL]
STEPT 50:
Criminal[index=0;pos=(42,1)]
Sherlock[index=1;pos=(0,13);moving_rule=ULLURRL]
Watson[index=2;pos=(0,0);moving_rule=UL]
STEPT 51:
Criminal[index=0;pos=(42,0)]
Sherlock[index=1;pos=(0,12);moving_rule=ULLURRL]
Watson[index=2;pos=(0,0);moving_rule=UL]
STEPT 52:
Criminal[index=0;pos=(42,1)]
Sherlock[index=1;pos=(0,11);moving_rule=ULLURRL]
Watson[index=2;pos=(0,0);moving_rule=UL]
STEPT 53:
Criminal[index=0;pos=(42,0)]
Sherlock[index=1;pos=(0,11);moving_rule=ULLURRL]
Watson[index=2;pos=(0,0);moving_rule=UL]
STEPT 54:
Criminal[index=0;pos=(42,1)]
Sherlock[index=1;pos=(0,12);moving_rule=ULLURRL]
Watson[index=2;pos=(0,0);moving_rule=UL]
STEPT 55:
Criminal[index=0;pos=(42,0)]
Sherlock[index=1;pos=(0,13);moving_rule=ULLURRL]
Watson[index=2;pos=(0,0);moving_rule=UL]
STEPT 56:
Criminal[index=0;pos=(42,1)]
Sherlock[index=1;pos=(0,12);moving_rule=ULLURRL]
Watson[index=2;pos=(0,0);moving_rule=UL]
STEPT 57:
Criminal[index=0;pos=(42,0)]
Sherlock[index=1;pos=(0,12);moving_rule=ULLURRL]
Watson[index=2;pos=(0,0);moving_rule=UL]
STEPT 58:
Criminal[index=0;pos=(42,1)]
Sherlock[index=1;pos=(0,11);moving_rule=ULLURRL]
Watson[index=2;pos=(0,0);moving_rule=UL]
STEPT 59:
Criminal[index=0;pos=(42,0)]
Sherlock[index=1;pos=(0,10);moving_rule=ULLURRL]
Watson[index=2;pos=(0,0);moving_rule=UL]
STEPT 60:
Criminal[index=0;pos=(42,1)]
Sherlock[index=1;pos=(0,10);moving_rule=ULLURRL]
Watson[index=2;pos=(0,0);moving_rule=UL]
STEPT 61:
Criminal[index=0;pos=(42,0)]
Sherlock[index=1;pos=(0,11);moving_rule=ULLURRL]
Watson[index=2;pos=(0,0);moving_rule=UL]
STEPT 62:
Criminal[index=0;pos=(42,1)]
Sherlock[index=1;pos=(0,12);moving_rule=ULLURRL]
Watson[index=2;pos=(0,0);moving_rule=UL]
STEPT 63:
Criminal[index=0;pos=(42,0)]
Sherlock[index=1;pos=(0,11);moving_rule=ULLURRL]
Watson[index=2;pos=(0,0);moving_rule=UL]
STEPT 64:
Criminal[index=0;pos=(42,1)]
Sherlock[index=1;pos=(0,11);moving_rule=ULLURRL]
Watson[index=2;pos=(0,0);moving_rule=UL]
STEPT 65:
Criminal[index=0;pos=(42,0)]
Sherlock[index=1;pos=(0,10);moving_rule=ULLURRL]
Watson[index=2;pos=(0,0);moving_rule=UL]
STEPT 66:
Criminal[index=0;pos=(42,1)]
Sherlock[index=1;pos=(0,9);moving_rule=ULLURRL]
Watson[index=2;pos=(0,0);moving_rule=UL]
STEPT 67:
Criminal[index=0;pos=(42,0)]
Sherlock[index=1;pos=(0,9);moving_rule=ULLURRL]
Watson[index=2;pos=(0,0);moving_rule=UL]
STEPT 68:
Criminal[index=0;pos=(42,1)]
Sherlock[index=1;pos=(0,10);moving_rule=ULLURRL]
Watson[index=2;pos=(0,0);moving_rule=UL]
STEPT 69:
Criminal[index=0;pos=(42,0)]
Sherlock[index=1;pos=(0,11);moving_rule=ULLURRL]
Watson[index=2;pos=(0,0);moving_rule=UL]
STEPT 70:
Criminal[index=0;pos=(42,1)]
Sherlock[index=1;pos=(0,10);moving_rule=ULLURRL]
Watson[index=2;pos=(0,0);moving_rule=UL]
STEPT 71:
Criminal[index=0;pos=(42,0)]
Sherlock[index=1;pos=(0,10);moving_rule=ULLURRL]
Watson[index=2;pos=(0,0);moving_rule=UL]
STEPT 72:
Criminal[index=0;pos=(42,1)]
Sherlock[index=1;pos=(0,9);moving_rule=ULLURRL]
Watson[index=2;pos=(0,0);moving_rule=UL]
STEPT 73:
Criminal[index=0;pos=(42,0)]
Sherlock[index=1;pos=(0,8);moving_rule=ULLURRL]
Watson[index=2;pos=(0,0);moving_rule=UL]
STEPT 74:
Criminal[index=0;pos=(42,1)]
Sherlock[index=1;pos=(0,8);moving_rule=ULLURRL]
Watson[index=2;pos=(0,0);moving_rule=UL]
STEPT 75:
Criminal[index=0;pos=(42,0)]
Sherlock[index=1;pos=(0,9);moving_rule=ULLURRL]
Watson[index=2;pos=(0,0);moving_rule=UL]
STEPT 76:
Criminal[index=0;pos=(42,1)]
Sherlock[index=1;pos=(0,10);moving_rule=ULLURRL]
Watson[index=2;pos=(0,0);moving_rule=UL]
STEPT 77:
Criminal[index=0;pos=(42,0)]
Sherlock[index=1;pos=(0,9);moving_rule=ULLURRL]
Watson[index=2;pos=(0,0);moving_rule=UL]
STEPT 78:
Criminal[index=0;pos=(42,1)]
Sherlock[index=1;pos=(0,9);moving_rule=ULLURRL]
Watson[index=2;pos=(0,0);moving_rule=UL]
STEPT 79:
Criminal[index=0;pos=(42,0)]
Sherlock[index=1;pos=(0,8);moving_rule=ULLURRL]
Watson[index=2;pos=(0,0);moving_rule=UL]
STEPT 80:
Criminal[index=0;pos=(42,1)]
Sherlock[index=1;pos=(0,7);moving_rule=ULLURRL]
Watson[index=2;pos=(0,0);moving_rule=UL]
STEPT 81:
Criminal[index=0;pos=(42,0)]
Sherlock[index=1;pos=(0,7);moving_rule=ULLURRL]
Watson[index=2;pos=(0,0);moving_rule=UL]
STEPT 82:
Criminal[index=0;pos=(42,1)]
Sherlock[index=1;pos=(0,8);moving_rule=ULLURRL]
Watson[index=2;pos=(0,0);moving_rule=UL]
STEPT 83:
Criminal[index=0;pos=(42,0)]
Sherlock[index=1;pos=(0,9);moving_rule=ULLURRL]
Watson[index=2;pos=(0,0);moving_rule=UL]
STEPT 84:
Criminal[index=0;pos=(42,1)]
Sherlock[index=1;pos=(0,8);moving_rule=ULLURRL]
Watson[index=2;pos=(0,0);moving_rule=UL]
STEPT 85:
Criminal[index=0;pos=(42,0)]
Sherlock[index=1;pos=(0,8);moving_rule=ULLURRL]
Watson[index=2;pos=(0,0);moving_rule=UL]
STEPT 86:
Criminal[index=0;pos=(42,1)]
Sherlock[index=1;pos=(0,7);moving_rule=ULLURRL]
Watson[index=2;pos=(0,0);moving_rule=UL]
STEPT 87:
Criminal[index=0;pos=(42,0)]
Sherlock[index=1;pos=(0,6);moving_rule=ULLURRL]
Watson[index=2;pos=(0,0);moving_rule=UL]
STEPT 88:
Criminal[index=0;pos=(42,1)]
Sherlock[index=1;pos=(0,6);moving_rule=ULLURRL]
Watson[index=2;pos=(0,0);moving_rule=UL]
STEPT 89:
Criminal[index=0;pos=(42,0)]
Sherlock[index=1;pos=(0,7);moving_rule=ULLURRL]
Watson[index=2;pos=(0,0);moving_rule=UL]
STEPT 90:
Criminal[index=0;pos=(42,1)]
Sherlock[index=1;pos=(0,8);moving_rule=ULLURRL]
Watson[index=2;pos=(0,0);moving_rule=UL]
STEPT 91:
Criminal[index=0;pos=(42,0)]
Sherlock[index=1;pos=(0,7);moving_rule=ULLURRL]
Watson[index=2;pos=(0,0);moving_rule=UL]
STEPT 92:
Criminal[index=0;pos=(42,1)]
Sherlock[index=1;pos=(0,7);moving_rule=ULLURRL]
Watson[index=2;pos=(0,0);moving_rule=UL]
STEPT 93:
Criminal[index=0;pos=(42,0)]
Sherlock[index=1;pos=(0,6);moving_rule=ULLURRL]
Watson[index=2;pos=(0,0);moving_rule=UL]
STEPT 94:
Criminal[index=0;pos=(42,1)]
Sherlock[index=1;pos=(0,5);moving_rule=ULLURRL]
Watson[index=2;pos=(0,0);moving_rule=UL]
STEPT 95:
Criminal[index=0;pos=(42,0)]
Sherlock[index=1;pos=(0,5);moving_rule=ULLURRL]
Watson[index=2;pos=(0,0);moving_rule=UL]
STEPT 96:
Criminal[index=0;pos=(42,1)]
Sherlock[index=1;pos=(0,6);moving_rule=ULLURRL]
Watson[index=2;pos=(0,0);moving_rule=UL]
STEPT 97:
Criminal[index=0;pos=(42,0)]
Sherlock[index=1;pos=(0,7);moving_rule=ULLURRL]
Watson[index=2;pos=(0,0);moving_rule=UL]
STEPT 98:
Criminal[index=0;pos=(42,1)]
Sherlock[index=1;pos=(0,6);moving_rule=ULLURRL]
Watson[index=2;pos=(0,0);moving_rule=UL]
STEPT 99:
Criminal[index=0;pos=(42,0)]
Sherlock[index=1;pos=(0,6);moving_rule=ULLURRL]
Watson[index=2;pos=(0,0);moving_rule=UL]
STEPT 100:
Criminal[index=0;pos=(42,1)]
Sherlock[index=1;pos=(0,5);moving_rule=ULLURRL]
Watson[index=2;pos=(0,0);moving_rule=UL]
STEPT 101:
Criminal[index=0;pos=(42,0)]
Sherlock[index=1;pos=(0,4);moving_rule=ULLURRL]
Watson[index=2;pos=(0,0);moving_rule=UL]
STEPT 102:
Criminal[index=0;pos=(42,1)]
Sherlock[index=1;pos=(0,4);moving_rule=ULLURRL]
Watson[index=2;pos=(0,0);moving_rule=UL]
STEPT 103:
Criminal[index=0;pos=(42,0)]
Sherlock[index=1;pos=(0,5);moving_rule=ULLURRL]
Watson[index=2;pos=(0,0);moving_rule=UL]
STEPT 104:
Criminal[index=0;pos=(42,1)]
Sherlock[index=1;pos=(0,6);moving_rule=ULLURRL]
Watson[index=2;pos=(0,0);moving_rule=UL]
STEPT 105:
Criminal[index=0;pos=(42,0)]
Sherlock[index=1;pos=(0,5);moving_rule=ULLURRL]
Watson[index=2;pos=(0,0);moving_rule=UL]
STEPT 106:
Criminal[index=0;pos=(42,1)]
Sherlock[index=1;pos=(0,5);moving_rule=ULLURRL]
Watson[index=2;pos=(0,0);moving_rule=UL]
STEPT 107:
Criminal[index=0;pos=(42,0)]
Sherlock[index=1;pos=(0,4);moving_rule=ULLURRL]
Watson[index=2;pos=(0,0);moving_rule=UL]
STEPT 108:
Criminal[index=0;pos=(42,1)]
Sherlock[index=1;pos=(0,3);moving_rule=ULLURRL]
Watson[index=2;pos=(0,0);moving_rule=UL]
STEPT 109:
Criminal[index=0;pos=(42,0)]
Sherlock[index=1;pos=(0,3);moving_rule=ULLURRL]
Watson[index=2;pos=(0,0);moving_rule=UL]
STEPT 110:
Criminal[index=0;pos=(42,1)]
Sherlock[index=1;pos=(0,4);moving_rule=ULLURRL]
Watson[index=2;pos=(0,0);moving_rule=UL]
STEPT 111:
Criminal[index=0;pos=(42,0)]
Sherlock[index=1;pos=(0,5);moving_rule=ULLURRL]
Watson[index=2;pos=(0,0);moving_rule=UL]
STEPT 112:
Criminal[index=0;pos=(42,1)]
Sherlock[index=1;pos=(0,4);moving_rule=ULLURRL]
Watson[index=2;pos=(0,0);moving_rule=UL]
STEPT 113:
Criminal[index=0;pos=(42,0)]
Sherlock[index=1;pos=(0,4);moving_rule=ULLURRL]
Watson[index=2;pos=(0,0);moving_rule=UL]
STEPT 114:
Criminal[index=0;pos=(42,1)]
Sherlock[index=1;pos=(0,3);moving_rule=ULLURRL]
Watson[index=2;pos=(0,0);moving_rule=UL]
STEPT 115:
Criminal[index=0;pos=(42,0)]
Sherlock[index=1;pos=(0,2);moving_rule=ULLURRL]
Watson[index=2;pos=(0,0);moving_rule=UL]
STEPT 116:
Criminal[index=0;pos=(42,1)]
Sherlock[index=1;pos=(0,2);moving_rule=ULLURRL]
Watson[index=2;pos=(0,0);moving_rule=UL]
STEPT 117:
Criminal[index=0;pos=(42,0)]
Sherlock[index=1;pos=(0,3);moving_rule=ULLURRL]
Watson[index=2;pos=(0,0);moving_rule=UL]
STEPT 118:
Criminal[index=0;pos=(42,1)]
Sherlock[index=1;pos=(0,4);moving_rule=ULLURRL]
Watson[index=2;pos=(0,0);moving_rule=UL]
STEPT 119:
Criminal[index=0;pos=(42,0)]
Sherlock[index=1;pos=(0,3);moving_rule=ULLURRL]
Watson[index=2;pos=(0,0);moving_rule=UL]
STEPT 120:
Criminal[index=0;pos=(42,1)]
Sherlock[index=1;pos=(0,3);moving_rule=ULLURRL]
Watson[index=2;pos=(0,0);moving_rule=UL]
STEPT 121:
Criminal[index=0;pos=(42,0)]
Sherlock[index=1;pos=(0,2);moving_rule=ULLURRL]
Watson[index=2;pos=(0,0);moving_rule=UL]
STEPT 122:
Criminal[index=0;pos=(42,1)]
Sherlock[index=1;pos=(0,1);moving_rule=ULLURRL]
Watson[index=2;pos=(0,0);moving_rule=UL]
STEPT 123:
Criminal[index=0;pos=(42,2)]
Sherlock[index=1;pos=(0,1);moving_rule=ULLURRL]
Watson[index=2;pos=(0,0);moving_rule=UL]
STEPT 124:
Criminal[index=0;pos=(42,3)]
Sherlock[index=1;pos=(0,2);moving_rule=ULLURRL]
Watson[index=2;pos=(0,0);moving_rule=UL]
STEPT 125:
Criminal[index=0;pos=(42,4)]
Sherlock[index=1;pos=(0,3);moving_rule=ULLURRL]
Watson[index=2;pos=(0,0);moving_rule=UL]
STEPT 126:
Criminal[index=0;pos=(42,5)]
Sherlock[index=1;pos=(0,2);moving_rule=ULLURRL]
Watson[index=2;pos=(0,0);moving_rule=UL]
STEPT 127:
Criminal[index=0;pos=(42,6)]
Sherlock[index=1;pos=(0,2);moving_rule=ULLURRL]
Watson[index=2;pos=(0,0);moving_rule=UL]
STEPT 128:
Criminal[index=0;pos=(42,7)]
Sherlock[index=1;pos=(0,1);moving_rule=ULLURRL]
Watson[index=2;pos=(0,0);moving_rule=UL]
STEPT 129:
Criminal[index=0;pos=(42,8)]
Sherlock[index=1;pos=(0,0);moving_rule=ULLURRL]
Watson[index=2;pos=(0,0);moving_rule=UL]
STEPT 130:
Criminal[index=0;pos=(42,9)]
Sherlock[index=1;pos=(0,0);moving_rule=ULLURRL]
Watson[index=2;pos=(0,0);moving_rule=UL]
STEPT 131:
Criminal[index=0;pos=(42,10)]
Sherlock[index=1;pos=(0,1);moving_rule=ULLURRL]
Watson[index=2;pos=(0,0);moving_rule=UL]
STEPT 132:
Criminal[index=0;pos=(42,11)]
Sherlock[index=1;pos=(0,2);moving_rule=ULLURRL]
Watson[index=2;pos=(0,0);moving_rule=UL]
STEPT 133:
Criminal[index=0;pos=(42,12)]
Sherlock[index=1;pos=(0,1);moving_rule=ULLURRL]
Watson[index=2;pos=(0,0);moving_rule=UL]
STEPT 134:
Criminal[index=0;pos=(42,13)]
Sherlock[index=1;pos=(0,1);moving_rule=ULLURRL]
Watson[index=2;pos=(0,0);moving_rule=UL]
STEPT 135:
Criminal[index=0;pos=(42,14)]
Sherlock[index=1;pos=(0,0);moving_rule=ULLURRL]
Watson[index=2;pos=(0,0);moving_rule=UL]
STEPT 136:
Criminal[index=0;pos=(42,15)]
Sherlock[index=1;pos=(0,0);moving_rule=ULLURRL]
Watson[index=2;pos=(0,0);moving_rule=UL]
STEPT 137:
Criminal[index=0;pos=(42,16)]
Sherlock[index=1;pos=(0,0);moving_rule=ULLURRL]
Watson[index=2;pos=(0,0);moving_rule=UL]
STEPT 138:
Criminal[index=0;pos=(42,17)]
Sherlock[index=1;pos=(0,1);moving_rule=ULLURRL]
Watson[index=2;pos=(0,0);moving_rule=UL]
STEPT 139:
Criminal[index=0;pos=(42,18)]
Sherlock[index=1;pos=(0,2);moving_rule=ULLURRL]
Watson[index=2;pos=(0,0);moving_rule=UL]
STEPT 140:
Criminal[index=0;pos=(42,19)]
Sherlock[index=1;pos=(0,1);moving_rule=ULLURRL]
Watson[index=2;pos=(0,0);moving_rule=UL]
STEPT 141:
Criminal[index=0;pos=(42,20)]
Sherlock[index=1;pos=(0,1);moving_rule=ULLURRL]
Watson[index=2;pos=(0,0);moving_rule=UL]
STEPT 142:
Criminal[index=0;pos=(42,21)]
Sherlock[index=1;pos=(0,0);moving_rule=ULLURRL]
Watson[index=2;pos=(0,0);moving_rule=UL]
STEPT 143:
Criminal[index=0;pos=(42,22)]
Sherlock[index=1;pos=(0,0);moving_rule=ULLURRL]
Watson[index=2;pos=(0,0);moving_rule=UL]
STEPT 144:
Criminal[index=0;pos=(42,23)]
Sherlock[index=1;pos=(0,0);moving_rule=ULLURRL]
Watson[index=2;pos=(0,0);moving_rule=UL]
STEPT 145:
Criminal[index=0;pos=(42,24)]
Sherlock[index=1;pos=(0,1);moving_rule=ULLURRL]
Watson[index=2;pos=(0,0);moving_rule=UL]
STEPT 146:
Criminal[index=0;pos=(42,25)]
Sherlock[index=1;pos=(0,2);moving_rule=ULLURRL]
Watson[index=2;pos=(0,0);moving_rule=UL]
STEPT 147:
Criminal[index=0;pos=(42,26)]
Sherlock[index=1;pos=(0,1);moving_rule=ULLURRL]
Watson[index=2;pos=(0,0);moving_rule=UL]
STEPT 148:
Criminal[index=0;pos=(42,27)]
Sherlock[index=1;pos=(0,1);moving_rule=ULLURRL]
Watson[index=2;pos=(0,0);moving_rule=UL]
STEPT 149:
Criminal[index=0;pos=(42,28)]
Sherlock[index=1;pos=(0,0);moving_rule=ULLURRL]
Watson[index=2;pos=(0,0);moving_rule=UL]
STEPT 150:
Criminal[index=0;pos=(42,29)]
Sherlock[index=1;pos=(0,0);moving_rule=ULLURRL]
Watson[index=2;pos=(0,0);moving_rule=UL]
STEPT 151:
Criminal[index=0;pos=(42,30)]
Sherlock[index=1;pos=(0,0);moving_rule=ULLURRL]
Watson[index=2;pos=(0,0);moving_rule=UL]
STEPT 152:
Criminal[index=0;pos=(42,31)]
Sherlock[index=1;pos=(0,1);moving_rule=ULLURRL]
Watson[index=2;pos=(0,0);moving_rule=UL]
STEPT 153:
Criminal[index=0;pos=(42,32)]
Sherlock[index=1;pos=(0,2);moving_rule=ULLURRL]
Watson[index=2;pos=(0,0);moving_rule=UL]
STEPT 154:
Criminal[index=0;pos=(42,33)]
Sherlock[index=1;pos=(0,1);moving_rule=ULLURRL]
Watson[index=2;pos=(0,0);moving_rule=UL]
STEPT 155:
Criminal[index=0;pos=(42,34)]
Sherlock[index=1;pos=(0,1);moving_rule=ULLURRL]
Watson[index=2;pos=(0,0);moving_rule=UL]
STEPT 156:
Criminal[index=0;pos=(42,35)]
Sherlock[index=1;pos=(0,0);moving_rule=ULLURRL]
Watson[index=2;pos=(0,0);moving_rule=UL]
STEPT 157:
Criminal[index=0;pos=(42,36)]
Sherlock[index=1;pos=(0,0);moving_rule=ULLURRL]
Watson[index=2;pos=(0,0);moving_rule=UL]
STEPT 158:
Criminal[index=0;pos=(42,37)]
Sherlock[index=1;pos=(0,0);moving_rule=ULLURRL]
Watson[index=2;pos=(0,0);moving_rule=UL]
STEPT 159:
Criminal[index=0;pos=(42,38)]
Sherlock[index=1;pos=(0,1);moving_rule=ULLURRL]
Watson[index=2;pos=(0,0);moving_rule=UL]
STEPT 160:
Criminal[index=0;pos=(42,39)]
Sherlock[index=1;pos=(0,2);moving_rule=ULLURRL]
Watson[index=2;pos=(0,0);moving_rule=UL]
STEPT 161:
Criminal[index=0;pos=(41,39)]
Sherlock[index=1;pos=(0,1);moving_rule=ULLURRL]
Watson[index=2;pos=(0,0);moving_rule=UL]
STEPT 162:
Criminal[index=0;pos=(42,39)]
Sherlock[index=1;pos=(0,1);moving_rule=ULLURRL]
Watson[index=2;pos=(0,0);moving_rule=UL]
STEPT 163:
Criminal[index=0;pos=(41,39)]
Sherlock[index=1;pos=(0,0);moving_rule=ULLURRL]
Watson[index=2;pos=(0,0);moving_rule=UL]
STEPT 164:
Criminal[index=0;pos=(42,39)]
Sherlock[index=1;pos=(0,0);moving_rule=ULLURRL]
Watson[index=2;pos=(0,0);moving_rule=UL]
STEPT 165:
Criminal[index=0;pos=(41,39)]
Sherlock[index=1;pos=(0,0);moving_rule=ULLURRL]
Watson[index=2;pos=(0,0);moving_rule=UL]
STEPT 166:
Criminal[index=0;pos=(42,39)]
Sherlock[index=1;pos=(0,1);moving_rule=ULLURRL]
Watson[index=2;pos=(0,0);moving_rule=UL]
STEPT 167:
Criminal[index=0;pos=(41,39)]
Sherlock[index=1;pos=(0,2);moving_rule=ULLURRL]
Watson[index=2;pos=(0,0);moving_rule=UL]
STEPT 168:
Criminal[index=0;pos=(42,39)]
Sherlock[index=1;pos=(0,1);moving_rule=ULLURRL]
Watson[index=2;pos=(0,0);moving_rule=UL]
STEPT 169:
Criminal[index=0;pos=(41,39)]
Sherlock[index=1;pos=(0,1);moving_rule=ULLURRL]
Watson[index=2;pos=(0,0);moving_rule=UL]
STEPT 170:
Criminal[index=0;pos=(42,39)]
Sherlock[index=1;pos=(0,0);moving_rule=ULLURRL]
Watson[index=2;pos=(0,0);moving_rule=UL]
STEPT 171:
Criminal[index=0;pos=(41,39)]
Sherlock[index=1;pos=(0,0);moving_rule=ULLURRL]
Watson[index=2;pos=(0,0);moving_rule=UL]
STEPT 172:
Criminal[index=0;pos=(42,39)]
Sherlock[index=1;pos=(0,0);moving_rule=ULLURRL]
Watson[index=2;pos=(0,0);moving_rule=UL]
STEPT 173:
Criminal[index=0;pos=(41,39)]
Sherlock[index=1;pos=(0,1);moving_rule=ULLURRL]
Watson[index=2;pos=(0,0);moving_rule=UL]
STEPT 174:
Criminal[index=0;pos=(42,39)]
Sherlock[index=1;pos=(0,2);moving_rule=ULLURRL]
Watson[index=2;pos=(0,0);moving_rule=UL]
STEPT 175:
Criminal[index=0;pos=(41,39)]
Sherlock[index=1;pos=(0,1);moving_rule=ULLURRL]
Watson[index=2;pos=(0,0);moving_rule=UL]
STEPT 176:
Criminal[index=0;pos=(42,39)]
Sherlock[index=1;pos=(0,1);moving_rule=ULLURRL]
Watson[index=2;pos=(0,0);moving_rule=UL]
STEPT 177:
Criminal[index=0;pos=(41,39)]
Sherlock[index=1;pos=(0,0);moving_rule=ULLURRL]
Watson[index=2;pos=(0,0);moving_rule=UL]
STEPT 178:
Criminal[index=0;pos=(42,39)]
Sherlock[index=1;pos=(0,0);moving_rule=ULLURRL]
Watson[index=2;pos=(0,0);moving_rule=UL]
STEPT 179:
Criminal[index=0;pos=(41,39)]
Sherlock[index=1;pos=(0,0);moving_rule=ULLURRL]
Watson[index=2;pos=(0,0);moving_rule=UL]
STEPT 180:
Criminal[index=0;pos=(42,39)]
Sherlock[index=1;pos=(0,1);moving_rule=ULLURRL]
Watson[index=2;pos=(0,0);moving_rule=UL]
STEPT 181:
Criminal[index=0;pos=(41,39)]
Sherlock[index=1;pos=(0,2);moving_rule=ULLURRL]
Watson[index=2;pos=(0,0);moving_rule=UL]
STEPT 182:
Criminal[index=0;pos=(42,39)]
Sherlock[index=1;pos=(0,1);moving_rule=ULLURRL]
Watson[index=2;pos=(0,0);moving_rule=UL]
STEPT 183:
Criminal[index=0;pos=(41,39)]
Sherlock[index=1;pos=(0,1);moving_rule=ULLURRL]
Watson[index=2;pos=(0,0);moving_rule=UL]
STEPT 184:
Criminal[index=0;pos=(42,39)]
Sherlock[index=1;pos=(0,0);moving_rule=ULLURRL]
Watson[index=2;pos=(0,0);moving_rule=UL]
STEPT 185:
Criminal[index=0;pos=(41,39)]
Sherlock[index=1;pos=(0,0);moving_rule=ULLURRL]
Watson[index=2;pos=(0,0);moving_rule=UL]
STEPT 186:
Criminal[index=0;pos=(42,39)]
Sherlock[index=1;pos=(0,0);moving_rule=ULLURRL]
Watson[index=2;pos=(0,0);moving_rule=UL]
STEPT 187:
Criminal[index=0;pos=(41,39)]
Sherlock[index=1;pos=(0,1);moving_rule=ULLURRL]
Watson[index=2;pos=(0,0);moving_rule=UL]
STEPT 188:
Criminal[index=0;pos=(42,39)]
Sherlock[index=1;pos=(0,2);moving_rule=ULLURRL]
Watson[index=2;pos=(0,0);moving_rule=UL]
STEPT 189:
Criminal[index=0;pos=(41,39)]
Sherlock[index=1;pos=(0,1);moving_rule=ULLURRL]
Watson[index=2;pos=(0,0);moving_rule=UL]
STEPT 190:
Criminal[index=0;pos=(42,39)]
Sherlock[index=1;pos=(0,1);moving_rule=ULLURRL]
Watson[index=2;pos=(0,0);moving_rule=UL]
STEPT 191:
Criminal[index=0;pos=(41,39)]
Sherlock[index=1;pos=(0,0);moving_rule=ULLURRL]
Watson[index=2;pos=(0,0);moving_rule=UL]
STEPT 192:
Criminal[index=0;pos=(42,39)]
Sherlock[index=1;pos=(0,0);moving_rule=ULLURRL]
Watson[index=2;pos=(0,0);moving_rule=UL]
STEPT 193:
Criminal[index=0;pos=(41,39)]
Sherlock[index=1;pos=(0,0);moving_rule=ULLURRL]
Watson[index=2;pos=(0,0);moving_rule=UL]
STEPT 194:
Criminal[index=0;pos=(42,39)]
Sherlock[index=1;pos=(0,1);moving_rule=ULLURRL]
Watson[index=2;pos=(0,0);moving_rule=UL]
STEPT 195:
Criminal[index=0;pos=(41,39)]
Sherlock[index=1;pos=(0,2);moving_rule=ULLURRL]
Watson[index=2;pos=(0,0);moving_rule=UL]
STEPT 196:
Criminal[index=0;pos=(42,39)]
Sherlock[index=1;pos=(0,1);moving_rule=ULLURRL]
Watson[index=2;pos=(0,0);moving_rule=UL]
STEPT 197:
Criminal[index=0;pos=(41,39)]
Sherlock[index=1;pos=(0,1);moving_rule=ULLURRL]
Watson[index=2;pos=(0,0);moving_rule=UL]
STEPT 198:
Criminal[index=0;pos=(42,39)]
Sherlock[index=1;pos=(0,0);moving_rule=ULLURRL]
Watson[index=2;pos=(0,0);moving_rule=UL]
STEPT 199:
Criminal[index=0;pos=(41,39)]
Sherlock[index=1;pos=(0,0);moving_rule=ULLURRL]
Watson[index=2;pos=(0,0);moving_rule=UL]
STEPT 200:
Criminal[index=0;pos=(42,39)]
Sherlock[index=1;pos=(0,0);moving_rule=ULLURRL]
Watson[index=2;pos=(0,0);moving_rule=UL]
