Configuration[
MAP_NUM_ROWS=50
MAP_NUM_COLS=37
MAX_NUM_MOVING_OBJECTS=13
NUM_WALLS=6
ARRAY_WALLS=[(22,15);(29,33);(22,12);(14,31);(28,18);(29,18)]
NUM_FAKE_WALLS=16
ARRAY_FAKE_WALLS=[(27,9);(38,31);(49,21);(17,25);(18,6);(24,9);(17,28);(49,32);(22,14);(41,19);(43,23);(44,3);(38,34);(6,35);(34,33);(49,11)]
SHERLOCK_MOVING_RULE=ULL
SHERLOCK_INIT_POS=(42,36)
SHERLOCK_INIT_HP=206
SHERLOCK_INIT_EXP=729
WATSON_MOVING_RULE=LDRLDR
WATSON_INIT_POS=(4,2)
WATSON_INIT_HP=50
WATSON_INIT_EXP=631
CRIMINAL_INIT_POS=(42,34)
NUM_STEPS=366
]