Configuration[
MAP_NUM_ROWS=39
MAP_NUM_COLS=39
MAX_NUM_MOVING_OBJECTS=24
NUM_WALLS=30
ARRAY_WALLS=[(1,7);(22,13);(37,19);(9,7);(33,35);(16,9);(4,1);(36,35);(12,32);(8,21);(36,21);(33,23);(27,28);(38,19);(4,20);(37,7);(5,3);(2,12);(16,26);(25,0);(16,16);(5,8);(25,21);(15,6);(1,6);(4,15);(30,8);(36,6);(25,3);(34,0)]
NUM_FAKE_WALLS=15
ARRAY_FAKE_WALLS=[(37,37);(22,1);(13,9);(25,32);(18,18);(35,34);(38,21);(22,4);(26,19);(27,4);(14,4);(28,38);(23,33);(29,28);(10,37)]
SHERLOCK_MOVING_RULE=LDLLDRULLU
SHERLOCK_INIT_POS=(37,11)
SHERLOCK_INIT_HP=99
SHERLOCK_INIT_EXP=585
WATSON_MOVING_RULE=LUDLRDULLL
WATSON_INIT_POS=(10,12)
WATSON_INIT_HP=327
WATSON_INIT_EXP=813
CRIMINAL_INIT_POS=(1,2)
NUM_STEPS=250
]