Configuration[
MAP_NUM_ROWS=38
MAP_NUM_COLS=39
MAX_NUM_MOVING_OBJECTS=16
NUM_WALLS=13
ARRAY_WALLS=[(3,13);(12,17);(35,35);(10,32);(15,16);(12,36);(28,13);(10,33);(4,31);(35,36);(18,34);(11,7);(35,11)]
NUM_FAKE_WALLS=2
ARRAY_FAKE_WALLS=[(14,0);(7,3)]
SHERLOCK_MOVING_RULE=LRRDURDDLRLLD
SHERLOCK_INIT_POS=(15,2)
SHERLOCK_INIT_HP=33
SHERLOCK_INIT_EXP=279
WATSON_MOVING_RULE=LDRUULRRRU
WATSON_INIT_POS=(19,19)
WATSON_INIT_HP=55
WATSON_INIT_EXP=96
CRIMINAL_INIT_POS=(35,17)
NUM_STEPS=281
]