Configuration[
MAP_NUM_ROWS=32
MAP_NUM_COLS=41
MAX_NUM_MOVING_OBJECTS=9
NUM_WALLS=16
ARRAY_WALLS=[(15,39);(1,22);(1,19);(30,10);(23,0);(22,16);(17,12);(16,18);(28,17);(9,30);(4,33);(20,9);(7,36);(1,32);(6,3);(25,20)]
NUM_FAKE_WALLS=4
ARRAY_FAKE_WALLS=[(14,31);(30,38);(17,10);(21,28)]
SHERLOCK_MOVING_RULE=RUDRULRRLDLUULD
SHERLOCK_INIT_POS=(5,12)
SHERLOCK_INIT_HP=425
SHERLOCK_INIT_EXP=186
WATSON_MOVING_RULE=URRUDRDDRURRU
WATSON_INIT_POS=(30,9)
WATSON_INIT_HP=113
WATSON_INIT_EXP=128
CRIMINAL_INIT_POS=(27,37)
NUM_STEPS=253
]