Configuration[
MAP_NUM_ROWS=22
MAP_NUM_COLS=15
MAX_NUM_MOVING_OBJECTS=15
NUM_WALLS=4
ARRAY_WALLS=[(18,12);(18,9);(8,12);(11,14)]
NUM_FAKE_WALLS=2
ARRAY_FAKE_WALLS=[(18,13);(6,1)]
SHERLOCK_MOVING_RULE=LLRLURLRDDU
SHERLOCK_INIT_POS=(14,5)
SHERLOCK_INIT_HP=69
SHERLOCK_INIT_EXP=788
WATSON_MOVING_RULE=RDRUDURL
WATSON_INIT_POS=(7,3)
WATSON_INIT_HP=111
WATSON_INIT_EXP=659
CRIMINAL_INIT_POS=(20,5)
NUM_STEPS=283
]