Configuration[
MAP_NUM_ROWS=29
MAP_NUM_COLS=5
MAX_NUM_MOVING_OBJECTS=5
NUM_WALLS=15
ARRAY_WALLS=[(25,0);(16,4);(15,2);(4,3);(5,2);(5,0);(8,2);(0,3);(0,0);(26,2);(4,0);(1,2);(21,0);(12,1);(11,2)]
NUM_FAKE_WALLS=0
ARRAY_FAKE_WALLS=[]
SHERLOCK_MOVING_RULE=LD
SHERLOCK_INIT_POS=(5,0)
SHERLOCK_INIT_HP=124
SHERLOCK_INIT_EXP=439
WATSON_MOVING_RULE=LLRL
WATSON_INIT_POS=(9,3)
WATSON_INIT_HP=397
WATSON_INIT_EXP=175
CRIMINAL_INIT_POS=(21,3)
NUM_STEPS=255
]