Configuration[
MAP_NUM_ROWS=41
MAP_NUM_COLS=24
MAX_NUM_MOVING_OBJECTS=15
NUM_WALLS=29
ARRAY_WALLS=[(9,8);(1,12);(34,7);(38,3);(3,19);(27,18);(24,10);(12,6);(26,9);(37,16);(36,1);(31,15);(25,23);(38,23);(6,2);(17,4);(6,6);(19,0);(33,14);(39,8);(14,14);(13,6);(21,5);(5,8);(36,16);(39,9);(21,3);(23,16);(28,8)]
NUM_FAKE_WALLS=8
ARRAY_FAKE_WALLS=[(7,4);(2,10);(13,15);(36,7);(19,18);(20,21);(21,10);(16,16)]
SHERLOCK_MOVING_RULE=RUUULRDRU
SHERLOCK_INIT_POS=(6,11)
SHERLOCK_INIT_HP=433
SHERLOCK_INIT_EXP=141
WATSON_MOVING_RULE=RUDLDD
WATSON_INIT_POS=(4,10)
WATSON_INIT_HP=314
WATSON_INIT_EXP=498
CRIMINAL_INIT_POS=(21,11)
NUM_STEPS=170
]