Sherlock[index=0;pos=(6,3);moving_rule=ULUDRDDLDRD]
STEPT 1:
Sherlock[index=0;pos=(5,3);moving_rule=ULUDRDDLDRD]
STEPT 2:
Sherlock[index=0;pos=(5,2);moving_rule=ULUDRDDLDRD]
STEPT 3:
Sherlock[index=0;pos=(4,2);moving_rule=ULUDRDDLDRD]
STEPT 4:
Sherlock[index=0;pos=(5,2);moving_rule=ULUDRDDLDRD]
STEPT 5:
Sherlock[index=0;pos=(5,3);moving_rule=ULUDRDDLDRD]
STEPT 6:
Sherlock[index=0;pos=(6,3);moving_rule=ULUDRDDLDRD]
STEPT 7:
Sherlock[index=0;pos=(7,3);moving_rule=ULUDRDDLDRD]
STEPT 8:
Sherlock[index=0;pos=(7,2);moving_rule=ULUDRDDLDRD]
STEPT 9:
Sherlock[index=0;pos=(8,2);moving_rule=ULUDRDDLDRD]
STEPT 10:
Sherlock[index=0;pos=(8,3);moving_rule=ULUDRDDLDRD]
STEPT 11:
Sherlock[index=0;pos=(9,3);moving_rule=ULUDRDDLDRD]
STEPT 12:
Sherlock[index=0;pos=(8,3);moving_rule=ULUDRDDLDRD]
STEPT 13:
Sherlock[index=0;pos=(8,2);moving_rule=ULUDRDDLDRD]
STEPT 14:
Sherlock[index=0;pos=(7,2);moving_rule=ULUDRDDLDRD]
STEPT 15:
Sherlock[index=0;pos=(8,2);moving_rule=ULUDRDDLDRD]
STEPT 16:
Sherlock[index=0;pos=(8,3);moving_rule=ULUDRDDLDRD]
STEPT 17:
Sherlock[index=0;pos=(9,3);moving_rule=ULUDRDDLDRD]
STEPT 18:
Sherlock[index=0;pos=(10,3);moving_rule=ULUDRDDLDRD]
STEPT 19:
Sherlock[index=0;pos=(10,2);moving_rule=ULUDRDDLDRD]
STEPT 20:
Sherlock[index=0;pos=(11,2);moving_rule=ULUDRDDLDRD]
STEPT 21:
Sherlock[index=0;pos=(11,3);moving_rule=ULUDRDDLDRD]
STEPT 22:
Sherlock[index=0;pos=(12,3);moving_rule=ULUDRDDLDRD]
STEPT 23:
Sherlock[index=0;pos=(11,3);moving_rule=ULUDRDDLDRD]
STEPT 24:
Sherlock[index=0;pos=(11,2);moving_rule=ULUDRDDLDRD]
STEPT 25:
Sherlock[index=0;pos=(10,2);moving_rule=ULUDRDDLDRD]
STEPT 26:
Sherlock[index=0;pos=(11,2);moving_rule=ULUDRDDLDRD]
STEPT 27:
Sherlock[index=0;pos=(11,3);moving_rule=ULUDRDDLDRD]
STEPT 28:
Sherlock[index=0;pos=(12,3);moving_rule=ULUDRDDLDRD]
STEPT 29:
Sherlock[index=0;pos=(13,3);moving_rule=ULUDRDDLDRD]
STEPT 30:
Sherlock[index=0;pos=(13,2);moving_rule=ULUDRDDLDRD]
STEPT 31:
Sherlock[index=0;pos=(14,2);moving_rule=ULUDRDDLDRD]
STEPT 32:
Sherlock[index=0;pos=(14,3);moving_rule=ULUDRDDLDRD]
STEPT 33:
Sherlock[index=0;pos=(15,3);moving_rule=ULUDRDDLDRD]
STEPT 34:
Sherlock[index=0;pos=(14,3);moving_rule=ULUDRDDLDRD]
STEPT 35:
Sherlock[index=0;pos=(14,2);moving_rule=ULUDRDDLDRD]
STEPT 36:
Sherlock[index=0;pos=(13,2);moving_rule=ULUDRDDLDRD]
STEPT 37:
Sherlock[index=0;pos=(14,2);moving_rule=ULUDRDDLDRD]
STEPT 38:
Sherlock[index=0;pos=(14,3);moving_rule=ULUDRDDLDRD]
STEPT 39:
Sherlock[index=0;pos=(15,3);moving_rule=ULUDRDDLDRD]
STEPT 40:
Sherlock[index=0;pos=(16,3);moving_rule=ULUDRDDLDRD]
STEPT 41:
Sherlock[index=0;pos=(16,2);moving_rule=ULUDRDDLDRD]
STEPT 42:
Sherlock[index=0;pos=(17,2);moving_rule=ULUDRDDLDRD]
STEPT 43:
Sherlock[index=0;pos=(17,3);moving_rule=ULUDRDDLDRD]
STEPT 44:
Sherlock[index=0;pos=(18,3);moving_rule=ULUDRDDLDRD]
STEPT 45:
Sherlock[index=0;pos=(17,3);moving_rule=ULUDRDDLDRD]
STEPT 46:
Sherlock[index=0;pos=(17,2);moving_rule=ULUDRDDLDRD]
STEPT 47:
Sherlock[index=0;pos=(16,2);moving_rule=ULUDRDDLDRD]
STEPT 48:
Sherlock[index=0;pos=(17,2);moving_rule=ULUDRDDLDRD]
STEPT 49:
Sherlock[index=0;pos=(17,3);moving_rule=ULUDRDDLDRD]
STEPT 50:
Sherlock[index=0;pos=(18,3);moving_rule=ULUDRDDLDRD]
STEPT 51:
Sherlock[index=0;pos=(19,3);moving_rule=ULUDRDDLDRD]
STEPT 52:
Sherlock[index=0;pos=(19,2);moving_rule=ULUDRDDLDRD]
STEPT 53:
Sherlock[index=0;pos=(20,2);moving_rule=ULUDRDDLDRD]
STEPT 54:
Sherlock[index=0;pos=(20,3);moving_rule=ULUDRDDLDRD]
STEPT 55:
Sherlock[index=0;pos=(21,3);moving_rule=ULUDRDDLDRD]
STEPT 56:
Sherlock[index=0;pos=(20,3);moving_rule=ULUDRDDLDRD]
STEPT 57:
Sherlock[index=0;pos=(20,2);moving_rule=ULUDRDDLDRD]
STEPT 58:
Sherlock[index=0;pos=(19,2);moving_rule=ULUDRDDLDRD]
STEPT 59:
Sherlock[index=0;pos=(20,2);moving_rule=ULUDRDDLDRD]
STEPT 60:
Sherlock[index=0;pos=(20,3);moving_rule=ULUDRDDLDRD]
STEPT 61:
Sherlock[index=0;pos=(21,3);moving_rule=ULUDRDDLDRD]
STEPT 62:
Sherlock[index=0;pos=(22,3);moving_rule=ULUDRDDLDRD]
STEPT 63:
Sherlock[index=0;pos=(22,2);moving_rule=ULUDRDDLDRD]
STEPT 64:
Sherlock[index=0;pos=(23,2);moving_rule=ULUDRDDLDRD]
STEPT 65:
Sherlock[index=0;pos=(23,3);moving_rule=ULUDRDDLDRD]
STEPT 66:
Sherlock[index=0;pos=(24,3);moving_rule=ULUDRDDLDRD]
STEPT 67:
Sherlock[index=0;pos=(23,3);moving_rule=ULUDRDDLDRD]
STEPT 68:
Sherlock[index=0;pos=(23,2);moving_rule=ULUDRDDLDRD]
STEPT 69:
Sherlock[index=0;pos=(22,2);moving_rule=ULUDRDDLDRD]
STEPT 70:
Sherlock[index=0;pos=(23,2);moving_rule=ULUDRDDLDRD]
STEPT 71:
Sherlock[index=0;pos=(23,3);moving_rule=ULUDRDDLDRD]
STEPT 72:
Sherlock[index=0;pos=(24,3);moving_rule=ULUDRDDLDRD]
STEPT 73:
Sherlock[index=0;pos=(25,3);moving_rule=ULUDRDDLDRD]
STEPT 74:
Sherlock[index=0;pos=(25,2);moving_rule=ULUDRDDLDRD]
STEPT 75:
Sherlock[index=0;pos=(26,2);moving_rule=ULUDRDDLDRD]
STEPT 76:
Sherlock[index=0;pos=(26,3);moving_rule=ULUDRDDLDRD]
STEPT 77:
Sherlock[index=0;pos=(27,3);moving_rule=ULUDRDDLDRD]
STEPT 78:
Sherlock[index=0;pos=(26,3);moving_rule=ULUDRDDLDRD]
STEPT 79:
Sherlock[index=0;pos=(26,2);moving_rule=ULUDRDDLDRD]
STEPT 80:
Sherlock[index=0;pos=(25,2);moving_rule=ULUDRDDLDRD]
STEPT 81:
Sherlock[index=0;pos=(26,2);moving_rule=ULUDRDDLDRD]
STEPT 82:
Sherlock[index=0;pos=(26,3);moving_rule=ULUDRDDLDRD]
STEPT 83:
Sherlock[index=0;pos=(27,3);moving_rule=ULUDRDDLDRD]
STEPT 84:
Sherlock[index=0;pos=(28,3);moving_rule=ULUDRDDLDRD]
STEPT 85:
Sherlock[index=0;pos=(28,2);moving_rule=ULUDRDDLDRD]
STEPT 86:
Sherlock[index=0;pos=(29,2);moving_rule=ULUDRDDLDRD]
STEPT 87:
Sherlock[index=0;pos=(29,3);moving_rule=ULUDRDDLDRD]
STEPT 88:
Sherlock[index=0;pos=(30,3);moving_rule=ULUDRDDLDRD]
STEPT 89:
Sherlock[index=0;pos=(29,3);moving_rule=ULUDRDDLDRD]
STEPT 90:
Sherlock[index=0;pos=(29,2);moving_rule=ULUDRDDLDRD]
STEPT 91:
Sherlock[index=0;pos=(28,2);moving_rule=ULUDRDDLDRD]
STEPT 92:
Sherlock[index=0;pos=(29,2);moving_rule=ULUDRDDLDRD]
STEPT 93:
Sherlock[index=0;pos=(29,3);moving_rule=ULUDRDDLDRD]
STEPT 94:
Sherlock[index=0;pos=(30,3);moving_rule=ULUDRDDLDRD]
STEPT 95:
Sherlock[index=0;pos=(30,3);moving_rule=ULUDRDDLDRD]
STEPT 96:
Sherlock[index=0;pos=(30,2);moving_rule=ULUDRDDLDRD]
STEPT 97:
Sherlock[index=0;pos=(31,2);moving_rule=ULUDRDDLDRD]
STEPT 98:
Sherlock[index=0;pos=(31,2);moving_rule=ULUDRDDLDRD]
STEPT 99:
Sherlock[index=0;pos=(32,2);moving_rule=ULUDRDDLDRD]
STEPT 100:
Sherlock[index=0;pos=(31,2);moving_rule=ULUDRDDLDRD]
STEPT 101:
Sherlock[index=0;pos=(31,1);moving_rule=ULUDRDDLDRD]
STEPT 102:
Sherlock[index=0;pos=(30,1);moving_rule=ULUDRDDLDRD]
STEPT 103:
Sherlock[index=0;pos=(31,1);moving_rule=ULUDRDDLDRD]
STEPT 104:
Sherlock[index=0;pos=(31,2);moving_rule=ULUDRDDLDRD]
STEPT 105:
Sherlock[index=0;pos=(32,2);moving_rule=ULUDRDDLDRD]
STEPT 106:
Sherlock[index=0;pos=(33,2);moving_rule=ULUDRDDLDRD]
STEPT 107:
Sherlock[index=0;pos=(33,1);moving_rule=ULUDRDDLDRD]
STEPT 108:
Sherlock[index=0;pos=(34,1);moving_rule=ULUDRDDLDRD]
STEPT 109:
Sherlock[index=0;pos=(34,2);moving_rule=ULUDRDDLDRD]
STEPT 110:
Sherlock[index=0;pos=(35,2);moving_rule=ULUDRDDLDRD]
STEPT 111:
Sherlock[index=0;pos=(34,2);moving_rule=ULUDRDDLDRD]
STEPT 112:
Sherlock[index=0;pos=(34,1);moving_rule=ULUDRDDLDRD]
STEPT 113:
Sherlock[index=0;pos=(33,1);moving_rule=ULUDRDDLDRD]
STEPT 114:
Sherlock[index=0;pos=(34,1);moving_rule=ULUDRDDLDRD]
STEPT 115:
Sherlock[index=0;pos=(34,2);moving_rule=ULUDRDDLDRD]
STEPT 116:
Sherlock[index=0;pos=(35,2);moving_rule=ULUDRDDLDRD]
STEPT 117:
Sherlock[index=0;pos=(36,2);moving_rule=ULUDRDDLDRD]
STEPT 118:
Sherlock[index=0;pos=(36,1);moving_rule=ULUDRDDLDRD]
STEPT 119:
Sherlock[index=0;pos=(37,1);moving_rule=ULUDRDDLDRD]
STEPT 120:
Sherlock[index=0;pos=(37,2);moving_rule=ULUDRDDLDRD]
STEPT 121:
Sherlock[index=0;pos=(38,2);moving_rule=ULUDRDDLDRD]
STEPT 122:
Sherlock[index=0;pos=(37,2);moving_rule=ULUDRDDLDRD]
STEPT 123:
Sherlock[index=0;pos=(37,1);moving_rule=ULUDRDDLDRD]
STEPT 124:
Sherlock[index=0;pos=(36,1);moving_rule=ULUDRDDLDRD]
STEPT 125:
Sherlock[index=0;pos=(37,1);moving_rule=ULUDRDDLDRD]
STEPT 126:
Sherlock[index=0;pos=(37,2);moving_rule=ULUDRDDLDRD]
STEPT 127:
Sherlock[index=0;pos=(38,2);moving_rule=ULUDRDDLDRD]
STEPT 128:
Sherlock[index=0;pos=(39,2);moving_rule=ULUDRDDLDRD]
STEPT 129:
Sherlock[index=0;pos=(39,1);moving_rule=ULUDRDDLDRD]
STEPT 130:
Sherlock[index=0;pos=(40,1);moving_rule=ULUDRDDLDRD]
STEPT 131:
Sherlock[index=0;pos=(40,2);moving_rule=ULUDRDDLDRD]
STEPT 132:
Sherlock[index=0;pos=(41,2);moving_rule=ULUDRDDLDRD]
STEPT 133:
Sherlock[index=0;pos=(40,2);moving_rule=ULUDRDDLDRD]
STEPT 134:
Sherlock[index=0;pos=(40,1);moving_rule=ULUDRDDLDRD]
STEPT 135:
Sherlock[index=0;pos=(39,1);moving_rule=ULUDRDDLDRD]
STEPT 136:
Sherlock[index=0;pos=(40,1);moving_rule=ULUDRDDLDRD]
STEPT 137:
Sherlock[index=0;pos=(40,2);moving_rule=ULUDRDDLDRD]
STEPT 138:
Sherlock[index=0;pos=(41,2);moving_rule=ULUDRDDLDRD]
STEPT 139:
Sherlock[index=0;pos=(42,2);moving_rule=ULUDRDDLDRD]
STEPT 140:
Sherlock[index=0;pos=(42,1);moving_rule=ULUDRDDLDRD]
STEPT 141:
Sherlock[index=0;pos=(43,1);moving_rule=ULUDRDDLDRD]
STEPT 142:
Sherlock[index=0;pos=(43,2);moving_rule=ULUDRDDLDRD]
STEPT 143:
Sherlock[index=0;pos=(44,2);moving_rule=ULUDRDDLDRD]
STEPT 144:
Sherlock[index=0;pos=(43,2);moving_rule=ULUDRDDLDRD]
STEPT 145:
Sherlock[index=0;pos=(43,1);moving_rule=ULUDRDDLDRD]
STEPT 146:
Sherlock[index=0;pos=(42,1);moving_rule=ULUDRDDLDRD]
STEPT 147:
Sherlock[index=0;pos=(43,1);moving_rule=ULUDRDDLDRD]
STEPT 148:
Sherlock[index=0;pos=(43,2);moving_rule=ULUDRDDLDRD]
STEPT 149:
Sherlock[index=0;pos=(44,2);moving_rule=ULUDRDDLDRD]
STEPT 150:
Sherlock[index=0;pos=(45,2);moving_rule=ULUDRDDLDRD]
STEPT 151:
Sherlock[index=0;pos=(45,1);moving_rule=ULUDRDDLDRD]
STEPT 152:
Sherlock[index=0;pos=(46,1);moving_rule=ULUDRDDLDRD]
STEPT 153:
Sherlock[index=0;pos=(46,2);moving_rule=ULUDRDDLDRD]
STEPT 154:
Sherlock[index=0;pos=(47,2);moving_rule=ULUDRDDLDRD]
STEPT 155:
Sherlock[index=0;pos=(46,2);moving_rule=ULUDRDDLDRD]
STEPT 156:
Sherlock[index=0;pos=(46,1);moving_rule=ULUDRDDLDRD]
STEPT 157:
Sherlock[index=0;pos=(45,1);moving_rule=ULUDRDDLDRD]
STEPT 158:
Sherlock[index=0;pos=(46,1);moving_rule=ULUDRDDLDRD]
STEPT 159:
Sherlock[index=0;pos=(46,2);moving_rule=ULUDRDDLDRD]
STEPT 160:
Sherlock[index=0;pos=(47,2);moving_rule=ULUDRDDLDRD]
STEPT 161:
Sherlock[index=0;pos=(47,2);moving_rule=ULUDRDDLDRD]
STEPT 162:
Sherlock[index=0;pos=(47,1);moving_rule=ULUDRDDLDRD]
STEPT 163:
Sherlock[index=0;pos=(47,1);moving_rule=ULUDRDDLDRD]
STEPT 164:
Sherlock[index=0;pos=(47,2);moving_rule=ULUDRDDLDRD]
STEPT 165:
Sherlock[index=0;pos=(47,2);moving_rule=ULUDRDDLDRD]
STEPT 166:
Sherlock[index=0;pos=(46,2);moving_rule=ULUDRDDLDRD]
STEPT 167:
Sherlock[index=0;pos=(46,1);moving_rule=ULUDRDDLDRD]
STEPT 168:
Sherlock[index=0;pos=(45,1);moving_rule=ULUDRDDLDRD]
STEPT 169:
Sherlock[index=0;pos=(46,1);moving_rule=ULUDRDDLDRD]
STEPT 170:
Sherlock[index=0;pos=(46,2);moving_rule=ULUDRDDLDRD]
STEPT 171:
Sherlock[index=0;pos=(47,2);moving_rule=ULUDRDDLDRD]
STEPT 172:
Sherlock[index=0;pos=(47,2);moving_rule=ULUDRDDLDRD]
STEPT 173:
Sherlock[index=0;pos=(47,1);moving_rule=ULUDRDDLDRD]
STEPT 174:
Sherlock[index=0;pos=(47,1);moving_rule=ULUDRDDLDRD]
STEPT 175:
Sherlock[index=0;pos=(47,2);moving_rule=ULUDRDDLDRD]
STEPT 176:
Sherlock[index=0;pos=(47,2);moving_rule=ULUDRDDLDRD]
STEPT 177:
Sherlock[index=0;pos=(46,2);moving_rule=ULUDRDDLDRD]
STEPT 178:
Sherlock[index=0;pos=(46,1);moving_rule=ULUDRDDLDRD]
STEPT 179:
Sherlock[index=0;pos=(45,1);moving_rule=ULUDRDDLDRD]
STEPT 180:
Sherlock[index=0;pos=(46,1);moving_rule=ULUDRDDLDRD]
STEPT 181:
Sherlock[index=0;pos=(46,2);moving_rule=ULUDRDDLDRD]
STEPT 182:
Sherlock[index=0;pos=(47,2);moving_rule=ULUDRDDLDRD]
STEPT 183:
Sherlock[index=0;pos=(47,2);moving_rule=ULUDRDDLDRD]
STEPT 184:
Sherlock[index=0;pos=(47,1);moving_rule=ULUDRDDLDRD]
STEPT 185:
Sherlock[index=0;pos=(47,1);moving_rule=ULUDRDDLDRD]
STEPT 186:
Sherlock[index=0;pos=(47,2);moving_rule=ULUDRDDLDRD]
STEPT 187:
Sherlock[index=0;pos=(47,2);moving_rule=ULUDRDDLDRD]
STEPT 188:
Sherlock[index=0;pos=(46,2);moving_rule=ULUDRDDLDRD]
STEPT 189:
Sherlock[index=0;pos=(46,1);moving_rule=ULUDRDDLDRD]
STEPT 190:
Sherlock[index=0;pos=(45,1);moving_rule=ULUDRDDLDRD]
STEPT 191:
Sherlock[index=0;pos=(46,1);moving_rule=ULUDRDDLDRD]
STEPT 192:
Sherlock[index=0;pos=(46,2);moving_rule=ULUDRDDLDRD]
STEPT 193:
Sherlock[index=0;pos=(47,2);moving_rule=ULUDRDDLDRD]
STEPT 194:
Sherlock[index=0;pos=(47,2);moving_rule=ULUDRDDLDRD]
STEPT 195:
Sherlock[index=0;pos=(47,1);moving_rule=ULUDRDDLDRD]
STEPT 196:
Sherlock[index=0;pos=(47,1);moving_rule=ULUDRDDLDRD]
STEPT 197:
Sherlock[index=0;pos=(47,2);moving_rule=ULUDRDDLDRD]
STEPT 198:
Sherlock[index=0;pos=(47,2);moving_rule=ULUDRDDLDRD]
STEPT 199:
Sherlock[index=0;pos=(46,2);moving_rule=ULUDRDDLDRD]
STEPT 200:
Sherlock[index=0;pos=(46,1);moving_rule=ULUDRDDLDRD]
