Sherlock[index=0;pos=(43,14);moving_rule=DLLLRUDR]
STEPT 1:
Sherlock[index=0;pos=(44,14);moving_rule=DLLLRUDR]
STEPT 2:
Sherlock[index=0;pos=(44,13);moving_rule=DLLLRUDR]
STEPT 3:
Sherlock[index=0;pos=(44,12);moving_rule=DLLLRUDR]
STEPT 4:
Sherlock[index=0;pos=(44,11);moving_rule=DLLLRUDR]
STEPT 5:
Sherlock[index=0;pos=(44,12);moving_rule=DLLLRUDR]
STEPT 6:
Sherlock[index=0;pos=(43,12);moving_rule=DLLLRUDR]
STEPT 7:
Sherlock[index=0;pos=(44,12);moving_rule=DLLLRUDR]
STEPT 8:
Sherlock[index=0;pos=(44,13);moving_rule=DLLLRUDR]
STEPT 9:
Sherlock[index=0;pos=(45,13);moving_rule=DLLLRUDR]
STEPT 10:
Sherlock[index=0;pos=(45,12);moving_rule=DLLLRUDR]
STEPT 11:
Sherlock[index=0;pos=(45,11);moving_rule=DLLLRUDR]
STEPT 12:
Sherlock[index=0;pos=(45,10);moving_rule=DLLLRUDR]
STEPT 13:
Sherlock[index=0;pos=(45,11);moving_rule=DLLLRUDR]
STEPT 14:
Sherlock[index=0;pos=(44,11);moving_rule=DLLLRUDR]
STEPT 15:
Sherlock[index=0;pos=(45,11);moving_rule=DLLLRUDR]
STEPT 16:
Sherlock[index=0;pos=(45,12);moving_rule=DLLLRUDR]
STEPT 17:
Sherlock[index=0;pos=(46,12);moving_rule=DLLLRUDR]
STEPT 18:
Sherlock[index=0;pos=(46,11);moving_rule=DLLLRUDR]
STEPT 19:
Sherlock[index=0;pos=(46,10);moving_rule=DLLLRUDR]
STEPT 20:
Sherlock[index=0;pos=(46,9);moving_rule=DLLLRUDR]
STEPT 21:
Sherlock[index=0;pos=(46,10);moving_rule=DLLLRUDR]
STEPT 22:
Sherlock[index=0;pos=(45,10);moving_rule=DLLLRUDR]
STEPT 23:
Sherlock[index=0;pos=(46,10);moving_rule=DLLLRUDR]
STEPT 24:
Sherlock[index=0;pos=(46,11);moving_rule=DLLLRUDR]
STEPT 25:
Sherlock[index=0;pos=(47,11);moving_rule=DLLLRUDR]
STEPT 26:
Sherlock[index=0;pos=(47,10);moving_rule=DLLLRUDR]
STEPT 27:
Sherlock[index=0;pos=(47,9);moving_rule=DLLLRUDR]
STEPT 28:
Sherlock[index=0;pos=(47,8);moving_rule=DLLLRUDR]
STEPT 29:
Sherlock[index=0;pos=(47,9);moving_rule=DLLLRUDR]
STEPT 30:
Sherlock[index=0;pos=(46,9);moving_rule=DLLLRUDR]
STEPT 31:
Sherlock[index=0;pos=(47,9);moving_rule=DLLLRUDR]
STEPT 32:
Sherlock[index=0;pos=(47,10);moving_rule=DLLLRUDR]
STEPT 33:
Sherlock[index=0;pos=(48,10);moving_rule=DLLLRUDR]
STEPT 34:
Sherlock[index=0;pos=(48,9);moving_rule=DLLLRUDR]
STEPT 35:
Sherlock[index=0;pos=(48,8);moving_rule=DLLLRUDR]
STEPT 36:
Sherlock[index=0;pos=(48,7);moving_rule=DLLLRUDR]
STEPT 37:
Sherlock[index=0;pos=(48,8);moving_rule=DLLLRUDR]
STEPT 38:
Sherlock[index=0;pos=(47,8);moving_rule=DLLLRUDR]
STEPT 39:
Sherlock[index=0;pos=(48,8);moving_rule=DLLLRUDR]
STEPT 40:
Sherlock[index=0;pos=(48,9);moving_rule=DLLLRUDR]
STEPT 41:
Sherlock[index=0;pos=(49,9);moving_rule=DLLLRUDR]
STEPT 42:
Sherlock[index=0;pos=(49,8);moving_rule=DLLLRUDR]
STEPT 43:
Sherlock[index=0;pos=(49,7);moving_rule=DLLLRUDR]
STEPT 44:
Sherlock[index=0;pos=(49,6);moving_rule=DLLLRUDR]
STEPT 45:
Sherlock[index=0;pos=(49,7);moving_rule=DLLLRUDR]
STEPT 46:
Sherlock[index=0;pos=(48,7);moving_rule=DLLLRUDR]
STEPT 47:
Sherlock[index=0;pos=(49,7);moving_rule=DLLLRUDR]
STEPT 48:
Sherlock[index=0;pos=(49,8);moving_rule=DLLLRUDR]
STEPT 49:
Sherlock[index=0;pos=(49,8);moving_rule=DLLLRUDR]
STEPT 50:
Sherlock[index=0;pos=(49,7);moving_rule=DLLLRUDR]
STEPT 51:
Sherlock[index=0;pos=(49,6);moving_rule=DLLLRUDR]
STEPT 52:
Sherlock[index=0;pos=(49,5);moving_rule=DLLLRUDR]
STEPT 53:
Sherlock[index=0;pos=(49,6);moving_rule=DLLLRUDR]
STEPT 54:
Sherlock[index=0;pos=(48,6);moving_rule=DLLLRUDR]
STEPT 55:
Sherlock[index=0;pos=(49,6);moving_rule=DLLLRUDR]
STEPT 56:
Sherlock[index=0;pos=(49,7);moving_rule=DLLLRUDR]
STEPT 57:
Sherlock[index=0;pos=(49,7);moving_rule=DLLLRUDR]
STEPT 58:
Sherlock[index=0;pos=(49,6);moving_rule=DLLLRUDR]
STEPT 59:
Sherlock[index=0;pos=(49,5);moving_rule=DLLLRUDR]
STEPT 60:
Sherlock[index=0;pos=(49,4);moving_rule=DLLLRUDR]
STEPT 61:
Sherlock[index=0;pos=(49,5);moving_rule=DLLLRUDR]
STEPT 62:
Sherlock[index=0;pos=(48,5);moving_rule=DLLLRUDR]
STEPT 63:
Sherlock[index=0;pos=(49,5);moving_rule=DLLLRUDR]
STEPT 64:
Sherlock[index=0;pos=(49,6);moving_rule=DLLLRUDR]
STEPT 65:
Sherlock[index=0;pos=(49,6);moving_rule=DLLLRUDR]
STEPT 66:
Sherlock[index=0;pos=(49,5);moving_rule=DLLLRUDR]
STEPT 67:
Sherlock[index=0;pos=(49,4);moving_rule=DLLLRUDR]
STEPT 68:
Sherlock[index=0;pos=(49,3);moving_rule=DLLLRUDR]
STEPT 69:
Sherlock[index=0;pos=(49,4);moving_rule=DLLLRUDR]
STEPT 70:
Sherlock[index=0;pos=(48,4);moving_rule=DLLLRUDR]
STEPT 71:
Sherlock[index=0;pos=(49,4);moving_rule=DLLLRUDR]
STEPT 72:
Sherlock[index=0;pos=(49,5);moving_rule=DLLLRUDR]
STEPT 73:
Sherlock[index=0;pos=(49,5);moving_rule=DLLLRUDR]
STEPT 74:
Sherlock[index=0;pos=(49,4);moving_rule=DLLLRUDR]
STEPT 75:
Sherlock[index=0;pos=(49,3);moving_rule=DLLLRUDR]
STEPT 76:
Sherlock[index=0;pos=(49,2);moving_rule=DLLLRUDR]
STEPT 77:
Sherlock[index=0;pos=(49,3);moving_rule=DLLLRUDR]
STEPT 78:
Sherlock[index=0;pos=(48,3);moving_rule=DLLLRUDR]
STEPT 79:
Sherlock[index=0;pos=(49,3);moving_rule=DLLLRUDR]
STEPT 80:
Sherlock[index=0;pos=(49,4);moving_rule=DLLLRUDR]
STEPT 81:
Sherlock[index=0;pos=(49,4);moving_rule=DLLLRUDR]
STEPT 82:
Sherlock[index=0;pos=(49,3);moving_rule=DLLLRUDR]
STEPT 83:
Sherlock[index=0;pos=(49,2);moving_rule=DLLLRUDR]
STEPT 84:
Sherlock[index=0;pos=(49,1);moving_rule=DLLLRUDR]
STEPT 85:
Sherlock[index=0;pos=(49,2);moving_rule=DLLLRUDR]
STEPT 86:
Sherlock[index=0;pos=(48,2);moving_rule=DLLLRUDR]
STEPT 87:
Sherlock[index=0;pos=(49,2);moving_rule=DLLLRUDR]
STEPT 88:
Sherlock[index=0;pos=(49,3);moving_rule=DLLLRUDR]
STEPT 89:
Sherlock[index=0;pos=(49,3);moving_rule=DLLLRUDR]
STEPT 90:
Sherlock[index=0;pos=(49,2);moving_rule=DLLLRUDR]
STEPT 91:
Sherlock[index=0;pos=(49,1);moving_rule=DLLLRUDR]
STEPT 92:
Sherlock[index=0;pos=(49,0);moving_rule=DLLLRUDR]
STEPT 93:
Sherlock[index=0;pos=(49,1);moving_rule=DLLLRUDR]
STEPT 94:
Sherlock[index=0;pos=(48,1);moving_rule=DLLLRUDR]
STEPT 95:
Sherlock[index=0;pos=(49,1);moving_rule=DLLLRUDR]
STEPT 96:
Sherlock[index=0;pos=(49,2);moving_rule=DLLLRUDR]
STEPT 97:
Sherlock[index=0;pos=(49,2);moving_rule=DLLLRUDR]
STEPT 98:
Sherlock[index=0;pos=(49,1);moving_rule=DLLLRUDR]
STEPT 99:
Sherlock[index=0;pos=(49,0);moving_rule=DLLLRUDR]
STEPT 100:
Sherlock[index=0;pos=(49,0);moving_rule=DLLLRUDR]
STEPT 101:
Sherlock[index=0;pos=(49,1);moving_rule=DLLLRUDR]
STEPT 102:
Sherlock[index=0;pos=(48,1);moving_rule=DLLLRUDR]
STEPT 103:
Sherlock[index=0;pos=(49,1);moving_rule=DLLLRUDR]
STEPT 104:
Sherlock[index=0;pos=(49,2);moving_rule=DLLLRUDR]
STEPT 105:
Sherlock[index=0;pos=(49,2);moving_rule=DLLLRUDR]
STEPT 106:
Sherlock[index=0;pos=(49,1);moving_rule=DLLLRUDR]
STEPT 107:
Sherlock[index=0;pos=(49,0);moving_rule=DLLLRUDR]
STEPT 108:
Sherlock[index=0;pos=(49,0);moving_rule=DLLLRUDR]
STEPT 109:
Sherlock[index=0;pos=(49,1);moving_rule=DLLLRUDR]
STEPT 110:
Sherlock[index=0;pos=(48,1);moving_rule=DLLLRUDR]
STEPT 111:
Sherlock[index=0;pos=(49,1);moving_rule=DLLLRUDR]
STEPT 112:
Sherlock[index=0;pos=(49,2);moving_rule=DLLLRUDR]
STEPT 113:
Sherlock[index=0;pos=(49,2);moving_rule=DLLLRUDR]
STEPT 114:
Sherlock[index=0;pos=(49,1);moving_rule=DLLLRUDR]
STEPT 115:
Sherlock[index=0;pos=(49,0);moving_rule=DLLLRUDR]
STEPT 116:
Sherlock[index=0;pos=(49,0);moving_rule=DLLLRUDR]
STEPT 117:
Sherlock[index=0;pos=(49,1);moving_rule=DLLLRUDR]
STEPT 118:
Sherlock[index=0;pos=(48,1);moving_rule=DLLLRUDR]
STEPT 119:
Sherlock[index=0;pos=(49,1);moving_rule=DLLLRUDR]
STEPT 120:
Sherlock[index=0;pos=(49,2);moving_rule=DLLLRUDR]
STEPT 121:
Sherlock[index=0;pos=(49,2);moving_rule=DLLLRUDR]
STEPT 122:
Sherlock[index=0;pos=(49,1);moving_rule=DLLLRUDR]
STEPT 123:
Sherlock[index=0;pos=(49,0);moving_rule=DLLLRUDR]
STEPT 124:
Sherlock[index=0;pos=(49,0);moving_rule=DLLLRUDR]
STEPT 125:
Sherlock[index=0;pos=(49,1);moving_rule=DLLLRUDR]
STEPT 126:
Sherlock[index=0;pos=(48,1);moving_rule=DLLLRUDR]
STEPT 127:
Sherlock[index=0;pos=(49,1);moving_rule=DLLLRUDR]
STEPT 128:
Sherlock[index=0;pos=(49,2);moving_rule=DLLLRUDR]
STEPT 129:
Sherlock[index=0;pos=(49,2);moving_rule=DLLLRUDR]
STEPT 130:
Sherlock[index=0;pos=(49,1);moving_rule=DLLLRUDR]
STEPT 131:
Sherlock[index=0;pos=(49,0);moving_rule=DLLLRUDR]
STEPT 132:
Sherlock[index=0;pos=(49,0);moving_rule=DLLLRUDR]
STEPT 133:
Sherlock[index=0;pos=(49,1);moving_rule=DLLLRUDR]
STEPT 134:
Sherlock[index=0;pos=(48,1);moving_rule=DLLLRUDR]
STEPT 135:
Sherlock[index=0;pos=(49,1);moving_rule=DLLLRUDR]
STEPT 136:
Sherlock[index=0;pos=(49,2);moving_rule=DLLLRUDR]
STEPT 137:
Sherlock[index=0;pos=(49,2);moving_rule=DLLLRUDR]
STEPT 138:
Sherlock[index=0;pos=(49,1);moving_rule=DLLLRUDR]
STEPT 139:
Sherlock[index=0;pos=(49,0);moving_rule=DLLLRUDR]
STEPT 140:
Sherlock[index=0;pos=(49,0);moving_rule=DLLLRUDR]
STEPT 141:
Sherlock[index=0;pos=(49,1);moving_rule=DLLLRUDR]
STEPT 142:
Sherlock[index=0;pos=(48,1);moving_rule=DLLLRUDR]
STEPT 143:
Sherlock[index=0;pos=(49,1);moving_rule=DLLLRUDR]
STEPT 144:
Sherlock[index=0;pos=(49,2);moving_rule=DLLLRUDR]
STEPT 145:
Sherlock[index=0;pos=(49,2);moving_rule=DLLLRUDR]
STEPT 146:
Sherlock[index=0;pos=(49,1);moving_rule=DLLLRUDR]
STEPT 147:
Sherlock[index=0;pos=(49,0);moving_rule=DLLLRUDR]
STEPT 148:
Sherlock[index=0;pos=(49,0);moving_rule=DLLLRUDR]
STEPT 149:
Sherlock[index=0;pos=(49,1);moving_rule=DLLLRUDR]
STEPT 150:
Sherlock[index=0;pos=(48,1);moving_rule=DLLLRUDR]
STEPT 151:
Sherlock[index=0;pos=(49,1);moving_rule=DLLLRUDR]
STEPT 152:
Sherlock[index=0;pos=(49,2);moving_rule=DLLLRUDR]
STEPT 153:
Sherlock[index=0;pos=(49,2);moving_rule=DLLLRUDR]
STEPT 154:
Sherlock[index=0;pos=(49,1);moving_rule=DLLLRUDR]
STEPT 155:
Sherlock[index=0;pos=(49,0);moving_rule=DLLLRUDR]
STEPT 156:
Sherlock[index=0;pos=(49,0);moving_rule=DLLLRUDR]
STEPT 157:
Sherlock[index=0;pos=(49,1);moving_rule=DLLLRUDR]
STEPT 158:
Sherlock[index=0;pos=(48,1);moving_rule=DLLLRUDR]
STEPT 159:
Sherlock[index=0;pos=(49,1);moving_rule=DLLLRUDR]
STEPT 160:
Sherlock[index=0;pos=(49,2);moving_rule=DLLLRUDR]
STEPT 161:
Sherlock[index=0;pos=(49,2);moving_rule=DLLLRUDR]
STEPT 162:
Sherlock[index=0;pos=(49,1);moving_rule=DLLLRUDR]
STEPT 163:
Sherlock[index=0;pos=(49,0);moving_rule=DLLLRUDR]
STEPT 164:
Sherlock[index=0;pos=(49,0);moving_rule=DLLLRUDR]
STEPT 165:
Sherlock[index=0;pos=(49,1);moving_rule=DLLLRUDR]
STEPT 166:
Sherlock[index=0;pos=(48,1);moving_rule=DLLLRUDR]
STEPT 167:
Sherlock[index=0;pos=(49,1);moving_rule=DLLLRUDR]
STEPT 168:
Sherlock[index=0;pos=(49,2);moving_rule=DLLLRUDR]
STEPT 169:
Sherlock[index=0;pos=(49,2);moving_rule=DLLLRUDR]
STEPT 170:
Sherlock[index=0;pos=(49,1);moving_rule=DLLLRUDR]
STEPT 171:
Sherlock[index=0;pos=(49,0);moving_rule=DLLLRUDR]
STEPT 172:
Sherlock[index=0;pos=(49,0);moving_rule=DLLLRUDR]
STEPT 173:
Sherlock[index=0;pos=(49,1);moving_rule=DLLLRUDR]
STEPT 174:
Sherlock[index=0;pos=(48,1);moving_rule=DLLLRUDR]
STEPT 175:
Sherlock[index=0;pos=(49,1);moving_rule=DLLLRUDR]
STEPT 176:
Sherlock[index=0;pos=(49,2);moving_rule=DLLLRUDR]
STEPT 177:
Sherlock[index=0;pos=(49,2);moving_rule=DLLLRUDR]
STEPT 178:
Sherlock[index=0;pos=(49,1);moving_rule=DLLLRUDR]
STEPT 179:
Sherlock[index=0;pos=(49,0);moving_rule=DLLLRUDR]
STEPT 180:
Sherlock[index=0;pos=(49,0);moving_rule=DLLLRUDR]
STEPT 181:
Sherlock[index=0;pos=(49,1);moving_rule=DLLLRUDR]
STEPT 182:
Sherlock[index=0;pos=(48,1);moving_rule=DLLLRUDR]
STEPT 183:
Sherlock[index=0;pos=(49,1);moving_rule=DLLLRUDR]
STEPT 184:
Sherlock[index=0;pos=(49,2);moving_rule=DLLLRUDR]
STEPT 185:
Sherlock[index=0;pos=(49,2);moving_rule=DLLLRUDR]
STEPT 186:
Sherlock[index=0;pos=(49,1);moving_rule=DLLLRUDR]
STEPT 187:
Sherlock[index=0;pos=(49,0);moving_rule=DLLLRUDR]
STEPT 188:
Sherlock[index=0;pos=(49,0);moving_rule=DLLLRUDR]
STEPT 189:
Sherlock[index=0;pos=(49,1);moving_rule=DLLLRUDR]
STEPT 190:
Sherlock[index=0;pos=(48,1);moving_rule=DLLLRUDR]
STEPT 191:
Sherlock[index=0;pos=(49,1);moving_rule=DLLLRUDR]
STEPT 192:
Sherlock[index=0;pos=(49,2);moving_rule=DLLLRUDR]
STEPT 193:
Sherlock[index=0;pos=(49,2);moving_rule=DLLLRUDR]
STEPT 194:
Sherlock[index=0;pos=(49,1);moving_rule=DLLLRUDR]
STEPT 195:
Sherlock[index=0;pos=(49,0);moving_rule=DLLLRUDR]
STEPT 196:
Sherlock[index=0;pos=(49,0);moving_rule=DLLLRUDR]
STEPT 197:
Sherlock[index=0;pos=(49,1);moving_rule=DLLLRUDR]
STEPT 198:
Sherlock[index=0;pos=(48,1);moving_rule=DLLLRUDR]
STEPT 199:
Sherlock[index=0;pos=(49,1);moving_rule=DLLLRUDR]
STEPT 200:
Sherlock[index=0;pos=(49,2);moving_rule=DLLLRUDR]
