Criminal[index=0;pos=(3,15)]
Sherlock[index=1;pos=(16,11);moving_rule=DRDURDUULDUR]
Watson[index=2;pos=(24,11);moving_rule=RLD]
Robot[pos=(19,6);type=SW;dist=18]
CRIMINAL -> SHERLOCK -> WATSON -> ROBOTSW
STEPT 1:
Criminal[index=0;pos=(2,15)]
Sherlock[index=1;pos=(17,11);moving_rule=DRDURDUULDUR]
Watson[index=2;pos=(24,12);moving_rule=RLD]
Robot[pos=(19,8);type=SW;dist=14]
STEPT 2:
Criminal[index=0;pos=(1,15)]
Sherlock[index=1;pos=(17,12);moving_rule=DRDURDUULDUR]
Watson[index=2;pos=(24,11);moving_rule=RLD]
Robot[pos=(19,10);type=SW;dist=10]
STEPT 3:
Criminal[index=0;pos=(0,15)]
Sherlock[index=1;pos=(18,12);moving_rule=DRDURDUULDUR]
Watson[index=2;pos=(25,11);moving_rule=RLD]
Robot[pos=(18,11);type=SW;dist=8]
STEPT 4:
Criminal[index=0;pos=(0,14)]
Sherlock[index=1;pos=(17,12);moving_rule=DRDURDUULDUR]
Watson[index=2;pos=(25,12);moving_rule=RLD]
Robot[pos=(17,12);type=SW;dist=8]
STEPT 5:
Criminal[index=0;pos=(0,15)]
Sherlock[index=1;pos=(17,13);moving_rule=DRDURDUULDUR]
Watson[index=2;pos=(25,11);moving_rule=RLD]
Robot[pos=(18,13);type=SW;dist=10]
STEPT 6:
Criminal[index=0;pos=(0,14)]
Sherlock[index=1;pos=(18,13);moving_rule=DRDURDUULDUR]
Watson[index=2;pos=(26,11);moving_rule=RLD]
Robot[pos=(20,13);type=SW;dist=10]
STEPT 7:
Criminal[index=0;pos=(0,15)]
Sherlock[index=1;pos=(17,13);moving_rule=DRDURDUULDUR]
Watson[index=2;pos=(26,11);moving_rule=RLD]
Robot[pos=(18,13);type=SW;dist=11]
STEPT 8:
Criminal[index=0;pos=(0,14)]
Sherlock[index=1;pos=(16,13);moving_rule=DRDURDUULDUR]
Watson[index=2;pos=(26,10);moving_rule=RLD]
Robot[pos=(16,13);type=SW;dist=13]
STEPT 9:
Criminal[index=0;pos=(0,15)]
Sherlock[index=1;pos=(16,12);moving_rule=DRDURDUULDUR]
Watson[index=2;pos=(27,10);moving_rule=RLD]
Robot[pos=(17,12);type=SW;dist=13]
STEPT 10:
Criminal[index=0;pos=(0,14)]
Sherlock[index=1;pos=(17,12);moving_rule=DRDURDUULDUR]
Watson[index=2;pos=(27,11);moving_rule=RLD]
Robot[pos=(19,12);type=SW;dist=11]
STEPT 11:
Criminal[index=0;pos=(0,15)]
Sherlock[index=1;pos=(16,12);moving_rule=DRDURDUULDUR]
Watson[index=2;pos=(27,10);moving_rule=RLD]
Robot[pos=(17,12);type=SW;dist=13]
STEPT 12:
Criminal[index=0;pos=(0,14)]
Sherlock[index=1;pos=(16,13);moving_rule=DRDURDUULDUR]
Watson[index=2;pos=(28,10);moving_rule=RLD]
Robot[pos=(16,13);type=SW;dist=15]
STEPT 13:
Criminal[index=0;pos=(0,15)]
Sherlock[index=1;pos=(17,13);moving_rule=DRDURDUULDUR]
Watson[index=2;pos=(28,11);moving_rule=RLD]
Robot[pos=(18,13);type=SW;dist=13]
STEPT 14:
Criminal[index=0;pos=(0,14)]
Sherlock[index=1;pos=(17,14);moving_rule=DRDURDUULDUR]
Watson[index=2;pos=(28,10);moving_rule=RLD]
Robot[pos=(17,14);type=SW;dist=15]
STEPT 15:
Criminal[index=0;pos=(0,15)]
Sherlock[index=1;pos=(18,14);moving_rule=DRDURDUULDUR]
Watson[index=2;pos=(29,10);moving_rule=RLD]
Robot[pos=(19,14);type=SW;dist=15]
STEPT 16:
Criminal[index=0;pos=(0,14)]
Sherlock[index=1;pos=(17,14);moving_rule=DRDURDUULDUR]
Watson[index=2;pos=(29,11);moving_rule=RLD]
Robot[pos=(17,14);type=SW;dist=15]
STEPT 17:
Criminal[index=0;pos=(0,15)]
Sherlock[index=1;pos=(17,15);moving_rule=DRDURDUULDUR]
Watson[index=2;pos=(29,10);moving_rule=RLD]
Robot[pos=(18,15);type=SW;dist=17]
STEPT 18:
Criminal[index=0;pos=(0,14)]
Sherlock[index=1;pos=(18,15);moving_rule=DRDURDUULDUR]
Watson[index=2;pos=(30,10);moving_rule=RLD]
Robot[pos=(20,15);type=SW;dist=17]
STEPT 19:
Criminal[index=0;pos=(0,13)]
Sherlock[index=1;pos=(17,15);moving_rule=DRDURDUULDUR]
Watson[index=2;pos=(30,11);moving_rule=RLD]
Robot[pos=(18,15);type=SW;dist=17]
STEPT 20:
Criminal[index=0;pos=(0,12)]
Sherlock[index=1;pos=(16,15);moving_rule=DRDURDUULDUR]
Watson[index=2;pos=(30,10);moving_rule=RLD]
Robot[pos=(16,15);type=SW;dist=19]
STEPT 21:
Criminal[index=0;pos=(0,11)]
Sherlock[index=1;pos=(16,14);moving_rule=DRDURDUULDUR]
Watson[index=2;pos=(31,10);moving_rule=RLD]
Robot[pos=(17,14);type=SW;dist=19]
STEPT 22:
Criminal[index=0;pos=(0,10)]
Sherlock[index=1;pos=(17,14);moving_rule=DRDURDUULDUR]
Watson[index=2;pos=(31,11);moving_rule=RLD]
Robot[pos=(19,14);type=SW;dist=17]
STEPT 23:
Criminal[index=0;pos=(0,9)]
Sherlock[index=1;pos=(16,14);moving_rule=DRDURDUULDUR]
Watson[index=2;pos=(31,10);moving_rule=RLD]
Robot[pos=(17,14);type=SW;dist=19]
STEPT 24:
Criminal[index=0;pos=(0,8)]
Sherlock[index=1;pos=(16,15);moving_rule=DRDURDUULDUR]
Watson[index=2;pos=(32,10);moving_rule=RLD]
Robot[pos=(16,15);type=SW;dist=21]
STEPT 25:
Criminal[index=0;pos=(0,7)]
Sherlock[index=1;pos=(17,15);moving_rule=DRDURDUULDUR]
Watson[index=2;pos=(32,11);moving_rule=RLD]
Robot[pos=(18,15);type=SW;dist=19]
STEPT 26:
Criminal[index=0;pos=(0,6)]
Sherlock[index=1;pos=(17,15);moving_rule=DRDURDUULDUR]
Watson[index=2;pos=(32,10);moving_rule=RLD]
Robot[pos=(20,15);type=SW;dist=20]
STEPT 27:
Criminal[index=0;pos=(0,5)]
Sherlock[index=1;pos=(18,15);moving_rule=DRDURDUULDUR]
Watson[index=2;pos=(33,10);moving_rule=RLD]
Robot[pos=(18,15);type=SW;dist=20]
STEPT 28:
Criminal[index=0;pos=(0,4)]
Sherlock[index=1;pos=(17,15);moving_rule=DRDURDUULDUR]
Watson[index=2;pos=(33,10);moving_rule=RLD]
Robot[pos=(20,15);type=SW;dist=21]
STEPT 29:
Criminal[index=0;pos=(0,3)]
Sherlock[index=1;pos=(17,15);moving_rule=DRDURDUULDUR]
Watson[index=2;pos=(33,9);moving_rule=RLD]
Robot[pos=(18,15);type=SW;dist=22]
STEPT 30:
Criminal[index=0;pos=(0,2)]
Sherlock[index=1;pos=(18,15);moving_rule=DRDURDUULDUR]
Watson[index=2;pos=(34,9);moving_rule=RLD]
Robot[pos=(20,15);type=SW;dist=22]
STEPT 31:
Criminal[index=0;pos=(0,1)]
Sherlock[index=1;pos=(17,15);moving_rule=DRDURDUULDUR]
Watson[index=2;pos=(34,10);moving_rule=RLD]
Robot[pos=(18,15);type=SW;dist=22]
STEPT 32:
Criminal[index=0;pos=(0,0)]
Sherlock[index=1;pos=(16,15);moving_rule=DRDURDUULDUR]
Watson[index=2;pos=(34,9);moving_rule=RLD]
Robot[pos=(16,15);type=SW;dist=24]
STEPT 33:
Criminal[index=0;pos=(1,0)]
Sherlock[index=1;pos=(16,14);moving_rule=DRDURDUULDUR]
Watson[index=2;pos=(35,9);moving_rule=RLD]
Robot[pos=(17,14);type=SW;dist=24]
STEPT 34:
Criminal[index=0;pos=(0,0)]
Sherlock[index=1;pos=(17,14);moving_rule=DRDURDUULDUR]
Watson[index=2;pos=(35,10);moving_rule=RLD]
Robot[pos=(19,14);type=SW;dist=22]
STEPT 35:
Criminal[index=0;pos=(1,0)]
Sherlock[index=1;pos=(16,14);moving_rule=DRDURDUULDUR]
Watson[index=2;pos=(35,9);moving_rule=RLD]
Robot[pos=(17,14);type=SW;dist=24]
STEPT 36:
Criminal[index=0;pos=(0,0)]
Sherlock[index=1;pos=(16,15);moving_rule=DRDURDUULDUR]
Watson[index=2;pos=(36,9);moving_rule=RLD]
Robot[pos=(16,15);type=SW;dist=26]
STEPT 37:
Criminal[index=0;pos=(1,0)]
Sherlock[index=1;pos=(17,15);moving_rule=DRDURDUULDUR]
Watson[index=2;pos=(36,10);moving_rule=RLD]
Robot[pos=(18,15);type=SW;dist=24]
STEPT 38:
Criminal[index=0;pos=(0,0)]
Sherlock[index=1;pos=(17,15);moving_rule=DRDURDUULDUR]
Watson[index=2;pos=(36,9);moving_rule=RLD]
Robot[pos=(20,15);type=SW;dist=25]
STEPT 39:
Criminal[index=0;pos=(1,0)]
Sherlock[index=1;pos=(18,15);moving_rule=DRDURDUULDUR]
Watson[index=2;pos=(37,9);moving_rule=RLD]
Robot[pos=(18,15);type=SW;dist=25]
STEPT 40:
Criminal[index=0;pos=(0,0)]
Sherlock[index=1;pos=(17,15);moving_rule=DRDURDUULDUR]
Watson[index=2;pos=(37,10);moving_rule=RLD]
Robot[pos=(20,15);type=SW;dist=25]
STEPT 41:
Criminal[index=0;pos=(1,0)]
Sherlock[index=1;pos=(17,15);moving_rule=DRDURDUULDUR]
Watson[index=2;pos=(37,9);moving_rule=RLD]
Robot[pos=(18,15);type=SW;dist=26]
STEPT 42:
Criminal[index=0;pos=(0,0)]
Sherlock[index=1;pos=(18,15);moving_rule=DRDURDUULDUR]
Watson[index=2;pos=(38,9);moving_rule=RLD]
Robot[pos=(20,15);type=SW;dist=26]
STEPT 43:
Criminal[index=0;pos=(1,0)]
Sherlock[index=1;pos=(17,15);moving_rule=DRDURDUULDUR]
Watson[index=2;pos=(38,10);moving_rule=RLD]
Robot[pos=(18,15);type=SW;dist=26]
STEPT 44:
Criminal[index=0;pos=(0,0)]
Sherlock[index=1;pos=(16,15);moving_rule=DRDURDUULDUR]
Watson[index=2;pos=(38,9);moving_rule=RLD]
Robot[pos=(16,15);type=SW;dist=28]
STEPT 45:
Criminal[index=0;pos=(1,0)]
Sherlock[index=1;pos=(16,14);moving_rule=DRDURDUULDUR]
Watson[index=2;pos=(38,9);moving_rule=RLD]
Robot[pos=(17,14);type=SW;dist=27]
STEPT 46:
Criminal[index=0;pos=(0,0)]
Sherlock[index=1;pos=(17,14);moving_rule=DRDURDUULDUR]
Watson[index=2;pos=(38,10);moving_rule=RLD]
Robot[pos=(19,14);type=SW;dist=25]
STEPT 47:
Criminal[index=0;pos=(1,0)]
Sherlock[index=1;pos=(16,14);moving_rule=DRDURDUULDUR]
Watson[index=2;pos=(38,9);moving_rule=RLD]
Robot[pos=(17,14);type=SW;dist=27]
STEPT 48:
Criminal[index=0;pos=(0,0)]
Sherlock[index=1;pos=(16,15);moving_rule=DRDURDUULDUR]
Watson[index=2;pos=(38,9);moving_rule=RLD]
Robot[pos=(16,15);type=SW;dist=28]
STEPT 49:
Criminal[index=0;pos=(1,0)]
Sherlock[index=1;pos=(17,15);moving_rule=DRDURDUULDUR]
Watson[index=2;pos=(38,10);moving_rule=RLD]
Robot[pos=(18,15);type=SW;dist=26]
STEPT 50:
Criminal[index=0;pos=(0,0)]
Sherlock[index=1;pos=(17,15);moving_rule=DRDURDUULDUR]
Watson[index=2;pos=(38,9);moving_rule=RLD]
Robot[pos=(20,15);type=SW;dist=27]
STEPT 51:
Criminal[index=0;pos=(1,0)]
Sherlock[index=1;pos=(18,15);moving_rule=DRDURDUULDUR]
Watson[index=2;pos=(38,9);moving_rule=RLD]
Robot[pos=(18,15);type=SW;dist=26]
STEPT 52:
Criminal[index=0;pos=(0,0)]
Sherlock[index=1;pos=(17,15);moving_rule=DRDURDUULDUR]
Watson[index=2;pos=(38,10);moving_rule=RLD]
Robot[pos=(20,15);type=SW;dist=26]
STEPT 53:
Criminal[index=0;pos=(1,0)]
Sherlock[index=1;pos=(17,15);moving_rule=DRDURDUULDUR]
Watson[index=2;pos=(38,9);moving_rule=RLD]
Robot[pos=(18,15);type=SW;dist=27]
STEPT 54:
Criminal[index=0;pos=(0,0)]
Sherlock[index=1;pos=(18,15);moving_rule=DRDURDUULDUR]
Watson[index=2;pos=(38,9);moving_rule=RLD]
Robot[pos=(20,15);type=SW;dist=26]
STEPT 55:
Criminal[index=0;pos=(1,0)]
Sherlock[index=1;pos=(17,15);moving_rule=DRDURDUULDUR]
Watson[index=2;pos=(38,10);moving_rule=RLD]
Robot[pos=(18,15);type=SW;dist=26]
STEPT 56:
Criminal[index=0;pos=(0,0)]
Sherlock[index=1;pos=(16,15);moving_rule=DRDURDUULDUR]
Watson[index=2;pos=(38,9);moving_rule=RLD]
Robot[pos=(16,15);type=SW;dist=28]
STEPT 57:
Criminal[index=0;pos=(1,0)]
Sherlock[index=1;pos=(16,14);moving_rule=DRDURDUULDUR]
Watson[index=2;pos=(38,9);moving_rule=RLD]
Robot[pos=(17,14);type=SW;dist=27]
STEPT 58:
Criminal[index=0;pos=(0,0)]
Sherlock[index=1;pos=(17,14);moving_rule=DRDURDUULDUR]
Watson[index=2;pos=(38,10);moving_rule=RLD]
Robot[pos=(19,14);type=SW;dist=25]
STEPT 59:
Criminal[index=0;pos=(1,0)]
Sherlock[index=1;pos=(16,14);moving_rule=DRDURDUULDUR]
Watson[index=2;pos=(38,9);moving_rule=RLD]
Robot[pos=(17,14);type=SW;dist=27]
STEPT 60:
Criminal[index=0;pos=(0,0)]
Sherlock[index=1;pos=(16,15);moving_rule=DRDURDUULDUR]
Watson[index=2;pos=(38,9);moving_rule=RLD]
Robot[pos=(16,15);type=SW;dist=28]
STEPT 61:
Criminal[index=0;pos=(1,0)]
Sherlock[index=1;pos=(17,15);moving_rule=DRDURDUULDUR]
Watson[index=2;pos=(38,10);moving_rule=RLD]
Robot[pos=(18,15);type=SW;dist=26]
STEPT 62:
Criminal[index=0;pos=(0,0)]
Sherlock[index=1;pos=(17,15);moving_rule=DRDURDUULDUR]
Watson[index=2;pos=(38,9);moving_rule=RLD]
Robot[pos=(20,15);type=SW;dist=27]
STEPT 63:
Criminal[index=0;pos=(1,0)]
Sherlock[index=1;pos=(18,15);moving_rule=DRDURDUULDUR]
Watson[index=2;pos=(38,9);moving_rule=RLD]
Robot[pos=(18,15);type=SW;dist=26]
STEPT 64:
Criminal[index=0;pos=(0,0)]
Sherlock[index=1;pos=(17,15);moving_rule=DRDURDUULDUR]
Watson[index=2;pos=(38,10);moving_rule=RLD]
Robot[pos=(20,15);type=SW;dist=26]
STEPT 65:
Criminal[index=0;pos=(1,0)]
Sherlock[index=1;pos=(17,15);moving_rule=DRDURDUULDUR]
Watson[index=2;pos=(38,9);moving_rule=RLD]
Robot[pos=(18,15);type=SW;dist=27]
STEPT 66:
Criminal[index=0;pos=(0,0)]
Sherlock[index=1;pos=(18,15);moving_rule=DRDURDUULDUR]
Watson[index=2;pos=(38,9);moving_rule=RLD]
Robot[pos=(20,15);type=SW;dist=26]
STEPT 67:
Criminal[index=0;pos=(1,0)]
Sherlock[index=1;pos=(17,15);moving_rule=DRDURDUULDUR]
Watson[index=2;pos=(38,10);moving_rule=RLD]
Robot[pos=(18,15);type=SW;dist=26]
STEPT 68:
Criminal[index=0;pos=(0,0)]
Sherlock[index=1;pos=(16,15);moving_rule=DRDURDUULDUR]
Watson[index=2;pos=(38,9);moving_rule=RLD]
Robot[pos=(16,15);type=SW;dist=28]
STEPT 69:
Criminal[index=0;pos=(1,0)]
Sherlock[index=1;pos=(16,14);moving_rule=DRDURDUULDUR]
Watson[index=2;pos=(38,9);moving_rule=RLD]
Robot[pos=(17,14);type=SW;dist=27]
STEPT 70:
Criminal[index=0;pos=(0,0)]
Sherlock[index=1;pos=(17,14);moving_rule=DRDURDUULDUR]
Watson[index=2;pos=(38,10);moving_rule=RLD]
Robot[pos=(19,14);type=SW;dist=25]
STEPT 71:
Criminal[index=0;pos=(1,0)]
Sherlock[index=1;pos=(16,14);moving_rule=DRDURDUULDUR]
Watson[index=2;pos=(38,9);moving_rule=RLD]
Robot[pos=(17,14);type=SW;dist=27]
STEPT 72:
Criminal[index=0;pos=(0,0)]
Sherlock[index=1;pos=(16,15);moving_rule=DRDURDUULDUR]
Watson[index=2;pos=(38,9);moving_rule=RLD]
Robot[pos=(16,15);type=SW;dist=28]
STEPT 73:
Criminal[index=0;pos=(1,0)]
Sherlock[index=1;pos=(17,15);moving_rule=DRDURDUULDUR]
Watson[index=2;pos=(38,10);moving_rule=RLD]
Robot[pos=(18,15);type=SW;dist=26]
STEPT 74:
Criminal[index=0;pos=(0,0)]
Sherlock[index=1;pos=(17,15);moving_rule=DRDURDUULDUR]
Watson[index=2;pos=(38,9);moving_rule=RLD]
Robot[pos=(20,15);type=SW;dist=27]
STEPT 75:
Criminal[index=0;pos=(1,0)]
Sherlock[index=1;pos=(18,15);moving_rule=DRDURDUULDUR]
Watson[index=2;pos=(38,9);moving_rule=RLD]
Robot[pos=(18,15);type=SW;dist=26]
STEPT 76:
Criminal[index=0;pos=(0,0)]
Sherlock[index=1;pos=(17,15);moving_rule=DRDURDUULDUR]
Watson[index=2;pos=(38,10);moving_rule=RLD]
Robot[pos=(20,15);type=SW;dist=26]
STEPT 77:
Criminal[index=0;pos=(1,0)]
Sherlock[index=1;pos=(17,15);moving_rule=DRDURDUULDUR]
Watson[index=2;pos=(38,9);moving_rule=RLD]
Robot[pos=(18,15);type=SW;dist=27]
STEPT 78:
Criminal[index=0;pos=(0,0)]
Sherlock[index=1;pos=(18,15);moving_rule=DRDURDUULDUR]
Watson[index=2;pos=(38,9);moving_rule=RLD]
Robot[pos=(20,15);type=SW;dist=26]
STEPT 79:
Criminal[index=0;pos=(1,0)]
Sherlock[index=1;pos=(17,15);moving_rule=DRDURDUULDUR]
Watson[index=2;pos=(38,10);moving_rule=RLD]
Robot[pos=(18,15);type=SW;dist=26]
STEPT 80:
Criminal[index=0;pos=(0,0)]
Sherlock[index=1;pos=(16,15);moving_rule=DRDURDUULDUR]
Watson[index=2;pos=(38,9);moving_rule=RLD]
Robot[pos=(16,15);type=SW;dist=28]
STEPT 81:
Criminal[index=0;pos=(1,0)]
Sherlock[index=1;pos=(16,14);moving_rule=DRDURDUULDUR]
Watson[index=2;pos=(38,9);moving_rule=RLD]
Robot[pos=(17,14);type=SW;dist=27]
STEPT 82:
Criminal[index=0;pos=(0,0)]
Sherlock[index=1;pos=(17,14);moving_rule=DRDURDUULDUR]
Watson[index=2;pos=(38,10);moving_rule=RLD]
Robot[pos=(19,14);type=SW;dist=25]
STEPT 83:
Criminal[index=0;pos=(1,0)]
Sherlock[index=1;pos=(16,14);moving_rule=DRDURDUULDUR]
Watson[index=2;pos=(38,9);moving_rule=RLD]
Robot[pos=(17,14);type=SW;dist=27]
STEPT 84:
Criminal[index=0;pos=(0,0)]
Sherlock[index=1;pos=(16,15);moving_rule=DRDURDUULDUR]
Watson[index=2;pos=(38,9);moving_rule=RLD]
Robot[pos=(16,15);type=SW;dist=28]
STEPT 85:
Criminal[index=0;pos=(1,0)]
Sherlock[index=1;pos=(17,15);moving_rule=DRDURDUULDUR]
Watson[index=2;pos=(38,10);moving_rule=RLD]
Robot[pos=(18,15);type=SW;dist=26]
STEPT 86:
Criminal[index=0;pos=(0,0)]
Sherlock[index=1;pos=(17,15);moving_rule=DRDURDUULDUR]
Watson[index=2;pos=(38,9);moving_rule=RLD]
Robot[pos=(20,15);type=SW;dist=27]
STEPT 87:
Criminal[index=0;pos=(1,0)]
Sherlock[index=1;pos=(18,15);moving_rule=DRDURDUULDUR]
Watson[index=2;pos=(38,9);moving_rule=RLD]
Robot[pos=(18,15);type=SW;dist=26]
STEPT 88:
Criminal[index=0;pos=(0,0)]
Sherlock[index=1;pos=(17,15);moving_rule=DRDURDUULDUR]
Watson[index=2;pos=(38,10);moving_rule=RLD]
Robot[pos=(20,15);type=SW;dist=26]
STEPT 89:
Criminal[index=0;pos=(1,0)]
Sherlock[index=1;pos=(17,15);moving_rule=DRDURDUULDUR]
Watson[index=2;pos=(38,9);moving_rule=RLD]
Robot[pos=(18,15);type=SW;dist=27]
STEPT 90:
Criminal[index=0;pos=(0,0)]
Sherlock[index=1;pos=(18,15);moving_rule=DRDURDUULDUR]
Watson[index=2;pos=(38,9);moving_rule=RLD]
Robot[pos=(20,15);type=SW;dist=26]
STEPT 91:
Criminal[index=0;pos=(1,0)]
Sherlock[index=1;pos=(17,15);moving_rule=DRDURDUULDUR]
Watson[index=2;pos=(38,10);moving_rule=RLD]
Robot[pos=(18,15);type=SW;dist=26]
STEPT 92:
Criminal[index=0;pos=(0,0)]
Sherlock[index=1;pos=(16,15);moving_rule=DRDURDUULDUR]
Watson[index=2;pos=(38,9);moving_rule=RLD]
Robot[pos=(16,15);type=SW;dist=28]
STEPT 93:
Criminal[index=0;pos=(1,0)]
Sherlock[index=1;pos=(16,14);moving_rule=DRDURDUULDUR]
Watson[index=2;pos=(38,9);moving_rule=RLD]
Robot[pos=(17,14);type=SW;dist=27]
STEPT 94:
Criminal[index=0;pos=(0,0)]
Sherlock[index=1;pos=(17,14);moving_rule=DRDURDUULDUR]
Watson[index=2;pos=(38,10);moving_rule=RLD]
Robot[pos=(19,14);type=SW;dist=25]
STEPT 95:
Criminal[index=0;pos=(1,0)]
Sherlock[index=1;pos=(16,14);moving_rule=DRDURDUULDUR]
Watson[index=2;pos=(38,9);moving_rule=RLD]
Robot[pos=(17,14);type=SW;dist=27]
STEPT 96:
Criminal[index=0;pos=(0,0)]
Sherlock[index=1;pos=(16,15);moving_rule=DRDURDUULDUR]
Watson[index=2;pos=(38,9);moving_rule=RLD]
Robot[pos=(16,15);type=SW;dist=28]
STEPT 97:
Criminal[index=0;pos=(1,0)]
Sherlock[index=1;pos=(17,15);moving_rule=DRDURDUULDUR]
Watson[index=2;pos=(38,10);moving_rule=RLD]
Robot[pos=(18,15);type=SW;dist=26]
STEPT 98:
Criminal[index=0;pos=(0,0)]
Sherlock[index=1;pos=(17,15);moving_rule=DRDURDUULDUR]
Watson[index=2;pos=(38,9);moving_rule=RLD]
Robot[pos=(20,15);type=SW;dist=27]
STEPT 99:
Criminal[index=0;pos=(1,0)]
Sherlock[index=1;pos=(18,15);moving_rule=DRDURDUULDUR]
Watson[index=2;pos=(38,9);moving_rule=RLD]
Robot[pos=(18,15);type=SW;dist=26]
STEPT 100:
Criminal[index=0;pos=(0,0)]
Sherlock[index=1;pos=(17,15);moving_rule=DRDURDUULDUR]
Watson[index=2;pos=(38,10);moving_rule=RLD]
Robot[pos=(20,15);type=SW;dist=26]
STEPT 101:
Criminal[index=0;pos=(1,0)]
Sherlock[index=1;pos=(17,15);moving_rule=DRDURDUULDUR]
Watson[index=2;pos=(38,9);moving_rule=RLD]
Robot[pos=(18,15);type=SW;dist=27]
STEPT 102:
Criminal[index=0;pos=(0,0)]
Sherlock[index=1;pos=(18,15);moving_rule=DRDURDUULDUR]
Watson[index=2;pos=(38,9);moving_rule=RLD]
Robot[pos=(20,15);type=SW;dist=26]
STEPT 103:
Criminal[index=0;pos=(1,0)]
Sherlock[index=1;pos=(17,15);moving_rule=DRDURDUULDUR]
Watson[index=2;pos=(38,10);moving_rule=RLD]
Robot[pos=(18,15);type=SW;dist=26]
STEPT 104:
Criminal[index=0;pos=(0,0)]
Sherlock[index=1;pos=(16,15);moving_rule=DRDURDUULDUR]
Watson[index=2;pos=(38,9);moving_rule=RLD]
Robot[pos=(16,15);type=SW;dist=28]
STEPT 105:
Criminal[index=0;pos=(1,0)]
Sherlock[index=1;pos=(16,14);moving_rule=DRDURDUULDUR]
Watson[index=2;pos=(38,9);moving_rule=RLD]
Robot[pos=(17,14);type=SW;dist=27]
STEPT 106:
Criminal[index=0;pos=(0,0)]
Sherlock[index=1;pos=(17,14);moving_rule=DRDURDUULDUR]
Watson[index=2;pos=(38,10);moving_rule=RLD]
Robot[pos=(19,14);type=SW;dist=25]
STEPT 107:
Criminal[index=0;pos=(1,0)]
Sherlock[index=1;pos=(16,14);moving_rule=DRDURDUULDUR]
Watson[index=2;pos=(38,9);moving_rule=RLD]
Robot[pos=(17,14);type=SW;dist=27]
STEPT 108:
Criminal[index=0;pos=(0,0)]
Sherlock[index=1;pos=(16,15);moving_rule=DRDURDUULDUR]
Watson[index=2;pos=(38,9);moving_rule=RLD]
Robot[pos=(16,15);type=SW;dist=28]
STEPT 109:
Criminal[index=0;pos=(1,0)]
Sherlock[index=1;pos=(17,15);moving_rule=DRDURDUULDUR]
Watson[index=2;pos=(38,10);moving_rule=RLD]
Robot[pos=(18,15);type=SW;dist=26]
STEPT 110:
Criminal[index=0;pos=(0,0)]
Sherlock[index=1;pos=(17,15);moving_rule=DRDURDUULDUR]
Watson[index=2;pos=(38,9);moving_rule=RLD]
Robot[pos=(20,15);type=SW;dist=27]
STEPT 111:
Criminal[index=0;pos=(1,0)]
Sherlock[index=1;pos=(18,15);moving_rule=DRDURDUULDUR]
Watson[index=2;pos=(38,9);moving_rule=RLD]
Robot[pos=(18,15);type=SW;dist=26]
STEPT 112:
Criminal[index=0;pos=(0,0)]
Sherlock[index=1;pos=(17,15);moving_rule=DRDURDUULDUR]
Watson[index=2;pos=(38,10);moving_rule=RLD]
Robot[pos=(20,15);type=SW;dist=26]
STEPT 113:
Criminal[index=0;pos=(1,0)]
Sherlock[index=1;pos=(17,15);moving_rule=DRDURDUULDUR]
Watson[index=2;pos=(38,9);moving_rule=RLD]
Robot[pos=(18,15);type=SW;dist=27]
STEPT 114:
Criminal[index=0;pos=(0,0)]
Sherlock[index=1;pos=(18,15);moving_rule=DRDURDUULDUR]
Watson[index=2;pos=(38,9);moving_rule=RLD]
Robot[pos=(20,15);type=SW;dist=26]
STEPT 115:
Criminal[index=0;pos=(1,0)]
Sherlock[index=1;pos=(17,15);moving_rule=DRDURDUULDUR]
Watson[index=2;pos=(38,10);moving_rule=RLD]
Robot[pos=(18,15);type=SW;dist=26]
STEPT 116:
Criminal[index=0;pos=(0,0)]
Sherlock[index=1;pos=(16,15);moving_rule=DRDURDUULDUR]
Watson[index=2;pos=(38,9);moving_rule=RLD]
Robot[pos=(16,15);type=SW;dist=28]
STEPT 117:
Criminal[index=0;pos=(1,0)]
Sherlock[index=1;pos=(16,14);moving_rule=DRDURDUULDUR]
Watson[index=2;pos=(38,9);moving_rule=RLD]
Robot[pos=(17,14);type=SW;dist=27]
STEPT 118:
Criminal[index=0;pos=(0,0)]
Sherlock[index=1;pos=(17,14);moving_rule=DRDURDUULDUR]
Watson[index=2;pos=(38,10);moving_rule=RLD]
Robot[pos=(19,14);type=SW;dist=25]
STEPT 119:
Criminal[index=0;pos=(1,0)]
Sherlock[index=1;pos=(16,14);moving_rule=DRDURDUULDUR]
Watson[index=2;pos=(38,9);moving_rule=RLD]
Robot[pos=(17,14);type=SW;dist=27]
STEPT 120:
Criminal[index=0;pos=(0,0)]
Sherlock[index=1;pos=(16,15);moving_rule=DRDURDUULDUR]
Watson[index=2;pos=(38,9);moving_rule=RLD]
Robot[pos=(16,15);type=SW;dist=28]
STEPT 121:
Criminal[index=0;pos=(1,0)]
Sherlock[index=1;pos=(17,15);moving_rule=DRDURDUULDUR]
Watson[index=2;pos=(38,10);moving_rule=RLD]
Robot[pos=(18,15);type=SW;dist=26]
STEPT 122:
Criminal[index=0;pos=(0,0)]
Sherlock[index=1;pos=(17,15);moving_rule=DRDURDUULDUR]
Watson[index=2;pos=(38,9);moving_rule=RLD]
Robot[pos=(20,15);type=SW;dist=27]
STEPT 123:
Criminal[index=0;pos=(1,0)]
Sherlock[index=1;pos=(18,15);moving_rule=DRDURDUULDUR]
Watson[index=2;pos=(38,9);moving_rule=RLD]
Robot[pos=(18,15);type=SW;dist=26]
STEPT 124:
Criminal[index=0;pos=(0,0)]
Sherlock[index=1;pos=(17,15);moving_rule=DRDURDUULDUR]
Watson[index=2;pos=(38,10);moving_rule=RLD]
Robot[pos=(20,15);type=SW;dist=26]
STEPT 125:
Criminal[index=0;pos=(1,0)]
Sherlock[index=1;pos=(17,15);moving_rule=DRDURDUULDUR]
Watson[index=2;pos=(38,9);moving_rule=RLD]
Robot[pos=(18,15);type=SW;dist=27]
STEPT 126:
Criminal[index=0;pos=(0,0)]
Sherlock[index=1;pos=(18,15);moving_rule=DRDURDUULDUR]
Watson[index=2;pos=(38,9);moving_rule=RLD]
Robot[pos=(20,15);type=SW;dist=26]
STEPT 127:
Criminal[index=0;pos=(1,0)]
Sherlock[index=1;pos=(17,15);moving_rule=DRDURDUULDUR]
Watson[index=2;pos=(38,10);moving_rule=RLD]
Robot[pos=(18,15);type=SW;dist=26]
STEPT 128:
Criminal[index=0;pos=(0,0)]
Sherlock[index=1;pos=(16,15);moving_rule=DRDURDUULDUR]
Watson[index=2;pos=(38,9);moving_rule=RLD]
Robot[pos=(16,15);type=SW;dist=28]
STEPT 129:
Criminal[index=0;pos=(1,0)]
Sherlock[index=1;pos=(16,14);moving_rule=DRDURDUULDUR]
Watson[index=2;pos=(38,9);moving_rule=RLD]
Robot[pos=(17,14);type=SW;dist=27]
STEPT 130:
Criminal[index=0;pos=(0,0)]
Sherlock[index=1;pos=(17,14);moving_rule=DRDURDUULDUR]
Watson[index=2;pos=(38,10);moving_rule=RLD]
Robot[pos=(19,14);type=SW;dist=25]
STEPT 131:
Criminal[index=0;pos=(1,0)]
Sherlock[index=1;pos=(16,14);moving_rule=DRDURDUULDUR]
Watson[index=2;pos=(38,9);moving_rule=RLD]
Robot[pos=(17,14);type=SW;dist=27]
STEPT 132:
Criminal[index=0;pos=(0,0)]
Sherlock[index=1;pos=(16,15);moving_rule=DRDURDUULDUR]
Watson[index=2;pos=(38,9);moving_rule=RLD]
Robot[pos=(16,15);type=SW;dist=28]
STEPT 133:
Criminal[index=0;pos=(1,0)]
Sherlock[index=1;pos=(17,15);moving_rule=DRDURDUULDUR]
Watson[index=2;pos=(38,10);moving_rule=RLD]
Robot[pos=(18,15);type=SW;dist=26]
STEPT 134:
Criminal[index=0;pos=(0,0)]
Sherlock[index=1;pos=(17,15);moving_rule=DRDURDUULDUR]
Watson[index=2;pos=(38,9);moving_rule=RLD]
Robot[pos=(20,15);type=SW;dist=27]
STEPT 135:
Criminal[index=0;pos=(1,0)]
Sherlock[index=1;pos=(18,15);moving_rule=DRDURDUULDUR]
Watson[index=2;pos=(38,9);moving_rule=RLD]
Robot[pos=(18,15);type=SW;dist=26]
STEPT 136:
Criminal[index=0;pos=(0,0)]
Sherlock[index=1;pos=(17,15);moving_rule=DRDURDUULDUR]
Watson[index=2;pos=(38,10);moving_rule=RLD]
Robot[pos=(20,15);type=SW;dist=26]
STEPT 137:
Criminal[index=0;pos=(1,0)]
Sherlock[index=1;pos=(17,15);moving_rule=DRDURDUULDUR]
Watson[index=2;pos=(38,9);moving_rule=RLD]
Robot[pos=(18,15);type=SW;dist=27]
STEPT 138:
Criminal[index=0;pos=(0,0)]
Sherlock[index=1;pos=(18,15);moving_rule=DRDURDUULDUR]
Watson[index=2;pos=(38,9);moving_rule=RLD]
Robot[pos=(20,15);type=SW;dist=26]
STEPT 139:
Criminal[index=0;pos=(1,0)]
Sherlock[index=1;pos=(17,15);moving_rule=DRDURDUULDUR]
Watson[index=2;pos=(38,10);moving_rule=RLD]
Robot[pos=(18,15);type=SW;dist=26]
STEPT 140:
Criminal[index=0;pos=(0,0)]
Sherlock[index=1;pos=(16,15);moving_rule=DRDURDUULDUR]
Watson[index=2;pos=(38,9);moving_rule=RLD]
Robot[pos=(16,15);type=SW;dist=28]
STEPT 141:
Criminal[index=0;pos=(1,0)]
Sherlock[index=1;pos=(16,14);moving_rule=DRDURDUULDUR]
Watson[index=2;pos=(38,9);moving_rule=RLD]
Robot[pos=(17,14);type=SW;dist=27]
STEPT 142:
Criminal[index=0;pos=(0,0)]
Sherlock[index=1;pos=(17,14);moving_rule=DRDURDUULDUR]
Watson[index=2;pos=(38,10);moving_rule=RLD]
Robot[pos=(19,14);type=SW;dist=25]
STEPT 143:
Criminal[index=0;pos=(1,0)]
Sherlock[index=1;pos=(16,14);moving_rule=DRDURDUULDUR]
Watson[index=2;pos=(38,9);moving_rule=RLD]
Robot[pos=(17,14);type=SW;dist=27]
STEPT 144:
Criminal[index=0;pos=(0,0)]
Sherlock[index=1;pos=(16,15);moving_rule=DRDURDUULDUR]
Watson[index=2;pos=(38,9);moving_rule=RLD]
Robot[pos=(16,15);type=SW;dist=28]
STEPT 145:
Criminal[index=0;pos=(1,0)]
Sherlock[index=1;pos=(17,15);moving_rule=DRDURDUULDUR]
Watson[index=2;pos=(38,10);moving_rule=RLD]
Robot[pos=(18,15);type=SW;dist=26]
STEPT 146:
Criminal[index=0;pos=(0,0)]
Sherlock[index=1;pos=(17,15);moving_rule=DRDURDUULDUR]
Watson[index=2;pos=(38,9);moving_rule=RLD]
Robot[pos=(20,15);type=SW;dist=27]
STEPT 147:
Criminal[index=0;pos=(1,0)]
Sherlock[index=1;pos=(18,15);moving_rule=DRDURDUULDUR]
Watson[index=2;pos=(38,9);moving_rule=RLD]
Robot[pos=(18,15);type=SW;dist=26]
STEPT 148:
Criminal[index=0;pos=(0,0)]
Sherlock[index=1;pos=(17,15);moving_rule=DRDURDUULDUR]
Watson[index=2;pos=(38,10);moving_rule=RLD]
Robot[pos=(20,15);type=SW;dist=26]
STEPT 149:
Criminal[index=0;pos=(1,0)]
Sherlock[index=1;pos=(17,15);moving_rule=DRDURDUULDUR]
Watson[index=2;pos=(38,9);moving_rule=RLD]
Robot[pos=(18,15);type=SW;dist=27]
STEPT 150:
Criminal[index=0;pos=(0,0)]
Sherlock[index=1;pos=(18,15);moving_rule=DRDURDUULDUR]
Watson[index=2;pos=(38,9);moving_rule=RLD]
Robot[pos=(20,15);type=SW;dist=26]
STEPT 151:
Criminal[index=0;pos=(1,0)]
Sherlock[index=1;pos=(17,15);moving_rule=DRDURDUULDUR]
Watson[index=2;pos=(38,10);moving_rule=RLD]
Robot[pos=(18,15);type=SW;dist=26]
STEPT 152:
Criminal[index=0;pos=(0,0)]
Sherlock[index=1;pos=(16,15);moving_rule=DRDURDUULDUR]
Watson[index=2;pos=(38,9);moving_rule=RLD]
Robot[pos=(16,15);type=SW;dist=28]
STEPT 153:
Criminal[index=0;pos=(1,0)]
Sherlock[index=1;pos=(16,14);moving_rule=DRDURDUULDUR]
Watson[index=2;pos=(38,9);moving_rule=RLD]
Robot[pos=(17,14);type=SW;dist=27]
STEPT 154:
Criminal[index=0;pos=(0,0)]
Sherlock[index=1;pos=(17,14);moving_rule=DRDURDUULDUR]
Watson[index=2;pos=(38,10);moving_rule=RLD]
Robot[pos=(19,14);type=SW;dist=25]
STEPT 155:
Criminal[index=0;pos=(1,0)]
Sherlock[index=1;pos=(16,14);moving_rule=DRDURDUULDUR]
Watson[index=2;pos=(38,9);moving_rule=RLD]
Robot[pos=(17,14);type=SW;dist=27]
STEPT 156:
Criminal[index=0;pos=(0,0)]
Sherlock[index=1;pos=(16,15);moving_rule=DRDURDUULDUR]
Watson[index=2;pos=(38,9);moving_rule=RLD]
Robot[pos=(16,15);type=SW;dist=28]
STEPT 157:
Criminal[index=0;pos=(1,0)]
Sherlock[index=1;pos=(17,15);moving_rule=DRDURDUULDUR]
Watson[index=2;pos=(38,10);moving_rule=RLD]
Robot[pos=(18,15);type=SW;dist=26]
STEPT 158:
Criminal[index=0;pos=(0,0)]
Sherlock[index=1;pos=(17,15);moving_rule=DRDURDUULDUR]
Watson[index=2;pos=(38,9);moving_rule=RLD]
Robot[pos=(20,15);type=SW;dist=27]
STEPT 159:
Criminal[index=0;pos=(1,0)]
Sherlock[index=1;pos=(18,15);moving_rule=DRDURDUULDUR]
Watson[index=2;pos=(38,9);moving_rule=RLD]
Robot[pos=(18,15);type=SW;dist=26]
STEPT 160:
Criminal[index=0;pos=(0,0)]
Sherlock[index=1;pos=(17,15);moving_rule=DRDURDUULDUR]
Watson[index=2;pos=(38,10);moving_rule=RLD]
Robot[pos=(20,15);type=SW;dist=26]
STEPT 161:
Criminal[index=0;pos=(1,0)]
Sherlock[index=1;pos=(17,15);moving_rule=DRDURDUULDUR]
Watson[index=2;pos=(38,9);moving_rule=RLD]
Robot[pos=(18,15);type=SW;dist=27]
STEPT 162:
Criminal[index=0;pos=(0,0)]
Sherlock[index=1;pos=(18,15);moving_rule=DRDURDUULDUR]
Watson[index=2;pos=(38,9);moving_rule=RLD]
Robot[pos=(20,15);type=SW;dist=26]
STEPT 163:
Criminal[index=0;pos=(1,0)]
Sherlock[index=1;pos=(17,15);moving_rule=DRDURDUULDUR]
Watson[index=2;pos=(38,10);moving_rule=RLD]
Robot[pos=(18,15);type=SW;dist=26]
STEPT 164:
Criminal[index=0;pos=(0,0)]
Sherlock[index=1;pos=(16,15);moving_rule=DRDURDUULDUR]
Watson[index=2;pos=(38,9);moving_rule=RLD]
Robot[pos=(16,15);type=SW;dist=28]
STEPT 165:
Criminal[index=0;pos=(1,0)]
Sherlock[index=1;pos=(16,14);moving_rule=DRDURDUULDUR]
Watson[index=2;pos=(38,9);moving_rule=RLD]
Robot[pos=(17,14);type=SW;dist=27]
STEPT 166:
Criminal[index=0;pos=(0,0)]
Sherlock[index=1;pos=(17,14);moving_rule=DRDURDUULDUR]
Watson[index=2;pos=(38,10);moving_rule=RLD]
Robot[pos=(19,14);type=SW;dist=25]
STEPT 167:
Criminal[index=0;pos=(1,0)]
Sherlock[index=1;pos=(16,14);moving_rule=DRDURDUULDUR]
Watson[index=2;pos=(38,9);moving_rule=RLD]
Robot[pos=(17,14);type=SW;dist=27]
STEPT 168:
Criminal[index=0;pos=(0,0)]
Sherlock[index=1;pos=(16,15);moving_rule=DRDURDUULDUR]
Watson[index=2;pos=(38,9);moving_rule=RLD]
Robot[pos=(16,15);type=SW;dist=28]
STEPT 169:
Criminal[index=0;pos=(1,0)]
Sherlock[index=1;pos=(17,15);moving_rule=DRDURDUULDUR]
Watson[index=2;pos=(38,10);moving_rule=RLD]
Robot[pos=(18,15);type=SW;dist=26]
STEPT 170:
Criminal[index=0;pos=(0,0)]
Sherlock[index=1;pos=(17,15);moving_rule=DRDURDUULDUR]
Watson[index=2;pos=(38,9);moving_rule=RLD]
Robot[pos=(20,15);type=SW;dist=27]
STEPT 171:
Criminal[index=0;pos=(1,0)]
Sherlock[index=1;pos=(18,15);moving_rule=DRDURDUULDUR]
Watson[index=2;pos=(38,9);moving_rule=RLD]
Robot[pos=(18,15);type=SW;dist=26]
STEPT 172:
Criminal[index=0;pos=(0,0)]
Sherlock[index=1;pos=(17,15);moving_rule=DRDURDUULDUR]
Watson[index=2;pos=(38,10);moving_rule=RLD]
Robot[pos=(20,15);type=SW;dist=26]
STEPT 173:
Criminal[index=0;pos=(1,0)]
Sherlock[index=1;pos=(17,15);moving_rule=DRDURDUULDUR]
Watson[index=2;pos=(38,9);moving_rule=RLD]
Robot[pos=(18,15);type=SW;dist=27]
STEPT 174:
Criminal[index=0;pos=(0,0)]
Sherlock[index=1;pos=(18,15);moving_rule=DRDURDUULDUR]
Watson[index=2;pos=(38,9);moving_rule=RLD]
Robot[pos=(20,15);type=SW;dist=26]
STEPT 175:
Criminal[index=0;pos=(1,0)]
Sherlock[index=1;pos=(17,15);moving_rule=DRDURDUULDUR]
Watson[index=2;pos=(38,10);moving_rule=RLD]
Robot[pos=(18,15);type=SW;dist=26]
STEPT 176:
Criminal[index=0;pos=(0,0)]
Sherlock[index=1;pos=(16,15);moving_rule=DRDURDUULDUR]
Watson[index=2;pos=(38,9);moving_rule=RLD]
Robot[pos=(16,15);type=SW;dist=28]
STEPT 177:
Criminal[index=0;pos=(1,0)]
Sherlock[index=1;pos=(16,14);moving_rule=DRDURDUULDUR]
Watson[index=2;pos=(38,9);moving_rule=RLD]
Robot[pos=(17,14);type=SW;dist=27]
STEPT 178:
Criminal[index=0;pos=(0,0)]
Sherlock[index=1;pos=(17,14);moving_rule=DRDURDUULDUR]
Watson[index=2;pos=(38,10);moving_rule=RLD]
Robot[pos=(19,14);type=SW;dist=25]
STEPT 179:
Criminal[index=0;pos=(1,0)]
Sherlock[index=1;pos=(16,14);moving_rule=DRDURDUULDUR]
Watson[index=2;pos=(38,9);moving_rule=RLD]
Robot[pos=(17,14);type=SW;dist=27]
STEPT 180:
Criminal[index=0;pos=(0,0)]
Sherlock[index=1;pos=(16,15);moving_rule=DRDURDUULDUR]
Watson[index=2;pos=(38,9);moving_rule=RLD]
Robot[pos=(16,15);type=SW;dist=28]
STEPT 181:
Criminal[index=0;pos=(1,0)]
Sherlock[index=1;pos=(17,15);moving_rule=DRDURDUULDUR]
Watson[index=2;pos=(38,10);moving_rule=RLD]
Robot[pos=(18,15);type=SW;dist=26]
STEPT 182:
Criminal[index=0;pos=(0,0)]
Sherlock[index=1;pos=(17,15);moving_rule=DRDURDUULDUR]
Watson[index=2;pos=(38,9);moving_rule=RLD]
Robot[pos=(20,15);type=SW;dist=27]
STEPT 183:
Criminal[index=0;pos=(1,0)]
Sherlock[index=1;pos=(18,15);moving_rule=DRDURDUULDUR]
Watson[index=2;pos=(38,9);moving_rule=RLD]
Robot[pos=(18,15);type=SW;dist=26]
STEPT 184:
Criminal[index=0;pos=(0,0)]
Sherlock[index=1;pos=(17,15);moving_rule=DRDURDUULDUR]
Watson[index=2;pos=(38,10);moving_rule=RLD]
Robot[pos=(20,15);type=SW;dist=26]
STEPT 185:
Criminal[index=0;pos=(1,0)]
Sherlock[index=1;pos=(17,15);moving_rule=DRDURDUULDUR]
Watson[index=2;pos=(38,9);moving_rule=RLD]
Robot[pos=(18,15);type=SW;dist=27]
STEPT 186:
Criminal[index=0;pos=(0,0)]
Sherlock[index=1;pos=(18,15);moving_rule=DRDURDUULDUR]
Watson[index=2;pos=(38,9);moving_rule=RLD]
Robot[pos=(20,15);type=SW;dist=26]
STEPT 187:
Criminal[index=0;pos=(1,0)]
Sherlock[index=1;pos=(17,15);moving_rule=DRDURDUULDUR]
Watson[index=2;pos=(38,10);moving_rule=RLD]
Robot[pos=(18,15);type=SW;dist=26]
STEPT 188:
Criminal[index=0;pos=(0,0)]
Sherlock[index=1;pos=(16,15);moving_rule=DRDURDUULDUR]
Watson[index=2;pos=(38,9);moving_rule=RLD]
Robot[pos=(16,15);type=SW;dist=28]
STEPT 189:
Criminal[index=0;pos=(1,0)]
Sherlock[index=1;pos=(16,14);moving_rule=DRDURDUULDUR]
Watson[index=2;pos=(38,9);moving_rule=RLD]
Robot[pos=(17,14);type=SW;dist=27]
STEPT 190:
Criminal[index=0;pos=(0,0)]
Sherlock[index=1;pos=(17,14);moving_rule=DRDURDUULDUR]
Watson[index=2;pos=(38,10);moving_rule=RLD]
Robot[pos=(19,14);type=SW;dist=25]
STEPT 191:
Criminal[index=0;pos=(1,0)]
Sherlock[index=1;pos=(16,14);moving_rule=DRDURDUULDUR]
Watson[index=2;pos=(38,9);moving_rule=RLD]
Robot[pos=(17,14);type=SW;dist=27]
STEPT 192:
Criminal[index=0;pos=(0,0)]
Sherlock[index=1;pos=(16,15);moving_rule=DRDURDUULDUR]
Watson[index=2;pos=(38,9);moving_rule=RLD]
Robot[pos=(16,15);type=SW;dist=28]
STEPT 193:
Criminal[index=0;pos=(1,0)]
Sherlock[index=1;pos=(17,15);moving_rule=DRDURDUULDUR]
Watson[index=2;pos=(38,10);moving_rule=RLD]
Robot[pos=(18,15);type=SW;dist=26]
STEPT 194:
Criminal[index=0;pos=(0,0)]
Sherlock[index=1;pos=(17,15);moving_rule=DRDURDUULDUR]
Watson[index=2;pos=(38,9);moving_rule=RLD]
Robot[pos=(20,15);type=SW;dist=27]
STEPT 195:
Criminal[index=0;pos=(1,0)]
Sherlock[index=1;pos=(18,15);moving_rule=DRDURDUULDUR]
Watson[index=2;pos=(38,9);moving_rule=RLD]
Robot[pos=(18,15);type=SW;dist=26]
STEPT 196:
Criminal[index=0;pos=(0,0)]
Sherlock[index=1;pos=(17,15);moving_rule=DRDURDUULDUR]
Watson[index=2;pos=(38,10);moving_rule=RLD]
Robot[pos=(20,15);type=SW;dist=26]
STEPT 197:
Criminal[index=0;pos=(1,0)]
Sherlock[index=1;pos=(17,15);moving_rule=DRDURDUULDUR]
Watson[index=2;pos=(38,9);moving_rule=RLD]
Robot[pos=(18,15);type=SW;dist=27]
STEPT 198:
Criminal[index=0;pos=(0,0)]
Sherlock[index=1;pos=(18,15);moving_rule=DRDURDUULDUR]
Watson[index=2;pos=(38,9);moving_rule=RLD]
Robot[pos=(20,15);type=SW;dist=26]
STEPT 199:
Criminal[index=0;pos=(1,0)]
Sherlock[index=1;pos=(17,15);moving_rule=DRDURDUULDUR]
Watson[index=2;pos=(38,10);moving_rule=RLD]
Robot[pos=(18,15);type=SW;dist=26]
STEPT 200:
Criminal[index=0;pos=(0,0)]
Sherlock[index=1;pos=(16,15);moving_rule=DRDURDUULDUR]
Watson[index=2;pos=(38,9);moving_rule=RLD]
Robot[pos=(16,15);type=SW;dist=28]
