Criminal[index=0;pos=(49,23)]
Sherlock[index=1;pos=(4,19);moving_rule=UUURRUUULUUDUR]
Watson[index=2;pos=(47,1);moving_rule=DR]
Robot[pos=(14,6);type=SW;dist=61]
CRIMINAL -> SHERLOCK -> WATSON -> ROBOTSW
STEPT 1:
Criminal[index=0;pos=(49,24)]
Sherlock[index=1;pos=(3,19);moving_rule=UUURRUUULUUDUR]
Watson[index=2;pos=(48,1);moving_rule=DR]
Robot[pos=(12,6);type=SW;dist=63]
STEPT 2:
Criminal[index=0;pos=(48,24)]
Sherlock[index=1;pos=(2,19);moving_rule=UUURRUUULUUDUR]
Watson[index=2;pos=(48,2);moving_rule=DR]
Robot[pos=(10,6);type=SW;dist=63]
STEPT 3:
Criminal[index=0;pos=(49,24)]
Sherlock[index=1;pos=(1,19);moving_rule=UUURRUUULUUDUR]
Watson[index=2;pos=(49,2);moving_rule=DR]
Robot[pos=(8,6);type=SW;dist=65]
STEPT 4:
Criminal[index=0;pos=(48,24)]
Sherlock[index=1;pos=(1,20);moving_rule=UUURRUUULUUDUR]
Watson[index=2;pos=(49,3);moving_rule=DR]
Robot[pos=(6,6);type=SW;dist=65]
STEPT 5:
Criminal[index=0;pos=(47,24)]
Sherlock[index=1;pos=(1,21);moving_rule=UUURRUUULUUDUR]
Watson[index=2;pos=(49,3);moving_rule=DR]
Robot[pos=(4,6);type=SW;dist=66]
STEPT 6:
Criminal[index=0;pos=(46,24)]
Sherlock[index=1;pos=(0,21);moving_rule=UUURRUUULUUDUR]
Watson[index=2;pos=(49,4);moving_rule=DR]
Robot[pos=(2,6);type=SW;dist=66]
STEPT 7:
Criminal[index=0;pos=(45,24)]
Sherlock[index=1;pos=(0,21);moving_rule=UUURRUUULUUDUR]
Watson[index=2;pos=(49,4);moving_rule=DR]
Robot[pos=(0,6);type=SW;dist=66]
STEPT 8:
Criminal[index=0;pos=(44,24)]
Sherlock[index=1;pos=(0,21);moving_rule=UUURRUUULUUDUR]
Watson[index=2;pos=(49,5);moving_rule=DR]
Robot[pos=(0,8);type=SW;dist=65]
STEPT 9:
Criminal[index=0;pos=(43,24)]
Sherlock[index=1;pos=(0,20);moving_rule=UUURRUUULUUDUR]
Watson[index=2;pos=(49,5);moving_rule=DR]
Robot[pos=(0,10);type=SW;dist=64]
STEPT 10:
Criminal[index=0;pos=(42,24)]
Sherlock[index=1;pos=(0,20);moving_rule=UUURRUUULUUDUR]
Watson[index=2;pos=(49,5);moving_rule=DR]
Robot[pos=(0,12);type=SW;dist=64]
STEPT 11:
Criminal[index=0;pos=(41,24)]
Sherlock[index=1;pos=(0,20);moving_rule=UUURRUUULUUDUR]
Watson[index=2;pos=(49,5);moving_rule=DR]
Robot[pos=(0,14);type=SW;dist=64]
STEPT 12:
Criminal[index=0;pos=(42,24)]
Sherlock[index=1;pos=(1,20);moving_rule=UUURRUUULUUDUR]
Watson[index=2;pos=(49,5);moving_rule=DR]
Robot[pos=(1,15);type=SW;dist=63]
STEPT 13:
Criminal[index=0;pos=(41,24)]
Sherlock[index=1;pos=(0,20);moving_rule=UUURRUUULUUDUR]
Watson[index=2;pos=(49,5);moving_rule=DR]
Robot[pos=(0,16);type=SW;dist=64]
STEPT 14:
Criminal[index=0;pos=(42,24)]
Sherlock[index=1;pos=(0,21);moving_rule=UUURRUUULUUDUR]
Watson[index=2;pos=(49,5);moving_rule=DR]
Robot[pos=(0,18);type=SW;dist=65]
STEPT 15:
Criminal[index=0;pos=(41,24)]
Sherlock[index=1;pos=(0,21);moving_rule=UUURRUUULUUDUR]
Watson[index=2;pos=(49,5);moving_rule=DR]
Robot[pos=(0,20);type=SW;dist=65]
STEPT 16:
Criminal[index=0;pos=(42,24)]
Sherlock[index=1;pos=(0,21);moving_rule=UUURRUUULUUDUR]
Watson[index=2;pos=(49,5);moving_rule=DR]
Robot[pos=(1,21);type=SW;dist=65]
STEPT 17:
Criminal[index=0;pos=(41,24)]
Sherlock[index=1;pos=(0,21);moving_rule=UUURRUUULUUDUR]
Watson[index=2;pos=(49,5);moving_rule=DR]
Robot[pos=(3,21);type=SW;dist=65]
STEPT 18:
Criminal[index=0;pos=(42,24)]
Sherlock[index=1;pos=(0,22);moving_rule=UUURRUUULUUDUR]
Watson[index=2;pos=(49,5);moving_rule=DR]
Robot[pos=(1,21);type=SW;dist=66]
STEPT 19:
Criminal[index=0;pos=(41,24)]
Sherlock[index=1;pos=(0,23);moving_rule=UUURRUUULUUDUR]
Watson[index=2;pos=(49,5);moving_rule=DR]
Robot[pos=(0,22);type=SW;dist=67]
STEPT 20:
Criminal[index=0;pos=(42,24)]
Sherlock[index=1;pos=(0,23);moving_rule=UUURRUUULUUDUR]
Watson[index=2;pos=(49,5);moving_rule=DR]
Robot[pos=(1,23);type=SW;dist=67]
STEPT 21:
Criminal[index=0;pos=(41,24)]
Sherlock[index=1;pos=(0,23);moving_rule=UUURRUUULUUDUR]
Watson[index=2;pos=(49,5);moving_rule=DR]
Robot[pos=(3,23);type=SW;dist=67]
STEPT 22:
Criminal[index=0;pos=(42,24)]
Sherlock[index=1;pos=(0,23);moving_rule=UUURRUUULUUDUR]
Watson[index=2;pos=(49,5);moving_rule=DR]
Robot[pos=(1,23);type=SW;dist=67]
STEPT 23:
Criminal[index=0;pos=(41,24)]
Sherlock[index=1;pos=(0,22);moving_rule=UUURRUUULUUDUR]
Watson[index=2;pos=(49,5);moving_rule=DR]
Robot[pos=(2,22);type=SW;dist=66]
STEPT 24:
Criminal[index=0;pos=(42,24)]
Sherlock[index=1;pos=(0,22);moving_rule=UUURRUUULUUDUR]
Watson[index=2;pos=(49,5);moving_rule=DR]
Robot[pos=(0,22);type=SW;dist=66]
STEPT 25:
Criminal[index=0;pos=(41,24)]
Sherlock[index=1;pos=(0,22);moving_rule=UUURRUUULUUDUR]
Watson[index=2;pos=(49,5);moving_rule=DR]
Robot[pos=(2,22);type=SW;dist=66]
STEPT 26:
Criminal[index=0;pos=(42,24)]
Sherlock[index=1;pos=(0,22);moving_rule=UUURRUUULUUDUR]
Watson[index=2;pos=(49,5);moving_rule=DR]
Robot[pos=(0,22);type=SW;dist=66]
STEPT 27:
Criminal[index=0;pos=(41,24)]
Sherlock[index=1;pos=(0,22);moving_rule=UUURRUUULUUDUR]
Watson[index=2;pos=(49,5);moving_rule=DR]
Robot[pos=(2,22);type=SW;dist=66]
STEPT 28:
Criminal[index=0;pos=(42,24)]
Sherlock[index=1;pos=(0,23);moving_rule=UUURRUUULUUDUR]
Watson[index=2;pos=(49,5);moving_rule=DR]
Robot[pos=(0,22);type=SW;dist=67]
STEPT 29:
Criminal[index=0;pos=(41,24)]
Sherlock[index=1;pos=(0,23);moving_rule=UUURRUUULUUDUR]
Watson[index=2;pos=(49,5);moving_rule=DR]
Robot[pos=(1,23);type=SW;dist=67]
STEPT 30:
Criminal[index=0;pos=(42,24)]
Sherlock[index=1;pos=(0,23);moving_rule=UUURRUUULUUDUR]
Watson[index=2;pos=(49,5);moving_rule=DR]
Robot[pos=(3,23);type=SW;dist=67]
STEPT 31:
Criminal[index=0;pos=(41,24)]
Sherlock[index=1;pos=(0,23);moving_rule=UUURRUUULUUDUR]
Watson[index=2;pos=(49,5);moving_rule=DR]
Robot[pos=(1,23);type=SW;dist=67]
STEPT 32:
Criminal[index=0;pos=(42,24)]
Sherlock[index=1;pos=(0,24);moving_rule=UUURRUUULUUDUR]
Watson[index=2;pos=(49,5);moving_rule=DR]
Robot[pos=(0,24);type=SW;dist=68]
STEPT 33:
Criminal[index=0;pos=(41,24)]
Sherlock[index=1;pos=(0,24);moving_rule=UUURRUUULUUDUR]
Watson[index=2;pos=(49,5);moving_rule=DR]
Robot[pos=(2,24);type=SW;dist=68]
STEPT 34:
Criminal[index=0;pos=(41,23)]
Sherlock[index=1;pos=(0,24);moving_rule=UUURRUUULUUDUR]
Watson[index=2;pos=(49,5);moving_rule=DR]
Robot[pos=(0,24);type=SW;dist=68]
STEPT 35:
Criminal[index=0;pos=(40,23)]
Sherlock[index=1;pos=(0,24);moving_rule=UUURRUUULUUDUR]
Watson[index=2;pos=(49,5);moving_rule=DR]
Robot[pos=(2,24);type=SW;dist=68]
STEPT 36:
Criminal[index=0;pos=(39,23)]
Sherlock[index=1;pos=(0,24);moving_rule=UUURRUUULUUDUR]
Watson[index=2;pos=(49,5);moving_rule=DR]
Robot[pos=(0,24);type=SW;dist=68]
STEPT 37:
Criminal[index=0;pos=(38,23)]
Sherlock[index=1;pos=(0,23);moving_rule=UUURRUUULUUDUR]
Watson[index=2;pos=(49,5);moving_rule=DR]
Robot[pos=(1,23);type=SW;dist=67]
STEPT 38:
Criminal[index=0;pos=(38,24)]
Sherlock[index=1;pos=(0,23);moving_rule=UUURRUUULUUDUR]
Watson[index=2;pos=(49,5);moving_rule=DR]
Robot[pos=(3,23);type=SW;dist=67]
STEPT 39:
Criminal[index=0;pos=(37,24)]
Sherlock[index=1;pos=(0,23);moving_rule=UUURRUUULUUDUR]
Watson[index=2;pos=(49,5);moving_rule=DR]
Robot[pos=(1,23);type=SW;dist=67]
STEPT 40:
Criminal[index=0;pos=(36,24)]
Sherlock[index=1;pos=(1,23);moving_rule=UUURRUUULUUDUR]
Watson[index=2;pos=(49,5);moving_rule=DR]
Robot[pos=(3,23);type=SW;dist=66]
STEPT 41:
Criminal[index=0;pos=(35,24)]
Sherlock[index=1;pos=(0,23);moving_rule=UUURRUUULUUDUR]
Watson[index=2;pos=(49,5);moving_rule=DR]
Robot[pos=(1,23);type=SW;dist=67]
STEPT 42:
Criminal[index=0;pos=(34,24)]
Sherlock[index=1;pos=(0,24);moving_rule=UUURRUUULUUDUR]
Watson[index=2;pos=(49,5);moving_rule=DR]
Robot[pos=(0,24);type=SW;dist=68]
STEPT 43:
Criminal[index=0;pos=(33,24)]
Sherlock[index=1;pos=(0,24);moving_rule=UUURRUUULUUDUR]
Watson[index=2;pos=(49,5);moving_rule=DR]
Robot[pos=(2,24);type=SW;dist=68]
STEPT 44:
Criminal[index=0;pos=(32,24)]
Sherlock[index=1;pos=(0,24);moving_rule=UUURRUUULUUDUR]
Watson[index=2;pos=(49,5);moving_rule=DR]
Robot[pos=(0,24);type=SW;dist=68]
STEPT 45:
Criminal[index=0;pos=(31,24)]
Sherlock[index=1;pos=(0,24);moving_rule=UUURRUUULUUDUR]
Watson[index=2;pos=(49,5);moving_rule=DR]
Robot[pos=(2,24);type=SW;dist=68]
STEPT 46:
Criminal[index=0;pos=(30,24)]
Sherlock[index=1;pos=(0,24);moving_rule=UUURRUUULUUDUR]
Watson[index=2;pos=(49,5);moving_rule=DR]
Robot[pos=(0,24);type=SW;dist=68]
STEPT 47:
Criminal[index=0;pos=(29,24)]
Sherlock[index=1;pos=(0,24);moving_rule=UUURRUUULUUDUR]
Watson[index=2;pos=(49,5);moving_rule=DR]
Robot[pos=(2,24);type=SW;dist=68]
STEPT 48:
Criminal[index=0;pos=(28,24)]
Sherlock[index=1;pos=(0,24);moving_rule=UUURRUUULUUDUR]
Watson[index=2;pos=(49,5);moving_rule=DR]
Robot[pos=(0,24);type=SW;dist=68]
STEPT 49:
Criminal[index=0;pos=(27,24)]
Sherlock[index=1;pos=(0,24);moving_rule=UUURRUUULUUDUR]
Watson[index=2;pos=(49,5);moving_rule=DR]
Robot[pos=(2,24);type=SW;dist=68]
STEPT 50:
Criminal[index=0;pos=(26,24)]
Sherlock[index=1;pos=(0,24);moving_rule=UUURRUUULUUDUR]
Watson[index=2;pos=(49,5);moving_rule=DR]
Robot[pos=(0,24);type=SW;dist=68]
STEPT 51:
Criminal[index=0;pos=(25,24)]
Sherlock[index=1;pos=(0,23);moving_rule=UUURRUUULUUDUR]
Watson[index=2;pos=(49,5);moving_rule=DR]
Robot[pos=(1,23);type=SW;dist=67]
STEPT 52:
Criminal[index=0;pos=(24,24)]
Sherlock[index=1;pos=(0,23);moving_rule=UUURRUUULUUDUR]
Watson[index=2;pos=(49,5);moving_rule=DR]
Robot[pos=(3,23);type=SW;dist=67]
STEPT 53:
Criminal[index=0;pos=(23,24)]
Sherlock[index=1;pos=(0,23);moving_rule=UUURRUUULUUDUR]
Watson[index=2;pos=(49,5);moving_rule=DR]
Robot[pos=(1,23);type=SW;dist=67]
STEPT 54:
Criminal[index=0;pos=(22,24)]
Sherlock[index=1;pos=(1,23);moving_rule=UUURRUUULUUDUR]
Watson[index=2;pos=(49,5);moving_rule=DR]
Robot[pos=(3,23);type=SW;dist=66]
STEPT 55:
Criminal[index=0;pos=(21,24)]
Sherlock[index=1;pos=(0,23);moving_rule=UUURRUUULUUDUR]
Watson[index=2;pos=(49,5);moving_rule=DR]
Robot[pos=(1,23);type=SW;dist=67]
STEPT 56:
Criminal[index=0;pos=(20,24)]
Sherlock[index=1;pos=(0,24);moving_rule=UUURRUUULUUDUR]
Watson[index=2;pos=(49,5);moving_rule=DR]
Robot[pos=(0,24);type=SW;dist=68]
STEPT 57:
Criminal[index=0;pos=(19,24)]
Sherlock[index=1;pos=(0,24);moving_rule=UUURRUUULUUDUR]
Watson[index=2;pos=(49,5);moving_rule=DR]
Robot[pos=(2,24);type=SW;dist=68]
STEPT 58:
Criminal[index=0;pos=(18,24)]
Sherlock[index=1;pos=(0,24);moving_rule=UUURRUUULUUDUR]
Watson[index=2;pos=(49,5);moving_rule=DR]
Robot[pos=(0,24);type=SW;dist=68]
STEPT 59:
Criminal[index=0;pos=(17,24)]
Sherlock[index=1;pos=(0,24);moving_rule=UUURRUUULUUDUR]
Watson[index=2;pos=(49,5);moving_rule=DR]
Robot[pos=(2,24);type=SW;dist=68]
STEPT 60:
Criminal[index=0;pos=(16,24)]
Sherlock[index=1;pos=(0,24);moving_rule=UUURRUUULUUDUR]
Watson[index=2;pos=(49,5);moving_rule=DR]
Robot[pos=(0,24);type=SW;dist=68]
STEPT 61:
Criminal[index=0;pos=(15,24)]
Sherlock[index=1;pos=(0,24);moving_rule=UUURRUUULUUDUR]
Watson[index=2;pos=(49,5);moving_rule=DR]
Robot[pos=(2,24);type=SW;dist=68]
STEPT 62:
Criminal[index=0;pos=(14,24)]
Sherlock[index=1;pos=(0,24);moving_rule=UUURRUUULUUDUR]
Watson[index=2;pos=(49,5);moving_rule=DR]
Robot[pos=(0,24);type=SW;dist=68]
STEPT 63:
Criminal[index=0;pos=(13,24)]
Sherlock[index=1;pos=(0,24);moving_rule=UUURRUUULUUDUR]
Watson[index=2;pos=(49,5);moving_rule=DR]
Robot[pos=(2,24);type=SW;dist=68]
STEPT 64:
Criminal[index=0;pos=(12,24)]
Sherlock[index=1;pos=(0,24);moving_rule=UUURRUUULUUDUR]
Watson[index=2;pos=(49,5);moving_rule=DR]
Robot[pos=(0,24);type=SW;dist=68]
STEPT 65:
Criminal[index=0;pos=(11,24)]
Sherlock[index=1;pos=(0,23);moving_rule=UUURRUUULUUDUR]
Watson[index=2;pos=(49,5);moving_rule=DR]
Robot[pos=(1,23);type=SW;dist=67]
STEPT 66:
Criminal[index=0;pos=(10,24)]
Sherlock[index=1;pos=(0,23);moving_rule=UUURRUUULUUDUR]
Watson[index=2;pos=(49,5);moving_rule=DR]
Robot[pos=(3,23);type=SW;dist=67]
STEPT 67:
Criminal[index=0;pos=(9,24)]
Sherlock[index=1;pos=(0,23);moving_rule=UUURRUUULUUDUR]
Watson[index=2;pos=(49,5);moving_rule=DR]
Robot[pos=(1,23);type=SW;dist=67]
STEPT 68:
Criminal[index=0;pos=(8,24)]
Sherlock[index=1;pos=(1,23);moving_rule=UUURRUUULUUDUR]
Watson[index=2;pos=(49,5);moving_rule=DR]
Robot[pos=(3,23);type=SW;dist=66]
STEPT 69:
Criminal[index=0;pos=(7,24)]
Sherlock[index=1;pos=(0,23);moving_rule=UUURRUUULUUDUR]
Watson[index=2;pos=(49,5);moving_rule=DR]
Robot[pos=(1,23);type=SW;dist=67]
STEPT 70:
Criminal[index=0;pos=(6,24)]
Sherlock[index=1;pos=(0,24);moving_rule=UUURRUUULUUDUR]
Watson[index=2;pos=(49,5);moving_rule=DR]
Robot[pos=(0,24);type=SW;dist=68]
STEPT 71:
Criminal[index=0;pos=(5,24)]
Sherlock[index=1;pos=(0,24);moving_rule=UUURRUUULUUDUR]
Watson[index=2;pos=(49,5);moving_rule=DR]
Robot[pos=(2,24);type=SW;dist=68]
STEPT 72:
Criminal[index=0;pos=(4,24)]
Sherlock[index=1;pos=(0,24);moving_rule=UUURRUUULUUDUR]
Watson[index=2;pos=(49,5);moving_rule=DR]
Robot[pos=(0,24);type=SW;dist=68]
STEPT 73:
Criminal[index=0;pos=(3,24)]
Sherlock[index=1;pos=(0,24);moving_rule=UUURRUUULUUDUR]
Watson[index=2;pos=(49,5);moving_rule=DR]
Robot[pos=(2,24);type=SW;dist=68]
STEPT 74:
Criminal[index=0;pos=(2,24)]
Sherlock[index=1;pos=(0,24);moving_rule=UUURRUUULUUDUR]
Watson[index=2;pos=(49,5);moving_rule=DR]
Robot[pos=(0,24);type=SW;dist=68]
STEPT 75:
Criminal[index=0;pos=(1,24)]
Sherlock[index=1;pos=(0,24);moving_rule=UUURRUUULUUDUR]
Watson[index=2;pos=(49,5);moving_rule=DR]
Robot[pos=(2,24);type=SW;dist=68]
STEPT 76:
Criminal[index=0;pos=(0,24)]
Sherlock[index=1;pos=(0,24);moving_rule=UUURRUUULUUDUR]
Watson[index=2;pos=(49,5);moving_rule=DR]
Robot[pos=(0,24);type=SW;dist=68]
STEPT 77:
Criminal[index=0;pos=(0,23)]
Sherlock[index=1;pos=(0,24);moving_rule=UUURRUUULUUDUR]
Watson[index=2;pos=(49,5);moving_rule=DR]
Robot[pos=(2,24);type=SW;dist=68]
STEPT 78:
Criminal[index=0;pos=(0,22)]
Sherlock[index=1;pos=(0,24);moving_rule=UUURRUUULUUDUR]
Watson[index=2;pos=(49,5);moving_rule=DR]
Robot[pos=(0,24);type=SW;dist=68]
STEPT 79:
Criminal[index=0;pos=(0,21)]
Sherlock[index=1;pos=(0,23);moving_rule=UUURRUUULUUDUR]
Watson[index=2;pos=(49,5);moving_rule=DR]
Robot[pos=(1,23);type=SW;dist=67]
STEPT 80:
Criminal[index=0;pos=(0,20)]
Sherlock[index=1;pos=(0,23);moving_rule=UUURRUUULUUDUR]
Watson[index=2;pos=(49,5);moving_rule=DR]
Robot[pos=(3,23);type=SW;dist=67]
STEPT 81:
Criminal[index=0;pos=(0,19)]
Sherlock[index=1;pos=(0,23);moving_rule=UUURRUUULUUDUR]
Watson[index=2;pos=(49,5);moving_rule=DR]
Robot[pos=(1,23);type=SW;dist=67]
STEPT 82:
Criminal[index=0;pos=(0,18)]
Sherlock[index=1;pos=(1,23);moving_rule=UUURRUUULUUDUR]
Watson[index=2;pos=(49,5);moving_rule=DR]
Robot[pos=(3,23);type=SW;dist=66]
STEPT 83:
Criminal[index=0;pos=(0,17)]
Sherlock[index=1;pos=(0,23);moving_rule=UUURRUUULUUDUR]
Watson[index=2;pos=(49,5);moving_rule=DR]
Robot[pos=(1,23);type=SW;dist=67]
STEPT 84:
Criminal[index=0;pos=(0,16)]
Sherlock[index=1;pos=(0,24);moving_rule=UUURRUUULUUDUR]
Watson[index=2;pos=(49,5);moving_rule=DR]
Robot[pos=(0,24);type=SW;dist=68]
STEPT 85:
Criminal[index=0;pos=(0,15)]
Sherlock[index=1;pos=(0,24);moving_rule=UUURRUUULUUDUR]
Watson[index=2;pos=(49,5);moving_rule=DR]
Robot[pos=(2,24);type=SW;dist=68]
STEPT 86:
Criminal[index=0;pos=(0,14)]
Sherlock[index=1;pos=(0,24);moving_rule=UUURRUUULUUDUR]
Watson[index=2;pos=(49,5);moving_rule=DR]
Robot[pos=(0,24);type=SW;dist=68]
STEPT 87:
Criminal[index=0;pos=(0,13)]
Sherlock[index=1;pos=(0,24);moving_rule=UUURRUUULUUDUR]
Watson[index=2;pos=(49,5);moving_rule=DR]
Robot[pos=(2,24);type=SW;dist=68]
STEPT 88:
Criminal[index=0;pos=(0,12)]
Sherlock[index=1;pos=(0,24);moving_rule=UUURRUUULUUDUR]
Watson[index=2;pos=(49,5);moving_rule=DR]
Robot[pos=(0,24);type=SW;dist=68]
STEPT 89:
Criminal[index=0;pos=(0,11)]
Sherlock[index=1;pos=(0,24);moving_rule=UUURRUUULUUDUR]
Watson[index=2;pos=(49,5);moving_rule=DR]
Robot[pos=(2,24);type=SW;dist=68]
STEPT 90:
Criminal[index=0;pos=(0,10)]
Sherlock[index=1;pos=(0,24);moving_rule=UUURRUUULUUDUR]
Watson[index=2;pos=(49,5);moving_rule=DR]
Robot[pos=(0,24);type=SW;dist=68]
STEPT 91:
Criminal[index=0;pos=(0,9)]
Sherlock[index=1;pos=(0,24);moving_rule=UUURRUUULUUDUR]
Watson[index=2;pos=(49,5);moving_rule=DR]
Robot[pos=(2,24);type=SW;dist=68]
STEPT 92:
Criminal[index=0;pos=(0,8)]
Sherlock[index=1;pos=(0,24);moving_rule=UUURRUUULUUDUR]
Watson[index=2;pos=(49,5);moving_rule=DR]
Robot[pos=(0,24);type=SW;dist=68]
STEPT 93:
Criminal[index=0;pos=(0,7)]
Sherlock[index=1;pos=(0,23);moving_rule=UUURRUUULUUDUR]
Watson[index=2;pos=(49,5);moving_rule=DR]
Robot[pos=(1,23);type=SW;dist=67]
STEPT 94:
Criminal[index=0;pos=(0,6)]
Sherlock[index=1;pos=(0,23);moving_rule=UUURRUUULUUDUR]
Watson[index=2;pos=(49,5);moving_rule=DR]
Robot[pos=(3,23);type=SW;dist=67]
STEPT 95:
Criminal[index=0;pos=(0,5)]
Sherlock[index=1;pos=(0,23);moving_rule=UUURRUUULUUDUR]
Watson[index=2;pos=(49,5);moving_rule=DR]
Robot[pos=(1,23);type=SW;dist=67]
STEPT 96:
Criminal[index=0;pos=(0,4)]
Sherlock[index=1;pos=(1,23);moving_rule=UUURRUUULUUDUR]
Watson[index=2;pos=(49,5);moving_rule=DR]
Robot[pos=(3,23);type=SW;dist=66]
STEPT 97:
Criminal[index=0;pos=(0,3)]
Sherlock[index=1;pos=(0,23);moving_rule=UUURRUUULUUDUR]
Watson[index=2;pos=(49,5);moving_rule=DR]
Robot[pos=(1,23);type=SW;dist=67]
STEPT 98:
Criminal[index=0;pos=(0,2)]
Sherlock[index=1;pos=(0,24);moving_rule=UUURRUUULUUDUR]
Watson[index=2;pos=(49,5);moving_rule=DR]
Robot[pos=(0,24);type=SW;dist=68]
STEPT 99:
Criminal[index=0;pos=(0,1)]
Sherlock[index=1;pos=(0,24);moving_rule=UUURRUUULUUDUR]
Watson[index=2;pos=(49,5);moving_rule=DR]
Robot[pos=(2,24);type=SW;dist=68]
STEPT 100:
Criminal[index=0;pos=(0,0)]
Sherlock[index=1;pos=(0,24);moving_rule=UUURRUUULUUDUR]
Watson[index=2;pos=(49,5);moving_rule=DR]
Robot[pos=(0,24);type=SW;dist=68]
STEPT 101:
Criminal[index=0;pos=(1,0)]
Sherlock[index=1;pos=(0,24);moving_rule=UUURRUUULUUDUR]
Watson[index=2;pos=(49,5);moving_rule=DR]
Robot[pos=(2,24);type=SW;dist=68]
STEPT 102:
Criminal[index=0;pos=(0,0)]
Sherlock[index=1;pos=(0,24);moving_rule=UUURRUUULUUDUR]
Watson[index=2;pos=(49,5);moving_rule=DR]
Robot[pos=(0,24);type=SW;dist=68]
STEPT 103:
Criminal[index=0;pos=(1,0)]
Sherlock[index=1;pos=(0,24);moving_rule=UUURRUUULUUDUR]
Watson[index=2;pos=(49,5);moving_rule=DR]
Robot[pos=(2,24);type=SW;dist=68]
STEPT 104:
Criminal[index=0;pos=(0,0)]
Sherlock[index=1;pos=(0,24);moving_rule=UUURRUUULUUDUR]
Watson[index=2;pos=(49,5);moving_rule=DR]
Robot[pos=(0,24);type=SW;dist=68]
STEPT 105:
Criminal[index=0;pos=(1,0)]
Sherlock[index=1;pos=(0,24);moving_rule=UUURRUUULUUDUR]
Watson[index=2;pos=(49,5);moving_rule=DR]
Robot[pos=(2,24);type=SW;dist=68]
STEPT 106:
Criminal[index=0;pos=(0,0)]
Sherlock[index=1;pos=(0,24);moving_rule=UUURRUUULUUDUR]
Watson[index=2;pos=(49,5);moving_rule=DR]
Robot[pos=(0,24);type=SW;dist=68]
STEPT 107:
Criminal[index=0;pos=(1,0)]
Sherlock[index=1;pos=(0,23);moving_rule=UUURRUUULUUDUR]
Watson[index=2;pos=(49,5);moving_rule=DR]
Robot[pos=(1,23);type=SW;dist=67]
STEPT 108:
Criminal[index=0;pos=(0,0)]
Sherlock[index=1;pos=(0,23);moving_rule=UUURRUUULUUDUR]
Watson[index=2;pos=(49,5);moving_rule=DR]
Robot[pos=(3,23);type=SW;dist=67]
STEPT 109:
Criminal[index=0;pos=(1,0)]
Sherlock[index=1;pos=(0,23);moving_rule=UUURRUUULUUDUR]
Watson[index=2;pos=(49,5);moving_rule=DR]
Robot[pos=(1,23);type=SW;dist=67]
STEPT 110:
Criminal[index=0;pos=(0,0)]
Sherlock[index=1;pos=(1,23);moving_rule=UUURRUUULUUDUR]
Watson[index=2;pos=(49,5);moving_rule=DR]
Robot[pos=(3,23);type=SW;dist=66]
STEPT 111:
Criminal[index=0;pos=(1,0)]
Sherlock[index=1;pos=(0,23);moving_rule=UUURRUUULUUDUR]
Watson[index=2;pos=(49,5);moving_rule=DR]
Robot[pos=(1,23);type=SW;dist=67]
STEPT 112:
Criminal[index=0;pos=(0,0)]
Sherlock[index=1;pos=(0,24);moving_rule=UUURRUUULUUDUR]
Watson[index=2;pos=(49,5);moving_rule=DR]
Robot[pos=(0,24);type=SW;dist=68]
STEPT 113:
Criminal[index=0;pos=(1,0)]
Sherlock[index=1;pos=(0,24);moving_rule=UUURRUUULUUDUR]
Watson[index=2;pos=(49,5);moving_rule=DR]
Robot[pos=(2,24);type=SW;dist=68]
STEPT 114:
Criminal[index=0;pos=(0,0)]
Sherlock[index=1;pos=(0,24);moving_rule=UUURRUUULUUDUR]
Watson[index=2;pos=(49,5);moving_rule=DR]
Robot[pos=(0,24);type=SW;dist=68]
STEPT 115:
Criminal[index=0;pos=(1,0)]
Sherlock[index=1;pos=(0,24);moving_rule=UUURRUUULUUDUR]
Watson[index=2;pos=(49,5);moving_rule=DR]
Robot[pos=(2,24);type=SW;dist=68]
STEPT 116:
Criminal[index=0;pos=(0,0)]
Sherlock[index=1;pos=(0,24);moving_rule=UUURRUUULUUDUR]
Watson[index=2;pos=(49,5);moving_rule=DR]
Robot[pos=(0,24);type=SW;dist=68]
STEPT 117:
Criminal[index=0;pos=(1,0)]
Sherlock[index=1;pos=(0,24);moving_rule=UUURRUUULUUDUR]
Watson[index=2;pos=(49,5);moving_rule=DR]
Robot[pos=(2,24);type=SW;dist=68]
STEPT 118:
Criminal[index=0;pos=(0,0)]
Sherlock[index=1;pos=(0,24);moving_rule=UUURRUUULUUDUR]
Watson[index=2;pos=(49,5);moving_rule=DR]
Robot[pos=(0,24);type=SW;dist=68]
STEPT 119:
Criminal[index=0;pos=(1,0)]
Sherlock[index=1;pos=(0,24);moving_rule=UUURRUUULUUDUR]
Watson[index=2;pos=(49,5);moving_rule=DR]
Robot[pos=(2,24);type=SW;dist=68]
STEPT 120:
Criminal[index=0;pos=(0,0)]
Sherlock[index=1;pos=(0,24);moving_rule=UUURRUUULUUDUR]
Watson[index=2;pos=(49,5);moving_rule=DR]
Robot[pos=(0,24);type=SW;dist=68]
STEPT 121:
Criminal[index=0;pos=(1,0)]
Sherlock[index=1;pos=(0,23);moving_rule=UUURRUUULUUDUR]
Watson[index=2;pos=(49,5);moving_rule=DR]
Robot[pos=(1,23);type=SW;dist=67]
STEPT 122:
Criminal[index=0;pos=(0,0)]
Sherlock[index=1;pos=(0,23);moving_rule=UUURRUUULUUDUR]
Watson[index=2;pos=(49,5);moving_rule=DR]
Robot[pos=(3,23);type=SW;dist=67]
STEPT 123:
Criminal[index=0;pos=(1,0)]
Sherlock[index=1;pos=(0,23);moving_rule=UUURRUUULUUDUR]
Watson[index=2;pos=(49,5);moving_rule=DR]
Robot[pos=(1,23);type=SW;dist=67]
STEPT 124:
Criminal[index=0;pos=(0,0)]
Sherlock[index=1;pos=(1,23);moving_rule=UUURRUUULUUDUR]
Watson[index=2;pos=(49,5);moving_rule=DR]
Robot[pos=(3,23);type=SW;dist=66]
STEPT 125:
Criminal[index=0;pos=(1,0)]
Sherlock[index=1;pos=(0,23);moving_rule=UUURRUUULUUDUR]
Watson[index=2;pos=(49,5);moving_rule=DR]
Robot[pos=(1,23);type=SW;dist=67]
STEPT 126:
Criminal[index=0;pos=(0,0)]
Sherlock[index=1;pos=(0,24);moving_rule=UUURRUUULUUDUR]
Watson[index=2;pos=(49,5);moving_rule=DR]
Robot[pos=(0,24);type=SW;dist=68]
STEPT 127:
Criminal[index=0;pos=(1,0)]
Sherlock[index=1;pos=(0,24);moving_rule=UUURRUUULUUDUR]
Watson[index=2;pos=(49,5);moving_rule=DR]
Robot[pos=(2,24);type=SW;dist=68]
STEPT 128:
Criminal[index=0;pos=(0,0)]
Sherlock[index=1;pos=(0,24);moving_rule=UUURRUUULUUDUR]
Watson[index=2;pos=(49,5);moving_rule=DR]
Robot[pos=(0,24);type=SW;dist=68]
STEPT 129:
Criminal[index=0;pos=(1,0)]
Sherlock[index=1;pos=(0,24);moving_rule=UUURRUUULUUDUR]
Watson[index=2;pos=(49,5);moving_rule=DR]
Robot[pos=(2,24);type=SW;dist=68]
STEPT 130:
Criminal[index=0;pos=(0,0)]
Sherlock[index=1;pos=(0,24);moving_rule=UUURRUUULUUDUR]
Watson[index=2;pos=(49,5);moving_rule=DR]
Robot[pos=(0,24);type=SW;dist=68]
STEPT 131:
Criminal[index=0;pos=(1,0)]
Sherlock[index=1;pos=(0,24);moving_rule=UUURRUUULUUDUR]
Watson[index=2;pos=(49,5);moving_rule=DR]
Robot[pos=(2,24);type=SW;dist=68]
STEPT 132:
Criminal[index=0;pos=(0,0)]
Sherlock[index=1;pos=(0,24);moving_rule=UUURRUUULUUDUR]
Watson[index=2;pos=(49,5);moving_rule=DR]
Robot[pos=(0,24);type=SW;dist=68]
STEPT 133:
Criminal[index=0;pos=(1,0)]
Sherlock[index=1;pos=(0,24);moving_rule=UUURRUUULUUDUR]
Watson[index=2;pos=(49,5);moving_rule=DR]
Robot[pos=(2,24);type=SW;dist=68]
STEPT 134:
Criminal[index=0;pos=(0,0)]
Sherlock[index=1;pos=(0,24);moving_rule=UUURRUUULUUDUR]
Watson[index=2;pos=(49,5);moving_rule=DR]
Robot[pos=(0,24);type=SW;dist=68]
STEPT 135:
Criminal[index=0;pos=(1,0)]
Sherlock[index=1;pos=(0,23);moving_rule=UUURRUUULUUDUR]
Watson[index=2;pos=(49,5);moving_rule=DR]
Robot[pos=(1,23);type=SW;dist=67]
STEPT 136:
Criminal[index=0;pos=(0,0)]
Sherlock[index=1;pos=(0,23);moving_rule=UUURRUUULUUDUR]
Watson[index=2;pos=(49,5);moving_rule=DR]
Robot[pos=(3,23);type=SW;dist=67]
STEPT 137:
Criminal[index=0;pos=(1,0)]
Sherlock[index=1;pos=(0,23);moving_rule=UUURRUUULUUDUR]
Watson[index=2;pos=(49,5);moving_rule=DR]
Robot[pos=(1,23);type=SW;dist=67]
STEPT 138:
Criminal[index=0;pos=(0,0)]
Sherlock[index=1;pos=(1,23);moving_rule=UUURRUUULUUDUR]
Watson[index=2;pos=(49,5);moving_rule=DR]
Robot[pos=(3,23);type=SW;dist=66]
STEPT 139:
Criminal[index=0;pos=(1,0)]
Sherlock[index=1;pos=(0,23);moving_rule=UUURRUUULUUDUR]
Watson[index=2;pos=(49,5);moving_rule=DR]
Robot[pos=(1,23);type=SW;dist=67]
STEPT 140:
Criminal[index=0;pos=(0,0)]
Sherlock[index=1;pos=(0,24);moving_rule=UUURRUUULUUDUR]
Watson[index=2;pos=(49,5);moving_rule=DR]
Robot[pos=(0,24);type=SW;dist=68]
STEPT 141:
Criminal[index=0;pos=(1,0)]
Sherlock[index=1;pos=(0,24);moving_rule=UUURRUUULUUDUR]
Watson[index=2;pos=(49,5);moving_rule=DR]
Robot[pos=(2,24);type=SW;dist=68]
STEPT 142:
Criminal[index=0;pos=(0,0)]
Sherlock[index=1;pos=(0,24);moving_rule=UUURRUUULUUDUR]
Watson[index=2;pos=(49,5);moving_rule=DR]
Robot[pos=(0,24);type=SW;dist=68]
STEPT 143:
Criminal[index=0;pos=(1,0)]
Sherlock[index=1;pos=(0,24);moving_rule=UUURRUUULUUDUR]
Watson[index=2;pos=(49,5);moving_rule=DR]
Robot[pos=(2,24);type=SW;dist=68]
STEPT 144:
Criminal[index=0;pos=(0,0)]
Sherlock[index=1;pos=(0,24);moving_rule=UUURRUUULUUDUR]
Watson[index=2;pos=(49,5);moving_rule=DR]
Robot[pos=(0,24);type=SW;dist=68]
STEPT 145:
Criminal[index=0;pos=(1,0)]
Sherlock[index=1;pos=(0,24);moving_rule=UUURRUUULUUDUR]
Watson[index=2;pos=(49,5);moving_rule=DR]
Robot[pos=(2,24);type=SW;dist=68]
STEPT 146:
Criminal[index=0;pos=(0,0)]
Sherlock[index=1;pos=(0,24);moving_rule=UUURRUUULUUDUR]
Watson[index=2;pos=(49,5);moving_rule=DR]
Robot[pos=(0,24);type=SW;dist=68]
STEPT 147:
Criminal[index=0;pos=(1,0)]
Sherlock[index=1;pos=(0,24);moving_rule=UUURRUUULUUDUR]
Watson[index=2;pos=(49,5);moving_rule=DR]
Robot[pos=(2,24);type=SW;dist=68]
STEPT 148:
Criminal[index=0;pos=(0,0)]
Sherlock[index=1;pos=(0,24);moving_rule=UUURRUUULUUDUR]
Watson[index=2;pos=(49,5);moving_rule=DR]
Robot[pos=(0,24);type=SW;dist=68]
STEPT 149:
Criminal[index=0;pos=(1,0)]
Sherlock[index=1;pos=(0,23);moving_rule=UUURRUUULUUDUR]
Watson[index=2;pos=(49,5);moving_rule=DR]
Robot[pos=(1,23);type=SW;dist=67]
STEPT 150:
Criminal[index=0;pos=(0,0)]
Sherlock[index=1;pos=(0,23);moving_rule=UUURRUUULUUDUR]
Watson[index=2;pos=(49,5);moving_rule=DR]
Robot[pos=(3,23);type=SW;dist=67]
STEPT 151:
Criminal[index=0;pos=(1,0)]
Sherlock[index=1;pos=(0,23);moving_rule=UUURRUUULUUDUR]
Watson[index=2;pos=(49,5);moving_rule=DR]
Robot[pos=(1,23);type=SW;dist=67]
STEPT 152:
Criminal[index=0;pos=(0,0)]
Sherlock[index=1;pos=(1,23);moving_rule=UUURRUUULUUDUR]
Watson[index=2;pos=(49,5);moving_rule=DR]
Robot[pos=(3,23);type=SW;dist=66]
STEPT 153:
Criminal[index=0;pos=(1,0)]
Sherlock[index=1;pos=(0,23);moving_rule=UUURRUUULUUDUR]
Watson[index=2;pos=(49,5);moving_rule=DR]
Robot[pos=(1,23);type=SW;dist=67]
STEPT 154:
Criminal[index=0;pos=(0,0)]
Sherlock[index=1;pos=(0,24);moving_rule=UUURRUUULUUDUR]
Watson[index=2;pos=(49,5);moving_rule=DR]
Robot[pos=(0,24);type=SW;dist=68]
STEPT 155:
Criminal[index=0;pos=(1,0)]
Sherlock[index=1;pos=(0,24);moving_rule=UUURRUUULUUDUR]
Watson[index=2;pos=(49,5);moving_rule=DR]
Robot[pos=(2,24);type=SW;dist=68]
STEPT 156:
Criminal[index=0;pos=(0,0)]
Sherlock[index=1;pos=(0,24);moving_rule=UUURRUUULUUDUR]
Watson[index=2;pos=(49,5);moving_rule=DR]
Robot[pos=(0,24);type=SW;dist=68]
STEPT 157:
Criminal[index=0;pos=(1,0)]
Sherlock[index=1;pos=(0,24);moving_rule=UUURRUUULUUDUR]
Watson[index=2;pos=(49,5);moving_rule=DR]
Robot[pos=(2,24);type=SW;dist=68]
STEPT 158:
Criminal[index=0;pos=(0,0)]
Sherlock[index=1;pos=(0,24);moving_rule=UUURRUUULUUDUR]
Watson[index=2;pos=(49,5);moving_rule=DR]
Robot[pos=(0,24);type=SW;dist=68]
STEPT 159:
Criminal[index=0;pos=(1,0)]
Sherlock[index=1;pos=(0,24);moving_rule=UUURRUUULUUDUR]
Watson[index=2;pos=(49,5);moving_rule=DR]
Robot[pos=(2,24);type=SW;dist=68]
STEPT 160:
Criminal[index=0;pos=(0,0)]
Sherlock[index=1;pos=(0,24);moving_rule=UUURRUUULUUDUR]
Watson[index=2;pos=(49,5);moving_rule=DR]
Robot[pos=(0,24);type=SW;dist=68]
STEPT 161:
Criminal[index=0;pos=(1,0)]
Sherlock[index=1;pos=(0,24);moving_rule=UUURRUUULUUDUR]
Watson[index=2;pos=(49,5);moving_rule=DR]
Robot[pos=(2,24);type=SW;dist=68]
STEPT 162:
Criminal[index=0;pos=(0,0)]
Sherlock[index=1;pos=(0,24);moving_rule=UUURRUUULUUDUR]
Watson[index=2;pos=(49,5);moving_rule=DR]
Robot[pos=(0,24);type=SW;dist=68]
STEPT 163:
Criminal[index=0;pos=(1,0)]
Sherlock[index=1;pos=(0,23);moving_rule=UUURRUUULUUDUR]
Watson[index=2;pos=(49,5);moving_rule=DR]
Robot[pos=(1,23);type=SW;dist=67]
STEPT 164:
Criminal[index=0;pos=(0,0)]
Sherlock[index=1;pos=(0,23);moving_rule=UUURRUUULUUDUR]
Watson[index=2;pos=(49,5);moving_rule=DR]
Robot[pos=(3,23);type=SW;dist=67]
STEPT 165:
Criminal[index=0;pos=(1,0)]
Sherlock[index=1;pos=(0,23);moving_rule=UUURRUUULUUDUR]
Watson[index=2;pos=(49,5);moving_rule=DR]
Robot[pos=(1,23);type=SW;dist=67]
STEPT 166:
Criminal[index=0;pos=(0,0)]
Sherlock[index=1;pos=(1,23);moving_rule=UUURRUUULUUDUR]
Watson[index=2;pos=(49,5);moving_rule=DR]
Robot[pos=(3,23);type=SW;dist=66]
STEPT 167:
Criminal[index=0;pos=(1,0)]
Sherlock[index=1;pos=(0,23);moving_rule=UUURRUUULUUDUR]
Watson[index=2;pos=(49,5);moving_rule=DR]
Robot[pos=(1,23);type=SW;dist=67]
STEPT 168:
Criminal[index=0;pos=(0,0)]
Sherlock[index=1;pos=(0,24);moving_rule=UUURRUUULUUDUR]
Watson[index=2;pos=(49,5);moving_rule=DR]
Robot[pos=(0,24);type=SW;dist=68]
STEPT 169:
Criminal[index=0;pos=(1,0)]
Sherlock[index=1;pos=(0,24);moving_rule=UUURRUUULUUDUR]
Watson[index=2;pos=(49,5);moving_rule=DR]
Robot[pos=(2,24);type=SW;dist=68]
STEPT 170:
Criminal[index=0;pos=(0,0)]
Sherlock[index=1;pos=(0,24);moving_rule=UUURRUUULUUDUR]
Watson[index=2;pos=(49,5);moving_rule=DR]
Robot[pos=(0,24);type=SW;dist=68]
STEPT 171:
Criminal[index=0;pos=(1,0)]
Sherlock[index=1;pos=(0,24);moving_rule=UUURRUUULUUDUR]
Watson[index=2;pos=(49,5);moving_rule=DR]
Robot[pos=(2,24);type=SW;dist=68]
STEPT 172:
Criminal[index=0;pos=(0,0)]
Sherlock[index=1;pos=(0,24);moving_rule=UUURRUUULUUDUR]
Watson[index=2;pos=(49,5);moving_rule=DR]
Robot[pos=(0,24);type=SW;dist=68]
STEPT 173:
Criminal[index=0;pos=(1,0)]
Sherlock[index=1;pos=(0,24);moving_rule=UUURRUUULUUDUR]
Watson[index=2;pos=(49,5);moving_rule=DR]
Robot[pos=(2,24);type=SW;dist=68]
STEPT 174:
Criminal[index=0;pos=(0,0)]
Sherlock[index=1;pos=(0,24);moving_rule=UUURRUUULUUDUR]
Watson[index=2;pos=(49,5);moving_rule=DR]
Robot[pos=(0,24);type=SW;dist=68]
STEPT 175:
Criminal[index=0;pos=(1,0)]
Sherlock[index=1;pos=(0,24);moving_rule=UUURRUUULUUDUR]
Watson[index=2;pos=(49,5);moving_rule=DR]
Robot[pos=(2,24);type=SW;dist=68]
STEPT 176:
Criminal[index=0;pos=(0,0)]
Sherlock[index=1;pos=(0,24);moving_rule=UUURRUUULUUDUR]
Watson[index=2;pos=(49,5);moving_rule=DR]
Robot[pos=(0,24);type=SW;dist=68]
STEPT 177:
Criminal[index=0;pos=(1,0)]
Sherlock[index=1;pos=(0,23);moving_rule=UUURRUUULUUDUR]
Watson[index=2;pos=(49,5);moving_rule=DR]
Robot[pos=(1,23);type=SW;dist=67]
STEPT 178:
Criminal[index=0;pos=(0,0)]
Sherlock[index=1;pos=(0,23);moving_rule=UUURRUUULUUDUR]
Watson[index=2;pos=(49,5);moving_rule=DR]
Robot[pos=(3,23);type=SW;dist=67]
STEPT 179:
Criminal[index=0;pos=(1,0)]
Sherlock[index=1;pos=(0,23);moving_rule=UUURRUUULUUDUR]
Watson[index=2;pos=(49,5);moving_rule=DR]
Robot[pos=(1,23);type=SW;dist=67]
STEPT 180:
Criminal[index=0;pos=(0,0)]
Sherlock[index=1;pos=(1,23);moving_rule=UUURRUUULUUDUR]
Watson[index=2;pos=(49,5);moving_rule=DR]
Robot[pos=(3,23);type=SW;dist=66]
STEPT 181:
Criminal[index=0;pos=(1,0)]
Sherlock[index=1;pos=(0,23);moving_rule=UUURRUUULUUDUR]
Watson[index=2;pos=(49,5);moving_rule=DR]
Robot[pos=(1,23);type=SW;dist=67]
STEPT 182:
Criminal[index=0;pos=(0,0)]
Sherlock[index=1;pos=(0,24);moving_rule=UUURRUUULUUDUR]
Watson[index=2;pos=(49,5);moving_rule=DR]
Robot[pos=(0,24);type=SW;dist=68]
STEPT 183:
Criminal[index=0;pos=(1,0)]
Sherlock[index=1;pos=(0,24);moving_rule=UUURRUUULUUDUR]
Watson[index=2;pos=(49,5);moving_rule=DR]
Robot[pos=(2,24);type=SW;dist=68]
STEPT 184:
Criminal[index=0;pos=(0,0)]
Sherlock[index=1;pos=(0,24);moving_rule=UUURRUUULUUDUR]
Watson[index=2;pos=(49,5);moving_rule=DR]
Robot[pos=(0,24);type=SW;dist=68]
STEPT 185:
Criminal[index=0;pos=(1,0)]
Sherlock[index=1;pos=(0,24);moving_rule=UUURRUUULUUDUR]
Watson[index=2;pos=(49,5);moving_rule=DR]
Robot[pos=(2,24);type=SW;dist=68]
STEPT 186:
Criminal[index=0;pos=(0,0)]
Sherlock[index=1;pos=(0,24);moving_rule=UUURRUUULUUDUR]
Watson[index=2;pos=(49,5);moving_rule=DR]
Robot[pos=(0,24);type=SW;dist=68]
STEPT 187:
Criminal[index=0;pos=(1,0)]
Sherlock[index=1;pos=(0,24);moving_rule=UUURRUUULUUDUR]
Watson[index=2;pos=(49,5);moving_rule=DR]
Robot[pos=(2,24);type=SW;dist=68]
STEPT 188:
Criminal[index=0;pos=(0,0)]
Sherlock[index=1;pos=(0,24);moving_rule=UUURRUUULUUDUR]
Watson[index=2;pos=(49,5);moving_rule=DR]
Robot[pos=(0,24);type=SW;dist=68]
STEPT 189:
Criminal[index=0;pos=(1,0)]
Sherlock[index=1;pos=(0,24);moving_rule=UUURRUUULUUDUR]
Watson[index=2;pos=(49,5);moving_rule=DR]
Robot[pos=(2,24);type=SW;dist=68]
STEPT 190:
Criminal[index=0;pos=(0,0)]
Sherlock[index=1;pos=(0,24);moving_rule=UUURRUUULUUDUR]
Watson[index=2;pos=(49,5);moving_rule=DR]
Robot[pos=(0,24);type=SW;dist=68]
STEPT 191:
Criminal[index=0;pos=(1,0)]
Sherlock[index=1;pos=(0,23);moving_rule=UUURRUUULUUDUR]
Watson[index=2;pos=(49,5);moving_rule=DR]
Robot[pos=(1,23);type=SW;dist=67]
STEPT 192:
Criminal[index=0;pos=(0,0)]
Sherlock[index=1;pos=(0,23);moving_rule=UUURRUUULUUDUR]
Watson[index=2;pos=(49,5);moving_rule=DR]
Robot[pos=(3,23);type=SW;dist=67]
STEPT 193:
Criminal[index=0;pos=(1,0)]
Sherlock[index=1;pos=(0,23);moving_rule=UUURRUUULUUDUR]
Watson[index=2;pos=(49,5);moving_rule=DR]
Robot[pos=(1,23);type=SW;dist=67]
STEPT 194:
Criminal[index=0;pos=(0,0)]
Sherlock[index=1;pos=(1,23);moving_rule=UUURRUUULUUDUR]
Watson[index=2;pos=(49,5);moving_rule=DR]
Robot[pos=(3,23);type=SW;dist=66]
STEPT 195:
Criminal[index=0;pos=(1,0)]
Sherlock[index=1;pos=(0,23);moving_rule=UUURRUUULUUDUR]
Watson[index=2;pos=(49,5);moving_rule=DR]
Robot[pos=(1,23);type=SW;dist=67]
STEPT 196:
Criminal[index=0;pos=(0,0)]
Sherlock[index=1;pos=(0,24);moving_rule=UUURRUUULUUDUR]
Watson[index=2;pos=(49,5);moving_rule=DR]
Robot[pos=(0,24);type=SW;dist=68]
STEPT 197:
Criminal[index=0;pos=(1,0)]
Sherlock[index=1;pos=(0,24);moving_rule=UUURRUUULUUDUR]
Watson[index=2;pos=(49,5);moving_rule=DR]
Robot[pos=(2,24);type=SW;dist=68]
STEPT 198:
Criminal[index=0;pos=(0,0)]
Sherlock[index=1;pos=(0,24);moving_rule=UUURRUUULUUDUR]
Watson[index=2;pos=(49,5);moving_rule=DR]
Robot[pos=(0,24);type=SW;dist=68]
STEPT 199:
Criminal[index=0;pos=(1,0)]
Sherlock[index=1;pos=(0,24);moving_rule=UUURRUUULUUDUR]
Watson[index=2;pos=(49,5);moving_rule=DR]
Robot[pos=(2,24);type=SW;dist=68]
STEPT 200:
Criminal[index=0;pos=(0,0)]
Sherlock[index=1;pos=(0,24);moving_rule=UUURRUUULUUDUR]
Watson[index=2;pos=(49,5);moving_rule=DR]
Robot[pos=(0,24);type=SW;dist=68]
