Criminal[index=0;pos=(10,5)]
Sherlock[index=1;pos=(17,18);moving_rule=DURLRDLLUDDUUL]
Watson[index=2;pos=(7,11);moving_rule=RUUDRLRU]
Robot[pos=(18,18);type=SW;dist=19]
CRIMINAL -> SHERLOCK -> WATSON -> ROBOTSW
STEPT 1:
Criminal[index=0;pos=(10,4)]
Sherlock[index=1;pos=(18,18);moving_rule=DURLRDLLUDDUUL]
Watson[index=2;pos=(7,12);moving_rule=RUUDRLRU]
Robot[pos=(16,18);type=SW;dist=17]
STEPT 2:
Criminal[index=0;pos=(10,3)]
Sherlock[index=1;pos=(17,18);moving_rule=DURLRDLLUDDUUL]
Watson[index=2;pos=(6,12);moving_rule=RUUDRLRU]
Robot[pos=(14,18);type=SW;dist=17]
STEPT 3:
Criminal[index=0;pos=(10,2)]
Sherlock[index=1;pos=(17,19);moving_rule=DURLRDLLUDDUUL]
Watson[index=2;pos=(5,12);moving_rule=RUUDRLRU]
Robot[pos=(12,18);type=SW;dist=19]
STEPT 4:
Criminal[index=0;pos=(10,1)]
Sherlock[index=1;pos=(17,18);moving_rule=DURLRDLLUDDUUL]
Watson[index=2;pos=(6,12);moving_rule=RUUDRLRU]
Robot[pos=(10,18);type=SW;dist=17]
STEPT 5:
Criminal[index=0;pos=(10,0)]
Sherlock[index=1;pos=(17,19);moving_rule=DURLRDLLUDDUUL]
Watson[index=2;pos=(6,13);moving_rule=RUUDRLRU]
Robot[pos=(8,18);type=SW;dist=17]
STEPT 6:
Criminal[index=0;pos=(9,0)]
Sherlock[index=1;pos=(18,19);moving_rule=DURLRDLLUDDUUL]
Watson[index=2;pos=(6,12);moving_rule=RUUDRLRU]
Robot[pos=(6,18);type=SW;dist=19]
STEPT 7:
Criminal[index=0;pos=(8,0)]
Sherlock[index=1;pos=(18,18);moving_rule=DURLRDLLUDDUUL]
Watson[index=2;pos=(6,13);moving_rule=RUUDRLRU]
Robot[pos=(8,18);type=SW;dist=17]
STEPT 8:
Criminal[index=0;pos=(7,0)]
Sherlock[index=1;pos=(18,17);moving_rule=DURLRDLLUDDUUL]
Watson[index=2;pos=(5,13);moving_rule=RUUDRLRU]
Robot[pos=(9,17);type=SW;dist=17]
STEPT 9:
Criminal[index=0;pos=(6,0)]
Sherlock[index=1;pos=(17,17);moving_rule=DURLRDLLUDDUUL]
Watson[index=2;pos=(5,13);moving_rule=RUUDRLRU]
Robot[pos=(7,17);type=SW;dist=16]
STEPT 10:
Criminal[index=0;pos=(5,0)]
Sherlock[index=1;pos=(18,17);moving_rule=DURLRDLLUDDUUL]
Watson[index=2;pos=(4,13);moving_rule=RUUDRLRU]
Robot[pos=(5,17);type=SW;dist=18]
STEPT 11:
Criminal[index=0;pos=(4,0)]
Sherlock[index=1;pos=(18,17);moving_rule=DURLRDLLUDDUUL]
Watson[index=2;pos=(3,13);moving_rule=RUUDRLRU]
Robot[pos=(3,17);type=SW;dist=19]
STEPT 12:
Criminal[index=0;pos=(3,0)]
Sherlock[index=1;pos=(17,17);moving_rule=DURLRDLLUDDUUL]
Watson[index=2;pos=(4,13);moving_rule=RUUDRLRU]
Robot[pos=(5,17);type=SW;dist=17]
STEPT 13:
Criminal[index=0;pos=(2,0)]
Sherlock[index=1;pos=(16,17);moving_rule=DURLRDLLUDDUUL]
Watson[index=2;pos=(4,14);moving_rule=RUUDRLRU]
Robot[pos=(7,17);type=SW;dist=15]
STEPT 14:
Criminal[index=0;pos=(1,0)]
Sherlock[index=1;pos=(16,16);moving_rule=DURLRDLLUDDUUL]
Watson[index=2;pos=(4,13);moving_rule=RUUDRLRU]
Robot[pos=(8,16);type=SW;dist=15]
STEPT 15:
Criminal[index=0;pos=(0,0)]
Sherlock[index=1;pos=(17,16);moving_rule=DURLRDLLUDDUUL]
Watson[index=2;pos=(4,14);moving_rule=RUUDRLRU]
Robot[pos=(6,16);type=SW;dist=15]
STEPT 16:
Criminal[index=0;pos=(1,0)]
Sherlock[index=1;pos=(16,16);moving_rule=DURLRDLLUDDUUL]
Watson[index=2;pos=(3,14);moving_rule=RUUDRLRU]
Robot[pos=(4,16);type=SW;dist=15]
STEPT 17:
Criminal[index=0;pos=(0,0)]
Sherlock[index=1;pos=(16,17);moving_rule=DURLRDLLUDDUUL]
Watson[index=2;pos=(3,15);moving_rule=RUUDRLRU]
Robot[pos=(3,17);type=SW;dist=15]
STEPT 18:
Criminal[index=0;pos=(1,0)]
Sherlock[index=1;pos=(16,16);moving_rule=DURLRDLLUDDUUL]
Watson[index=2;pos=(2,15);moving_rule=RUUDRLRU]
Robot[pos=(4,16);type=SW;dist=15]
STEPT 19:
Criminal[index=0;pos=(0,0)]
Sherlock[index=1;pos=(16,17);moving_rule=DURLRDLLUDDUUL]
Watson[index=2;pos=(1,15);moving_rule=RUUDRLRU]
Robot[pos=(2,16);type=SW;dist=17]
STEPT 20:
Criminal[index=0;pos=(1,0)]
Sherlock[index=1;pos=(17,17);moving_rule=DURLRDLLUDDUUL]
Watson[index=2;pos=(2,15);moving_rule=RUUDRLRU]
Robot[pos=(3,17);type=SW;dist=17]
STEPT 21:
Criminal[index=0;pos=(0,0)]
Sherlock[index=1;pos=(17,16);moving_rule=DURLRDLLUDDUUL]
Watson[index=2;pos=(2,16);moving_rule=RUUDRLRU]
Robot[pos=(4,16);type=SW;dist=15]
STEPT 22:
Criminal[index=0;pos=(1,0)]
Sherlock[index=1;pos=(17,15);moving_rule=DURLRDLLUDDUUL]
Watson[index=2;pos=(2,15);moving_rule=RUUDRLRU]
Robot[pos=(5,15);type=SW;dist=15]
STEPT 23:
Criminal[index=0;pos=(0,0)]
Sherlock[index=1;pos=(16,15);moving_rule=DURLRDLLUDDUUL]
Watson[index=2;pos=(2,16);moving_rule=RUUDRLRU]
Robot[pos=(3,15);type=SW;dist=15]
STEPT 24:
Criminal[index=0;pos=(1,0)]
Sherlock[index=1;pos=(17,15);moving_rule=DURLRDLLUDDUUL]
Watson[index=2;pos=(1,16);moving_rule=RUUDRLRU]
Robot[pos=(1,15);type=SW;dist=17]
STEPT 25:
Criminal[index=0;pos=(0,0)]
Sherlock[index=1;pos=(18,15);moving_rule=DURLRDLLUDDUUL]
Watson[index=2;pos=(1,17);moving_rule=RUUDRLRU]
Robot[pos=(1,17);type=SW;dist=19]
STEPT 26:
Criminal[index=0;pos=(1,0)]
Sherlock[index=1;pos=(17,15);moving_rule=DURLRDLLUDDUUL]
Watson[index=2;pos=(0,17);moving_rule=RUUDRLRU]
Robot[pos=(3,17);type=SW;dist=19]
STEPT 27:
Criminal[index=0;pos=(0,0)]
Sherlock[index=1;pos=(16,15);moving_rule=DURLRDLLUDDUUL]
Watson[index=2;pos=(0,17);moving_rule=RUUDRLRU]
Robot[pos=(1,17);type=SW;dist=18]
STEPT 28:
Criminal[index=0;pos=(1,0)]
Sherlock[index=1;pos=(16,14);moving_rule=DURLRDLLUDDUUL]
Watson[index=2;pos=(1,17);moving_rule=RUUDRLRU]
Robot[pos=(3,17);type=SW;dist=18]
STEPT 29:
Criminal[index=0;pos=(0,0)]
Sherlock[index=1;pos=(17,14);moving_rule=DURLRDLLUDDUUL]
Watson[index=2;pos=(1,18);moving_rule=RUUDRLRU]
Robot[pos=(1,17);type=SW;dist=20]
STEPT 30:
Criminal[index=0;pos=(1,0)]
Sherlock[index=1;pos=(16,14);moving_rule=DURLRDLLUDDUUL]
Watson[index=2;pos=(1,17);moving_rule=RUUDRLRU]
Robot[pos=(3,17);type=SW;dist=18]
STEPT 31:
Criminal[index=0;pos=(0,0)]
Sherlock[index=1;pos=(16,15);moving_rule=DURLRDLLUDDUUL]
Watson[index=2;pos=(1,18);moving_rule=RUUDRLRU]
Robot[pos=(1,17);type=SW;dist=18]
STEPT 32:
Criminal[index=0;pos=(1,0)]
Sherlock[index=1;pos=(16,14);moving_rule=DURLRDLLUDDUUL]
Watson[index=2;pos=(0,18);moving_rule=RUUDRLRU]
Robot[pos=(0,18);type=SW;dist=20]
STEPT 33:
Criminal[index=0;pos=(0,0)]
Sherlock[index=1;pos=(16,15);moving_rule=DURLRDLLUDDUUL]
Watson[index=2;pos=(0,19);moving_rule=RUUDRLRU]
Robot[pos=(1,19);type=SW;dist=20]
STEPT 34:
Criminal[index=0;pos=(1,0)]
Sherlock[index=1;pos=(17,15);moving_rule=DURLRDLLUDDUUL]
Watson[index=2;pos=(0,19);moving_rule=RUUDRLRU]
Robot[pos=(3,19);type=SW;dist=21]
STEPT 35:
Criminal[index=0;pos=(0,0)]
Sherlock[index=1;pos=(17,14);moving_rule=DURLRDLLUDDUUL]
Watson[index=2;pos=(0,19);moving_rule=RUUDRLRU]
Robot[pos=(1,19);type=SW;dist=22]
STEPT 36:
Criminal[index=0;pos=(1,0)]
Sherlock[index=1;pos=(17,13);moving_rule=DURLRDLLUDDUUL]
Watson[index=2;pos=(1,19);moving_rule=RUUDRLRU]
Robot[pos=(3,19);type=SW;dist=22]
STEPT 37:
Criminal[index=0;pos=(0,0)]
Sherlock[index=1;pos=(16,13);moving_rule=DURLRDLLUDDUUL]
Watson[index=2;pos=(1,20);moving_rule=RUUDRLRU]
Robot[pos=(1,19);type=SW;dist=22]
STEPT 38:
Criminal[index=0;pos=(1,0)]
Sherlock[index=1;pos=(17,13);moving_rule=DURLRDLLUDDUUL]
Watson[index=2;pos=(1,19);moving_rule=RUUDRLRU]
Robot[pos=(3,19);type=SW;dist=22]
STEPT 39:
Criminal[index=0;pos=(0,0)]
Sherlock[index=1;pos=(18,13);moving_rule=DURLRDLLUDDUUL]
Watson[index=2;pos=(1,20);moving_rule=RUUDRLRU]
Robot[pos=(1,19);type=SW;dist=24]
STEPT 40:
Criminal[index=0;pos=(1,0)]
Sherlock[index=1;pos=(17,13);moving_rule=DURLRDLLUDDUUL]
Watson[index=2;pos=(0,20);moving_rule=RUUDRLRU]
Robot[pos=(0,20);type=SW;dist=24]
STEPT 41:
Criminal[index=0;pos=(0,0)]
Sherlock[index=1;pos=(16,13);moving_rule=DURLRDLLUDDUUL]
Watson[index=2;pos=(0,21);moving_rule=RUUDRLRU]
Robot[pos=(1,21);type=SW;dist=24]
STEPT 42:
Criminal[index=0;pos=(1,0)]
Sherlock[index=1;pos=(16,12);moving_rule=DURLRDLLUDDUUL]
Watson[index=2;pos=(0,21);moving_rule=RUUDRLRU]
Robot[pos=(3,21);type=SW;dist=25]
STEPT 43:
Criminal[index=0;pos=(0,0)]
Sherlock[index=1;pos=(17,12);moving_rule=DURLRDLLUDDUUL]
Watson[index=2;pos=(0,21);moving_rule=RUUDRLRU]
Robot[pos=(1,21);type=SW;dist=26]
STEPT 44:
Criminal[index=0;pos=(1,0)]
Sherlock[index=1;pos=(16,12);moving_rule=DURLRDLLUDDUUL]
Watson[index=2;pos=(1,21);moving_rule=RUUDRLRU]
Robot[pos=(3,21);type=SW;dist=24]
STEPT 45:
Criminal[index=0;pos=(0,0)]
Sherlock[index=1;pos=(16,13);moving_rule=DURLRDLLUDDUUL]
Watson[index=2;pos=(1,22);moving_rule=RUUDRLRU]
Robot[pos=(1,21);type=SW;dist=24]
STEPT 46:
Criminal[index=0;pos=(1,0)]
Sherlock[index=1;pos=(16,12);moving_rule=DURLRDLLUDDUUL]
Watson[index=2;pos=(1,21);moving_rule=RUUDRLRU]
Robot[pos=(3,21);type=SW;dist=24]
STEPT 47:
Criminal[index=0;pos=(0,0)]
Sherlock[index=1;pos=(16,13);moving_rule=DURLRDLLUDDUUL]
Watson[index=2;pos=(1,22);moving_rule=RUUDRLRU]
Robot[pos=(1,21);type=SW;dist=24]
STEPT 48:
Criminal[index=0;pos=(1,0)]
Sherlock[index=1;pos=(17,13);moving_rule=DURLRDLLUDDUUL]
Watson[index=2;pos=(0,22);moving_rule=RUUDRLRU]
Robot[pos=(0,22);type=SW;dist=26]
STEPT 49:
Criminal[index=0;pos=(0,0)]
Sherlock[index=1;pos=(17,12);moving_rule=DURLRDLLUDDUUL]
Watson[index=2;pos=(0,23);moving_rule=RUUDRLRU]
Robot[pos=(1,23);type=SW;dist=28]
STEPT 50:
Criminal[index=0;pos=(1,0)]
Sherlock[index=1;pos=(17,11);moving_rule=DURLRDLLUDDUUL]
Watson[index=2;pos=(0,23);moving_rule=RUUDRLRU]
Robot[pos=(3,23);type=SW;dist=29]
STEPT 51:
Criminal[index=0;pos=(0,0)]
Sherlock[index=1;pos=(16,11);moving_rule=DURLRDLLUDDUUL]
Watson[index=2;pos=(0,23);moving_rule=RUUDRLRU]
Robot[pos=(1,23);type=SW;dist=28]
STEPT 52:
Criminal[index=0;pos=(1,0)]
Sherlock[index=1;pos=(17,11);moving_rule=DURLRDLLUDDUUL]
Watson[index=2;pos=(1,23);moving_rule=RUUDRLRU]
Robot[pos=(3,23);type=SW;dist=28]
STEPT 53:
Criminal[index=0;pos=(0,0)]
Sherlock[index=1;pos=(18,11);moving_rule=DURLRDLLUDDUUL]
Watson[index=2;pos=(1,24);moving_rule=RUUDRLRU]
Robot[pos=(1,23);type=SW;dist=30]
STEPT 54:
Criminal[index=0;pos=(1,0)]
Sherlock[index=1;pos=(17,11);moving_rule=DURLRDLLUDDUUL]
Watson[index=2;pos=(1,23);moving_rule=RUUDRLRU]
Robot[pos=(3,23);type=SW;dist=28]
STEPT 55:
Criminal[index=0;pos=(0,0)]
Sherlock[index=1;pos=(16,11);moving_rule=DURLRDLLUDDUUL]
Watson[index=2;pos=(1,24);moving_rule=RUUDRLRU]
Robot[pos=(1,23);type=SW;dist=28]
STEPT 56:
Criminal[index=0;pos=(1,0)]
Sherlock[index=1;pos=(16,10);moving_rule=DURLRDLLUDDUUL]
Watson[index=2;pos=(0,24);moving_rule=RUUDRLRU]
Robot[pos=(0,24);type=SW;dist=30]
STEPT 57:
Criminal[index=0;pos=(0,0)]
Sherlock[index=1;pos=(17,10);moving_rule=DURLRDLLUDDUUL]
Watson[index=2;pos=(0,25);moving_rule=RUUDRLRU]
Robot[pos=(1,25);type=SW;dist=32]
STEPT 58:
Criminal[index=0;pos=(1,0)]
Sherlock[index=1;pos=(16,10);moving_rule=DURLRDLLUDDUUL]
Watson[index=2;pos=(0,25);moving_rule=RUUDRLRU]
Robot[pos=(3,25);type=SW;dist=31]
STEPT 59:
Criminal[index=0;pos=(0,0)]
Sherlock[index=1;pos=(16,11);moving_rule=DURLRDLLUDDUUL]
Watson[index=2;pos=(0,25);moving_rule=RUUDRLRU]
Robot[pos=(1,25);type=SW;dist=30]
STEPT 60:
Criminal[index=0;pos=(1,0)]
Sherlock[index=1;pos=(16,10);moving_rule=DURLRDLLUDDUUL]
Watson[index=2;pos=(1,25);moving_rule=RUUDRLRU]
Robot[pos=(3,25);type=SW;dist=30]
STEPT 61:
Criminal[index=0;pos=(0,0)]
Sherlock[index=1;pos=(16,11);moving_rule=DURLRDLLUDDUUL]
Watson[index=2;pos=(1,25);moving_rule=RUUDRLRU]
Robot[pos=(1,25);type=SW;dist=29]
STEPT 62:
Criminal[index=0;pos=(1,0)]
Sherlock[index=1;pos=(17,11);moving_rule=DURLRDLLUDDUUL]
Watson[index=2;pos=(1,24);moving_rule=RUUDRLRU]
Robot[pos=(2,24);type=SW;dist=29]
STEPT 63:
Criminal[index=0;pos=(0,0)]
Sherlock[index=1;pos=(17,10);moving_rule=DURLRDLLUDDUUL]
Watson[index=2;pos=(1,25);moving_rule=RUUDRLRU]
Robot[pos=(1,25);type=SW;dist=31]
STEPT 64:
Criminal[index=0;pos=(1,0)]
Sherlock[index=1;pos=(17,9);moving_rule=DURLRDLLUDDUUL]
Watson[index=2;pos=(0,25);moving_rule=RUUDRLRU]
Robot[pos=(3,25);type=SW;dist=33]
STEPT 65:
Criminal[index=0;pos=(0,0)]
Sherlock[index=1;pos=(16,9);moving_rule=DURLRDLLUDDUUL]
Watson[index=2;pos=(0,26);moving_rule=RUUDRLRU]
Robot[pos=(1,25);type=SW;dist=33]
STEPT 66:
Criminal[index=0;pos=(1,0)]
Sherlock[index=1;pos=(17,9);moving_rule=DURLRDLLUDDUUL]
Watson[index=2;pos=(0,26);moving_rule=RUUDRLRU]
Robot[pos=(0,26);type=SW;dist=34]
STEPT 67:
Criminal[index=0;pos=(0,0)]
Sherlock[index=1;pos=(18,9);moving_rule=DURLRDLLUDDUUL]
Watson[index=2;pos=(0,26);moving_rule=RUUDRLRU]
Robot[pos=(2,26);type=SW;dist=35]
STEPT 68:
Criminal[index=0;pos=(1,0)]
Sherlock[index=1;pos=(17,9);moving_rule=DURLRDLLUDDUUL]
Watson[index=2;pos=(0,26);moving_rule=RUUDRLRU]
Robot[pos=(0,26);type=SW;dist=34]
STEPT 69:
Criminal[index=0;pos=(0,0)]
Sherlock[index=1;pos=(16,9);moving_rule=DURLRDLLUDDUUL]
Watson[index=2;pos=(0,27);moving_rule=RUUDRLRU]
Robot[pos=(1,27);type=SW;dist=34]
STEPT 70:
Criminal[index=0;pos=(1,0)]
Sherlock[index=1;pos=(16,8);moving_rule=DURLRDLLUDDUUL]
Watson[index=2;pos=(0,26);moving_rule=RUUDRLRU]
Robot[pos=(2,26);type=SW;dist=34]
STEPT 71:
Criminal[index=0;pos=(0,0)]
Sherlock[index=1;pos=(17,8);moving_rule=DURLRDLLUDDUUL]
Watson[index=2;pos=(0,27);moving_rule=RUUDRLRU]
Robot[pos=(0,26);type=SW;dist=36]
STEPT 72:
Criminal[index=0;pos=(1,0)]
Sherlock[index=1;pos=(16,8);moving_rule=DURLRDLLUDDUUL]
Watson[index=2;pos=(0,27);moving_rule=RUUDRLRU]
Robot[pos=(1,27);type=SW;dist=35]
STEPT 73:
Criminal[index=0;pos=(0,0)]
Sherlock[index=1;pos=(16,9);moving_rule=DURLRDLLUDDUUL]
Watson[index=2;pos=(0,27);moving_rule=RUUDRLRU]
Robot[pos=(3,27);type=SW;dist=34]
STEPT 74:
Criminal[index=0;pos=(1,0)]
Sherlock[index=1;pos=(16,8);moving_rule=DURLRDLLUDDUUL]
Watson[index=2;pos=(0,27);moving_rule=RUUDRLRU]
Robot[pos=(1,27);type=SW;dist=35]
STEPT 75:
Criminal[index=0;pos=(0,0)]
Sherlock[index=1;pos=(16,9);moving_rule=DURLRDLLUDDUUL]
Watson[index=2;pos=(0,27);moving_rule=RUUDRLRU]
Robot[pos=(3,27);type=SW;dist=34]
STEPT 76:
Criminal[index=0;pos=(1,0)]
Sherlock[index=1;pos=(17,9);moving_rule=DURLRDLLUDDUUL]
Watson[index=2;pos=(1,27);moving_rule=RUUDRLRU]
Robot[pos=(1,27);type=SW;dist=34]
STEPT 77:
Criminal[index=0;pos=(0,0)]
Sherlock[index=1;pos=(17,8);moving_rule=DURLRDLLUDDUUL]
Watson[index=2;pos=(1,27);moving_rule=RUUDRLRU]
Robot[pos=(3,27);type=SW;dist=35]
STEPT 78:
Criminal[index=0;pos=(1,0)]
Sherlock[index=1;pos=(17,7);moving_rule=DURLRDLLUDDUUL]
Watson[index=2;pos=(1,27);moving_rule=RUUDRLRU]
Robot[pos=(1,27);type=SW;dist=36]
STEPT 79:
Criminal[index=0;pos=(0,0)]
Sherlock[index=1;pos=(16,7);moving_rule=DURLRDLLUDDUUL]
Watson[index=2;pos=(1,27);moving_rule=RUUDRLRU]
Robot[pos=(3,27);type=SW;dist=35]
STEPT 80:
Criminal[index=0;pos=(1,0)]
Sherlock[index=1;pos=(17,7);moving_rule=DURLRDLLUDDUUL]
Watson[index=2;pos=(0,27);moving_rule=RUUDRLRU]
Robot[pos=(1,27);type=SW;dist=37]
STEPT 81:
Criminal[index=0;pos=(0,0)]
Sherlock[index=1;pos=(18,7);moving_rule=DURLRDLLUDDUUL]
Watson[index=2;pos=(0,27);moving_rule=RUUDRLRU]
Robot[pos=(3,27);type=SW;dist=38]
STEPT 82:
Criminal[index=0;pos=(1,0)]
Sherlock[index=1;pos=(17,7);moving_rule=DURLRDLLUDDUUL]
Watson[index=2;pos=(0,27);moving_rule=RUUDRLRU]
Robot[pos=(1,27);type=SW;dist=37]
STEPT 83:
Criminal[index=0;pos=(0,0)]
Sherlock[index=1;pos=(16,7);moving_rule=DURLRDLLUDDUUL]
Watson[index=2;pos=(0,27);moving_rule=RUUDRLRU]
Robot[pos=(3,27);type=SW;dist=36]
STEPT 84:
Criminal[index=0;pos=(1,0)]
Sherlock[index=1;pos=(16,6);moving_rule=DURLRDLLUDDUUL]
Watson[index=2;pos=(1,27);moving_rule=RUUDRLRU]
Robot[pos=(1,27);type=SW;dist=36]
STEPT 85:
Criminal[index=0;pos=(0,0)]
Sherlock[index=1;pos=(17,6);moving_rule=DURLRDLLUDDUUL]
Watson[index=2;pos=(1,27);moving_rule=RUUDRLRU]
Robot[pos=(3,27);type=SW;dist=37]
STEPT 86:
Criminal[index=0;pos=(1,0)]
Sherlock[index=1;pos=(16,6);moving_rule=DURLRDLLUDDUUL]
Watson[index=2;pos=(1,27);moving_rule=RUUDRLRU]
Robot[pos=(1,27);type=SW;dist=36]
STEPT 87:
Criminal[index=0;pos=(0,0)]
Sherlock[index=1;pos=(16,7);moving_rule=DURLRDLLUDDUUL]
Watson[index=2;pos=(1,27);moving_rule=RUUDRLRU]
Robot[pos=(3,27);type=SW;dist=35]
STEPT 88:
Criminal[index=0;pos=(1,0)]
Sherlock[index=1;pos=(16,6);moving_rule=DURLRDLLUDDUUL]
Watson[index=2;pos=(0,27);moving_rule=RUUDRLRU]
Robot[pos=(1,27);type=SW;dist=37]
STEPT 89:
Criminal[index=0;pos=(0,0)]
Sherlock[index=1;pos=(16,7);moving_rule=DURLRDLLUDDUUL]
Watson[index=2;pos=(0,27);moving_rule=RUUDRLRU]
Robot[pos=(3,27);type=SW;dist=36]
STEPT 90:
Criminal[index=0;pos=(1,0)]
Sherlock[index=1;pos=(17,7);moving_rule=DURLRDLLUDDUUL]
Watson[index=2;pos=(0,27);moving_rule=RUUDRLRU]
Robot[pos=(1,27);type=SW;dist=37]
STEPT 91:
Criminal[index=0;pos=(0,0)]
Sherlock[index=1;pos=(17,6);moving_rule=DURLRDLLUDDUUL]
Watson[index=2;pos=(0,27);moving_rule=RUUDRLRU]
Robot[pos=(3,27);type=SW;dist=38]
STEPT 92:
Criminal[index=0;pos=(1,0)]
Sherlock[index=1;pos=(17,5);moving_rule=DURLRDLLUDDUUL]
Watson[index=2;pos=(1,27);moving_rule=RUUDRLRU]
Robot[pos=(1,27);type=SW;dist=38]
STEPT 93:
Criminal[index=0;pos=(0,0)]
Sherlock[index=1;pos=(16,5);moving_rule=DURLRDLLUDDUUL]
Watson[index=2;pos=(1,27);moving_rule=RUUDRLRU]
Robot[pos=(3,27);type=SW;dist=37]
STEPT 94:
Criminal[index=0;pos=(1,0)]
Sherlock[index=1;pos=(17,5);moving_rule=DURLRDLLUDDUUL]
Watson[index=2;pos=(1,27);moving_rule=RUUDRLRU]
Robot[pos=(1,27);type=SW;dist=38]
STEPT 95:
Criminal[index=0;pos=(0,0)]
Sherlock[index=1;pos=(18,5);moving_rule=DURLRDLLUDDUUL]
Watson[index=2;pos=(1,27);moving_rule=RUUDRLRU]
Robot[pos=(3,27);type=SW;dist=39]
STEPT 96:
Criminal[index=0;pos=(1,0)]
Sherlock[index=1;pos=(17,5);moving_rule=DURLRDLLUDDUUL]
Watson[index=2;pos=(0,27);moving_rule=RUUDRLRU]
Robot[pos=(1,27);type=SW;dist=39]
STEPT 97:
Criminal[index=0;pos=(0,0)]
Sherlock[index=1;pos=(16,5);moving_rule=DURLRDLLUDDUUL]
Watson[index=2;pos=(0,27);moving_rule=RUUDRLRU]
Robot[pos=(3,27);type=SW;dist=38]
STEPT 98:
Criminal[index=0;pos=(1,0)]
Sherlock[index=1;pos=(16,4);moving_rule=DURLRDLLUDDUUL]
Watson[index=2;pos=(0,27);moving_rule=RUUDRLRU]
Robot[pos=(1,27);type=SW;dist=39]
STEPT 99:
Criminal[index=0;pos=(0,0)]
Sherlock[index=1;pos=(17,4);moving_rule=DURLRDLLUDDUUL]
Watson[index=2;pos=(0,27);moving_rule=RUUDRLRU]
Robot[pos=(3,27);type=SW;dist=40]
STEPT 100:
Criminal[index=0;pos=(1,0)]
Sherlock[index=1;pos=(16,4);moving_rule=DURLRDLLUDDUUL]
Watson[index=2;pos=(1,27);moving_rule=RUUDRLRU]
Robot[pos=(1,27);type=SW;dist=38]
STEPT 101:
Criminal[index=0;pos=(0,0)]
Sherlock[index=1;pos=(16,5);moving_rule=DURLRDLLUDDUUL]
Watson[index=2;pos=(1,27);moving_rule=RUUDRLRU]
Robot[pos=(3,27);type=SW;dist=37]
STEPT 102:
Criminal[index=0;pos=(1,0)]
Sherlock[index=1;pos=(16,4);moving_rule=DURLRDLLUDDUUL]
Watson[index=2;pos=(1,27);moving_rule=RUUDRLRU]
Robot[pos=(1,27);type=SW;dist=38]
STEPT 103:
Criminal[index=0;pos=(0,0)]
Sherlock[index=1;pos=(16,5);moving_rule=DURLRDLLUDDUUL]
Watson[index=2;pos=(1,27);moving_rule=RUUDRLRU]
Robot[pos=(3,27);type=SW;dist=37]
STEPT 104:
Criminal[index=0;pos=(1,0)]
Sherlock[index=1;pos=(17,5);moving_rule=DURLRDLLUDDUUL]
Watson[index=2;pos=(0,27);moving_rule=RUUDRLRU]
Robot[pos=(1,27);type=SW;dist=39]
STEPT 105:
Criminal[index=0;pos=(0,0)]
Sherlock[index=1;pos=(17,4);moving_rule=DURLRDLLUDDUUL]
Watson[index=2;pos=(0,27);moving_rule=RUUDRLRU]
Robot[pos=(3,27);type=SW;dist=40]
STEPT 106:
Criminal[index=0;pos=(1,0)]
Sherlock[index=1;pos=(17,3);moving_rule=DURLRDLLUDDUUL]
Watson[index=2;pos=(0,27);moving_rule=RUUDRLRU]
Robot[pos=(1,27);type=SW;dist=41]
STEPT 107:
Criminal[index=0;pos=(0,0)]
Sherlock[index=1;pos=(16,3);moving_rule=DURLRDLLUDDUUL]
Watson[index=2;pos=(0,27);moving_rule=RUUDRLRU]
Robot[pos=(3,27);type=SW;dist=40]
STEPT 108:
Criminal[index=0;pos=(1,0)]
Sherlock[index=1;pos=(17,3);moving_rule=DURLRDLLUDDUUL]
Watson[index=2;pos=(1,27);moving_rule=RUUDRLRU]
Robot[pos=(1,27);type=SW;dist=40]
STEPT 109:
Criminal[index=0;pos=(0,0)]
Sherlock[index=1;pos=(18,3);moving_rule=DURLRDLLUDDUUL]
Watson[index=2;pos=(1,27);moving_rule=RUUDRLRU]
Robot[pos=(3,27);type=SW;dist=41]
STEPT 110:
Criminal[index=0;pos=(1,0)]
Sherlock[index=1;pos=(17,3);moving_rule=DURLRDLLUDDUUL]
Watson[index=2;pos=(1,27);moving_rule=RUUDRLRU]
Robot[pos=(1,27);type=SW;dist=40]
STEPT 111:
Criminal[index=0;pos=(0,0)]
Sherlock[index=1;pos=(16,3);moving_rule=DURLRDLLUDDUUL]
Watson[index=2;pos=(1,27);moving_rule=RUUDRLRU]
Robot[pos=(3,27);type=SW;dist=39]
STEPT 112:
Criminal[index=0;pos=(1,0)]
Sherlock[index=1;pos=(16,2);moving_rule=DURLRDLLUDDUUL]
Watson[index=2;pos=(0,27);moving_rule=RUUDRLRU]
Robot[pos=(1,27);type=SW;dist=41]
STEPT 113:
Criminal[index=0;pos=(0,0)]
Sherlock[index=1;pos=(17,2);moving_rule=DURLRDLLUDDUUL]
Watson[index=2;pos=(0,27);moving_rule=RUUDRLRU]
Robot[pos=(3,27);type=SW;dist=42]
STEPT 114:
Criminal[index=0;pos=(1,0)]
Sherlock[index=1;pos=(16,2);moving_rule=DURLRDLLUDDUUL]
Watson[index=2;pos=(0,27);moving_rule=RUUDRLRU]
Robot[pos=(1,27);type=SW;dist=41]
STEPT 115:
Criminal[index=0;pos=(0,0)]
Sherlock[index=1;pos=(16,3);moving_rule=DURLRDLLUDDUUL]
Watson[index=2;pos=(0,27);moving_rule=RUUDRLRU]
Robot[pos=(3,27);type=SW;dist=40]
STEPT 116:
Criminal[index=0;pos=(1,0)]
Sherlock[index=1;pos=(16,2);moving_rule=DURLRDLLUDDUUL]
Watson[index=2;pos=(1,27);moving_rule=RUUDRLRU]
Robot[pos=(1,27);type=SW;dist=40]
STEPT 117:
Criminal[index=0;pos=(0,0)]
Sherlock[index=1;pos=(16,3);moving_rule=DURLRDLLUDDUUL]
Watson[index=2;pos=(1,27);moving_rule=RUUDRLRU]
Robot[pos=(3,27);type=SW;dist=39]
STEPT 118:
Criminal[index=0;pos=(1,0)]
Sherlock[index=1;pos=(17,3);moving_rule=DURLRDLLUDDUUL]
Watson[index=2;pos=(1,27);moving_rule=RUUDRLRU]
Robot[pos=(1,27);type=SW;dist=40]
STEPT 119:
Criminal[index=0;pos=(0,0)]
Sherlock[index=1;pos=(17,2);moving_rule=DURLRDLLUDDUUL]
Watson[index=2;pos=(1,27);moving_rule=RUUDRLRU]
Robot[pos=(3,27);type=SW;dist=41]
STEPT 120:
Criminal[index=0;pos=(1,0)]
Sherlock[index=1;pos=(17,1);moving_rule=DURLRDLLUDDUUL]
Watson[index=2;pos=(0,27);moving_rule=RUUDRLRU]
Robot[pos=(1,27);type=SW;dist=43]
STEPT 121:
Criminal[index=0;pos=(0,0)]
Sherlock[index=1;pos=(16,1);moving_rule=DURLRDLLUDDUUL]
Watson[index=2;pos=(0,27);moving_rule=RUUDRLRU]
Robot[pos=(3,27);type=SW;dist=42]
STEPT 122:
Criminal[index=0;pos=(1,0)]
Sherlock[index=1;pos=(17,1);moving_rule=DURLRDLLUDDUUL]
Watson[index=2;pos=(0,27);moving_rule=RUUDRLRU]
Robot[pos=(1,27);type=SW;dist=43]
STEPT 123:
Criminal[index=0;pos=(0,0)]
Sherlock[index=1;pos=(18,1);moving_rule=DURLRDLLUDDUUL]
Watson[index=2;pos=(0,27);moving_rule=RUUDRLRU]
Robot[pos=(3,27);type=SW;dist=44]
STEPT 124:
Criminal[index=0;pos=(1,0)]
Sherlock[index=1;pos=(17,1);moving_rule=DURLRDLLUDDUUL]
Watson[index=2;pos=(1,27);moving_rule=RUUDRLRU]
Robot[pos=(1,27);type=SW;dist=42]
STEPT 125:
Criminal[index=0;pos=(0,0)]
Sherlock[index=1;pos=(16,1);moving_rule=DURLRDLLUDDUUL]
Watson[index=2;pos=(1,27);moving_rule=RUUDRLRU]
Robot[pos=(3,27);type=SW;dist=41]
STEPT 126:
Criminal[index=0;pos=(1,0)]
Sherlock[index=1;pos=(16,0);moving_rule=DURLRDLLUDDUUL]
Watson[index=2;pos=(1,27);moving_rule=RUUDRLRU]
Robot[pos=(1,27);type=SW;dist=42]
STEPT 127:
Criminal[index=0;pos=(0,0)]
Sherlock[index=1;pos=(17,0);moving_rule=DURLRDLLUDDUUL]
Watson[index=2;pos=(1,27);moving_rule=RUUDRLRU]
Robot[pos=(3,27);type=SW;dist=43]
STEPT 128:
Criminal[index=0;pos=(0,1)]
Sherlock[index=1;pos=(16,0);moving_rule=DURLRDLLUDDUUL]
Watson[index=2;pos=(0,27);moving_rule=RUUDRLRU]
Robot[pos=(1,27);type=SW;dist=43]
STEPT 129:
Criminal[index=0;pos=(0,0)]
Sherlock[index=1;pos=(16,1);moving_rule=DURLRDLLUDDUUL]
Watson[index=2;pos=(0,27);moving_rule=RUUDRLRU]
Robot[pos=(3,27);type=SW;dist=42]
STEPT 130:
Criminal[index=0;pos=(1,0)]
Sherlock[index=1;pos=(16,0);moving_rule=DURLRDLLUDDUUL]
Watson[index=2;pos=(0,27);moving_rule=RUUDRLRU]
Robot[pos=(1,27);type=SW;dist=43]
STEPT 131:
Criminal[index=0;pos=(0,0)]
Sherlock[index=1;pos=(16,1);moving_rule=DURLRDLLUDDUUL]
Watson[index=2;pos=(0,27);moving_rule=RUUDRLRU]
Robot[pos=(3,27);type=SW;dist=42]
STEPT 132:
Criminal[index=0;pos=(1,0)]
Sherlock[index=1;pos=(17,1);moving_rule=DURLRDLLUDDUUL]
Watson[index=2;pos=(1,27);moving_rule=RUUDRLRU]
Robot[pos=(1,27);type=SW;dist=42]
STEPT 133:
Criminal[index=0;pos=(0,0)]
Sherlock[index=1;pos=(17,0);moving_rule=DURLRDLLUDDUUL]
Watson[index=2;pos=(1,27);moving_rule=RUUDRLRU]
Robot[pos=(3,27);type=SW;dist=43]
STEPT 134:
Criminal[index=0;pos=(0,1)]
Sherlock[index=1;pos=(17,0);moving_rule=DURLRDLLUDDUUL]
Watson[index=2;pos=(1,27);moving_rule=RUUDRLRU]
Robot[pos=(1,27);type=SW;dist=43]
STEPT 135:
Criminal[index=0;pos=(0,0)]
Sherlock[index=1;pos=(16,0);moving_rule=DURLRDLLUDDUUL]
Watson[index=2;pos=(1,27);moving_rule=RUUDRLRU]
Robot[pos=(3,27);type=SW;dist=42]
STEPT 136:
Criminal[index=0;pos=(0,1)]
Sherlock[index=1;pos=(17,0);moving_rule=DURLRDLLUDDUUL]
Watson[index=2;pos=(0,27);moving_rule=RUUDRLRU]
Robot[pos=(1,27);type=SW;dist=44]
STEPT 137:
Criminal[index=0;pos=(0,0)]
Sherlock[index=1;pos=(18,0);moving_rule=DURLRDLLUDDUUL]
Watson[index=2;pos=(0,27);moving_rule=RUUDRLRU]
Robot[pos=(3,27);type=SW;dist=45]
STEPT 138:
Criminal[index=0;pos=(1,0)]
Sherlock[index=1;pos=(17,0);moving_rule=DURLRDLLUDDUUL]
Watson[index=2;pos=(0,27);moving_rule=RUUDRLRU]
Robot[pos=(1,27);type=SW;dist=44]
STEPT 139:
Criminal[index=0;pos=(0,0)]
Sherlock[index=1;pos=(16,0);moving_rule=DURLRDLLUDDUUL]
Watson[index=2;pos=(0,27);moving_rule=RUUDRLRU]
Robot[pos=(3,27);type=SW;dist=43]
STEPT 140:
Criminal[index=0;pos=(1,0)]
Sherlock[index=1;pos=(16,0);moving_rule=DURLRDLLUDDUUL]
Watson[index=2;pos=(1,27);moving_rule=RUUDRLRU]
Robot[pos=(1,27);type=SW;dist=42]
STEPT 141:
Criminal[index=0;pos=(0,0)]
Sherlock[index=1;pos=(17,0);moving_rule=DURLRDLLUDDUUL]
Watson[index=2;pos=(1,27);moving_rule=RUUDRLRU]
Robot[pos=(3,27);type=SW;dist=43]
STEPT 142:
Criminal[index=0;pos=(0,1)]
Sherlock[index=1;pos=(16,0);moving_rule=DURLRDLLUDDUUL]
Watson[index=2;pos=(1,27);moving_rule=RUUDRLRU]
Robot[pos=(1,27);type=SW;dist=42]
STEPT 143:
Criminal[index=0;pos=(0,0)]
Sherlock[index=1;pos=(16,1);moving_rule=DURLRDLLUDDUUL]
Watson[index=2;pos=(1,27);moving_rule=RUUDRLRU]
Robot[pos=(3,27);type=SW;dist=41]
STEPT 144:
Criminal[index=0;pos=(1,0)]
Sherlock[index=1;pos=(16,0);moving_rule=DURLRDLLUDDUUL]
Watson[index=2;pos=(0,27);moving_rule=RUUDRLRU]
Robot[pos=(1,27);type=SW;dist=43]
STEPT 145:
Criminal[index=0;pos=(0,0)]
Sherlock[index=1;pos=(16,1);moving_rule=DURLRDLLUDDUUL]
Watson[index=2;pos=(0,27);moving_rule=RUUDRLRU]
Robot[pos=(3,27);type=SW;dist=42]
STEPT 146:
Criminal[index=0;pos=(1,0)]
Sherlock[index=1;pos=(17,1);moving_rule=DURLRDLLUDDUUL]
Watson[index=2;pos=(0,27);moving_rule=RUUDRLRU]
Robot[pos=(1,27);type=SW;dist=43]
STEPT 147:
Criminal[index=0;pos=(0,0)]
Sherlock[index=1;pos=(17,0);moving_rule=DURLRDLLUDDUUL]
Watson[index=2;pos=(0,27);moving_rule=RUUDRLRU]
Robot[pos=(3,27);type=SW;dist=44]
STEPT 148:
Criminal[index=0;pos=(1,0)]
Sherlock[index=1;pos=(17,0);moving_rule=DURLRDLLUDDUUL]
Watson[index=2;pos=(1,27);moving_rule=RUUDRLRU]
Robot[pos=(1,27);type=SW;dist=43]
STEPT 149:
Criminal[index=0;pos=(0,0)]
Sherlock[index=1;pos=(16,0);moving_rule=DURLRDLLUDDUUL]
Watson[index=2;pos=(1,27);moving_rule=RUUDRLRU]
Robot[pos=(3,27);type=SW;dist=42]
STEPT 150:
Criminal[index=0;pos=(0,1)]
Sherlock[index=1;pos=(17,0);moving_rule=DURLRDLLUDDUUL]
Watson[index=2;pos=(1,27);moving_rule=RUUDRLRU]
Robot[pos=(1,27);type=SW;dist=43]
STEPT 151:
Criminal[index=0;pos=(0,0)]
Sherlock[index=1;pos=(18,0);moving_rule=DURLRDLLUDDUUL]
Watson[index=2;pos=(1,27);moving_rule=RUUDRLRU]
Robot[pos=(3,27);type=SW;dist=44]
STEPT 152:
Criminal[index=0;pos=(0,1)]
Sherlock[index=1;pos=(17,0);moving_rule=DURLRDLLUDDUUL]
Watson[index=2;pos=(0,27);moving_rule=RUUDRLRU]
Robot[pos=(1,27);type=SW;dist=44]
STEPT 153:
Criminal[index=0;pos=(0,0)]
Sherlock[index=1;pos=(16,0);moving_rule=DURLRDLLUDDUUL]
Watson[index=2;pos=(0,27);moving_rule=RUUDRLRU]
Robot[pos=(3,27);type=SW;dist=43]
STEPT 154:
Criminal[index=0;pos=(1,0)]
Sherlock[index=1;pos=(16,0);moving_rule=DURLRDLLUDDUUL]
Watson[index=2;pos=(0,27);moving_rule=RUUDRLRU]
Robot[pos=(1,27);type=SW;dist=43]
STEPT 155:
Criminal[index=0;pos=(0,0)]
Sherlock[index=1;pos=(17,0);moving_rule=DURLRDLLUDDUUL]
Watson[index=2;pos=(0,27);moving_rule=RUUDRLRU]
Robot[pos=(3,27);type=SW;dist=44]
STEPT 156:
Criminal[index=0;pos=(1,0)]
Sherlock[index=1;pos=(16,0);moving_rule=DURLRDLLUDDUUL]
Watson[index=2;pos=(1,27);moving_rule=RUUDRLRU]
Robot[pos=(1,27);type=SW;dist=42]
STEPT 157:
Criminal[index=0;pos=(0,0)]
Sherlock[index=1;pos=(16,1);moving_rule=DURLRDLLUDDUUL]
Watson[index=2;pos=(1,27);moving_rule=RUUDRLRU]
Robot[pos=(3,27);type=SW;dist=41]
STEPT 158:
Criminal[index=0;pos=(1,0)]
Sherlock[index=1;pos=(16,0);moving_rule=DURLRDLLUDDUUL]
Watson[index=2;pos=(1,27);moving_rule=RUUDRLRU]
Robot[pos=(1,27);type=SW;dist=42]
STEPT 159:
Criminal[index=0;pos=(0,0)]
Sherlock[index=1;pos=(16,1);moving_rule=DURLRDLLUDDUUL]
Watson[index=2;pos=(1,27);moving_rule=RUUDRLRU]
Robot[pos=(3,27);type=SW;dist=41]
STEPT 160:
Criminal[index=0;pos=(1,0)]
Sherlock[index=1;pos=(17,1);moving_rule=DURLRDLLUDDUUL]
Watson[index=2;pos=(0,27);moving_rule=RUUDRLRU]
Robot[pos=(1,27);type=SW;dist=43]
STEPT 161:
Criminal[index=0;pos=(0,0)]
Sherlock[index=1;pos=(17,0);moving_rule=DURLRDLLUDDUUL]
Watson[index=2;pos=(0,27);moving_rule=RUUDRLRU]
Robot[pos=(3,27);type=SW;dist=44]
STEPT 162:
Criminal[index=0;pos=(1,0)]
Sherlock[index=1;pos=(17,0);moving_rule=DURLRDLLUDDUUL]
Watson[index=2;pos=(0,27);moving_rule=RUUDRLRU]
Robot[pos=(1,27);type=SW;dist=44]
STEPT 163:
Criminal[index=0;pos=(0,0)]
Sherlock[index=1;pos=(16,0);moving_rule=DURLRDLLUDDUUL]
Watson[index=2;pos=(0,27);moving_rule=RUUDRLRU]
Robot[pos=(3,27);type=SW;dist=43]
STEPT 164:
Criminal[index=0;pos=(1,0)]
Sherlock[index=1;pos=(17,0);moving_rule=DURLRDLLUDDUUL]
Watson[index=2;pos=(1,27);moving_rule=RUUDRLRU]
Robot[pos=(1,27);type=SW;dist=43]
STEPT 165:
Criminal[index=0;pos=(0,0)]
Sherlock[index=1;pos=(18,0);moving_rule=DURLRDLLUDDUUL]
Watson[index=2;pos=(1,27);moving_rule=RUUDRLRU]
Robot[pos=(3,27);type=SW;dist=44]
STEPT 166:
Criminal[index=0;pos=(0,1)]
Sherlock[index=1;pos=(17,0);moving_rule=DURLRDLLUDDUUL]
Watson[index=2;pos=(1,27);moving_rule=RUUDRLRU]
Robot[pos=(1,27);type=SW;dist=43]
STEPT 167:
Criminal[index=0;pos=(0,0)]
Sherlock[index=1;pos=(16,0);moving_rule=DURLRDLLUDDUUL]
Watson[index=2;pos=(1,27);moving_rule=RUUDRLRU]
Robot[pos=(3,27);type=SW;dist=42]
STEPT 168:
Criminal[index=0;pos=(0,1)]
Sherlock[index=1;pos=(16,0);moving_rule=DURLRDLLUDDUUL]
Watson[index=2;pos=(0,27);moving_rule=RUUDRLRU]
Robot[pos=(1,27);type=SW;dist=43]
STEPT 169:
Criminal[index=0;pos=(0,0)]
Sherlock[index=1;pos=(17,0);moving_rule=DURLRDLLUDDUUL]
Watson[index=2;pos=(0,27);moving_rule=RUUDRLRU]
Robot[pos=(3,27);type=SW;dist=44]
STEPT 170:
Criminal[index=0;pos=(1,0)]
Sherlock[index=1;pos=(16,0);moving_rule=DURLRDLLUDDUUL]
Watson[index=2;pos=(0,27);moving_rule=RUUDRLRU]
Robot[pos=(1,27);type=SW;dist=43]
STEPT 171:
Criminal[index=0;pos=(0,0)]
Sherlock[index=1;pos=(16,1);moving_rule=DURLRDLLUDDUUL]
Watson[index=2;pos=(0,27);moving_rule=RUUDRLRU]
Robot[pos=(3,27);type=SW;dist=42]
STEPT 172:
Criminal[index=0;pos=(1,0)]
Sherlock[index=1;pos=(16,0);moving_rule=DURLRDLLUDDUUL]
Watson[index=2;pos=(1,27);moving_rule=RUUDRLRU]
Robot[pos=(1,27);type=SW;dist=42]
STEPT 173:
Criminal[index=0;pos=(0,0)]
Sherlock[index=1;pos=(16,1);moving_rule=DURLRDLLUDDUUL]
Watson[index=2;pos=(1,27);moving_rule=RUUDRLRU]
Robot[pos=(3,27);type=SW;dist=41]
STEPT 174:
Criminal[index=0;pos=(1,0)]
Sherlock[index=1;pos=(17,1);moving_rule=DURLRDLLUDDUUL]
Watson[index=2;pos=(1,27);moving_rule=RUUDRLRU]
Robot[pos=(1,27);type=SW;dist=42]
STEPT 175:
Criminal[index=0;pos=(0,0)]
Sherlock[index=1;pos=(17,0);moving_rule=DURLRDLLUDDUUL]
Watson[index=2;pos=(1,27);moving_rule=RUUDRLRU]
Robot[pos=(3,27);type=SW;dist=43]
STEPT 176:
Criminal[index=0;pos=(0,1)]
Sherlock[index=1;pos=(17,0);moving_rule=DURLRDLLUDDUUL]
Watson[index=2;pos=(0,27);moving_rule=RUUDRLRU]
Robot[pos=(1,27);type=SW;dist=44]
STEPT 177:
Criminal[index=0;pos=(0,0)]
Sherlock[index=1;pos=(16,0);moving_rule=DURLRDLLUDDUUL]
Watson[index=2;pos=(0,27);moving_rule=RUUDRLRU]
Robot[pos=(3,27);type=SW;dist=43]
STEPT 178:
Criminal[index=0;pos=(1,0)]
Sherlock[index=1;pos=(17,0);moving_rule=DURLRDLLUDDUUL]
Watson[index=2;pos=(0,27);moving_rule=RUUDRLRU]
Robot[pos=(1,27);type=SW;dist=44]
STEPT 179:
Criminal[index=0;pos=(0,0)]
Sherlock[index=1;pos=(18,0);moving_rule=DURLRDLLUDDUUL]
Watson[index=2;pos=(0,27);moving_rule=RUUDRLRU]
Robot[pos=(3,27);type=SW;dist=45]
STEPT 180:
Criminal[index=0;pos=(1,0)]
Sherlock[index=1;pos=(17,0);moving_rule=DURLRDLLUDDUUL]
Watson[index=2;pos=(1,27);moving_rule=RUUDRLRU]
Robot[pos=(1,27);type=SW;dist=43]
STEPT 181:
Criminal[index=0;pos=(0,0)]
Sherlock[index=1;pos=(16,0);moving_rule=DURLRDLLUDDUUL]
Watson[index=2;pos=(1,27);moving_rule=RUUDRLRU]
Robot[pos=(3,27);type=SW;dist=42]
STEPT 182:
Criminal[index=0;pos=(0,1)]
Sherlock[index=1;pos=(16,0);moving_rule=DURLRDLLUDDUUL]
Watson[index=2;pos=(1,27);moving_rule=RUUDRLRU]
Robot[pos=(1,27);type=SW;dist=42]
STEPT 183:
Criminal[index=0;pos=(0,0)]
Sherlock[index=1;pos=(17,0);moving_rule=DURLRDLLUDDUUL]
Watson[index=2;pos=(1,27);moving_rule=RUUDRLRU]
Robot[pos=(3,27);type=SW;dist=43]
STEPT 184:
Criminal[index=0;pos=(0,1)]
Sherlock[index=1;pos=(16,0);moving_rule=DURLRDLLUDDUUL]
Watson[index=2;pos=(0,27);moving_rule=RUUDRLRU]
Robot[pos=(1,27);type=SW;dist=43]
STEPT 185:
Criminal[index=0;pos=(0,0)]
Sherlock[index=1;pos=(16,1);moving_rule=DURLRDLLUDDUUL]
Watson[index=2;pos=(0,27);moving_rule=RUUDRLRU]
Robot[pos=(3,27);type=SW;dist=42]
STEPT 186:
Criminal[index=0;pos=(1,0)]
Sherlock[index=1;pos=(16,0);moving_rule=DURLRDLLUDDUUL]
Watson[index=2;pos=(0,27);moving_rule=RUUDRLRU]
Robot[pos=(1,27);type=SW;dist=43]
STEPT 187:
Criminal[index=0;pos=(0,0)]
Sherlock[index=1;pos=(16,1);moving_rule=DURLRDLLUDDUUL]
Watson[index=2;pos=(0,27);moving_rule=RUUDRLRU]
Robot[pos=(3,27);type=SW;dist=42]
STEPT 188:
Criminal[index=0;pos=(1,0)]
Sherlock[index=1;pos=(17,1);moving_rule=DURLRDLLUDDUUL]
Watson[index=2;pos=(1,27);moving_rule=RUUDRLRU]
Robot[pos=(1,27);type=SW;dist=42]
STEPT 189:
Criminal[index=0;pos=(0,0)]
Sherlock[index=1;pos=(17,0);moving_rule=DURLRDLLUDDUUL]
Watson[index=2;pos=(1,27);moving_rule=RUUDRLRU]
Robot[pos=(3,27);type=SW;dist=43]
STEPT 190:
Criminal[index=0;pos=(0,1)]
Sherlock[index=1;pos=(17,0);moving_rule=DURLRDLLUDDUUL]
Watson[index=2;pos=(1,27);moving_rule=RUUDRLRU]
Robot[pos=(1,27);type=SW;dist=43]
STEPT 191:
Criminal[index=0;pos=(0,0)]
Sherlock[index=1;pos=(16,0);moving_rule=DURLRDLLUDDUUL]
Watson[index=2;pos=(1,27);moving_rule=RUUDRLRU]
Robot[pos=(3,27);type=SW;dist=42]
STEPT 192:
Criminal[index=0;pos=(0,1)]
Sherlock[index=1;pos=(17,0);moving_rule=DURLRDLLUDDUUL]
Watson[index=2;pos=(0,27);moving_rule=RUUDRLRU]
Robot[pos=(1,27);type=SW;dist=44]
STEPT 193:
Criminal[index=0;pos=(0,0)]
Sherlock[index=1;pos=(18,0);moving_rule=DURLRDLLUDDUUL]
Watson[index=2;pos=(0,27);moving_rule=RUUDRLRU]
Robot[pos=(3,27);type=SW;dist=45]
STEPT 194:
Criminal[index=0;pos=(1,0)]
Sherlock[index=1;pos=(17,0);moving_rule=DURLRDLLUDDUUL]
Watson[index=2;pos=(0,27);moving_rule=RUUDRLRU]
Robot[pos=(1,27);type=SW;dist=44]
STEPT 195:
Criminal[index=0;pos=(0,0)]
Sherlock[index=1;pos=(16,0);moving_rule=DURLRDLLUDDUUL]
Watson[index=2;pos=(0,27);moving_rule=RUUDRLRU]
Robot[pos=(3,27);type=SW;dist=43]
STEPT 196:
Criminal[index=0;pos=(1,0)]
Sherlock[index=1;pos=(16,0);moving_rule=DURLRDLLUDDUUL]
Watson[index=2;pos=(1,27);moving_rule=RUUDRLRU]
Robot[pos=(1,27);type=SW;dist=42]
STEPT 197:
Criminal[index=0;pos=(0,0)]
Sherlock[index=1;pos=(17,0);moving_rule=DURLRDLLUDDUUL]
Watson[index=2;pos=(1,27);moving_rule=RUUDRLRU]
Robot[pos=(3,27);type=SW;dist=43]
STEPT 198:
Criminal[index=0;pos=(0,1)]
Sherlock[index=1;pos=(16,0);moving_rule=DURLRDLLUDDUUL]
Watson[index=2;pos=(1,27);moving_rule=RUUDRLRU]
Robot[pos=(1,27);type=SW;dist=42]
STEPT 199:
Criminal[index=0;pos=(0,0)]
Sherlock[index=1;pos=(16,1);moving_rule=DURLRDLLUDDUUL]
Watson[index=2;pos=(1,27);moving_rule=RUUDRLRU]
Robot[pos=(3,27);type=SW;dist=41]
STEPT 200:
Criminal[index=0;pos=(1,0)]
Sherlock[index=1;pos=(16,0);moving_rule=DURLRDLLUDDUUL]
Watson[index=2;pos=(0,27);moving_rule=RUUDRLRU]
Robot[pos=(1,27);type=SW;dist=43]
