Criminal[index=0;pos=(2,3)]
Sherlock[index=1;pos=(4,10);moving_rule=RLUDRDRLRDUR]
Watson[index=2;pos=(0,11);moving_rule=LLDL]
Robot[pos=(28,3);type=SW;dist=67]
CRIMINAL -> SHERLOCK -> WATSON -> ROBOTSW
STEPT 1:
Criminal[index=0;pos=(2,2)]
Sherlock[index=1;pos=(4,11);moving_rule=RLUDRDRLRDUR]
Watson[index=2;pos=(0,10);moving_rule=LLDL]
Robot[pos=(26,3);type=SW;dist=63]
STEPT 2:
Criminal[index=0;pos=(2,1)]
Sherlock[index=1;pos=(4,10);moving_rule=RLUDRDRLRDUR]
Watson[index=2;pos=(0,9);moving_rule=LLDL]
Robot[pos=(24,3);type=SW;dist=57]
STEPT 3:
Criminal[index=0;pos=(2,0)]
Sherlock[index=1;pos=(3,10);moving_rule=RLUDRDRLRDUR]
Watson[index=2;pos=(1,9);moving_rule=LLDL]
Robot[pos=(22,3);type=SW;dist=53]
STEPT 4:
Criminal[index=0;pos=(1,0)]
Sherlock[index=1;pos=(4,10);moving_rule=RLUDRDRLRDUR]
Watson[index=2;pos=(1,8);moving_rule=LLDL]
Robot[pos=(20,3);type=SW;dist=47]
STEPT 5:
Criminal[index=0;pos=(0,0)]
Sherlock[index=1;pos=(4,11);moving_rule=RLUDRDRLRDUR]
Watson[index=2;pos=(1,7);moving_rule=LLDL]
Robot[pos=(18,3);type=SW;dist=43]
STEPT 6:
Criminal[index=0;pos=(1,0)]
Sherlock[index=1;pos=(5,11);moving_rule=RLUDRDRLRDUR]
Watson[index=2;pos=(1,6);moving_rule=LLDL]
Robot[pos=(16,3);type=SW;dist=37]
STEPT 7:
Criminal[index=0;pos=(0,0)]
Sherlock[index=1;pos=(5,12);moving_rule=RLUDRDRLRDUR]
Watson[index=2;pos=(2,6);moving_rule=LLDL]
Robot[pos=(14,3);type=SW;dist=33]
STEPT 8:
Criminal[index=0;pos=(1,0)]
Sherlock[index=1;pos=(5,11);moving_rule=RLUDRDRLRDUR]
Watson[index=2;pos=(2,5);moving_rule=LLDL]
Robot[pos=(12,3);type=SW;dist=27]
STEPT 9:
Criminal[index=0;pos=(0,0)]
Sherlock[index=1;pos=(5,12);moving_rule=RLUDRDRLRDUR]
Watson[index=2;pos=(2,4);moving_rule=LLDL]
Robot[pos=(10,3);type=SW;dist=23]
STEPT 10:
Criminal[index=0;pos=(1,0)]
Sherlock[index=1;pos=(6,12);moving_rule=RLUDRDRLRDUR]
Watson[index=2;pos=(2,3);moving_rule=LLDL]
Robot[pos=(8,3);type=SW;dist=17]
STEPT 11:
Criminal[index=0;pos=(0,0)]
Sherlock[index=1;pos=(5,12);moving_rule=RLUDRDRLRDUR]
Watson[index=2;pos=(3,3);moving_rule=LLDL]
Robot[pos=(6,3);type=SW;dist=13]
STEPT 12:
Criminal[index=0;pos=(1,0)]
Sherlock[index=1;pos=(5,13);moving_rule=RLUDRDRLRDUR]
Watson[index=2;pos=(3,2);moving_rule=LLDL]
Robot[pos=(4,3);type=SW;dist=13]
STEPT 13:
Criminal[index=0;pos=(0,0)]
Sherlock[index=1;pos=(5,14);moving_rule=RLUDRDRLRDUR]
Watson[index=2;pos=(3,1);moving_rule=LLDL]
Robot[pos=(3,4);type=SW;dist=15]
STEPT 14:
Criminal[index=0;pos=(1,0)]
Sherlock[index=1;pos=(5,13);moving_rule=RLUDRDRLRDUR]
Watson[index=2;pos=(3,0);moving_rule=LLDL]
Robot[pos=(3,6);type=SW;dist=15]
STEPT 15:
Criminal[index=0;pos=(0,0)]
Sherlock[index=1;pos=(4,13);moving_rule=RLUDRDRLRDUR]
Watson[index=2;pos=(4,0);moving_rule=LLDL]
Robot[pos=(4,7);type=SW;dist=13]
STEPT 16:
Criminal[index=0;pos=(0,1)]
Sherlock[index=1;pos=(5,13);moving_rule=RLUDRDRLRDUR]
Watson[index=2;pos=(4,0);moving_rule=LLDL]
Robot[pos=(4,9);type=SW;dist=14]
STEPT 17:
Criminal[index=0;pos=(0,0)]
Sherlock[index=1;pos=(5,14);moving_rule=RLUDRDRLRDUR]
Watson[index=2;pos=(4,0);moving_rule=LLDL]
Robot[pos=(4,11);type=SW;dist=15]
STEPT 18:
Criminal[index=0;pos=(0,1)]
Sherlock[index=1;pos=(6,14);moving_rule=RLUDRDRLRDUR]
Watson[index=2;pos=(4,0);moving_rule=LLDL]
Robot[pos=(4,13);type=SW;dist=16]
STEPT 19:
Criminal[index=0;pos=(0,0)]
Sherlock[index=1;pos=(6,15);moving_rule=RLUDRDRLRDUR]
Watson[index=2;pos=(5,0);moving_rule=LLDL]
Robot[pos=(5,14);type=SW;dist=16]
STEPT 20:
Criminal[index=0;pos=(0,1)]
Sherlock[index=1;pos=(6,14);moving_rule=RLUDRDRLRDUR]
Watson[index=2;pos=(5,0);moving_rule=LLDL]
Robot[pos=(6,13);type=SW;dist=15]
STEPT 21:
Criminal[index=0;pos=(0,0)]
Sherlock[index=1;pos=(6,15);moving_rule=RLUDRDRLRDUR]
Watson[index=2;pos=(5,0);moving_rule=LLDL]
Robot[pos=(5,14);type=SW;dist=16]
STEPT 22:
Criminal[index=0;pos=(0,1)]
Sherlock[index=1;pos=(7,15);moving_rule=RLUDRDRLRDUR]
Watson[index=2;pos=(5,0);moving_rule=LLDL]
Robot[pos=(6,15);type=SW;dist=17]
STEPT 23:
Criminal[index=0;pos=(0,0)]
Sherlock[index=1;pos=(6,15);moving_rule=RLUDRDRLRDUR]
Watson[index=2;pos=(6,0);moving_rule=LLDL]
Robot[pos=(6,13);type=SW;dist=15]
STEPT 24:
Criminal[index=0;pos=(0,1)]
Sherlock[index=1;pos=(6,16);moving_rule=RLUDRDRLRDUR]
Watson[index=2;pos=(6,0);moving_rule=LLDL]
Robot[pos=(6,15);type=SW;dist=16]
STEPT 25:
Criminal[index=0;pos=(0,0)]
Sherlock[index=1;pos=(6,17);moving_rule=RLUDRDRLRDUR]
Watson[index=2;pos=(6,0);moving_rule=LLDL]
Robot[pos=(6,17);type=SW;dist=17]
STEPT 26:
Criminal[index=0;pos=(0,1)]
Sherlock[index=1;pos=(6,16);moving_rule=RLUDRDRLRDUR]
Watson[index=2;pos=(6,0);moving_rule=LLDL]
Robot[pos=(6,15);type=SW;dist=16]
STEPT 27:
Criminal[index=0;pos=(0,0)]
Sherlock[index=1;pos=(5,16);moving_rule=RLUDRDRLRDUR]
Watson[index=2;pos=(7,0);moving_rule=LLDL]
Robot[pos=(5,16);type=SW;dist=18]
STEPT 28:
Criminal[index=0;pos=(0,1)]
Sherlock[index=1;pos=(6,16);moving_rule=RLUDRDRLRDUR]
Watson[index=2;pos=(7,0);moving_rule=LLDL]
Robot[pos=(7,16);type=SW;dist=17]
STEPT 29:
Criminal[index=0;pos=(0,0)]
Sherlock[index=1;pos=(6,17);moving_rule=RLUDRDRLRDUR]
Watson[index=2;pos=(7,0);moving_rule=LLDL]
Robot[pos=(6,17);type=SW;dist=18]
STEPT 30:
Criminal[index=0;pos=(0,1)]
Sherlock[index=1;pos=(7,17);moving_rule=RLUDRDRLRDUR]
Watson[index=2;pos=(7,0);moving_rule=LLDL]
Robot[pos=(7,16);type=SW;dist=17]
STEPT 31:
Criminal[index=0;pos=(0,0)]
Sherlock[index=1;pos=(7,18);moving_rule=RLUDRDRLRDUR]
Watson[index=2;pos=(8,0);moving_rule=LLDL]
Robot[pos=(7,18);type=SW;dist=19]
STEPT 32:
Criminal[index=0;pos=(0,1)]
Sherlock[index=1;pos=(7,17);moving_rule=RLUDRDRLRDUR]
Watson[index=2;pos=(8,0);moving_rule=LLDL]
Robot[pos=(8,17);type=SW;dist=18]
STEPT 33:
Criminal[index=0;pos=(0,0)]
Sherlock[index=1;pos=(7,18);moving_rule=RLUDRDRLRDUR]
Watson[index=2;pos=(8,0);moving_rule=LLDL]
Robot[pos=(7,18);type=SW;dist=19]
STEPT 34:
Criminal[index=0;pos=(0,1)]
Sherlock[index=1;pos=(8,18);moving_rule=RLUDRDRLRDUR]
Watson[index=2;pos=(8,0);moving_rule=LLDL]
Robot[pos=(8,17);type=SW;dist=18]
STEPT 35:
Criminal[index=0;pos=(0,0)]
Sherlock[index=1;pos=(7,18);moving_rule=RLUDRDRLRDUR]
Watson[index=2;pos=(9,0);moving_rule=LLDL]
Robot[pos=(7,18);type=SW;dist=20]
STEPT 36:
Criminal[index=0;pos=(0,1)]
Sherlock[index=1;pos=(7,19);moving_rule=RLUDRDRLRDUR]
Watson[index=2;pos=(9,0);moving_rule=LLDL]
Robot[pos=(8,19);type=SW;dist=21]
STEPT 37:
Criminal[index=0;pos=(0,0)]
Sherlock[index=1;pos=(7,20);moving_rule=RLUDRDRLRDUR]
Watson[index=2;pos=(9,0);moving_rule=LLDL]
Robot[pos=(7,20);type=SW;dist=22]
STEPT 38:
Criminal[index=0;pos=(0,1)]
Sherlock[index=1;pos=(7,19);moving_rule=RLUDRDRLRDUR]
Watson[index=2;pos=(9,0);moving_rule=LLDL]
Robot[pos=(8,19);type=SW;dist=21]
STEPT 39:
Criminal[index=0;pos=(0,0)]
Sherlock[index=1;pos=(6,19);moving_rule=RLUDRDRLRDUR]
Watson[index=2;pos=(10,0);moving_rule=LLDL]
Robot[pos=(6,19);type=SW;dist=23]
STEPT 40:
Criminal[index=0;pos=(0,1)]
Sherlock[index=1;pos=(7,19);moving_rule=RLUDRDRLRDUR]
Watson[index=2;pos=(10,0);moving_rule=LLDL]
Robot[pos=(8,19);type=SW;dist=22]
STEPT 41:
Criminal[index=0;pos=(0,0)]
Sherlock[index=1;pos=(7,20);moving_rule=RLUDRDRLRDUR]
Watson[index=2;pos=(10,0);moving_rule=LLDL]
Robot[pos=(7,20);type=SW;dist=23]
STEPT 42:
Criminal[index=0;pos=(0,1)]
Sherlock[index=1;pos=(8,20);moving_rule=RLUDRDRLRDUR]
Watson[index=2;pos=(10,0);moving_rule=LLDL]
Robot[pos=(9,20);type=SW;dist=22]
STEPT 43:
Criminal[index=0;pos=(0,0)]
Sherlock[index=1;pos=(8,21);moving_rule=RLUDRDRLRDUR]
Watson[index=2;pos=(11,0);moving_rule=LLDL]
Robot[pos=(8,21);type=SW;dist=24]
STEPT 44:
Criminal[index=0;pos=(0,1)]
Sherlock[index=1;pos=(8,20);moving_rule=RLUDRDRLRDUR]
Watson[index=2;pos=(11,0);moving_rule=LLDL]
Robot[pos=(9,20);type=SW;dist=23]
STEPT 45:
Criminal[index=0;pos=(0,0)]
Sherlock[index=1;pos=(8,21);moving_rule=RLUDRDRLRDUR]
Watson[index=2;pos=(11,0);moving_rule=LLDL]
Robot[pos=(8,21);type=SW;dist=24]
STEPT 46:
Criminal[index=0;pos=(0,1)]
Sherlock[index=1;pos=(9,21);moving_rule=RLUDRDRLRDUR]
Watson[index=2;pos=(11,0);moving_rule=LLDL]
Robot[pos=(10,21);type=SW;dist=23]
STEPT 47:
Criminal[index=0;pos=(0,0)]
Sherlock[index=1;pos=(8,21);moving_rule=RLUDRDRLRDUR]
Watson[index=2;pos=(12,0);moving_rule=LLDL]
Robot[pos=(8,21);type=SW;dist=25]
STEPT 48:
Criminal[index=0;pos=(0,1)]
Sherlock[index=1;pos=(8,22);moving_rule=RLUDRDRLRDUR]
Watson[index=2;pos=(12,0);moving_rule=LLDL]
Robot[pos=(9,22);type=SW;dist=26]
STEPT 49:
Criminal[index=0;pos=(0,0)]
Sherlock[index=1;pos=(8,23);moving_rule=RLUDRDRLRDUR]
Watson[index=2;pos=(12,0);moving_rule=LLDL]
Robot[pos=(8,23);type=SW;dist=27]
STEPT 50:
Criminal[index=0;pos=(0,1)]
Sherlock[index=1;pos=(8,22);moving_rule=RLUDRDRLRDUR]
Watson[index=2;pos=(12,0);moving_rule=LLDL]
Robot[pos=(9,22);type=SW;dist=26]
STEPT 51:
Criminal[index=0;pos=(0,0)]
Sherlock[index=1;pos=(7,22);moving_rule=RLUDRDRLRDUR]
Watson[index=2;pos=(13,0);moving_rule=LLDL]
Robot[pos=(7,22);type=SW;dist=28]
STEPT 52:
Criminal[index=0;pos=(0,1)]
Sherlock[index=1;pos=(8,22);moving_rule=RLUDRDRLRDUR]
Watson[index=2;pos=(13,0);moving_rule=LLDL]
Robot[pos=(9,22);type=SW;dist=27]
STEPT 53:
Criminal[index=0;pos=(0,0)]
Sherlock[index=1;pos=(8,23);moving_rule=RLUDRDRLRDUR]
Watson[index=2;pos=(13,0);moving_rule=LLDL]
Robot[pos=(8,23);type=SW;dist=28]
STEPT 54:
Criminal[index=0;pos=(0,1)]
Sherlock[index=1;pos=(9,23);moving_rule=RLUDRDRLRDUR]
Watson[index=2;pos=(13,0);moving_rule=LLDL]
Robot[pos=(10,23);type=SW;dist=27]
STEPT 55:
Criminal[index=0;pos=(0,0)]
Sherlock[index=1;pos=(9,24);moving_rule=RLUDRDRLRDUR]
Watson[index=2;pos=(14,0);moving_rule=LLDL]
Robot[pos=(9,24);type=SW;dist=29]
STEPT 56:
Criminal[index=0;pos=(0,1)]
Sherlock[index=1;pos=(9,23);moving_rule=RLUDRDRLRDUR]
Watson[index=2;pos=(14,0);moving_rule=LLDL]
Robot[pos=(10,23);type=SW;dist=28]
STEPT 57:
Criminal[index=0;pos=(0,0)]
Sherlock[index=1;pos=(9,24);moving_rule=RLUDRDRLRDUR]
Watson[index=2;pos=(14,0);moving_rule=LLDL]
Robot[pos=(9,24);type=SW;dist=29]
STEPT 58:
Criminal[index=0;pos=(0,1)]
Sherlock[index=1;pos=(10,24);moving_rule=RLUDRDRLRDUR]
Watson[index=2;pos=(14,0);moving_rule=LLDL]
Robot[pos=(11,24);type=SW;dist=28]
STEPT 59:
Criminal[index=0;pos=(0,0)]
Sherlock[index=1;pos=(9,24);moving_rule=RLUDRDRLRDUR]
Watson[index=2;pos=(15,0);moving_rule=LLDL]
Robot[pos=(9,24);type=SW;dist=30]
STEPT 60:
Criminal[index=0;pos=(0,1)]
Sherlock[index=1;pos=(9,25);moving_rule=RLUDRDRLRDUR]
Watson[index=2;pos=(15,0);moving_rule=LLDL]
Robot[pos=(10,25);type=SW;dist=31]
STEPT 61:
Criminal[index=0;pos=(0,0)]
Sherlock[index=1;pos=(9,26);moving_rule=RLUDRDRLRDUR]
Watson[index=2;pos=(15,0);moving_rule=LLDL]
Robot[pos=(9,26);type=SW;dist=32]
STEPT 62:
Criminal[index=0;pos=(0,1)]
Sherlock[index=1;pos=(9,25);moving_rule=RLUDRDRLRDUR]
Watson[index=2;pos=(15,0);moving_rule=LLDL]
Robot[pos=(10,25);type=SW;dist=31]
STEPT 63:
Criminal[index=0;pos=(0,0)]
Sherlock[index=1;pos=(8,25);moving_rule=RLUDRDRLRDUR]
Watson[index=2;pos=(16,0);moving_rule=LLDL]
Robot[pos=(8,25);type=SW;dist=33]
STEPT 64:
Criminal[index=0;pos=(0,1)]
Sherlock[index=1;pos=(9,25);moving_rule=RLUDRDRLRDUR]
Watson[index=2;pos=(16,0);moving_rule=LLDL]
Robot[pos=(10,25);type=SW;dist=32]
STEPT 65:
Criminal[index=0;pos=(0,0)]
Sherlock[index=1;pos=(9,26);moving_rule=RLUDRDRLRDUR]
Watson[index=2;pos=(16,0);moving_rule=LLDL]
Robot[pos=(9,26);type=SW;dist=33]
STEPT 66:
Criminal[index=0;pos=(0,1)]
Sherlock[index=1;pos=(10,26);moving_rule=RLUDRDRLRDUR]
Watson[index=2;pos=(16,0);moving_rule=LLDL]
Robot[pos=(11,26);type=SW;dist=32]
STEPT 67:
Criminal[index=0;pos=(0,0)]
Sherlock[index=1;pos=(10,27);moving_rule=RLUDRDRLRDUR]
Watson[index=2;pos=(17,0);moving_rule=LLDL]
Robot[pos=(10,27);type=SW;dist=34]
STEPT 68:
Criminal[index=0;pos=(0,1)]
Sherlock[index=1;pos=(10,26);moving_rule=RLUDRDRLRDUR]
Watson[index=2;pos=(17,0);moving_rule=LLDL]
Robot[pos=(11,26);type=SW;dist=33]
STEPT 69:
Criminal[index=0;pos=(0,0)]
Sherlock[index=1;pos=(10,27);moving_rule=RLUDRDRLRDUR]
Watson[index=2;pos=(17,0);moving_rule=LLDL]
Robot[pos=(10,27);type=SW;dist=34]
STEPT 70:
Criminal[index=0;pos=(0,1)]
Sherlock[index=1;pos=(11,27);moving_rule=RLUDRDRLRDUR]
Watson[index=2;pos=(17,0);moving_rule=LLDL]
Robot[pos=(12,27);type=SW;dist=33]
STEPT 71:
Criminal[index=0;pos=(0,0)]
Sherlock[index=1;pos=(10,27);moving_rule=RLUDRDRLRDUR]
Watson[index=2;pos=(18,0);moving_rule=LLDL]
Robot[pos=(10,27);type=SW;dist=35]
STEPT 72:
Criminal[index=0;pos=(0,1)]
Sherlock[index=1;pos=(10,28);moving_rule=RLUDRDRLRDUR]
Watson[index=2;pos=(18,0);moving_rule=LLDL]
Robot[pos=(11,28);type=SW;dist=36]
STEPT 73:
Criminal[index=0;pos=(0,0)]
Sherlock[index=1;pos=(10,29);moving_rule=RLUDRDRLRDUR]
Watson[index=2;pos=(18,0);moving_rule=LLDL]
Robot[pos=(10,29);type=SW;dist=37]
STEPT 74:
Criminal[index=0;pos=(0,1)]
Sherlock[index=1;pos=(10,28);moving_rule=RLUDRDRLRDUR]
Watson[index=2;pos=(18,0);moving_rule=LLDL]
Robot[pos=(11,28);type=SW;dist=36]
STEPT 75:
Criminal[index=0;pos=(0,0)]
Sherlock[index=1;pos=(9,28);moving_rule=RLUDRDRLRDUR]
Watson[index=2;pos=(19,0);moving_rule=LLDL]
Robot[pos=(9,28);type=SW;dist=38]
STEPT 76:
Criminal[index=0;pos=(0,1)]
Sherlock[index=1;pos=(10,28);moving_rule=RLUDRDRLRDUR]
Watson[index=2;pos=(19,0);moving_rule=LLDL]
Robot[pos=(11,28);type=SW;dist=37]
STEPT 77:
Criminal[index=0;pos=(0,0)]
Sherlock[index=1;pos=(10,29);moving_rule=RLUDRDRLRDUR]
Watson[index=2;pos=(19,0);moving_rule=LLDL]
Robot[pos=(10,29);type=SW;dist=38]
STEPT 78:
Criminal[index=0;pos=(0,1)]
Sherlock[index=1;pos=(11,29);moving_rule=RLUDRDRLRDUR]
Watson[index=2;pos=(19,0);moving_rule=LLDL]
Robot[pos=(12,29);type=SW;dist=37]
STEPT 79:
Criminal[index=0;pos=(0,0)]
Sherlock[index=1;pos=(11,30);moving_rule=RLUDRDRLRDUR]
Watson[index=2;pos=(20,0);moving_rule=LLDL]
Robot[pos=(11,30);type=SW;dist=39]
STEPT 80:
Criminal[index=0;pos=(0,1)]
Sherlock[index=1;pos=(11,29);moving_rule=RLUDRDRLRDUR]
Watson[index=2;pos=(20,0);moving_rule=LLDL]
Robot[pos=(12,29);type=SW;dist=38]
STEPT 81:
Criminal[index=0;pos=(0,0)]
Sherlock[index=1;pos=(11,30);moving_rule=RLUDRDRLRDUR]
Watson[index=2;pos=(20,0);moving_rule=LLDL]
Robot[pos=(11,30);type=SW;dist=39]
STEPT 82:
Criminal[index=0;pos=(0,1)]
Sherlock[index=1;pos=(12,30);moving_rule=RLUDRDRLRDUR]
Watson[index=2;pos=(20,0);moving_rule=LLDL]
Robot[pos=(13,30);type=SW;dist=38]
STEPT 83:
Criminal[index=0;pos=(0,0)]
Sherlock[index=1;pos=(11,30);moving_rule=RLUDRDRLRDUR]
Watson[index=2;pos=(21,0);moving_rule=LLDL]
Robot[pos=(11,30);type=SW;dist=40]
STEPT 84:
Criminal[index=0;pos=(0,1)]
Sherlock[index=1;pos=(11,31);moving_rule=RLUDRDRLRDUR]
Watson[index=2;pos=(21,0);moving_rule=LLDL]
Robot[pos=(13,30);type=SW;dist=41]
STEPT 85:
Criminal[index=0;pos=(0,0)]
Sherlock[index=1;pos=(11,32);moving_rule=RLUDRDRLRDUR]
Watson[index=2;pos=(21,0);moving_rule=LLDL]
Robot[pos=(11,30);type=SW;dist=42]
STEPT 86:
Criminal[index=0;pos=(0,1)]
Sherlock[index=1;pos=(11,31);moving_rule=RLUDRDRLRDUR]
Watson[index=2;pos=(21,0);moving_rule=LLDL]
Robot[pos=(13,30);type=SW;dist=41]
STEPT 87:
Criminal[index=0;pos=(0,0)]
Sherlock[index=1;pos=(10,31);moving_rule=RLUDRDRLRDUR]
Watson[index=2;pos=(22,0);moving_rule=LLDL]
Robot[pos=(11,30);type=SW;dist=43]
STEPT 88:
Criminal[index=0;pos=(0,1)]
Sherlock[index=1;pos=(11,31);moving_rule=RLUDRDRLRDUR]
Watson[index=2;pos=(22,0);moving_rule=LLDL]
Robot[pos=(13,30);type=SW;dist=42]
STEPT 89:
Criminal[index=0;pos=(0,0)]
Sherlock[index=1;pos=(11,32);moving_rule=RLUDRDRLRDUR]
Watson[index=2;pos=(22,0);moving_rule=LLDL]
Robot[pos=(11,30);type=SW;dist=43]
STEPT 90:
Criminal[index=0;pos=(0,1)]
Sherlock[index=1;pos=(12,32);moving_rule=RLUDRDRLRDUR]
Watson[index=2;pos=(22,0);moving_rule=LLDL]
Robot[pos=(13,30);type=SW;dist=42]
STEPT 91:
Criminal[index=0;pos=(0,0)]
Sherlock[index=1;pos=(12,33);moving_rule=RLUDRDRLRDUR]
Watson[index=2;pos=(23,0);moving_rule=LLDL]
Robot[pos=(13,32);type=SW;dist=44]
STEPT 92:
Criminal[index=0;pos=(0,1)]
Sherlock[index=1;pos=(12,32);moving_rule=RLUDRDRLRDUR]
Watson[index=2;pos=(23,0);moving_rule=LLDL]
Robot[pos=(15,32);type=SW;dist=43]
STEPT 93:
Criminal[index=0;pos=(0,0)]
Sherlock[index=1;pos=(12,33);moving_rule=RLUDRDRLRDUR]
Watson[index=2;pos=(23,0);moving_rule=LLDL]
Robot[pos=(13,32);type=SW;dist=44]
STEPT 94:
Criminal[index=0;pos=(0,1)]
Sherlock[index=1;pos=(13,33);moving_rule=RLUDRDRLRDUR]
Watson[index=2;pos=(23,0);moving_rule=LLDL]
Robot[pos=(14,33);type=SW;dist=43]
STEPT 95:
Criminal[index=0;pos=(0,0)]
Sherlock[index=1;pos=(12,33);moving_rule=RLUDRDRLRDUR]
Watson[index=2;pos=(24,0);moving_rule=LLDL]
Robot[pos=(12,33);type=SW;dist=45]
STEPT 96:
Criminal[index=0;pos=(0,1)]
Sherlock[index=1;pos=(12,34);moving_rule=RLUDRDRLRDUR]
Watson[index=2;pos=(24,0);moving_rule=LLDL]
Robot[pos=(13,34);type=SW;dist=46]
STEPT 97:
Criminal[index=0;pos=(0,0)]
Sherlock[index=1;pos=(12,35);moving_rule=RLUDRDRLRDUR]
Watson[index=2;pos=(24,0);moving_rule=LLDL]
Robot[pos=(12,35);type=SW;dist=47]
STEPT 98:
Criminal[index=0;pos=(0,1)]
Sherlock[index=1;pos=(12,34);moving_rule=RLUDRDRLRDUR]
Watson[index=2;pos=(24,0);moving_rule=LLDL]
Robot[pos=(13,34);type=SW;dist=46]
STEPT 99:
Criminal[index=0;pos=(0,0)]
Sherlock[index=1;pos=(11,34);moving_rule=RLUDRDRLRDUR]
Watson[index=2;pos=(25,0);moving_rule=LLDL]
Robot[pos=(11,34);type=SW;dist=48]
STEPT 100:
Criminal[index=0;pos=(0,1)]
Sherlock[index=1;pos=(12,34);moving_rule=RLUDRDRLRDUR]
Watson[index=2;pos=(25,0);moving_rule=LLDL]
Robot[pos=(13,34);type=SW;dist=47]
STEPT 101:
Criminal[index=0;pos=(0,0)]
Sherlock[index=1;pos=(12,35);moving_rule=RLUDRDRLRDUR]
Watson[index=2;pos=(25,0);moving_rule=LLDL]
Robot[pos=(12,35);type=SW;dist=48]
STEPT 102:
Criminal[index=0;pos=(0,1)]
Sherlock[index=1;pos=(13,35);moving_rule=RLUDRDRLRDUR]
Watson[index=2;pos=(25,0);moving_rule=LLDL]
Robot[pos=(14,35);type=SW;dist=47]
STEPT 103:
Criminal[index=0;pos=(0,0)]
Sherlock[index=1;pos=(13,36);moving_rule=RLUDRDRLRDUR]
Watson[index=2;pos=(26,0);moving_rule=LLDL]
Robot[pos=(13,36);type=SW;dist=49]
STEPT 104:
Criminal[index=0;pos=(0,1)]
Sherlock[index=1;pos=(13,35);moving_rule=RLUDRDRLRDUR]
Watson[index=2;pos=(26,0);moving_rule=LLDL]
Robot[pos=(14,35);type=SW;dist=48]
STEPT 105:
Criminal[index=0;pos=(0,0)]
Sherlock[index=1;pos=(13,36);moving_rule=RLUDRDRLRDUR]
Watson[index=2;pos=(26,0);moving_rule=LLDL]
Robot[pos=(13,36);type=SW;dist=49]
STEPT 106:
Criminal[index=0;pos=(0,1)]
Sherlock[index=1;pos=(14,36);moving_rule=RLUDRDRLRDUR]
Watson[index=2;pos=(26,0);moving_rule=LLDL]
Robot[pos=(15,36);type=SW;dist=48]
STEPT 107:
Criminal[index=0;pos=(0,0)]
Sherlock[index=1;pos=(13,36);moving_rule=RLUDRDRLRDUR]
Watson[index=2;pos=(27,0);moving_rule=LLDL]
Robot[pos=(13,36);type=SW;dist=50]
STEPT 108:
Criminal[index=0;pos=(0,1)]
Sherlock[index=1;pos=(13,37);moving_rule=RLUDRDRLRDUR]
Watson[index=2;pos=(27,0);moving_rule=LLDL]
Robot[pos=(14,37);type=SW;dist=51]
STEPT 109:
Criminal[index=0;pos=(0,0)]
Sherlock[index=1;pos=(13,38);moving_rule=RLUDRDRLRDUR]
Watson[index=2;pos=(27,0);moving_rule=LLDL]
Robot[pos=(13,38);type=SW;dist=52]
STEPT 110:
Criminal[index=0;pos=(0,1)]
Sherlock[index=1;pos=(13,37);moving_rule=RLUDRDRLRDUR]
Watson[index=2;pos=(27,0);moving_rule=LLDL]
Robot[pos=(14,37);type=SW;dist=51]
STEPT 111:
Criminal[index=0;pos=(0,0)]
Sherlock[index=1;pos=(12,37);moving_rule=RLUDRDRLRDUR]
Watson[index=2;pos=(28,0);moving_rule=LLDL]
Robot[pos=(12,37);type=SW;dist=53]
STEPT 112:
Criminal[index=0;pos=(0,1)]
Sherlock[index=1;pos=(13,37);moving_rule=RLUDRDRLRDUR]
Watson[index=2;pos=(28,0);moving_rule=LLDL]
Robot[pos=(14,37);type=SW;dist=52]
STEPT 113:
Criminal[index=0;pos=(0,0)]
Sherlock[index=1;pos=(13,38);moving_rule=RLUDRDRLRDUR]
Watson[index=2;pos=(28,0);moving_rule=LLDL]
Robot[pos=(13,38);type=SW;dist=53]
STEPT 114:
Criminal[index=0;pos=(0,1)]
Sherlock[index=1;pos=(14,38);moving_rule=RLUDRDRLRDUR]
Watson[index=2;pos=(28,0);moving_rule=LLDL]
Robot[pos=(15,38);type=SW;dist=52]
STEPT 115:
Criminal[index=0;pos=(0,0)]
Sherlock[index=1;pos=(14,39);moving_rule=RLUDRDRLRDUR]
Watson[index=2;pos=(29,0);moving_rule=LLDL]
Robot[pos=(14,39);type=SW;dist=54]
STEPT 116:
Criminal[index=0;pos=(0,1)]
Sherlock[index=1;pos=(14,38);moving_rule=RLUDRDRLRDUR]
Watson[index=2;pos=(29,0);moving_rule=LLDL]
Robot[pos=(15,38);type=SW;dist=53]
STEPT 117:
Criminal[index=0;pos=(0,0)]
Sherlock[index=1;pos=(14,39);moving_rule=RLUDRDRLRDUR]
Watson[index=2;pos=(29,0);moving_rule=LLDL]
Robot[pos=(14,39);type=SW;dist=54]
STEPT 118:
Criminal[index=0;pos=(0,1)]
Sherlock[index=1;pos=(15,39);moving_rule=RLUDRDRLRDUR]
Watson[index=2;pos=(29,0);moving_rule=LLDL]
Robot[pos=(16,39);type=SW;dist=53]
STEPT 119:
Criminal[index=0;pos=(0,0)]
Sherlock[index=1;pos=(14,39);moving_rule=RLUDRDRLRDUR]
Watson[index=2;pos=(30,0);moving_rule=LLDL]
Robot[pos=(14,39);type=SW;dist=55]
STEPT 120:
Criminal[index=0;pos=(0,1)]
Sherlock[index=1;pos=(14,40);moving_rule=RLUDRDRLRDUR]
Watson[index=2;pos=(30,0);moving_rule=LLDL]
Robot[pos=(15,40);type=SW;dist=56]
STEPT 121:
Criminal[index=0;pos=(0,0)]
Sherlock[index=1;pos=(14,41);moving_rule=RLUDRDRLRDUR]
Watson[index=2;pos=(30,0);moving_rule=LLDL]
Robot[pos=(14,41);type=SW;dist=57]
STEPT 122:
Criminal[index=0;pos=(0,1)]
Sherlock[index=1;pos=(14,40);moving_rule=RLUDRDRLRDUR]
Watson[index=2;pos=(30,0);moving_rule=LLDL]
Robot[pos=(15,40);type=SW;dist=56]
STEPT 123:
Criminal[index=0;pos=(0,0)]
Sherlock[index=1;pos=(13,40);moving_rule=RLUDRDRLRDUR]
Watson[index=2;pos=(31,0);moving_rule=LLDL]
Robot[pos=(13,40);type=SW;dist=58]
STEPT 124:
Criminal[index=0;pos=(0,1)]
Sherlock[index=1;pos=(14,40);moving_rule=RLUDRDRLRDUR]
Watson[index=2;pos=(31,0);moving_rule=LLDL]
Robot[pos=(15,40);type=SW;dist=57]
STEPT 125:
Criminal[index=0;pos=(0,0)]
Sherlock[index=1;pos=(14,41);moving_rule=RLUDRDRLRDUR]
Watson[index=2;pos=(31,0);moving_rule=LLDL]
Robot[pos=(14,41);type=SW;dist=58]
STEPT 126:
Criminal[index=0;pos=(0,1)]
Sherlock[index=1;pos=(15,41);moving_rule=RLUDRDRLRDUR]
Watson[index=2;pos=(31,0);moving_rule=LLDL]
Robot[pos=(16,41);type=SW;dist=57]
STEPT 127:
Criminal[index=0;pos=(0,0)]
Sherlock[index=1;pos=(15,42);moving_rule=RLUDRDRLRDUR]
Watson[index=2;pos=(32,0);moving_rule=LLDL]
Robot[pos=(15,42);type=SW;dist=59]
STEPT 128:
Criminal[index=0;pos=(0,1)]
Sherlock[index=1;pos=(15,41);moving_rule=RLUDRDRLRDUR]
Watson[index=2;pos=(32,0);moving_rule=LLDL]
Robot[pos=(16,41);type=SW;dist=58]
STEPT 129:
Criminal[index=0;pos=(0,0)]
Sherlock[index=1;pos=(15,42);moving_rule=RLUDRDRLRDUR]
Watson[index=2;pos=(32,0);moving_rule=LLDL]
Robot[pos=(15,42);type=SW;dist=59]
STEPT 130:
Criminal[index=0;pos=(0,1)]
Sherlock[index=1;pos=(16,42);moving_rule=RLUDRDRLRDUR]
Watson[index=2;pos=(32,0);moving_rule=LLDL]
Robot[pos=(17,42);type=SW;dist=58]
STEPT 131:
Criminal[index=0;pos=(0,0)]
Sherlock[index=1;pos=(15,42);moving_rule=RLUDRDRLRDUR]
Watson[index=2;pos=(33,0);moving_rule=LLDL]
Robot[pos=(15,42);type=SW;dist=60]
STEPT 132:
Criminal[index=0;pos=(0,1)]
Sherlock[index=1;pos=(15,43);moving_rule=RLUDRDRLRDUR]
Watson[index=2;pos=(33,0);moving_rule=LLDL]
Robot[pos=(16,43);type=SW;dist=61]
STEPT 133:
Criminal[index=0;pos=(0,0)]
Sherlock[index=1;pos=(15,44);moving_rule=RLUDRDRLRDUR]
Watson[index=2;pos=(33,0);moving_rule=LLDL]
Robot[pos=(15,44);type=SW;dist=62]
STEPT 134:
Criminal[index=0;pos=(0,1)]
Sherlock[index=1;pos=(15,43);moving_rule=RLUDRDRLRDUR]
Watson[index=2;pos=(33,0);moving_rule=LLDL]
Robot[pos=(16,43);type=SW;dist=61]
STEPT 135:
Criminal[index=0;pos=(0,0)]
Sherlock[index=1;pos=(14,43);moving_rule=RLUDRDRLRDUR]
Watson[index=2;pos=(34,0);moving_rule=LLDL]
Robot[pos=(14,43);type=SW;dist=63]
STEPT 136:
Criminal[index=0;pos=(0,1)]
Sherlock[index=1;pos=(15,43);moving_rule=RLUDRDRLRDUR]
Watson[index=2;pos=(34,0);moving_rule=LLDL]
Robot[pos=(16,43);type=SW;dist=62]
STEPT 137:
Criminal[index=0;pos=(0,0)]
Sherlock[index=1;pos=(15,44);moving_rule=RLUDRDRLRDUR]
Watson[index=2;pos=(34,0);moving_rule=LLDL]
Robot[pos=(15,44);type=SW;dist=63]
STEPT 138:
Criminal[index=0;pos=(0,1)]
Sherlock[index=1;pos=(16,44);moving_rule=RLUDRDRLRDUR]
Watson[index=2;pos=(34,0);moving_rule=LLDL]
Robot[pos=(17,44);type=SW;dist=62]
STEPT 139:
Criminal[index=0;pos=(0,0)]
Sherlock[index=1;pos=(16,45);moving_rule=RLUDRDRLRDUR]
Watson[index=2;pos=(35,0);moving_rule=LLDL]
Robot[pos=(16,45);type=SW;dist=64]
STEPT 140:
Criminal[index=0;pos=(0,1)]
Sherlock[index=1;pos=(16,44);moving_rule=RLUDRDRLRDUR]
Watson[index=2;pos=(35,0);moving_rule=LLDL]
Robot[pos=(17,44);type=SW;dist=63]
STEPT 141:
Criminal[index=0;pos=(0,0)]
Sherlock[index=1;pos=(16,45);moving_rule=RLUDRDRLRDUR]
Watson[index=2;pos=(35,0);moving_rule=LLDL]
Robot[pos=(16,45);type=SW;dist=64]
STEPT 142:
Criminal[index=0;pos=(0,1)]
Sherlock[index=1;pos=(17,45);moving_rule=RLUDRDRLRDUR]
Watson[index=2;pos=(35,0);moving_rule=LLDL]
Robot[pos=(18,45);type=SW;dist=63]
STEPT 143:
Criminal[index=0;pos=(0,0)]
Sherlock[index=1;pos=(16,45);moving_rule=RLUDRDRLRDUR]
Watson[index=2;pos=(36,0);moving_rule=LLDL]
Robot[pos=(16,45);type=SW;dist=65]
STEPT 144:
Criminal[index=0;pos=(0,1)]
Sherlock[index=1;pos=(16,45);moving_rule=RLUDRDRLRDUR]
Watson[index=2;pos=(36,0);moving_rule=LLDL]
Robot[pos=(18,45);type=SW;dist=65]
STEPT 145:
Criminal[index=0;pos=(0,0)]
Sherlock[index=1;pos=(16,45);moving_rule=RLUDRDRLRDUR]
Watson[index=2;pos=(36,0);moving_rule=LLDL]
Robot[pos=(16,45);type=SW;dist=65]
STEPT 146:
Criminal[index=0;pos=(0,1)]
Sherlock[index=1;pos=(16,44);moving_rule=RLUDRDRLRDUR]
Watson[index=2;pos=(36,0);moving_rule=LLDL]
Robot[pos=(17,44);type=SW;dist=64]
STEPT 147:
Criminal[index=0;pos=(0,0)]
Sherlock[index=1;pos=(15,44);moving_rule=RLUDRDRLRDUR]
Watson[index=2;pos=(37,0);moving_rule=LLDL]
Robot[pos=(15,44);type=SW;dist=66]
STEPT 148:
Criminal[index=0;pos=(0,1)]
Sherlock[index=1;pos=(16,44);moving_rule=RLUDRDRLRDUR]
Watson[index=2;pos=(37,0);moving_rule=LLDL]
Robot[pos=(17,44);type=SW;dist=65]
STEPT 149:
Criminal[index=0;pos=(0,0)]
Sherlock[index=1;pos=(16,45);moving_rule=RLUDRDRLRDUR]
Watson[index=2;pos=(37,0);moving_rule=LLDL]
Robot[pos=(16,45);type=SW;dist=66]
STEPT 150:
Criminal[index=0;pos=(0,1)]
Sherlock[index=1;pos=(17,45);moving_rule=RLUDRDRLRDUR]
Watson[index=2;pos=(37,0);moving_rule=LLDL]
Robot[pos=(18,45);type=SW;dist=65]
STEPT 151:
Criminal[index=0;pos=(0,0)]
Sherlock[index=1;pos=(17,45);moving_rule=RLUDRDRLRDUR]
Watson[index=2;pos=(38,0);moving_rule=LLDL]
Robot[pos=(20,45);type=SW;dist=66]
STEPT 152:
Criminal[index=0;pos=(0,1)]
Sherlock[index=1;pos=(17,44);moving_rule=RLUDRDRLRDUR]
Watson[index=2;pos=(38,0);moving_rule=LLDL]
Robot[pos=(21,44);type=SW;dist=65]
STEPT 153:
Criminal[index=0;pos=(0,0)]
Sherlock[index=1;pos=(17,45);moving_rule=RLUDRDRLRDUR]
Watson[index=2;pos=(38,0);moving_rule=LLDL]
Robot[pos=(19,44);type=SW;dist=66]
STEPT 154:
Criminal[index=0;pos=(0,1)]
Sherlock[index=1;pos=(18,45);moving_rule=RLUDRDRLRDUR]
Watson[index=2;pos=(38,0);moving_rule=LLDL]
Robot[pos=(18,45);type=SW;dist=65]
STEPT 155:
Criminal[index=0;pos=(0,0)]
Sherlock[index=1;pos=(17,45);moving_rule=RLUDRDRLRDUR]
Watson[index=2;pos=(38,0);moving_rule=LLDL]
Robot[pos=(20,45);type=SW;dist=66]
STEPT 156:
Criminal[index=0;pos=(0,1)]
Sherlock[index=1;pos=(17,45);moving_rule=RLUDRDRLRDUR]
Watson[index=2;pos=(38,0);moving_rule=LLDL]
Robot[pos=(18,45);type=SW;dist=66]
STEPT 157:
Criminal[index=0;pos=(0,0)]
Sherlock[index=1;pos=(17,45);moving_rule=RLUDRDRLRDUR]
Watson[index=2;pos=(38,0);moving_rule=LLDL]
Robot[pos=(20,45);type=SW;dist=66]
STEPT 158:
Criminal[index=0;pos=(0,1)]
Sherlock[index=1;pos=(17,44);moving_rule=RLUDRDRLRDUR]
Watson[index=2;pos=(38,0);moving_rule=LLDL]
Robot[pos=(21,44);type=SW;dist=65]
STEPT 159:
Criminal[index=0;pos=(0,0)]
Sherlock[index=1;pos=(16,44);moving_rule=RLUDRDRLRDUR]
Watson[index=2;pos=(38,0);moving_rule=LLDL]
Robot[pos=(19,44);type=SW;dist=66]
STEPT 160:
Criminal[index=0;pos=(0,1)]
Sherlock[index=1;pos=(17,44);moving_rule=RLUDRDRLRDUR]
Watson[index=2;pos=(38,0);moving_rule=LLDL]
Robot[pos=(17,44);type=SW;dist=65]
STEPT 161:
Criminal[index=0;pos=(0,0)]
Sherlock[index=1;pos=(17,45);moving_rule=RLUDRDRLRDUR]
Watson[index=2;pos=(38,0);moving_rule=LLDL]
Robot[pos=(18,45);type=SW;dist=66]
STEPT 162:
Criminal[index=0;pos=(0,1)]
Sherlock[index=1;pos=(18,45);moving_rule=RLUDRDRLRDUR]
Watson[index=2;pos=(38,0);moving_rule=LLDL]
Robot[pos=(20,45);type=SW;dist=65]
STEPT 163:
Criminal[index=0;pos=(0,0)]
Sherlock[index=1;pos=(18,45);moving_rule=RLUDRDRLRDUR]
Watson[index=2;pos=(38,0);moving_rule=LLDL]
Robot[pos=(18,45);type=SW;dist=65]
STEPT 164:
Criminal[index=0;pos=(0,1)]
Sherlock[index=1;pos=(18,44);moving_rule=RLUDRDRLRDUR]
Watson[index=2;pos=(38,0);moving_rule=LLDL]
Robot[pos=(19,44);type=SW;dist=64]
STEPT 165:
Criminal[index=0;pos=(0,0)]
Sherlock[index=1;pos=(18,45);moving_rule=RLUDRDRLRDUR]
Watson[index=2;pos=(38,0);moving_rule=LLDL]
Robot[pos=(18,45);type=SW;dist=65]
STEPT 166:
Criminal[index=0;pos=(0,1)]
Sherlock[index=1;pos=(19,45);moving_rule=RLUDRDRLRDUR]
Watson[index=2;pos=(38,0);moving_rule=LLDL]
Robot[pos=(20,45);type=SW;dist=64]
STEPT 167:
Criminal[index=0;pos=(0,0)]
Sherlock[index=1;pos=(18,45);moving_rule=RLUDRDRLRDUR]
Watson[index=2;pos=(38,0);moving_rule=LLDL]
Robot[pos=(18,45);type=SW;dist=65]
STEPT 168:
Criminal[index=0;pos=(0,1)]
Sherlock[index=1;pos=(18,45);moving_rule=RLUDRDRLRDUR]
Watson[index=2;pos=(38,0);moving_rule=LLDL]
Robot[pos=(20,45);type=SW;dist=65]
STEPT 169:
Criminal[index=0;pos=(0,0)]
Sherlock[index=1;pos=(18,45);moving_rule=RLUDRDRLRDUR]
Watson[index=2;pos=(38,0);moving_rule=LLDL]
Robot[pos=(18,45);type=SW;dist=65]
STEPT 170:
Criminal[index=0;pos=(0,1)]
Sherlock[index=1;pos=(18,44);moving_rule=RLUDRDRLRDUR]
Watson[index=2;pos=(38,0);moving_rule=LLDL]
Robot[pos=(19,44);type=SW;dist=64]
STEPT 171:
Criminal[index=0;pos=(0,0)]
Sherlock[index=1;pos=(17,44);moving_rule=RLUDRDRLRDUR]
Watson[index=2;pos=(38,0);moving_rule=LLDL]
Robot[pos=(17,44);type=SW;dist=65]
STEPT 172:
Criminal[index=0;pos=(0,1)]
Sherlock[index=1;pos=(18,44);moving_rule=RLUDRDRLRDUR]
Watson[index=2;pos=(38,0);moving_rule=LLDL]
Robot[pos=(19,44);type=SW;dist=64]
STEPT 173:
Criminal[index=0;pos=(0,0)]
Sherlock[index=1;pos=(18,45);moving_rule=RLUDRDRLRDUR]
Watson[index=2;pos=(38,0);moving_rule=LLDL]
Robot[pos=(18,45);type=SW;dist=65]
STEPT 174:
Criminal[index=0;pos=(0,1)]
Sherlock[index=1;pos=(19,45);moving_rule=RLUDRDRLRDUR]
Watson[index=2;pos=(38,0);moving_rule=LLDL]
Robot[pos=(20,45);type=SW;dist=64]
STEPT 175:
Criminal[index=0;pos=(0,0)]
Sherlock[index=1;pos=(19,45);moving_rule=RLUDRDRLRDUR]
Watson[index=2;pos=(38,0);moving_rule=LLDL]
Robot[pos=(22,45);type=SW;dist=64]
STEPT 176:
Criminal[index=0;pos=(0,1)]
Sherlock[index=1;pos=(19,44);moving_rule=RLUDRDRLRDUR]
Watson[index=2;pos=(38,0);moving_rule=LLDL]
Robot[pos=(23,44);type=SW;dist=63]
STEPT 177:
Criminal[index=0;pos=(0,0)]
Sherlock[index=1;pos=(19,45);moving_rule=RLUDRDRLRDUR]
Watson[index=2;pos=(38,0);moving_rule=LLDL]
Robot[pos=(21,44);type=SW;dist=64]
STEPT 178:
Criminal[index=0;pos=(0,1)]
Sherlock[index=1;pos=(20,45);moving_rule=RLUDRDRLRDUR]
Watson[index=2;pos=(38,0);moving_rule=LLDL]
Robot[pos=(20,45);type=SW;dist=63]
STEPT 179:
Criminal[index=0;pos=(0,0)]
Sherlock[index=1;pos=(19,45);moving_rule=RLUDRDRLRDUR]
Watson[index=2;pos=(38,0);moving_rule=LLDL]
Robot[pos=(22,45);type=SW;dist=64]
STEPT 180:
Criminal[index=0;pos=(0,1)]
Sherlock[index=1;pos=(19,45);moving_rule=RLUDRDRLRDUR]
Watson[index=2;pos=(38,0);moving_rule=LLDL]
Robot[pos=(20,45);type=SW;dist=64]
STEPT 181:
Criminal[index=0;pos=(0,0)]
Sherlock[index=1;pos=(19,45);moving_rule=RLUDRDRLRDUR]
Watson[index=2;pos=(38,0);moving_rule=LLDL]
Robot[pos=(22,45);type=SW;dist=64]
STEPT 182:
Criminal[index=0;pos=(0,1)]
Sherlock[index=1;pos=(19,44);moving_rule=RLUDRDRLRDUR]
Watson[index=2;pos=(38,0);moving_rule=LLDL]
Robot[pos=(23,44);type=SW;dist=63]
STEPT 183:
Criminal[index=0;pos=(0,0)]
Sherlock[index=1;pos=(18,44);moving_rule=RLUDRDRLRDUR]
Watson[index=2;pos=(38,0);moving_rule=LLDL]
Robot[pos=(21,44);type=SW;dist=64]
STEPT 184:
Criminal[index=0;pos=(0,1)]
Sherlock[index=1;pos=(19,44);moving_rule=RLUDRDRLRDUR]
Watson[index=2;pos=(38,0);moving_rule=LLDL]
Robot[pos=(19,44);type=SW;dist=63]
STEPT 185:
Criminal[index=0;pos=(0,0)]
Sherlock[index=1;pos=(19,45);moving_rule=RLUDRDRLRDUR]
Watson[index=2;pos=(38,0);moving_rule=LLDL]
Robot[pos=(20,45);type=SW;dist=64]
STEPT 186:
Criminal[index=0;pos=(0,1)]
Sherlock[index=1;pos=(20,45);moving_rule=RLUDRDRLRDUR]
Watson[index=2;pos=(38,0);moving_rule=LLDL]
Robot[pos=(22,45);type=SW;dist=63]
STEPT 187:
Criminal[index=0;pos=(0,0)]
Sherlock[index=1;pos=(20,45);moving_rule=RLUDRDRLRDUR]
Watson[index=2;pos=(38,0);moving_rule=LLDL]
Robot[pos=(20,45);type=SW;dist=63]
STEPT 188:
Criminal[index=0;pos=(0,1)]
Sherlock[index=1;pos=(20,44);moving_rule=RLUDRDRLRDUR]
Watson[index=2;pos=(38,0);moving_rule=LLDL]
Robot[pos=(21,44);type=SW;dist=62]
STEPT 189:
Criminal[index=0;pos=(0,0)]
Sherlock[index=1;pos=(20,45);moving_rule=RLUDRDRLRDUR]
Watson[index=2;pos=(38,0);moving_rule=LLDL]
Robot[pos=(20,45);type=SW;dist=63]
STEPT 190:
Criminal[index=0;pos=(0,1)]
Sherlock[index=1;pos=(21,45);moving_rule=RLUDRDRLRDUR]
Watson[index=2;pos=(38,0);moving_rule=LLDL]
Robot[pos=(22,45);type=SW;dist=62]
STEPT 191:
Criminal[index=0;pos=(0,0)]
Sherlock[index=1;pos=(20,45);moving_rule=RLUDRDRLRDUR]
Watson[index=2;pos=(38,0);moving_rule=LLDL]
Robot[pos=(20,45);type=SW;dist=63]
STEPT 192:
Criminal[index=0;pos=(0,1)]
Sherlock[index=1;pos=(20,45);moving_rule=RLUDRDRLRDUR]
Watson[index=2;pos=(38,0);moving_rule=LLDL]
Robot[pos=(22,45);type=SW;dist=63]
STEPT 193:
Criminal[index=0;pos=(0,0)]
Sherlock[index=1;pos=(20,45);moving_rule=RLUDRDRLRDUR]
Watson[index=2;pos=(38,0);moving_rule=LLDL]
Robot[pos=(20,45);type=SW;dist=63]
STEPT 194:
Criminal[index=0;pos=(0,1)]
Sherlock[index=1;pos=(20,44);moving_rule=RLUDRDRLRDUR]
Watson[index=2;pos=(38,0);moving_rule=LLDL]
Robot[pos=(21,44);type=SW;dist=62]
STEPT 195:
Criminal[index=0;pos=(0,0)]
Sherlock[index=1;pos=(19,44);moving_rule=RLUDRDRLRDUR]
Watson[index=2;pos=(38,0);moving_rule=LLDL]
Robot[pos=(19,44);type=SW;dist=63]
STEPT 196:
Criminal[index=0;pos=(0,1)]
Sherlock[index=1;pos=(20,44);moving_rule=RLUDRDRLRDUR]
Watson[index=2;pos=(38,0);moving_rule=LLDL]
Robot[pos=(21,44);type=SW;dist=62]
STEPT 197:
Criminal[index=0;pos=(0,0)]
Sherlock[index=1;pos=(20,45);moving_rule=RLUDRDRLRDUR]
Watson[index=2;pos=(38,0);moving_rule=LLDL]
Robot[pos=(20,45);type=SW;dist=63]
STEPT 198:
Criminal[index=0;pos=(0,1)]
Sherlock[index=1;pos=(21,45);moving_rule=RLUDRDRLRDUR]
Watson[index=2;pos=(38,0);moving_rule=LLDL]
Robot[pos=(22,45);type=SW;dist=62]
STEPT 199:
Criminal[index=0;pos=(0,0)]
Sherlock[index=1;pos=(21,45);moving_rule=RLUDRDRLRDUR]
Watson[index=2;pos=(38,0);moving_rule=LLDL]
Robot[pos=(24,45);type=SW;dist=62]
STEPT 200:
Criminal[index=0;pos=(0,1)]
Sherlock[index=1;pos=(21,44);moving_rule=RLUDRDRLRDUR]
Watson[index=2;pos=(38,0);moving_rule=LLDL]
Robot[pos=(25,44);type=SW;dist=61]
