Criminal[index=0;pos=(25,33)]
Sherlock[index=1;pos=(35,24);moving_rule=LULDRRLLDLU]
Watson[index=2;pos=(10,16);moving_rule=RRLLLUU]
Robot[pos=(18,23);type=SW;dist=33]
CRIMINAL -> SHERLOCK -> WATSON -> ROBOTSW
STEPT 1:
Criminal[index=0;pos=(25,34)]
Sherlock[index=1;pos=(35,23);moving_rule=LULDRRLLDLU]
Watson[index=2;pos=(10,17);moving_rule=RRLLLUU]
Robot[pos=(16,23);type=SW;dist=31]
STEPT 2:
Criminal[index=0;pos=(25,35)]
Sherlock[index=1;pos=(34,23);moving_rule=LULDRRLLDLU]
Watson[index=2;pos=(10,18);moving_rule=RRLLLUU]
Robot[pos=(14,23);type=SW;dist=29]
STEPT 3:
Criminal[index=0;pos=(25,36)]
Sherlock[index=1;pos=(34,22);moving_rule=LULDRRLLDLU]
Watson[index=2;pos=(10,17);moving_rule=RRLLLUU]
Robot[pos=(15,22);type=SW;dist=29]
STEPT 4:
Criminal[index=0;pos=(25,37)]
Sherlock[index=1;pos=(35,22);moving_rule=LULDRRLLDLU]
Watson[index=2;pos=(10,16);moving_rule=RRLLLUU]
Robot[pos=(13,22);type=SW;dist=31]
STEPT 5:
Criminal[index=0;pos=(25,38)]
Sherlock[index=1;pos=(35,23);moving_rule=LULDRRLLDLU]
Watson[index=2;pos=(10,15);moving_rule=RRLLLUU]
Robot[pos=(11,22);type=SW;dist=33]
STEPT 6:
Criminal[index=0;pos=(24,38)]
Sherlock[index=1;pos=(35,24);moving_rule=LULDRRLLDLU]
Watson[index=2;pos=(9,15);moving_rule=RRLLLUU]
Robot[pos=(9,22);type=SW;dist=35]
STEPT 7:
Criminal[index=0;pos=(23,38)]
Sherlock[index=1;pos=(35,23);moving_rule=LULDRRLLDLU]
Watson[index=2;pos=(8,15);moving_rule=RRLLLUU]
Robot[pos=(8,23);type=SW;dist=35]
STEPT 8:
Criminal[index=0;pos=(22,38)]
Sherlock[index=1;pos=(35,22);moving_rule=LULDRRLLDLU]
Watson[index=2;pos=(8,16);moving_rule=RRLLLUU]
Robot[pos=(9,22);type=SW;dist=33]
STEPT 9:
Criminal[index=0;pos=(21,38)]
Sherlock[index=1;pos=(36,22);moving_rule=LULDRRLLDLU]
Watson[index=2;pos=(8,17);moving_rule=RRLLLUU]
Robot[pos=(11,22);type=SW;dist=33]
STEPT 10:
Criminal[index=0;pos=(20,38)]
Sherlock[index=1;pos=(36,21);moving_rule=LULDRRLLDLU]
Watson[index=2;pos=(8,16);moving_rule=RRLLLUU]
Robot[pos=(12,21);type=SW;dist=33]
STEPT 11:
Criminal[index=0;pos=(19,38)]
Sherlock[index=1;pos=(35,21);moving_rule=LULDRRLLDLU]
Watson[index=2;pos=(8,15);moving_rule=RRLLLUU]
Robot[pos=(10,21);type=SW;dist=33]
STEPT 12:
Criminal[index=0;pos=(18,38)]
Sherlock[index=1;pos=(35,20);moving_rule=LULDRRLLDLU]
Watson[index=2;pos=(8,15);moving_rule=RRLLLUU]
Robot[pos=(11,20);type=SW;dist=32]
STEPT 13:
Criminal[index=0;pos=(17,38)]
Sherlock[index=1;pos=(34,20);moving_rule=LULDRRLLDLU]
Watson[index=2;pos=(7,15);moving_rule=RRLLLUU]
Robot[pos=(9,20);type=SW;dist=32]
STEPT 14:
Criminal[index=0;pos=(16,38)]
Sherlock[index=1;pos=(34,19);moving_rule=LULDRRLLDLU]
Watson[index=2;pos=(6,15);moving_rule=RRLLLUU]
Robot[pos=(10,19);type=SW;dist=32]
STEPT 15:
Criminal[index=0;pos=(15,38)]
Sherlock[index=1;pos=(35,19);moving_rule=LULDRRLLDLU]
Watson[index=2;pos=(6,16);moving_rule=RRLLLUU]
Robot[pos=(8,19);type=SW;dist=32]
STEPT 16:
Criminal[index=0;pos=(14,38)]
Sherlock[index=1;pos=(35,20);moving_rule=LULDRRLLDLU]
Watson[index=2;pos=(6,17);moving_rule=RRLLLUU]
Robot[pos=(6,19);type=SW;dist=32]
STEPT 17:
Criminal[index=0;pos=(13,38)]
Sherlock[index=1;pos=(35,21);moving_rule=LULDRRLLDLU]
Watson[index=2;pos=(6,16);moving_rule=RRLLLUU]
Robot[pos=(6,21);type=SW;dist=34]
STEPT 18:
Criminal[index=0;pos=(12,38)]
Sherlock[index=1;pos=(35,20);moving_rule=LULDRRLLDLU]
Watson[index=2;pos=(6,15);moving_rule=RRLLLUU]
Robot[pos=(7,20);type=SW;dist=34]
STEPT 19:
Criminal[index=0;pos=(11,38)]
Sherlock[index=1;pos=(35,19);moving_rule=LULDRRLLDLU]
Watson[index=2;pos=(6,14);moving_rule=RRLLLUU]
Robot[pos=(8,19);type=SW;dist=34]
STEPT 20:
Criminal[index=0;pos=(10,38)]
Sherlock[index=1;pos=(36,19);moving_rule=LULDRRLLDLU]
Watson[index=2;pos=(5,14);moving_rule=RRLLLUU]
Robot[pos=(6,19);type=SW;dist=36]
STEPT 21:
Criminal[index=0;pos=(9,38)]
Sherlock[index=1;pos=(36,18);moving_rule=LULDRRLLDLU]
Watson[index=2;pos=(4,14);moving_rule=RRLLLUU]
Robot[pos=(7,18);type=SW;dist=36]
STEPT 22:
Criminal[index=0;pos=(8,38)]
Sherlock[index=1;pos=(35,18);moving_rule=LULDRRLLDLU]
Watson[index=2;pos=(4,15);moving_rule=RRLLLUU]
Robot[pos=(5,18);type=SW;dist=34]
STEPT 23:
Criminal[index=0;pos=(7,38)]
Sherlock[index=1;pos=(35,17);moving_rule=LULDRRLLDLU]
Watson[index=2;pos=(4,16);moving_rule=RRLLLUU]
Robot[pos=(6,17);type=SW;dist=32]
STEPT 24:
Criminal[index=0;pos=(6,38)]
Sherlock[index=1;pos=(34,17);moving_rule=LULDRRLLDLU]
Watson[index=2;pos=(4,15);moving_rule=RRLLLUU]
Robot[pos=(4,17);type=SW;dist=32]
STEPT 25:
Criminal[index=0;pos=(5,38)]
Sherlock[index=1;pos=(34,16);moving_rule=LULDRRLLDLU]
Watson[index=2;pos=(4,14);moving_rule=RRLLLUU]
Robot[pos=(5,16);type=SW;dist=32]
STEPT 26:
Criminal[index=0;pos=(4,38)]
Sherlock[index=1;pos=(35,16);moving_rule=LULDRRLLDLU]
Watson[index=2;pos=(4,13);moving_rule=RRLLLUU]
Robot[pos=(7,16);type=SW;dist=34]
STEPT 27:
Criminal[index=0;pos=(3,38)]
Sherlock[index=1;pos=(35,17);moving_rule=LULDRRLLDLU]
Watson[index=2;pos=(3,13);moving_rule=RRLLLUU]
Robot[pos=(5,16);type=SW;dist=36]
STEPT 28:
Criminal[index=0;pos=(2,38)]
Sherlock[index=1;pos=(35,18);moving_rule=LULDRRLLDLU]
Watson[index=2;pos=(2,13);moving_rule=RRLLLUU]
Robot[pos=(3,16);type=SW;dist=38]
STEPT 29:
Criminal[index=0;pos=(1,38)]
Sherlock[index=1;pos=(35,17);moving_rule=LULDRRLLDLU]
Watson[index=2;pos=(2,14);moving_rule=RRLLLUU]
Robot[pos=(2,17);type=SW;dist=36]
STEPT 30:
Criminal[index=0;pos=(0,38)]
Sherlock[index=1;pos=(35,16);moving_rule=LULDRRLLDLU]
Watson[index=2;pos=(2,14);moving_rule=RRLLLUU]
Robot[pos=(3,16);type=SW;dist=35]
STEPT 31:
Criminal[index=0;pos=(0,37)]
Sherlock[index=1;pos=(36,16);moving_rule=LULDRRLLDLU]
Watson[index=2;pos=(2,13);moving_rule=RRLLLUU]
Robot[pos=(5,16);type=SW;dist=37]
STEPT 32:
Criminal[index=0;pos=(0,38)]
Sherlock[index=1;pos=(36,15);moving_rule=LULDRRLLDLU]
Watson[index=2;pos=(2,12);moving_rule=RRLLLUU]
Robot[pos=(6,15);type=SW;dist=37]
STEPT 33:
Criminal[index=0;pos=(0,37)]
Sherlock[index=1;pos=(35,15);moving_rule=LULDRRLLDLU]
Watson[index=2;pos=(2,11);moving_rule=RRLLLUU]
Robot[pos=(4,15);type=SW;dist=37]
STEPT 34:
Criminal[index=0;pos=(0,38)]
Sherlock[index=1;pos=(35,14);moving_rule=LULDRRLLDLU]
Watson[index=2;pos=(1,11);moving_rule=RRLLLUU]
Robot[pos=(5,14);type=SW;dist=37]
STEPT 35:
Criminal[index=0;pos=(0,37)]
Sherlock[index=1;pos=(34,14);moving_rule=LULDRRLLDLU]
Watson[index=2;pos=(0,11);moving_rule=RRLLLUU]
Robot[pos=(3,14);type=SW;dist=37]
STEPT 36:
Criminal[index=0;pos=(0,38)]
Sherlock[index=1;pos=(34,13);moving_rule=LULDRRLLDLU]
Watson[index=2;pos=(0,12);moving_rule=RRLLLUU]
Robot[pos=(4,13);type=SW;dist=35]
STEPT 37:
Criminal[index=0;pos=(1,38)]
Sherlock[index=1;pos=(35,13);moving_rule=LULDRRLLDLU]
Watson[index=2;pos=(0,13);moving_rule=RRLLLUU]
Robot[pos=(2,13);type=SW;dist=35]
STEPT 38:
Criminal[index=0;pos=(0,38)]
Sherlock[index=1;pos=(35,14);moving_rule=LULDRRLLDLU]
Watson[index=2;pos=(0,12);moving_rule=RRLLLUU]
Robot[pos=(0,13);type=SW;dist=37]
STEPT 39:
Criminal[index=0;pos=(1,38)]
Sherlock[index=1;pos=(35,15);moving_rule=LULDRRLLDLU]
Watson[index=2;pos=(0,11);moving_rule=RRLLLUU]
Robot[pos=(0,15);type=SW;dist=39]
STEPT 40:
Criminal[index=0;pos=(0,38)]
Sherlock[index=1;pos=(35,14);moving_rule=LULDRRLLDLU]
Watson[index=2;pos=(0,10);moving_rule=RRLLLUU]
Robot[pos=(1,14);type=SW;dist=39]
STEPT 41:
Criminal[index=0;pos=(1,38)]
Sherlock[index=1;pos=(35,13);moving_rule=LULDRRLLDLU]
Watson[index=2;pos=(0,10);moving_rule=RRLLLUU]
Robot[pos=(2,13);type=SW;dist=38]
STEPT 42:
Criminal[index=0;pos=(0,38)]
Sherlock[index=1;pos=(36,13);moving_rule=LULDRRLLDLU]
Watson[index=2;pos=(0,10);moving_rule=RRLLLUU]
Robot[pos=(0,13);type=SW;dist=39]
STEPT 43:
Criminal[index=0;pos=(1,38)]
Sherlock[index=1;pos=(36,12);moving_rule=LULDRRLLDLU]
Watson[index=2;pos=(0,11);moving_rule=RRLLLUU]
Robot[pos=(1,12);type=SW;dist=37]
STEPT 44:
Criminal[index=0;pos=(0,38)]
Sherlock[index=1;pos=(35,12);moving_rule=LULDRRLLDLU]
Watson[index=2;pos=(0,12);moving_rule=RRLLLUU]
Robot[pos=(3,12);type=SW;dist=35]
STEPT 45:
Criminal[index=0;pos=(1,38)]
Sherlock[index=1;pos=(35,11);moving_rule=LULDRRLLDLU]
Watson[index=2;pos=(0,11);moving_rule=RRLLLUU]
Robot[pos=(4,11);type=SW;dist=35]
STEPT 46:
Criminal[index=0;pos=(0,38)]
Sherlock[index=1;pos=(34,11);moving_rule=LULDRRLLDLU]
Watson[index=2;pos=(0,10);moving_rule=RRLLLUU]
Robot[pos=(2,11);type=SW;dist=35]
STEPT 47:
Criminal[index=0;pos=(1,38)]
Sherlock[index=1;pos=(34,10);moving_rule=LULDRRLLDLU]
Watson[index=2;pos=(0,9);moving_rule=RRLLLUU]
Robot[pos=(3,10);type=SW;dist=35]
STEPT 48:
Criminal[index=0;pos=(0,38)]
Sherlock[index=1;pos=(35,10);moving_rule=LULDRRLLDLU]
Watson[index=2;pos=(0,9);moving_rule=RRLLLUU]
Robot[pos=(1,10);type=SW;dist=36]
STEPT 49:
Criminal[index=0;pos=(1,38)]
Sherlock[index=1;pos=(35,11);moving_rule=LULDRRLLDLU]
Watson[index=2;pos=(0,9);moving_rule=RRLLLUU]
Robot[pos=(0,11);type=SW;dist=37]
STEPT 50:
Criminal[index=0;pos=(0,38)]
Sherlock[index=1;pos=(35,12);moving_rule=LULDRRLLDLU]
Watson[index=2;pos=(0,10);moving_rule=RRLLLUU]
Robot[pos=(1,12);type=SW;dist=37]
STEPT 51:
Criminal[index=0;pos=(1,38)]
Sherlock[index=1;pos=(35,11);moving_rule=LULDRRLLDLU]
Watson[index=2;pos=(0,11);moving_rule=RRLLLUU]
Robot[pos=(2,11);type=SW;dist=35]
STEPT 52:
Criminal[index=0;pos=(0,38)]
Sherlock[index=1;pos=(35,10);moving_rule=LULDRRLLDLU]
Watson[index=2;pos=(0,10);moving_rule=RRLLLUU]
Robot[pos=(3,10);type=SW;dist=35]
STEPT 53:
Criminal[index=0;pos=(1,38)]
Sherlock[index=1;pos=(36,10);moving_rule=LULDRRLLDLU]
Watson[index=2;pos=(0,9);moving_rule=RRLLLUU]
Robot[pos=(1,10);type=SW;dist=37]
STEPT 54:
Criminal[index=0;pos=(0,38)]
Sherlock[index=1;pos=(36,9);moving_rule=LULDRRLLDLU]
Watson[index=2;pos=(0,8);moving_rule=RRLLLUU]
Robot[pos=(2,9);type=SW;dist=37]
STEPT 55:
Criminal[index=0;pos=(1,38)]
Sherlock[index=1;pos=(35,9);moving_rule=LULDRRLLDLU]
Watson[index=2;pos=(0,8);moving_rule=RRLLLUU]
Robot[pos=(0,9);type=SW;dist=36]
STEPT 56:
Criminal[index=0;pos=(0,38)]
Sherlock[index=1;pos=(35,8);moving_rule=LULDRRLLDLU]
Watson[index=2;pos=(0,8);moving_rule=RRLLLUU]
Robot[pos=(1,8);type=SW;dist=35]
STEPT 57:
Criminal[index=0;pos=(1,38)]
Sherlock[index=1;pos=(34,8);moving_rule=LULDRRLLDLU]
Watson[index=2;pos=(0,9);moving_rule=RRLLLUU]
Robot[pos=(0,9);type=SW;dist=35]
STEPT 58:
Criminal[index=0;pos=(0,38)]
Sherlock[index=1;pos=(34,7);moving_rule=LULDRRLLDLU]
Watson[index=2;pos=(0,10);moving_rule=RRLLLUU]
Robot[pos=(1,10);type=SW;dist=37]
STEPT 59:
Criminal[index=0;pos=(1,38)]
Sherlock[index=1;pos=(35,7);moving_rule=LULDRRLLDLU]
Watson[index=2;pos=(0,9);moving_rule=RRLLLUU]
Robot[pos=(2,9);type=SW;dist=37]
STEPT 60:
Criminal[index=0;pos=(0,38)]
Sherlock[index=1;pos=(35,8);moving_rule=LULDRRLLDLU]
Watson[index=2;pos=(0,8);moving_rule=RRLLLUU]
Robot[pos=(3,8);type=SW;dist=35]
STEPT 61:
Criminal[index=0;pos=(1,38)]
Sherlock[index=1;pos=(35,9);moving_rule=LULDRRLLDLU]
Watson[index=2;pos=(0,7);moving_rule=RRLLLUU]
Robot[pos=(1,8);type=SW;dist=37]
STEPT 62:
Criminal[index=0;pos=(0,38)]
Sherlock[index=1;pos=(35,8);moving_rule=LULDRRLLDLU]
Watson[index=2;pos=(0,7);moving_rule=RRLLLUU]
Robot[pos=(3,8);type=SW;dist=36]
STEPT 63:
Criminal[index=0;pos=(1,38)]
Sherlock[index=1;pos=(35,7);moving_rule=LULDRRLLDLU]
Watson[index=2;pos=(0,7);moving_rule=RRLLLUU]
Robot[pos=(4,7);type=SW;dist=35]
STEPT 64:
Criminal[index=0;pos=(0,38)]
Sherlock[index=1;pos=(36,7);moving_rule=LULDRRLLDLU]
Watson[index=2;pos=(0,8);moving_rule=RRLLLUU]
Robot[pos=(2,7);type=SW;dist=37]
STEPT 65:
Criminal[index=0;pos=(1,38)]
Sherlock[index=1;pos=(36,6);moving_rule=LULDRRLLDLU]
Watson[index=2;pos=(0,9);moving_rule=RRLLLUU]
Robot[pos=(0,7);type=SW;dist=39]
STEPT 66:
Criminal[index=0;pos=(0,38)]
Sherlock[index=1;pos=(35,6);moving_rule=LULDRRLLDLU]
Watson[index=2;pos=(0,8);moving_rule=RRLLLUU]
Robot[pos=(1,8);type=SW;dist=37]
STEPT 67:
Criminal[index=0;pos=(1,38)]
Sherlock[index=1;pos=(35,5);moving_rule=LULDRRLLDLU]
Watson[index=2;pos=(0,7);moving_rule=RRLLLUU]
Robot[pos=(2,7);type=SW;dist=37]
STEPT 68:
Criminal[index=0;pos=(0,38)]
Sherlock[index=1;pos=(34,5);moving_rule=LULDRRLLDLU]
Watson[index=2;pos=(0,6);moving_rule=RRLLLUU]
Robot[pos=(3,6);type=SW;dist=35]
STEPT 69:
Criminal[index=0;pos=(1,38)]
Sherlock[index=1;pos=(34,4);moving_rule=LULDRRLLDLU]
Watson[index=2;pos=(0,6);moving_rule=RRLLLUU]
Robot[pos=(1,6);type=SW;dist=36]
STEPT 70:
Criminal[index=0;pos=(0,38)]
Sherlock[index=1;pos=(35,4);moving_rule=LULDRRLLDLU]
Watson[index=2;pos=(0,6);moving_rule=RRLLLUU]
Robot[pos=(3,6);type=SW;dist=37]
STEPT 71:
Criminal[index=0;pos=(1,38)]
Sherlock[index=1;pos=(35,5);moving_rule=LULDRRLLDLU]
Watson[index=2;pos=(0,7);moving_rule=RRLLLUU]
Robot[pos=(1,6);type=SW;dist=37]
STEPT 72:
Criminal[index=0;pos=(0,38)]
Sherlock[index=1;pos=(35,6);moving_rule=LULDRRLLDLU]
Watson[index=2;pos=(0,8);moving_rule=RRLLLUU]
Robot[pos=(0,7);type=SW;dist=37]
STEPT 73:
Criminal[index=0;pos=(1,38)]
Sherlock[index=1;pos=(35,5);moving_rule=LULDRRLLDLU]
Watson[index=2;pos=(0,7);moving_rule=RRLLLUU]
Robot[pos=(2,7);type=SW;dist=37]
STEPT 74:
Criminal[index=0;pos=(0,38)]
Sherlock[index=1;pos=(35,4);moving_rule=LULDRRLLDLU]
Watson[index=2;pos=(0,6);moving_rule=RRLLLUU]
Robot[pos=(3,6);type=SW;dist=37]
STEPT 75:
Criminal[index=0;pos=(1,38)]
Sherlock[index=1;pos=(36,4);moving_rule=LULDRRLLDLU]
Watson[index=2;pos=(0,5);moving_rule=RRLLLUU]
Robot[pos=(4,5);type=SW;dist=37]
STEPT 76:
Criminal[index=0;pos=(0,38)]
Sherlock[index=1;pos=(36,3);moving_rule=LULDRRLLDLU]
Watson[index=2;pos=(0,5);moving_rule=RRLLLUU]
Robot[pos=(2,5);type=SW;dist=38]
STEPT 77:
Criminal[index=0;pos=(1,38)]
Sherlock[index=1;pos=(35,3);moving_rule=LULDRRLLDLU]
Watson[index=2;pos=(0,5);moving_rule=RRLLLUU]
Robot[pos=(0,5);type=SW;dist=37]
STEPT 78:
Criminal[index=0;pos=(0,38)]
Sherlock[index=1;pos=(35,2);moving_rule=LULDRRLLDLU]
Watson[index=2;pos=(0,6);moving_rule=RRLLLUU]
Robot[pos=(1,6);type=SW;dist=39]
STEPT 79:
Criminal[index=0;pos=(1,38)]
Sherlock[index=1;pos=(34,2);moving_rule=LULDRRLLDLU]
Watson[index=2;pos=(0,7);moving_rule=RRLLLUU]
Robot[pos=(0,7);type=SW;dist=39]
STEPT 80:
Criminal[index=0;pos=(0,38)]
Sherlock[index=1;pos=(34,1);moving_rule=LULDRRLLDLU]
Watson[index=2;pos=(0,6);moving_rule=RRLLLUU]
Robot[pos=(1,6);type=SW;dist=39]
STEPT 81:
Criminal[index=0;pos=(1,38)]
Sherlock[index=1;pos=(35,1);moving_rule=LULDRRLLDLU]
Watson[index=2;pos=(0,5);moving_rule=RRLLLUU]
Robot[pos=(2,5);type=SW;dist=39]
STEPT 82:
Criminal[index=0;pos=(0,38)]
Sherlock[index=1;pos=(35,2);moving_rule=LULDRRLLDLU]
Watson[index=2;pos=(0,4);moving_rule=RRLLLUU]
Robot[pos=(3,4);type=SW;dist=37]
STEPT 83:
Criminal[index=0;pos=(1,38)]
Sherlock[index=1;pos=(35,3);moving_rule=LULDRRLLDLU]
Watson[index=2;pos=(0,4);moving_rule=RRLLLUU]
Robot[pos=(1,4);type=SW;dist=36]
STEPT 84:
Criminal[index=0;pos=(0,38)]
Sherlock[index=1;pos=(35,2);moving_rule=LULDRRLLDLU]
Watson[index=2;pos=(0,4);moving_rule=RRLLLUU]
Robot[pos=(3,4);type=SW;dist=37]
STEPT 85:
Criminal[index=0;pos=(1,38)]
Sherlock[index=1;pos=(35,1);moving_rule=LULDRRLLDLU]
Watson[index=2;pos=(0,5);moving_rule=RRLLLUU]
Robot[pos=(1,4);type=SW;dist=39]
STEPT 86:
Criminal[index=0;pos=(0,38)]
Sherlock[index=1;pos=(36,1);moving_rule=LULDRRLLDLU]
Watson[index=2;pos=(0,6);moving_rule=RRLLLUU]
Robot[pos=(0,5);type=SW;dist=41]
STEPT 87:
Criminal[index=0;pos=(1,38)]
Sherlock[index=1;pos=(36,0);moving_rule=LULDRRLLDLU]
Watson[index=2;pos=(0,5);moving_rule=RRLLLUU]
Robot[pos=(2,5);type=SW;dist=41]
STEPT 88:
Criminal[index=0;pos=(0,38)]
Sherlock[index=1;pos=(35,0);moving_rule=LULDRRLLDLU]
Watson[index=2;pos=(0,4);moving_rule=RRLLLUU]
Robot[pos=(3,4);type=SW;dist=39]
STEPT 89:
Criminal[index=0;pos=(1,38)]
Sherlock[index=1;pos=(35,0);moving_rule=LULDRRLLDLU]
Watson[index=2;pos=(0,3);moving_rule=RRLLLUU]
Robot[pos=(4,3);type=SW;dist=38]
STEPT 90:
Criminal[index=0;pos=(0,38)]
Sherlock[index=1;pos=(34,0);moving_rule=LULDRRLLDLU]
Watson[index=2;pos=(0,3);moving_rule=RRLLLUU]
Robot[pos=(2,3);type=SW;dist=37]
STEPT 91:
Criminal[index=0;pos=(1,38)]
Sherlock[index=1;pos=(34,0);moving_rule=LULDRRLLDLU]
Watson[index=2;pos=(0,3);moving_rule=RRLLLUU]
Robot[pos=(0,3);type=SW;dist=37]
STEPT 92:
Criminal[index=0;pos=(0,38)]
Sherlock[index=1;pos=(35,0);moving_rule=LULDRRLLDLU]
Watson[index=2;pos=(0,4);moving_rule=RRLLLUU]
Robot[pos=(1,4);type=SW;dist=39]
STEPT 93:
Criminal[index=0;pos=(1,38)]
Sherlock[index=1;pos=(35,1);moving_rule=LULDRRLLDLU]
Watson[index=2;pos=(0,5);moving_rule=RRLLLUU]
Robot[pos=(0,5);type=SW;dist=39]
STEPT 94:
Criminal[index=0;pos=(0,38)]
Sherlock[index=1;pos=(35,2);moving_rule=LULDRRLLDLU]
Watson[index=2;pos=(0,4);moving_rule=RRLLLUU]
Robot[pos=(1,4);type=SW;dist=37]
STEPT 95:
Criminal[index=0;pos=(1,38)]
Sherlock[index=1;pos=(35,1);moving_rule=LULDRRLLDLU]
Watson[index=2;pos=(0,3);moving_rule=RRLLLUU]
Robot[pos=(2,3);type=SW;dist=37]
STEPT 96:
Criminal[index=0;pos=(0,38)]
Sherlock[index=1;pos=(35,0);moving_rule=LULDRRLLDLU]
Watson[index=2;pos=(0,2);moving_rule=RRLLLUU]
Robot[pos=(3,2);type=SW;dist=37]
STEPT 97:
Criminal[index=0;pos=(1,38)]
Sherlock[index=1;pos=(36,0);moving_rule=LULDRRLLDLU]
Watson[index=2;pos=(0,2);moving_rule=RRLLLUU]
Robot[pos=(1,2);type=SW;dist=38]
STEPT 98:
Criminal[index=0;pos=(0,38)]
Sherlock[index=1;pos=(36,0);moving_rule=LULDRRLLDLU]
Watson[index=2;pos=(0,2);moving_rule=RRLLLUU]
Robot[pos=(3,2);type=SW;dist=38]
STEPT 99:
Criminal[index=0;pos=(1,38)]
Sherlock[index=1;pos=(35,0);moving_rule=LULDRRLLDLU]
Watson[index=2;pos=(0,3);moving_rule=RRLLLUU]
Robot[pos=(1,2);type=SW;dist=38]
STEPT 100:
Criminal[index=0;pos=(0,38)]
Sherlock[index=1;pos=(35,0);moving_rule=LULDRRLLDLU]
Watson[index=2;pos=(0,4);moving_rule=RRLLLUU]
Robot[pos=(0,3);type=SW;dist=39]
STEPT 101:
Criminal[index=0;pos=(1,38)]
Sherlock[index=1;pos=(34,0);moving_rule=LULDRRLLDLU]
Watson[index=2;pos=(0,3);moving_rule=RRLLLUU]
Robot[pos=(2,3);type=SW;dist=37]
STEPT 102:
Criminal[index=0;pos=(0,38)]
Sherlock[index=1;pos=(34,0);moving_rule=LULDRRLLDLU]
Watson[index=2;pos=(0,2);moving_rule=RRLLLUU]
Robot[pos=(3,2);type=SW;dist=36]
STEPT 103:
Criminal[index=0;pos=(1,38)]
Sherlock[index=1;pos=(35,0);moving_rule=LULDRRLLDLU]
Watson[index=2;pos=(0,1);moving_rule=RRLLLUU]
Robot[pos=(4,1);type=SW;dist=36]
STEPT 104:
Criminal[index=0;pos=(0,38)]
Sherlock[index=1;pos=(35,1);moving_rule=LULDRRLLDLU]
Watson[index=2;pos=(0,1);moving_rule=RRLLLUU]
Robot[pos=(2,1);type=SW;dist=35]
STEPT 105:
Criminal[index=0;pos=(1,38)]
Sherlock[index=1;pos=(35,2);moving_rule=LULDRRLLDLU]
Watson[index=2;pos=(0,1);moving_rule=RRLLLUU]
Robot[pos=(0,1);type=SW;dist=36]
STEPT 106:
Criminal[index=0;pos=(0,38)]
Sherlock[index=1;pos=(35,1);moving_rule=LULDRRLLDLU]
Watson[index=2;pos=(0,2);moving_rule=RRLLLUU]
Robot[pos=(1,2);type=SW;dist=36]
STEPT 107:
Criminal[index=0;pos=(1,38)]
Sherlock[index=1;pos=(35,0);moving_rule=LULDRRLLDLU]
Watson[index=2;pos=(0,3);moving_rule=RRLLLUU]
Robot[pos=(0,3);type=SW;dist=38]
STEPT 108:
Criminal[index=0;pos=(0,38)]
Sherlock[index=1;pos=(36,0);moving_rule=LULDRRLLDLU]
Watson[index=2;pos=(0,2);moving_rule=RRLLLUU]
Robot[pos=(1,2);type=SW;dist=38]
STEPT 109:
Criminal[index=0;pos=(1,38)]
Sherlock[index=1;pos=(36,0);moving_rule=LULDRRLLDLU]
Watson[index=2;pos=(0,1);moving_rule=RRLLLUU]
Robot[pos=(2,1);type=SW;dist=37]
STEPT 110:
Criminal[index=0;pos=(0,38)]
Sherlock[index=1;pos=(35,0);moving_rule=LULDRRLLDLU]
Watson[index=2;pos=(0,0);moving_rule=RRLLLUU]
Robot[pos=(3,0);type=SW;dist=35]
STEPT 111:
Criminal[index=0;pos=(1,38)]
Sherlock[index=1;pos=(35,0);moving_rule=LULDRRLLDLU]
Watson[index=2;pos=(0,0);moving_rule=RRLLLUU]
Robot[pos=(1,0);type=SW;dist=35]
STEPT 112:
Criminal[index=0;pos=(0,38)]
Sherlock[index=1;pos=(34,0);moving_rule=LULDRRLLDLU]
Watson[index=2;pos=(0,0);moving_rule=RRLLLUU]
Robot[pos=(3,0);type=SW;dist=34]
STEPT 113:
Criminal[index=0;pos=(1,38)]
Sherlock[index=1;pos=(34,0);moving_rule=LULDRRLLDLU]
Watson[index=2;pos=(0,1);moving_rule=RRLLLUU]
Robot[pos=(1,0);type=SW;dist=35]
STEPT 114:
Criminal[index=0;pos=(0,38)]
Sherlock[index=1;pos=(35,0);moving_rule=LULDRRLLDLU]
Watson[index=2;pos=(0,2);moving_rule=RRLLLUU]
Robot[pos=(0,1);type=SW;dist=37]
STEPT 115:
Criminal[index=0;pos=(1,38)]
Sherlock[index=1;pos=(35,1);moving_rule=LULDRRLLDLU]
Watson[index=2;pos=(0,1);moving_rule=RRLLLUU]
Robot[pos=(2,1);type=SW;dist=35]
STEPT 116:
Criminal[index=0;pos=(0,38)]
Sherlock[index=1;pos=(35,2);moving_rule=LULDRRLLDLU]
Watson[index=2;pos=(0,0);moving_rule=RRLLLUU]
Robot[pos=(0,1);type=SW;dist=37]
STEPT 117:
Criminal[index=0;pos=(1,38)]
Sherlock[index=1;pos=(35,1);moving_rule=LULDRRLLDLU]
Watson[index=2;pos=(0,0);moving_rule=RRLLLUU]
Robot[pos=(2,1);type=SW;dist=36]
STEPT 118:
Criminal[index=0;pos=(0,38)]
Sherlock[index=1;pos=(35,0);moving_rule=LULDRRLLDLU]
Watson[index=2;pos=(0,0);moving_rule=RRLLLUU]
Robot[pos=(3,0);type=SW;dist=35]
STEPT 119:
Criminal[index=0;pos=(1,38)]
Sherlock[index=1;pos=(36,0);moving_rule=LULDRRLLDLU]
Watson[index=2;pos=(0,0);moving_rule=RRLLLUU]
Robot[pos=(1,0);type=SW;dist=36]
STEPT 120:
Criminal[index=0;pos=(0,38)]
Sherlock[index=1;pos=(36,0);moving_rule=LULDRRLLDLU]
Watson[index=2;pos=(0,1);moving_rule=RRLLLUU]
Robot[pos=(0,1);type=SW;dist=37]
STEPT 121:
Criminal[index=0;pos=(1,38)]
Sherlock[index=1;pos=(35,0);moving_rule=LULDRRLLDLU]
Watson[index=2;pos=(0,2);moving_rule=RRLLLUU]
Robot[pos=(1,2);type=SW;dist=37]
STEPT 122:
Criminal[index=0;pos=(0,38)]
Sherlock[index=1;pos=(35,0);moving_rule=LULDRRLLDLU]
Watson[index=2;pos=(0,1);moving_rule=RRLLLUU]
Robot[pos=(2,1);type=SW;dist=36]
STEPT 123:
Criminal[index=0;pos=(1,38)]
Sherlock[index=1;pos=(34,0);moving_rule=LULDRRLLDLU]
Watson[index=2;pos=(0,0);moving_rule=RRLLLUU]
Robot[pos=(3,0);type=SW;dist=34]
STEPT 124:
Criminal[index=0;pos=(0,38)]
Sherlock[index=1;pos=(34,0);moving_rule=LULDRRLLDLU]
Watson[index=2;pos=(0,0);moving_rule=RRLLLUU]
Robot[pos=(1,0);type=SW;dist=34]
STEPT 125:
Criminal[index=0;pos=(1,38)]
Sherlock[index=1;pos=(35,0);moving_rule=LULDRRLLDLU]
Watson[index=2;pos=(0,0);moving_rule=RRLLLUU]
Robot[pos=(3,0);type=SW;dist=35]
STEPT 126:
Criminal[index=0;pos=(0,38)]
Sherlock[index=1;pos=(35,1);moving_rule=LULDRRLLDLU]
Watson[index=2;pos=(0,0);moving_rule=RRLLLUU]
Robot[pos=(1,0);type=SW;dist=36]
STEPT 127:
Criminal[index=0;pos=(1,38)]
Sherlock[index=1;pos=(35,2);moving_rule=LULDRRLLDLU]
Watson[index=2;pos=(0,1);moving_rule=RRLLLUU]
Robot[pos=(0,1);type=SW;dist=36]
STEPT 128:
Criminal[index=0;pos=(0,38)]
Sherlock[index=1;pos=(35,1);moving_rule=LULDRRLLDLU]
Watson[index=2;pos=(0,2);moving_rule=RRLLLUU]
Robot[pos=(1,2);type=SW;dist=36]
STEPT 129:
Criminal[index=0;pos=(1,38)]
Sherlock[index=1;pos=(35,0);moving_rule=LULDRRLLDLU]
Watson[index=2;pos=(0,1);moving_rule=RRLLLUU]
Robot[pos=(2,1);type=SW;dist=36]
STEPT 130:
Criminal[index=0;pos=(0,38)]
Sherlock[index=1;pos=(36,0);moving_rule=LULDRRLLDLU]
Watson[index=2;pos=(0,0);moving_rule=RRLLLUU]
Robot[pos=(3,0);type=SW;dist=36]
STEPT 131:
Criminal[index=0;pos=(1,38)]
Sherlock[index=1;pos=(36,0);moving_rule=LULDRRLLDLU]
Watson[index=2;pos=(0,0);moving_rule=RRLLLUU]
Robot[pos=(1,0);type=SW;dist=36]
STEPT 132:
Criminal[index=0;pos=(0,38)]
Sherlock[index=1;pos=(35,0);moving_rule=LULDRRLLDLU]
Watson[index=2;pos=(0,0);moving_rule=RRLLLUU]
Robot[pos=(3,0);type=SW;dist=35]
STEPT 133:
Criminal[index=0;pos=(1,38)]
Sherlock[index=1;pos=(35,0);moving_rule=LULDRRLLDLU]
Watson[index=2;pos=(0,0);moving_rule=RRLLLUU]
Robot[pos=(1,0);type=SW;dist=35]
STEPT 134:
Criminal[index=0;pos=(0,38)]
Sherlock[index=1;pos=(34,0);moving_rule=LULDRRLLDLU]
Watson[index=2;pos=(0,1);moving_rule=RRLLLUU]
Robot[pos=(0,1);type=SW;dist=35]
STEPT 135:
Criminal[index=0;pos=(1,38)]
Sherlock[index=1;pos=(34,0);moving_rule=LULDRRLLDLU]
Watson[index=2;pos=(0,2);moving_rule=RRLLLUU]
Robot[pos=(1,2);type=SW;dist=36]
STEPT 136:
Criminal[index=0;pos=(0,38)]
Sherlock[index=1;pos=(35,0);moving_rule=LULDRRLLDLU]
Watson[index=2;pos=(0,1);moving_rule=RRLLLUU]
Robot[pos=(2,1);type=SW;dist=36]
STEPT 137:
Criminal[index=0;pos=(1,38)]
Sherlock[index=1;pos=(35,1);moving_rule=LULDRRLLDLU]
Watson[index=2;pos=(0,0);moving_rule=RRLLLUU]
Robot[pos=(0,1);type=SW;dist=36]
STEPT 138:
Criminal[index=0;pos=(0,38)]
Sherlock[index=1;pos=(35,2);moving_rule=LULDRRLLDLU]
Watson[index=2;pos=(0,0);moving_rule=RRLLLUU]
Robot[pos=(1,2);type=SW;dist=37]
STEPT 139:
Criminal[index=0;pos=(1,38)]
Sherlock[index=1;pos=(35,1);moving_rule=LULDRRLLDLU]
Watson[index=2;pos=(0,0);moving_rule=RRLLLUU]
Robot[pos=(2,1);type=SW;dist=36]
STEPT 140:
Criminal[index=0;pos=(0,38)]
Sherlock[index=1;pos=(35,0);moving_rule=LULDRRLLDLU]
Watson[index=2;pos=(0,0);moving_rule=RRLLLUU]
Robot[pos=(3,0);type=SW;dist=35]
STEPT 141:
Criminal[index=0;pos=(1,38)]
Sherlock[index=1;pos=(36,0);moving_rule=LULDRRLLDLU]
Watson[index=2;pos=(0,1);moving_rule=RRLLLUU]
Robot[pos=(1,0);type=SW;dist=37]
STEPT 142:
Criminal[index=0;pos=(0,38)]
Sherlock[index=1;pos=(36,0);moving_rule=LULDRRLLDLU]
Watson[index=2;pos=(0,2);moving_rule=RRLLLUU]
Robot[pos=(0,1);type=SW;dist=38]
STEPT 143:
Criminal[index=0;pos=(1,38)]
Sherlock[index=1;pos=(35,0);moving_rule=LULDRRLLDLU]
Watson[index=2;pos=(0,1);moving_rule=RRLLLUU]
Robot[pos=(2,1);type=SW;dist=36]
STEPT 144:
Criminal[index=0;pos=(0,38)]
Sherlock[index=1;pos=(35,0);moving_rule=LULDRRLLDLU]
Watson[index=2;pos=(0,0);moving_rule=RRLLLUU]
Robot[pos=(3,0);type=SW;dist=35]
STEPT 145:
Criminal[index=0;pos=(1,38)]
Sherlock[index=1;pos=(34,0);moving_rule=LULDRRLLDLU]
Watson[index=2;pos=(0,0);moving_rule=RRLLLUU]
Robot[pos=(1,0);type=SW;dist=34]
STEPT 146:
Criminal[index=0;pos=(0,38)]
Sherlock[index=1;pos=(34,0);moving_rule=LULDRRLLDLU]
Watson[index=2;pos=(0,0);moving_rule=RRLLLUU]
Robot[pos=(3,0);type=SW;dist=34]
STEPT 147:
Criminal[index=0;pos=(1,38)]
Sherlock[index=1;pos=(35,0);moving_rule=LULDRRLLDLU]
Watson[index=2;pos=(0,0);moving_rule=RRLLLUU]
Robot[pos=(1,0);type=SW;dist=35]
STEPT 148:
Criminal[index=0;pos=(0,38)]
Sherlock[index=1;pos=(35,1);moving_rule=LULDRRLLDLU]
Watson[index=2;pos=(0,1);moving_rule=RRLLLUU]
Robot[pos=(0,1);type=SW;dist=35]
STEPT 149:
Criminal[index=0;pos=(1,38)]
Sherlock[index=1;pos=(35,2);moving_rule=LULDRRLLDLU]
Watson[index=2;pos=(0,2);moving_rule=RRLLLUU]
Robot[pos=(1,2);type=SW;dist=35]
STEPT 150:
Criminal[index=0;pos=(0,38)]
Sherlock[index=1;pos=(35,1);moving_rule=LULDRRLLDLU]
Watson[index=2;pos=(0,1);moving_rule=RRLLLUU]
Robot[pos=(2,1);type=SW;dist=35]
STEPT 151:
Criminal[index=0;pos=(1,38)]
Sherlock[index=1;pos=(35,0);moving_rule=LULDRRLLDLU]
Watson[index=2;pos=(0,0);moving_rule=RRLLLUU]
Robot[pos=(3,0);type=SW;dist=35]
STEPT 152:
Criminal[index=0;pos=(0,38)]
Sherlock[index=1;pos=(36,0);moving_rule=LULDRRLLDLU]
Watson[index=2;pos=(0,0);moving_rule=RRLLLUU]
Robot[pos=(1,0);type=SW;dist=36]
STEPT 153:
Criminal[index=0;pos=(1,38)]
Sherlock[index=1;pos=(36,0);moving_rule=LULDRRLLDLU]
Watson[index=2;pos=(0,0);moving_rule=RRLLLUU]
Robot[pos=(3,0);type=SW;dist=36]
STEPT 154:
Criminal[index=0;pos=(0,38)]
Sherlock[index=1;pos=(35,0);moving_rule=LULDRRLLDLU]
Watson[index=2;pos=(0,0);moving_rule=RRLLLUU]
Robot[pos=(1,0);type=SW;dist=35]
STEPT 155:
Criminal[index=0;pos=(1,38)]
Sherlock[index=1;pos=(35,0);moving_rule=LULDRRLLDLU]
Watson[index=2;pos=(0,1);moving_rule=RRLLLUU]
Robot[pos=(0,1);type=SW;dist=36]
STEPT 156:
Criminal[index=0;pos=(0,38)]
Sherlock[index=1;pos=(34,0);moving_rule=LULDRRLLDLU]
Watson[index=2;pos=(0,2);moving_rule=RRLLLUU]
Robot[pos=(1,2);type=SW;dist=36]
STEPT 157:
Criminal[index=0;pos=(1,38)]
Sherlock[index=1;pos=(34,0);moving_rule=LULDRRLLDLU]
Watson[index=2;pos=(0,1);moving_rule=RRLLLUU]
Robot[pos=(2,1);type=SW;dist=35]
STEPT 158:
Criminal[index=0;pos=(0,38)]
Sherlock[index=1;pos=(35,0);moving_rule=LULDRRLLDLU]
Watson[index=2;pos=(0,0);moving_rule=RRLLLUU]
Robot[pos=(3,0);type=SW;dist=35]
STEPT 159:
Criminal[index=0;pos=(1,38)]
Sherlock[index=1;pos=(35,1);moving_rule=LULDRRLLDLU]
Watson[index=2;pos=(0,0);moving_rule=RRLLLUU]
Robot[pos=(1,0);type=SW;dist=36]
STEPT 160:
Criminal[index=0;pos=(0,38)]
Sherlock[index=1;pos=(35,2);moving_rule=LULDRRLLDLU]
Watson[index=2;pos=(0,0);moving_rule=RRLLLUU]
Robot[pos=(0,1);type=SW;dist=37]
STEPT 161:
Criminal[index=0;pos=(1,38)]
Sherlock[index=1;pos=(35,1);moving_rule=LULDRRLLDLU]
Watson[index=2;pos=(0,0);moving_rule=RRLLLUU]
Robot[pos=(2,1);type=SW;dist=36]
STEPT 162:
Criminal[index=0;pos=(0,38)]
Sherlock[index=1;pos=(35,0);moving_rule=LULDRRLLDLU]
Watson[index=2;pos=(0,1);moving_rule=RRLLLUU]
Robot[pos=(0,1);type=SW;dist=36]
STEPT 163:
Criminal[index=0;pos=(1,38)]
Sherlock[index=1;pos=(36,0);moving_rule=LULDRRLLDLU]
Watson[index=2;pos=(0,2);moving_rule=RRLLLUU]
Robot[pos=(1,2);type=SW;dist=38]
STEPT 164:
Criminal[index=0;pos=(0,38)]
Sherlock[index=1;pos=(36,0);moving_rule=LULDRRLLDLU]
Watson[index=2;pos=(0,1);moving_rule=RRLLLUU]
Robot[pos=(2,1);type=SW;dist=37]
STEPT 165:
Criminal[index=0;pos=(1,38)]
Sherlock[index=1;pos=(35,0);moving_rule=LULDRRLLDLU]
Watson[index=2;pos=(0,0);moving_rule=RRLLLUU]
Robot[pos=(3,0);type=SW;dist=35]
STEPT 166:
Criminal[index=0;pos=(0,38)]
Sherlock[index=1;pos=(35,0);moving_rule=LULDRRLLDLU]
Watson[index=2;pos=(0,0);moving_rule=RRLLLUU]
Robot[pos=(1,0);type=SW;dist=35]
STEPT 167:
Criminal[index=0;pos=(1,38)]
Sherlock[index=1;pos=(34,0);moving_rule=LULDRRLLDLU]
Watson[index=2;pos=(0,0);moving_rule=RRLLLUU]
Robot[pos=(3,0);type=SW;dist=34]
STEPT 168:
Criminal[index=0;pos=(0,38)]
Sherlock[index=1;pos=(34,0);moving_rule=LULDRRLLDLU]
Watson[index=2;pos=(0,0);moving_rule=RRLLLUU]
Robot[pos=(1,0);type=SW;dist=34]
STEPT 169:
Criminal[index=0;pos=(1,38)]
Sherlock[index=1;pos=(35,0);moving_rule=LULDRRLLDLU]
Watson[index=2;pos=(0,1);moving_rule=RRLLLUU]
Robot[pos=(0,1);type=SW;dist=36]
STEPT 170:
Criminal[index=0;pos=(0,38)]
Sherlock[index=1;pos=(35,1);moving_rule=LULDRRLLDLU]
Watson[index=2;pos=(0,2);moving_rule=RRLLLUU]
Robot[pos=(1,2);type=SW;dist=36]
STEPT 171:
Criminal[index=0;pos=(1,38)]
Sherlock[index=1;pos=(35,2);moving_rule=LULDRRLLDLU]
Watson[index=2;pos=(0,1);moving_rule=RRLLLUU]
Robot[pos=(3,2);type=SW;dist=36]
STEPT 172:
Criminal[index=0;pos=(0,38)]
Sherlock[index=1;pos=(35,1);moving_rule=LULDRRLLDLU]
Watson[index=2;pos=(0,0);moving_rule=RRLLLUU]
Robot[pos=(4,1);type=SW;dist=36]
STEPT 173:
Criminal[index=0;pos=(1,38)]
Sherlock[index=1;pos=(35,0);moving_rule=LULDRRLLDLU]
Watson[index=2;pos=(0,0);moving_rule=RRLLLUU]
Robot[pos=(5,0);type=SW;dist=35]
STEPT 174:
Criminal[index=0;pos=(0,38)]
Sherlock[index=1;pos=(36,0);moving_rule=LULDRRLLDLU]
Watson[index=2;pos=(0,0);moving_rule=RRLLLUU]
Robot[pos=(3,0);type=SW;dist=36]
STEPT 175:
Criminal[index=0;pos=(1,38)]
Sherlock[index=1;pos=(36,0);moving_rule=LULDRRLLDLU]
Watson[index=2;pos=(0,0);moving_rule=RRLLLUU]
Robot[pos=(1,0);type=SW;dist=36]
STEPT 176:
Criminal[index=0;pos=(0,38)]
Sherlock[index=1;pos=(35,0);moving_rule=LULDRRLLDLU]
Watson[index=2;pos=(0,1);moving_rule=RRLLLUU]
Robot[pos=(0,1);type=SW;dist=36]
STEPT 177:
Criminal[index=0;pos=(1,38)]
Sherlock[index=1;pos=(35,0);moving_rule=LULDRRLLDLU]
Watson[index=2;pos=(0,2);moving_rule=RRLLLUU]
Robot[pos=(1,2);type=SW;dist=37]
STEPT 178:
Criminal[index=0;pos=(0,38)]
Sherlock[index=1;pos=(34,0);moving_rule=LULDRRLLDLU]
Watson[index=2;pos=(0,1);moving_rule=RRLLLUU]
Robot[pos=(2,1);type=SW;dist=35]
STEPT 179:
Criminal[index=0;pos=(1,38)]
Sherlock[index=1;pos=(34,0);moving_rule=LULDRRLLDLU]
Watson[index=2;pos=(0,0);moving_rule=RRLLLUU]
Robot[pos=(3,0);type=SW;dist=34]
STEPT 180:
Criminal[index=0;pos=(0,38)]
Sherlock[index=1;pos=(35,0);moving_rule=LULDRRLLDLU]
Watson[index=2;pos=(0,0);moving_rule=RRLLLUU]
Robot[pos=(1,0);type=SW;dist=35]
STEPT 181:
Criminal[index=0;pos=(1,38)]
Sherlock[index=1;pos=(35,1);moving_rule=LULDRRLLDLU]
Watson[index=2;pos=(0,0);moving_rule=RRLLLUU]
Robot[pos=(0,1);type=SW;dist=36]
STEPT 182:
Criminal[index=0;pos=(0,38)]
Sherlock[index=1;pos=(35,2);moving_rule=LULDRRLLDLU]
Watson[index=2;pos=(0,0);moving_rule=RRLLLUU]
Robot[pos=(1,2);type=SW;dist=37]
STEPT 183:
Criminal[index=0;pos=(1,38)]
Sherlock[index=1;pos=(35,1);moving_rule=LULDRRLLDLU]
Watson[index=2;pos=(0,1);moving_rule=RRLLLUU]
Robot[pos=(2,1);type=SW;dist=35]
STEPT 184:
Criminal[index=0;pos=(0,38)]
Sherlock[index=1;pos=(35,0);moving_rule=LULDRRLLDLU]
Watson[index=2;pos=(0,2);moving_rule=RRLLLUU]
Robot[pos=(0,1);type=SW;dist=37]
STEPT 185:
Criminal[index=0;pos=(1,38)]
Sherlock[index=1;pos=(36,0);moving_rule=LULDRRLLDLU]
Watson[index=2;pos=(0,1);moving_rule=RRLLLUU]
Robot[pos=(2,1);type=SW;dist=37]
STEPT 186:
Criminal[index=0;pos=(0,38)]
Sherlock[index=1;pos=(36,0);moving_rule=LULDRRLLDLU]
Watson[index=2;pos=(0,0);moving_rule=RRLLLUU]
Robot[pos=(3,0);type=SW;dist=36]
STEPT 187:
Criminal[index=0;pos=(1,38)]
Sherlock[index=1;pos=(35,0);moving_rule=LULDRRLLDLU]
Watson[index=2;pos=(0,0);moving_rule=RRLLLUU]
Robot[pos=(1,0);type=SW;dist=35]
STEPT 188:
Criminal[index=0;pos=(0,38)]
Sherlock[index=1;pos=(35,0);moving_rule=LULDRRLLDLU]
Watson[index=2;pos=(0,0);moving_rule=RRLLLUU]
Robot[pos=(3,0);type=SW;dist=35]
STEPT 189:
Criminal[index=0;pos=(1,38)]
Sherlock[index=1;pos=(34,0);moving_rule=LULDRRLLDLU]
Watson[index=2;pos=(0,0);moving_rule=RRLLLUU]
Robot[pos=(1,0);type=SW;dist=34]
STEPT 190:
Criminal[index=0;pos=(0,38)]
Sherlock[index=1;pos=(34,0);moving_rule=LULDRRLLDLU]
Watson[index=2;pos=(0,1);moving_rule=RRLLLUU]
Robot[pos=(0,1);type=SW;dist=35]
STEPT 191:
Criminal[index=0;pos=(1,38)]
Sherlock[index=1;pos=(35,0);moving_rule=LULDRRLLDLU]
Watson[index=2;pos=(0,2);moving_rule=RRLLLUU]
Robot[pos=(1,2);type=SW;dist=37]
STEPT 192:
Criminal[index=0;pos=(0,38)]
Sherlock[index=1;pos=(35,1);moving_rule=LULDRRLLDLU]
Watson[index=2;pos=(0,1);moving_rule=RRLLLUU]
Robot[pos=(2,1);type=SW;dist=35]
STEPT 193:
Criminal[index=0;pos=(1,38)]
Sherlock[index=1;pos=(35,2);moving_rule=LULDRRLLDLU]
Watson[index=2;pos=(0,0);moving_rule=RRLLLUU]
Robot[pos=(0,1);type=SW;dist=37]
STEPT 194:
Criminal[index=0;pos=(0,38)]
Sherlock[index=1;pos=(35,1);moving_rule=LULDRRLLDLU]
Watson[index=2;pos=(0,0);moving_rule=RRLLLUU]
Robot[pos=(2,1);type=SW;dist=36]
STEPT 195:
Criminal[index=0;pos=(1,38)]
Sherlock[index=1;pos=(35,0);moving_rule=LULDRRLLDLU]
Watson[index=2;pos=(0,0);moving_rule=RRLLLUU]
Robot[pos=(3,0);type=SW;dist=35]
STEPT 196:
Criminal[index=0;pos=(0,38)]
Sherlock[index=1;pos=(36,0);moving_rule=LULDRRLLDLU]
Watson[index=2;pos=(0,0);moving_rule=RRLLLUU]
Robot[pos=(1,0);type=SW;dist=36]
STEPT 197:
Criminal[index=0;pos=(1,38)]
Sherlock[index=1;pos=(36,0);moving_rule=LULDRRLLDLU]
Watson[index=2;pos=(0,1);moving_rule=RRLLLUU]
Robot[pos=(0,1);type=SW;dist=37]
STEPT 198:
Criminal[index=0;pos=(0,38)]
Sherlock[index=1;pos=(35,0);moving_rule=LULDRRLLDLU]
Watson[index=2;pos=(0,2);moving_rule=RRLLLUU]
Robot[pos=(1,2);type=SW;dist=37]
STEPT 199:
Criminal[index=0;pos=(1,38)]
Sherlock[index=1;pos=(35,0);moving_rule=LULDRRLLDLU]
Watson[index=2;pos=(0,1);moving_rule=RRLLLUU]
Robot[pos=(2,1);type=SW;dist=36]
STEPT 200:
Criminal[index=0;pos=(0,38)]
Sherlock[index=1;pos=(34,0);moving_rule=LULDRRLLDLU]
Watson[index=2;pos=(0,0);moving_rule=RRLLLUU]
Robot[pos=(3,0);type=SW;dist=34]
