Criminal[index=0;pos=(4,4)]
Sherlock[index=1;pos=(7,4);moving_rule=DLDLLLRUDRLLDL]
Watson[index=2;pos=(2,12);moving_rule=UD]
Robot[pos=(4,10);type=SW;dist=13]
CRIMINAL -> SHERLOCK -> WATSON -> ROBOTSW
STEPT 1:
Criminal[index=0;pos=(4,3)]
Sherlock[index=1;pos=(8,4);moving_rule=DLDLLLRUDRLLDL]
Watson[index=2;pos=(1,12);moving_rule=UD]
Robot[pos=(2,10);type=SW;dist=15]
STEPT 2:
Criminal[index=0;pos=(4,2)]
Sherlock[index=1;pos=(8,3);moving_rule=DLDLLLRUDRLLDL]
Watson[index=2;pos=(2,12);moving_rule=UD]
Robot[pos=(2,12);type=SW;dist=15]
STEPT 3:
Criminal[index=0;pos=(4,1)]
Sherlock[index=1;pos=(9,3);moving_rule=DLDLLLRUDRLLDL]
Watson[index=2;pos=(1,12);moving_rule=UD]
Robot[pos=(4,12);type=SW;dist=17]
STEPT 4:
Criminal[index=0;pos=(4,0)]
Sherlock[index=1;pos=(9,2);moving_rule=DLDLLLRUDRLLDL]
Watson[index=2;pos=(2,12);moving_rule=UD]
Robot[pos=(2,12);type=SW;dist=17]
STEPT 5:
Criminal[index=0;pos=(3,0)]
Sherlock[index=1;pos=(9,1);moving_rule=DLDLLLRUDRLLDL]
Watson[index=2;pos=(1,12);moving_rule=UD]
Robot[pos=(4,12);type=SW;dist=19]
STEPT 6:
Criminal[index=0;pos=(2,0)]
Sherlock[index=1;pos=(9,0);moving_rule=DLDLLLRUDRLLDL]
Watson[index=2;pos=(2,12);moving_rule=UD]
Robot[pos=(2,12);type=SW;dist=19]
STEPT 7:
Criminal[index=0;pos=(1,0)]
Sherlock[index=1;pos=(9,1);moving_rule=DLDLLLRUDRLLDL]
Watson[index=2;pos=(1,12);moving_rule=UD]
Robot[pos=(4,12);type=SW;dist=19]
STEPT 8:
Criminal[index=0;pos=(0,0)]
Sherlock[index=1;pos=(8,1);moving_rule=DLDLLLRUDRLLDL]
Watson[index=2;pos=(2,12);moving_rule=UD]
Robot[pos=(2,12);type=SW;dist=17]
STEPT 9:
Criminal[index=0;pos=(1,0)]
Sherlock[index=1;pos=(9,1);moving_rule=DLDLLLRUDRLLDL]
Watson[index=2;pos=(1,12);moving_rule=UD]
Robot[pos=(4,12);type=SW;dist=19]
STEPT 10:
Criminal[index=0;pos=(0,0)]
Sherlock[index=1;pos=(9,2);moving_rule=DLDLLLRUDRLLDL]
Watson[index=2;pos=(2,12);moving_rule=UD]
Robot[pos=(2,12);type=SW;dist=17]
STEPT 11:
Criminal[index=0;pos=(1,0)]
Sherlock[index=1;pos=(9,1);moving_rule=DLDLLLRUDRLLDL]
Watson[index=2;pos=(1,12);moving_rule=UD]
Robot[pos=(4,12);type=SW;dist=19]
STEPT 12:
Criminal[index=0;pos=(0,0)]
Sherlock[index=1;pos=(9,0);moving_rule=DLDLLLRUDRLLDL]
Watson[index=2;pos=(2,12);moving_rule=UD]
Robot[pos=(2,12);type=SW;dist=19]
STEPT 13:
Criminal[index=0;pos=(0,1)]
Sherlock[index=1;pos=(10,0);moving_rule=DLDLLLRUDRLLDL]
Watson[index=2;pos=(1,12);moving_rule=UD]
Robot[pos=(4,12);type=SW;dist=21]
STEPT 14:
Criminal[index=0;pos=(0,0)]
Sherlock[index=1;pos=(10,0);moving_rule=DLDLLLRUDRLLDL]
Watson[index=2;pos=(2,12);moving_rule=UD]
Robot[pos=(2,12);type=SW;dist=20]
STEPT 15:
Criminal[index=0;pos=(0,1)]
Sherlock[index=1;pos=(11,0);moving_rule=DLDLLLRUDRLLDL]
Watson[index=2;pos=(1,12);moving_rule=UD]
Robot[pos=(4,12);type=SW;dist=22]
STEPT 16:
Criminal[index=0;pos=(0,0)]
Sherlock[index=1;pos=(11,0);moving_rule=DLDLLLRUDRLLDL]
Watson[index=2;pos=(2,12);moving_rule=UD]
Robot[pos=(2,12);type=SW;dist=21]
STEPT 17:
Criminal[index=0;pos=(0,1)]
Sherlock[index=1;pos=(12,0);moving_rule=DLDLLLRUDRLLDL]
Watson[index=2;pos=(1,12);moving_rule=UD]
Robot[pos=(4,12);type=SW;dist=23]
STEPT 18:
Criminal[index=0;pos=(0,0)]
Sherlock[index=1;pos=(12,0);moving_rule=DLDLLLRUDRLLDL]
Watson[index=2;pos=(2,12);moving_rule=UD]
Robot[pos=(2,12);type=SW;dist=22]
STEPT 19:
Criminal[index=0;pos=(0,1)]
Sherlock[index=1;pos=(12,0);moving_rule=DLDLLLRUDRLLDL]
Watson[index=2;pos=(1,12);moving_rule=UD]
Robot[pos=(4,12);type=SW;dist=23]
STEPT 20:
Criminal[index=0;pos=(0,0)]
Sherlock[index=1;pos=(12,0);moving_rule=DLDLLLRUDRLLDL]
Watson[index=2;pos=(2,12);moving_rule=UD]
Robot[pos=(2,12);type=SW;dist=22]
STEPT 21:
Criminal[index=0;pos=(0,1)]
Sherlock[index=1;pos=(12,1);moving_rule=DLDLLLRUDRLLDL]
Watson[index=2;pos=(1,12);moving_rule=UD]
Robot[pos=(4,12);type=SW;dist=22]
STEPT 22:
Criminal[index=0;pos=(0,0)]
Sherlock[index=1;pos=(11,1);moving_rule=DLDLLLRUDRLLDL]
Watson[index=2;pos=(2,12);moving_rule=UD]
Robot[pos=(2,12);type=SW;dist=20]
STEPT 23:
Criminal[index=0;pos=(1,0)]
Sherlock[index=1;pos=(12,1);moving_rule=DLDLLLRUDRLLDL]
Watson[index=2;pos=(1,12);moving_rule=UD]
Robot[pos=(4,12);type=SW;dist=22]
STEPT 24:
Criminal[index=0;pos=(0,0)]
Sherlock[index=1;pos=(12,2);moving_rule=DLDLLLRUDRLLDL]
Watson[index=2;pos=(2,12);moving_rule=UD]
Robot[pos=(2,12);type=SW;dist=20]
STEPT 25:
Criminal[index=0;pos=(1,0)]
Sherlock[index=1;pos=(12,1);moving_rule=DLDLLLRUDRLLDL]
Watson[index=2;pos=(1,12);moving_rule=UD]
Robot[pos=(4,12);type=SW;dist=22]
STEPT 26:
Criminal[index=0;pos=(0,0)]
Sherlock[index=1;pos=(12,0);moving_rule=DLDLLLRUDRLLDL]
Watson[index=2;pos=(2,12);moving_rule=UD]
Robot[pos=(2,12);type=SW;dist=22]
STEPT 27:
Criminal[index=0;pos=(0,1)]
Sherlock[index=1;pos=(13,0);moving_rule=DLDLLLRUDRLLDL]
Watson[index=2;pos=(1,12);moving_rule=UD]
Robot[pos=(4,12);type=SW;dist=24]
STEPT 28:
Criminal[index=0;pos=(0,0)]
Sherlock[index=1;pos=(13,0);moving_rule=DLDLLLRUDRLLDL]
Watson[index=2;pos=(2,12);moving_rule=UD]
Robot[pos=(2,12);type=SW;dist=23]
STEPT 29:
Criminal[index=0;pos=(0,1)]
Sherlock[index=1;pos=(14,0);moving_rule=DLDLLLRUDRLLDL]
Watson[index=2;pos=(1,12);moving_rule=UD]
Robot[pos=(4,12);type=SW;dist=25]
STEPT 30:
Criminal[index=0;pos=(0,0)]
Sherlock[index=1;pos=(14,0);moving_rule=DLDLLLRUDRLLDL]
Watson[index=2;pos=(2,12);moving_rule=UD]
Robot[pos=(2,12);type=SW;dist=24]
STEPT 31:
Criminal[index=0;pos=(0,1)]
Sherlock[index=1;pos=(15,0);moving_rule=DLDLLLRUDRLLDL]
Watson[index=2;pos=(1,12);moving_rule=UD]
Robot[pos=(4,12);type=SW;dist=26]
STEPT 32:
Criminal[index=0;pos=(0,0)]
Sherlock[index=1;pos=(15,0);moving_rule=DLDLLLRUDRLLDL]
Watson[index=2;pos=(2,12);moving_rule=UD]
Robot[pos=(2,12);type=SW;dist=25]
STEPT 33:
Criminal[index=0;pos=(0,1)]
Sherlock[index=1;pos=(15,0);moving_rule=DLDLLLRUDRLLDL]
Watson[index=2;pos=(1,12);moving_rule=UD]
Robot[pos=(4,12);type=SW;dist=26]
STEPT 34:
Criminal[index=0;pos=(0,0)]
Sherlock[index=1;pos=(15,0);moving_rule=DLDLLLRUDRLLDL]
Watson[index=2;pos=(2,12);moving_rule=UD]
Robot[pos=(2,12);type=SW;dist=25]
STEPT 35:
Criminal[index=0;pos=(0,1)]
Sherlock[index=1;pos=(15,1);moving_rule=DLDLLLRUDRLLDL]
Watson[index=2;pos=(1,12);moving_rule=UD]
Robot[pos=(4,12);type=SW;dist=25]
STEPT 36:
Criminal[index=0;pos=(0,0)]
Sherlock[index=1;pos=(14,1);moving_rule=DLDLLLRUDRLLDL]
Watson[index=2;pos=(2,12);moving_rule=UD]
Robot[pos=(2,12);type=SW;dist=23]
STEPT 37:
Criminal[index=0;pos=(1,0)]
Sherlock[index=1;pos=(15,1);moving_rule=DLDLLLRUDRLLDL]
Watson[index=2;pos=(1,12);moving_rule=UD]
Robot[pos=(4,12);type=SW;dist=25]
STEPT 38:
Criminal[index=0;pos=(0,0)]
Sherlock[index=1;pos=(15,2);moving_rule=DLDLLLRUDRLLDL]
Watson[index=2;pos=(2,12);moving_rule=UD]
Robot[pos=(2,12);type=SW;dist=23]
STEPT 39:
Criminal[index=0;pos=(1,0)]
Sherlock[index=1;pos=(15,1);moving_rule=DLDLLLRUDRLLDL]
Watson[index=2;pos=(1,12);moving_rule=UD]
Robot[pos=(4,12);type=SW;dist=25]
STEPT 40:
Criminal[index=0;pos=(0,0)]
Sherlock[index=1;pos=(15,0);moving_rule=DLDLLLRUDRLLDL]
Watson[index=2;pos=(2,12);moving_rule=UD]
Robot[pos=(2,12);type=SW;dist=25]
STEPT 41:
Criminal[index=0;pos=(0,1)]
Sherlock[index=1;pos=(16,0);moving_rule=DLDLLLRUDRLLDL]
Watson[index=2;pos=(1,12);moving_rule=UD]
Robot[pos=(4,12);type=SW;dist=27]
STEPT 42:
Criminal[index=0;pos=(0,0)]
Sherlock[index=1;pos=(16,0);moving_rule=DLDLLLRUDRLLDL]
Watson[index=2;pos=(2,12);moving_rule=UD]
Robot[pos=(2,12);type=SW;dist=26]
STEPT 43:
Criminal[index=0;pos=(0,1)]
Sherlock[index=1;pos=(17,0);moving_rule=DLDLLLRUDRLLDL]
Watson[index=2;pos=(1,12);moving_rule=UD]
Robot[pos=(4,12);type=SW;dist=28]
STEPT 44:
Criminal[index=0;pos=(0,0)]
Sherlock[index=1;pos=(17,0);moving_rule=DLDLLLRUDRLLDL]
Watson[index=2;pos=(2,12);moving_rule=UD]
Robot[pos=(2,12);type=SW;dist=27]
STEPT 45:
Criminal[index=0;pos=(0,1)]
Sherlock[index=1;pos=(18,0);moving_rule=DLDLLLRUDRLLDL]
Watson[index=2;pos=(1,12);moving_rule=UD]
Robot[pos=(4,12);type=SW;dist=29]
STEPT 46:
Criminal[index=0;pos=(0,0)]
Sherlock[index=1;pos=(18,0);moving_rule=DLDLLLRUDRLLDL]
Watson[index=2;pos=(2,12);moving_rule=UD]
Robot[pos=(2,12);type=SW;dist=28]
STEPT 47:
Criminal[index=0;pos=(0,1)]
Sherlock[index=1;pos=(18,0);moving_rule=DLDLLLRUDRLLDL]
Watson[index=2;pos=(1,12);moving_rule=UD]
Robot[pos=(4,12);type=SW;dist=29]
STEPT 48:
Criminal[index=0;pos=(0,0)]
Sherlock[index=1;pos=(18,0);moving_rule=DLDLLLRUDRLLDL]
Watson[index=2;pos=(2,12);moving_rule=UD]
Robot[pos=(2,12);type=SW;dist=28]
STEPT 49:
Criminal[index=0;pos=(0,1)]
Sherlock[index=1;pos=(18,1);moving_rule=DLDLLLRUDRLLDL]
Watson[index=2;pos=(1,12);moving_rule=UD]
Robot[pos=(4,12);type=SW;dist=28]
STEPT 50:
Criminal[index=0;pos=(0,0)]
Sherlock[index=1;pos=(17,1);moving_rule=DLDLLLRUDRLLDL]
Watson[index=2;pos=(2,12);moving_rule=UD]
Robot[pos=(2,12);type=SW;dist=26]
STEPT 51:
Criminal[index=0;pos=(1,0)]
Sherlock[index=1;pos=(18,1);moving_rule=DLDLLLRUDRLLDL]
Watson[index=2;pos=(1,12);moving_rule=UD]
Robot[pos=(4,12);type=SW;dist=28]
STEPT 52:
Criminal[index=0;pos=(0,0)]
Sherlock[index=1;pos=(18,2);moving_rule=DLDLLLRUDRLLDL]
Watson[index=2;pos=(2,12);moving_rule=UD]
Robot[pos=(2,12);type=SW;dist=26]
STEPT 53:
Criminal[index=0;pos=(1,0)]
Sherlock[index=1;pos=(18,1);moving_rule=DLDLLLRUDRLLDL]
Watson[index=2;pos=(1,12);moving_rule=UD]
Robot[pos=(4,12);type=SW;dist=28]
STEPT 54:
Criminal[index=0;pos=(0,0)]
Sherlock[index=1;pos=(18,0);moving_rule=DLDLLLRUDRLLDL]
Watson[index=2;pos=(2,12);moving_rule=UD]
Robot[pos=(2,12);type=SW;dist=28]
STEPT 55:
Criminal[index=0;pos=(0,1)]
Sherlock[index=1;pos=(19,0);moving_rule=DLDLLLRUDRLLDL]
Watson[index=2;pos=(1,12);moving_rule=UD]
Robot[pos=(4,12);type=SW;dist=30]
STEPT 56:
Criminal[index=0;pos=(0,0)]
Sherlock[index=1;pos=(19,0);moving_rule=DLDLLLRUDRLLDL]
Watson[index=2;pos=(2,12);moving_rule=UD]
Robot[pos=(2,12);type=SW;dist=29]
STEPT 57:
Criminal[index=0;pos=(0,1)]
Sherlock[index=1;pos=(20,0);moving_rule=DLDLLLRUDRLLDL]
Watson[index=2;pos=(1,12);moving_rule=UD]
Robot[pos=(4,12);type=SW;dist=31]
STEPT 58:
Criminal[index=0;pos=(0,0)]
Sherlock[index=1;pos=(20,0);moving_rule=DLDLLLRUDRLLDL]
Watson[index=2;pos=(2,12);moving_rule=UD]
Robot[pos=(2,12);type=SW;dist=30]
STEPT 59:
Criminal[index=0;pos=(0,1)]
Sherlock[index=1;pos=(21,0);moving_rule=DLDLLLRUDRLLDL]
Watson[index=2;pos=(1,12);moving_rule=UD]
Robot[pos=(4,12);type=SW;dist=32]
STEPT 60:
Criminal[index=0;pos=(0,0)]
Sherlock[index=1;pos=(21,0);moving_rule=DLDLLLRUDRLLDL]
Watson[index=2;pos=(2,12);moving_rule=UD]
Robot[pos=(2,12);type=SW;dist=31]
STEPT 61:
Criminal[index=0;pos=(0,1)]
Sherlock[index=1;pos=(21,0);moving_rule=DLDLLLRUDRLLDL]
Watson[index=2;pos=(1,12);moving_rule=UD]
Robot[pos=(4,12);type=SW;dist=32]
STEPT 62:
Criminal[index=0;pos=(0,0)]
Sherlock[index=1;pos=(21,0);moving_rule=DLDLLLRUDRLLDL]
Watson[index=2;pos=(2,12);moving_rule=UD]
Robot[pos=(2,12);type=SW;dist=31]
STEPT 63:
Criminal[index=0;pos=(0,1)]
Sherlock[index=1;pos=(21,1);moving_rule=DLDLLLRUDRLLDL]
Watson[index=2;pos=(1,12);moving_rule=UD]
Robot[pos=(4,12);type=SW;dist=31]
STEPT 64:
Criminal[index=0;pos=(0,0)]
Sherlock[index=1;pos=(20,1);moving_rule=DLDLLLRUDRLLDL]
Watson[index=2;pos=(2,12);moving_rule=UD]
Robot[pos=(2,12);type=SW;dist=29]
STEPT 65:
Criminal[index=0;pos=(1,0)]
Sherlock[index=1;pos=(21,1);moving_rule=DLDLLLRUDRLLDL]
Watson[index=2;pos=(1,12);moving_rule=UD]
Robot[pos=(4,12);type=SW;dist=31]
STEPT 66:
Criminal[index=0;pos=(0,0)]
Sherlock[index=1;pos=(21,2);moving_rule=DLDLLLRUDRLLDL]
Watson[index=2;pos=(2,12);moving_rule=UD]
Robot[pos=(2,12);type=SW;dist=29]
STEPT 67:
Criminal[index=0;pos=(1,0)]
Sherlock[index=1;pos=(21,1);moving_rule=DLDLLLRUDRLLDL]
Watson[index=2;pos=(1,12);moving_rule=UD]
Robot[pos=(4,12);type=SW;dist=31]
STEPT 68:
Criminal[index=0;pos=(0,0)]
Sherlock[index=1;pos=(21,0);moving_rule=DLDLLLRUDRLLDL]
Watson[index=2;pos=(2,12);moving_rule=UD]
Robot[pos=(2,12);type=SW;dist=31]
STEPT 69:
Criminal[index=0;pos=(0,1)]
Sherlock[index=1;pos=(21,0);moving_rule=DLDLLLRUDRLLDL]
Watson[index=2;pos=(1,12);moving_rule=UD]
Robot[pos=(4,12);type=SW;dist=32]
STEPT 70:
Criminal[index=0;pos=(0,0)]
Sherlock[index=1;pos=(21,0);moving_rule=DLDLLLRUDRLLDL]
Watson[index=2;pos=(2,12);moving_rule=UD]
Robot[pos=(2,12);type=SW;dist=31]
STEPT 71:
Criminal[index=0;pos=(0,1)]
Sherlock[index=1;pos=(21,0);moving_rule=DLDLLLRUDRLLDL]
Watson[index=2;pos=(1,12);moving_rule=UD]
Robot[pos=(4,12);type=SW;dist=32]
STEPT 72:
Criminal[index=0;pos=(0,0)]
Sherlock[index=1;pos=(21,0);moving_rule=DLDLLLRUDRLLDL]
Watson[index=2;pos=(2,12);moving_rule=UD]
Robot[pos=(2,12);type=SW;dist=31]
STEPT 73:
Criminal[index=0;pos=(0,1)]
Sherlock[index=1;pos=(21,0);moving_rule=DLDLLLRUDRLLDL]
Watson[index=2;pos=(1,12);moving_rule=UD]
Robot[pos=(4,12);type=SW;dist=32]
STEPT 74:
Criminal[index=0;pos=(0,0)]
Sherlock[index=1;pos=(21,0);moving_rule=DLDLLLRUDRLLDL]
Watson[index=2;pos=(2,12);moving_rule=UD]
Robot[pos=(2,12);type=SW;dist=31]
STEPT 75:
Criminal[index=0;pos=(0,1)]
Sherlock[index=1;pos=(21,0);moving_rule=DLDLLLRUDRLLDL]
Watson[index=2;pos=(1,12);moving_rule=UD]
Robot[pos=(4,12);type=SW;dist=32]
STEPT 76:
Criminal[index=0;pos=(0,0)]
Sherlock[index=1;pos=(21,0);moving_rule=DLDLLLRUDRLLDL]
Watson[index=2;pos=(2,12);moving_rule=UD]
Robot[pos=(2,12);type=SW;dist=31]
STEPT 77:
Criminal[index=0;pos=(0,1)]
Sherlock[index=1;pos=(21,1);moving_rule=DLDLLLRUDRLLDL]
Watson[index=2;pos=(1,12);moving_rule=UD]
Robot[pos=(4,12);type=SW;dist=31]
STEPT 78:
Criminal[index=0;pos=(0,0)]
Sherlock[index=1;pos=(20,1);moving_rule=DLDLLLRUDRLLDL]
Watson[index=2;pos=(2,12);moving_rule=UD]
Robot[pos=(2,12);type=SW;dist=29]
STEPT 79:
Criminal[index=0;pos=(1,0)]
Sherlock[index=1;pos=(21,1);moving_rule=DLDLLLRUDRLLDL]
Watson[index=2;pos=(1,12);moving_rule=UD]
Robot[pos=(4,12);type=SW;dist=31]
STEPT 80:
Criminal[index=0;pos=(0,0)]
Sherlock[index=1;pos=(21,2);moving_rule=DLDLLLRUDRLLDL]
Watson[index=2;pos=(2,12);moving_rule=UD]
Robot[pos=(2,12);type=SW;dist=29]
STEPT 81:
Criminal[index=0;pos=(1,0)]
Sherlock[index=1;pos=(21,1);moving_rule=DLDLLLRUDRLLDL]
Watson[index=2;pos=(1,12);moving_rule=UD]
Robot[pos=(4,12);type=SW;dist=31]
STEPT 82:
Criminal[index=0;pos=(0,0)]
Sherlock[index=1;pos=(21,0);moving_rule=DLDLLLRUDRLLDL]
Watson[index=2;pos=(2,12);moving_rule=UD]
Robot[pos=(2,12);type=SW;dist=31]
STEPT 83:
Criminal[index=0;pos=(0,1)]
Sherlock[index=1;pos=(21,0);moving_rule=DLDLLLRUDRLLDL]
Watson[index=2;pos=(1,12);moving_rule=UD]
Robot[pos=(4,12);type=SW;dist=32]
STEPT 84:
Criminal[index=0;pos=(0,0)]
Sherlock[index=1;pos=(21,0);moving_rule=DLDLLLRUDRLLDL]
Watson[index=2;pos=(2,12);moving_rule=UD]
Robot[pos=(2,12);type=SW;dist=31]
STEPT 85:
Criminal[index=0;pos=(0,1)]
Sherlock[index=1;pos=(21,0);moving_rule=DLDLLLRUDRLLDL]
Watson[index=2;pos=(1,12);moving_rule=UD]
Robot[pos=(4,12);type=SW;dist=32]
STEPT 86:
Criminal[index=0;pos=(0,0)]
Sherlock[index=1;pos=(21,0);moving_rule=DLDLLLRUDRLLDL]
Watson[index=2;pos=(2,12);moving_rule=UD]
Robot[pos=(2,12);type=SW;dist=31]
STEPT 87:
Criminal[index=0;pos=(0,1)]
Sherlock[index=1;pos=(21,0);moving_rule=DLDLLLRUDRLLDL]
Watson[index=2;pos=(1,12);moving_rule=UD]
Robot[pos=(4,12);type=SW;dist=32]
STEPT 88:
Criminal[index=0;pos=(0,0)]
Sherlock[index=1;pos=(21,0);moving_rule=DLDLLLRUDRLLDL]
Watson[index=2;pos=(2,12);moving_rule=UD]
Robot[pos=(2,12);type=SW;dist=31]
STEPT 89:
Criminal[index=0;pos=(0,1)]
Sherlock[index=1;pos=(21,0);moving_rule=DLDLLLRUDRLLDL]
Watson[index=2;pos=(1,12);moving_rule=UD]
Robot[pos=(4,12);type=SW;dist=32]
STEPT 90:
Criminal[index=0;pos=(0,0)]
Sherlock[index=1;pos=(21,0);moving_rule=DLDLLLRUDRLLDL]
Watson[index=2;pos=(2,12);moving_rule=UD]
Robot[pos=(2,12);type=SW;dist=31]
STEPT 91:
Criminal[index=0;pos=(0,1)]
Sherlock[index=1;pos=(21,1);moving_rule=DLDLLLRUDRLLDL]
Watson[index=2;pos=(1,12);moving_rule=UD]
Robot[pos=(4,12);type=SW;dist=31]
STEPT 92:
Criminal[index=0;pos=(0,0)]
Sherlock[index=1;pos=(20,1);moving_rule=DLDLLLRUDRLLDL]
Watson[index=2;pos=(2,12);moving_rule=UD]
Robot[pos=(2,12);type=SW;dist=29]
STEPT 93:
Criminal[index=0;pos=(1,0)]
Sherlock[index=1;pos=(21,1);moving_rule=DLDLLLRUDRLLDL]
Watson[index=2;pos=(1,12);moving_rule=UD]
Robot[pos=(4,12);type=SW;dist=31]
STEPT 94:
Criminal[index=0;pos=(0,0)]
Sherlock[index=1;pos=(21,2);moving_rule=DLDLLLRUDRLLDL]
Watson[index=2;pos=(2,12);moving_rule=UD]
Robot[pos=(2,12);type=SW;dist=29]
STEPT 95:
Criminal[index=0;pos=(1,0)]
Sherlock[index=1;pos=(21,1);moving_rule=DLDLLLRUDRLLDL]
Watson[index=2;pos=(1,12);moving_rule=UD]
Robot[pos=(4,12);type=SW;dist=31]
STEPT 96:
Criminal[index=0;pos=(0,0)]
Sherlock[index=1;pos=(21,0);moving_rule=DLDLLLRUDRLLDL]
Watson[index=2;pos=(2,12);moving_rule=UD]
Robot[pos=(2,12);type=SW;dist=31]
STEPT 97:
Criminal[index=0;pos=(0,1)]
Sherlock[index=1;pos=(21,0);moving_rule=DLDLLLRUDRLLDL]
Watson[index=2;pos=(1,12);moving_rule=UD]
Robot[pos=(4,12);type=SW;dist=32]
STEPT 98:
Criminal[index=0;pos=(0,0)]
Sherlock[index=1;pos=(21,0);moving_rule=DLDLLLRUDRLLDL]
Watson[index=2;pos=(2,12);moving_rule=UD]
Robot[pos=(2,12);type=SW;dist=31]
STEPT 99:
Criminal[index=0;pos=(0,1)]
Sherlock[index=1;pos=(21,0);moving_rule=DLDLLLRUDRLLDL]
Watson[index=2;pos=(1,12);moving_rule=UD]
Robot[pos=(4,12);type=SW;dist=32]
STEPT 100:
Criminal[index=0;pos=(0,0)]
Sherlock[index=1;pos=(21,0);moving_rule=DLDLLLRUDRLLDL]
Watson[index=2;pos=(2,12);moving_rule=UD]
Robot[pos=(2,12);type=SW;dist=31]
STEPT 101:
Criminal[index=0;pos=(0,1)]
Sherlock[index=1;pos=(21,0);moving_rule=DLDLLLRUDRLLDL]
Watson[index=2;pos=(1,12);moving_rule=UD]
Robot[pos=(4,12);type=SW;dist=32]
STEPT 102:
Criminal[index=0;pos=(0,0)]
Sherlock[index=1;pos=(21,0);moving_rule=DLDLLLRUDRLLDL]
Watson[index=2;pos=(2,12);moving_rule=UD]
Robot[pos=(2,12);type=SW;dist=31]
STEPT 103:
Criminal[index=0;pos=(0,1)]
Sherlock[index=1;pos=(21,0);moving_rule=DLDLLLRUDRLLDL]
Watson[index=2;pos=(1,12);moving_rule=UD]
Robot[pos=(4,12);type=SW;dist=32]
STEPT 104:
Criminal[index=0;pos=(0,0)]
Sherlock[index=1;pos=(21,0);moving_rule=DLDLLLRUDRLLDL]
Watson[index=2;pos=(2,12);moving_rule=UD]
Robot[pos=(2,12);type=SW;dist=31]
STEPT 105:
Criminal[index=0;pos=(0,1)]
Sherlock[index=1;pos=(21,1);moving_rule=DLDLLLRUDRLLDL]
Watson[index=2;pos=(1,12);moving_rule=UD]
Robot[pos=(4,12);type=SW;dist=31]
STEPT 106:
Criminal[index=0;pos=(0,0)]
Sherlock[index=1;pos=(20,1);moving_rule=DLDLLLRUDRLLDL]
Watson[index=2;pos=(2,12);moving_rule=UD]
Robot[pos=(2,12);type=SW;dist=29]
STEPT 107:
Criminal[index=0;pos=(1,0)]
Sherlock[index=1;pos=(21,1);moving_rule=DLDLLLRUDRLLDL]
Watson[index=2;pos=(1,12);moving_rule=UD]
Robot[pos=(4,12);type=SW;dist=31]
STEPT 108:
Criminal[index=0;pos=(0,0)]
Sherlock[index=1;pos=(21,2);moving_rule=DLDLLLRUDRLLDL]
Watson[index=2;pos=(2,12);moving_rule=UD]
Robot[pos=(2,12);type=SW;dist=29]
STEPT 109:
Criminal[index=0;pos=(1,0)]
Sherlock[index=1;pos=(21,1);moving_rule=DLDLLLRUDRLLDL]
Watson[index=2;pos=(1,12);moving_rule=UD]
Robot[pos=(4,12);type=SW;dist=31]
STEPT 110:
Criminal[index=0;pos=(0,0)]
Sherlock[index=1;pos=(21,0);moving_rule=DLDLLLRUDRLLDL]
Watson[index=2;pos=(2,12);moving_rule=UD]
Robot[pos=(2,12);type=SW;dist=31]
STEPT 111:
Criminal[index=0;pos=(0,1)]
Sherlock[index=1;pos=(21,0);moving_rule=DLDLLLRUDRLLDL]
Watson[index=2;pos=(1,12);moving_rule=UD]
Robot[pos=(4,12);type=SW;dist=32]
STEPT 112:
Criminal[index=0;pos=(0,0)]
Sherlock[index=1;pos=(21,0);moving_rule=DLDLLLRUDRLLDL]
Watson[index=2;pos=(2,12);moving_rule=UD]
Robot[pos=(2,12);type=SW;dist=31]
STEPT 113:
Criminal[index=0;pos=(0,1)]
Sherlock[index=1;pos=(21,0);moving_rule=DLDLLLRUDRLLDL]
Watson[index=2;pos=(1,12);moving_rule=UD]
Robot[pos=(4,12);type=SW;dist=32]
STEPT 114:
Criminal[index=0;pos=(0,0)]
Sherlock[index=1;pos=(21,0);moving_rule=DLDLLLRUDRLLDL]
Watson[index=2;pos=(2,12);moving_rule=UD]
Robot[pos=(2,12);type=SW;dist=31]
STEPT 115:
Criminal[index=0;pos=(0,1)]
Sherlock[index=1;pos=(21,0);moving_rule=DLDLLLRUDRLLDL]
Watson[index=2;pos=(1,12);moving_rule=UD]
Robot[pos=(4,12);type=SW;dist=32]
STEPT 116:
Criminal[index=0;pos=(0,0)]
Sherlock[index=1;pos=(21,0);moving_rule=DLDLLLRUDRLLDL]
Watson[index=2;pos=(2,12);moving_rule=UD]
Robot[pos=(2,12);type=SW;dist=31]
STEPT 117:
Criminal[index=0;pos=(0,1)]
Sherlock[index=1;pos=(21,0);moving_rule=DLDLLLRUDRLLDL]
Watson[index=2;pos=(1,12);moving_rule=UD]
Robot[pos=(4,12);type=SW;dist=32]
STEPT 118:
Criminal[index=0;pos=(0,0)]
Sherlock[index=1;pos=(21,0);moving_rule=DLDLLLRUDRLLDL]
Watson[index=2;pos=(2,12);moving_rule=UD]
Robot[pos=(2,12);type=SW;dist=31]
STEPT 119:
Criminal[index=0;pos=(0,1)]
Sherlock[index=1;pos=(21,1);moving_rule=DLDLLLRUDRLLDL]
Watson[index=2;pos=(1,12);moving_rule=UD]
Robot[pos=(4,12);type=SW;dist=31]
STEPT 120:
Criminal[index=0;pos=(0,0)]
Sherlock[index=1;pos=(20,1);moving_rule=DLDLLLRUDRLLDL]
Watson[index=2;pos=(2,12);moving_rule=UD]
Robot[pos=(2,12);type=SW;dist=29]
STEPT 121:
Criminal[index=0;pos=(1,0)]
Sherlock[index=1;pos=(21,1);moving_rule=DLDLLLRUDRLLDL]
Watson[index=2;pos=(1,12);moving_rule=UD]
Robot[pos=(4,12);type=SW;dist=31]
STEPT 122:
Criminal[index=0;pos=(0,0)]
Sherlock[index=1;pos=(21,2);moving_rule=DLDLLLRUDRLLDL]
Watson[index=2;pos=(2,12);moving_rule=UD]
Robot[pos=(2,12);type=SW;dist=29]
STEPT 123:
Criminal[index=0;pos=(1,0)]
Sherlock[index=1;pos=(21,1);moving_rule=DLDLLLRUDRLLDL]
Watson[index=2;pos=(1,12);moving_rule=UD]
Robot[pos=(4,12);type=SW;dist=31]
STEPT 124:
Criminal[index=0;pos=(0,0)]
Sherlock[index=1;pos=(21,0);moving_rule=DLDLLLRUDRLLDL]
Watson[index=2;pos=(2,12);moving_rule=UD]
Robot[pos=(2,12);type=SW;dist=31]
STEPT 125:
Criminal[index=0;pos=(0,1)]
Sherlock[index=1;pos=(21,0);moving_rule=DLDLLLRUDRLLDL]
Watson[index=2;pos=(1,12);moving_rule=UD]
Robot[pos=(4,12);type=SW;dist=32]
STEPT 126:
Criminal[index=0;pos=(0,0)]
Sherlock[index=1;pos=(21,0);moving_rule=DLDLLLRUDRLLDL]
Watson[index=2;pos=(2,12);moving_rule=UD]
Robot[pos=(2,12);type=SW;dist=31]
STEPT 127:
Criminal[index=0;pos=(0,1)]
Sherlock[index=1;pos=(21,0);moving_rule=DLDLLLRUDRLLDL]
Watson[index=2;pos=(1,12);moving_rule=UD]
Robot[pos=(4,12);type=SW;dist=32]
STEPT 128:
Criminal[index=0;pos=(0,0)]
Sherlock[index=1;pos=(21,0);moving_rule=DLDLLLRUDRLLDL]
Watson[index=2;pos=(2,12);moving_rule=UD]
Robot[pos=(2,12);type=SW;dist=31]
STEPT 129:
Criminal[index=0;pos=(0,1)]
Sherlock[index=1;pos=(21,0);moving_rule=DLDLLLRUDRLLDL]
Watson[index=2;pos=(1,12);moving_rule=UD]
Robot[pos=(4,12);type=SW;dist=32]
STEPT 130:
Criminal[index=0;pos=(0,0)]
Sherlock[index=1;pos=(21,0);moving_rule=DLDLLLRUDRLLDL]
Watson[index=2;pos=(2,12);moving_rule=UD]
Robot[pos=(2,12);type=SW;dist=31]
STEPT 131:
Criminal[index=0;pos=(0,1)]
Sherlock[index=1;pos=(21,0);moving_rule=DLDLLLRUDRLLDL]
Watson[index=2;pos=(1,12);moving_rule=UD]
Robot[pos=(4,12);type=SW;dist=32]
STEPT 132:
Criminal[index=0;pos=(0,0)]
Sherlock[index=1;pos=(21,0);moving_rule=DLDLLLRUDRLLDL]
Watson[index=2;pos=(2,12);moving_rule=UD]
Robot[pos=(2,12);type=SW;dist=31]
STEPT 133:
Criminal[index=0;pos=(0,1)]
Sherlock[index=1;pos=(21,1);moving_rule=DLDLLLRUDRLLDL]
Watson[index=2;pos=(1,12);moving_rule=UD]
Robot[pos=(4,12);type=SW;dist=31]
STEPT 134:
Criminal[index=0;pos=(0,0)]
Sherlock[index=1;pos=(20,1);moving_rule=DLDLLLRUDRLLDL]
Watson[index=2;pos=(2,12);moving_rule=UD]
Robot[pos=(2,12);type=SW;dist=29]
STEPT 135:
Criminal[index=0;pos=(1,0)]
Sherlock[index=1;pos=(21,1);moving_rule=DLDLLLRUDRLLDL]
Watson[index=2;pos=(1,12);moving_rule=UD]
Robot[pos=(4,12);type=SW;dist=31]
STEPT 136:
Criminal[index=0;pos=(0,0)]
Sherlock[index=1;pos=(21,2);moving_rule=DLDLLLRUDRLLDL]
Watson[index=2;pos=(2,12);moving_rule=UD]
Robot[pos=(2,12);type=SW;dist=29]
STEPT 137:
Criminal[index=0;pos=(1,0)]
Sherlock[index=1;pos=(21,1);moving_rule=DLDLLLRUDRLLDL]
Watson[index=2;pos=(1,12);moving_rule=UD]
Robot[pos=(4,12);type=SW;dist=31]
STEPT 138:
Criminal[index=0;pos=(0,0)]
Sherlock[index=1;pos=(21,0);moving_rule=DLDLLLRUDRLLDL]
Watson[index=2;pos=(2,12);moving_rule=UD]
Robot[pos=(2,12);type=SW;dist=31]
STEPT 139:
Criminal[index=0;pos=(0,1)]
Sherlock[index=1;pos=(21,0);moving_rule=DLDLLLRUDRLLDL]
Watson[index=2;pos=(1,12);moving_rule=UD]
Robot[pos=(4,12);type=SW;dist=32]
STEPT 140:
Criminal[index=0;pos=(0,0)]
Sherlock[index=1;pos=(21,0);moving_rule=DLDLLLRUDRLLDL]
Watson[index=2;pos=(2,12);moving_rule=UD]
Robot[pos=(2,12);type=SW;dist=31]
STEPT 141:
Criminal[index=0;pos=(0,1)]
Sherlock[index=1;pos=(21,0);moving_rule=DLDLLLRUDRLLDL]
Watson[index=2;pos=(1,12);moving_rule=UD]
Robot[pos=(4,12);type=SW;dist=32]
STEPT 142:
Criminal[index=0;pos=(0,0)]
Sherlock[index=1;pos=(21,0);moving_rule=DLDLLLRUDRLLDL]
Watson[index=2;pos=(2,12);moving_rule=UD]
Robot[pos=(2,12);type=SW;dist=31]
STEPT 143:
Criminal[index=0;pos=(0,1)]
Sherlock[index=1;pos=(21,0);moving_rule=DLDLLLRUDRLLDL]
Watson[index=2;pos=(1,12);moving_rule=UD]
Robot[pos=(4,12);type=SW;dist=32]
STEPT 144:
Criminal[index=0;pos=(0,0)]
Sherlock[index=1;pos=(21,0);moving_rule=DLDLLLRUDRLLDL]
Watson[index=2;pos=(2,12);moving_rule=UD]
Robot[pos=(2,12);type=SW;dist=31]
STEPT 145:
Criminal[index=0;pos=(0,1)]
Sherlock[index=1;pos=(21,0);moving_rule=DLDLLLRUDRLLDL]
Watson[index=2;pos=(1,12);moving_rule=UD]
Robot[pos=(4,12);type=SW;dist=32]
STEPT 146:
Criminal[index=0;pos=(0,0)]
Sherlock[index=1;pos=(21,0);moving_rule=DLDLLLRUDRLLDL]
Watson[index=2;pos=(2,12);moving_rule=UD]
Robot[pos=(2,12);type=SW;dist=31]
STEPT 147:
Criminal[index=0;pos=(0,1)]
Sherlock[index=1;pos=(21,1);moving_rule=DLDLLLRUDRLLDL]
Watson[index=2;pos=(1,12);moving_rule=UD]
Robot[pos=(4,12);type=SW;dist=31]
STEPT 148:
Criminal[index=0;pos=(0,0)]
Sherlock[index=1;pos=(20,1);moving_rule=DLDLLLRUDRLLDL]
Watson[index=2;pos=(2,12);moving_rule=UD]
Robot[pos=(2,12);type=SW;dist=29]
STEPT 149:
Criminal[index=0;pos=(1,0)]
Sherlock[index=1;pos=(21,1);moving_rule=DLDLLLRUDRLLDL]
Watson[index=2;pos=(1,12);moving_rule=UD]
Robot[pos=(4,12);type=SW;dist=31]
STEPT 150:
Criminal[index=0;pos=(0,0)]
Sherlock[index=1;pos=(21,2);moving_rule=DLDLLLRUDRLLDL]
Watson[index=2;pos=(2,12);moving_rule=UD]
Robot[pos=(2,12);type=SW;dist=29]
STEPT 151:
Criminal[index=0;pos=(1,0)]
Sherlock[index=1;pos=(21,1);moving_rule=DLDLLLRUDRLLDL]
Watson[index=2;pos=(1,12);moving_rule=UD]
Robot[pos=(4,12);type=SW;dist=31]
STEPT 152:
Criminal[index=0;pos=(0,0)]
Sherlock[index=1;pos=(21,0);moving_rule=DLDLLLRUDRLLDL]
Watson[index=2;pos=(2,12);moving_rule=UD]
Robot[pos=(2,12);type=SW;dist=31]
STEPT 153:
Criminal[index=0;pos=(0,1)]
Sherlock[index=1;pos=(21,0);moving_rule=DLDLLLRUDRLLDL]
Watson[index=2;pos=(1,12);moving_rule=UD]
Robot[pos=(4,12);type=SW;dist=32]
STEPT 154:
Criminal[index=0;pos=(0,0)]
Sherlock[index=1;pos=(21,0);moving_rule=DLDLLLRUDRLLDL]
Watson[index=2;pos=(2,12);moving_rule=UD]
Robot[pos=(2,12);type=SW;dist=31]
STEPT 155:
Criminal[index=0;pos=(0,1)]
Sherlock[index=1;pos=(21,0);moving_rule=DLDLLLRUDRLLDL]
Watson[index=2;pos=(1,12);moving_rule=UD]
Robot[pos=(4,12);type=SW;dist=32]
STEPT 156:
Criminal[index=0;pos=(0,0)]
Sherlock[index=1;pos=(21,0);moving_rule=DLDLLLRUDRLLDL]
Watson[index=2;pos=(2,12);moving_rule=UD]
Robot[pos=(2,12);type=SW;dist=31]
STEPT 157:
Criminal[index=0;pos=(0,1)]
Sherlock[index=1;pos=(21,0);moving_rule=DLDLLLRUDRLLDL]
Watson[index=2;pos=(1,12);moving_rule=UD]
Robot[pos=(4,12);type=SW;dist=32]
STEPT 158:
Criminal[index=0;pos=(0,0)]
Sherlock[index=1;pos=(21,0);moving_rule=DLDLLLRUDRLLDL]
Watson[index=2;pos=(2,12);moving_rule=UD]
Robot[pos=(2,12);type=SW;dist=31]
STEPT 159:
Criminal[index=0;pos=(0,1)]
Sherlock[index=1;pos=(21,0);moving_rule=DLDLLLRUDRLLDL]
Watson[index=2;pos=(1,12);moving_rule=UD]
Robot[pos=(4,12);type=SW;dist=32]
STEPT 160:
Criminal[index=0;pos=(0,0)]
Sherlock[index=1;pos=(21,0);moving_rule=DLDLLLRUDRLLDL]
Watson[index=2;pos=(2,12);moving_rule=UD]
Robot[pos=(2,12);type=SW;dist=31]
STEPT 161:
Criminal[index=0;pos=(0,1)]
Sherlock[index=1;pos=(21,1);moving_rule=DLDLLLRUDRLLDL]
Watson[index=2;pos=(1,12);moving_rule=UD]
Robot[pos=(4,12);type=SW;dist=31]
STEPT 162:
Criminal[index=0;pos=(0,0)]
Sherlock[index=1;pos=(20,1);moving_rule=DLDLLLRUDRLLDL]
Watson[index=2;pos=(2,12);moving_rule=UD]
Robot[pos=(2,12);type=SW;dist=29]
STEPT 163:
Criminal[index=0;pos=(1,0)]
Sherlock[index=1;pos=(21,1);moving_rule=DLDLLLRUDRLLDL]
Watson[index=2;pos=(1,12);moving_rule=UD]
Robot[pos=(4,12);type=SW;dist=31]
STEPT 164:
Criminal[index=0;pos=(0,0)]
Sherlock[index=1;pos=(21,2);moving_rule=DLDLLLRUDRLLDL]
Watson[index=2;pos=(2,12);moving_rule=UD]
Robot[pos=(2,12);type=SW;dist=29]
STEPT 165:
Criminal[index=0;pos=(1,0)]
Sherlock[index=1;pos=(21,1);moving_rule=DLDLLLRUDRLLDL]
Watson[index=2;pos=(1,12);moving_rule=UD]
Robot[pos=(4,12);type=SW;dist=31]
STEPT 166:
Criminal[index=0;pos=(0,0)]
Sherlock[index=1;pos=(21,0);moving_rule=DLDLLLRUDRLLDL]
Watson[index=2;pos=(2,12);moving_rule=UD]
Robot[pos=(2,12);type=SW;dist=31]
STEPT 167:
Criminal[index=0;pos=(0,1)]
Sherlock[index=1;pos=(21,0);moving_rule=DLDLLLRUDRLLDL]
Watson[index=2;pos=(1,12);moving_rule=UD]
Robot[pos=(4,12);type=SW;dist=32]
STEPT 168:
Criminal[index=0;pos=(0,0)]
Sherlock[index=1;pos=(21,0);moving_rule=DLDLLLRUDRLLDL]
Watson[index=2;pos=(2,12);moving_rule=UD]
Robot[pos=(2,12);type=SW;dist=31]
STEPT 169:
Criminal[index=0;pos=(0,1)]
Sherlock[index=1;pos=(21,0);moving_rule=DLDLLLRUDRLLDL]
Watson[index=2;pos=(1,12);moving_rule=UD]
Robot[pos=(4,12);type=SW;dist=32]
STEPT 170:
Criminal[index=0;pos=(0,0)]
Sherlock[index=1;pos=(21,0);moving_rule=DLDLLLRUDRLLDL]
Watson[index=2;pos=(2,12);moving_rule=UD]
Robot[pos=(2,12);type=SW;dist=31]
STEPT 171:
Criminal[index=0;pos=(0,1)]
Sherlock[index=1;pos=(21,0);moving_rule=DLDLLLRUDRLLDL]
Watson[index=2;pos=(1,12);moving_rule=UD]
Robot[pos=(4,12);type=SW;dist=32]
STEPT 172:
Criminal[index=0;pos=(0,0)]
Sherlock[index=1;pos=(21,0);moving_rule=DLDLLLRUDRLLDL]
Watson[index=2;pos=(2,12);moving_rule=UD]
Robot[pos=(2,12);type=SW;dist=31]
STEPT 173:
Criminal[index=0;pos=(0,1)]
Sherlock[index=1;pos=(21,0);moving_rule=DLDLLLRUDRLLDL]
Watson[index=2;pos=(1,12);moving_rule=UD]
Robot[pos=(4,12);type=SW;dist=32]
STEPT 174:
Criminal[index=0;pos=(0,0)]
Sherlock[index=1;pos=(21,0);moving_rule=DLDLLLRUDRLLDL]
Watson[index=2;pos=(2,12);moving_rule=UD]
Robot[pos=(2,12);type=SW;dist=31]
STEPT 175:
Criminal[index=0;pos=(0,1)]
Sherlock[index=1;pos=(21,1);moving_rule=DLDLLLRUDRLLDL]
Watson[index=2;pos=(1,12);moving_rule=UD]
Robot[pos=(4,12);type=SW;dist=31]
STEPT 176:
Criminal[index=0;pos=(0,0)]
Sherlock[index=1;pos=(20,1);moving_rule=DLDLLLRUDRLLDL]
Watson[index=2;pos=(2,12);moving_rule=UD]
Robot[pos=(2,12);type=SW;dist=29]
STEPT 177:
Criminal[index=0;pos=(1,0)]
Sherlock[index=1;pos=(21,1);moving_rule=DLDLLLRUDRLLDL]
Watson[index=2;pos=(1,12);moving_rule=UD]
Robot[pos=(4,12);type=SW;dist=31]
STEPT 178:
Criminal[index=0;pos=(0,0)]
Sherlock[index=1;pos=(21,2);moving_rule=DLDLLLRUDRLLDL]
Watson[index=2;pos=(2,12);moving_rule=UD]
Robot[pos=(2,12);type=SW;dist=29]
STEPT 179:
Criminal[index=0;pos=(1,0)]
Sherlock[index=1;pos=(21,1);moving_rule=DLDLLLRUDRLLDL]
Watson[index=2;pos=(1,12);moving_rule=UD]
Robot[pos=(4,12);type=SW;dist=31]
STEPT 180:
Criminal[index=0;pos=(0,0)]
Sherlock[index=1;pos=(21,0);moving_rule=DLDLLLRUDRLLDL]
Watson[index=2;pos=(2,12);moving_rule=UD]
Robot[pos=(2,12);type=SW;dist=31]
STEPT 181:
Criminal[index=0;pos=(0,1)]
Sherlock[index=1;pos=(21,0);moving_rule=DLDLLLRUDRLLDL]
Watson[index=2;pos=(1,12);moving_rule=UD]
Robot[pos=(4,12);type=SW;dist=32]
STEPT 182:
Criminal[index=0;pos=(0,0)]
Sherlock[index=1;pos=(21,0);moving_rule=DLDLLLRUDRLLDL]
Watson[index=2;pos=(2,12);moving_rule=UD]
Robot[pos=(2,12);type=SW;dist=31]
STEPT 183:
Criminal[index=0;pos=(0,1)]
Sherlock[index=1;pos=(21,0);moving_rule=DLDLLLRUDRLLDL]
Watson[index=2;pos=(1,12);moving_rule=UD]
Robot[pos=(4,12);type=SW;dist=32]
STEPT 184:
Criminal[index=0;pos=(0,0)]
Sherlock[index=1;pos=(21,0);moving_rule=DLDLLLRUDRLLDL]
Watson[index=2;pos=(2,12);moving_rule=UD]
Robot[pos=(2,12);type=SW;dist=31]
STEPT 185:
Criminal[index=0;pos=(0,1)]
Sherlock[index=1;pos=(21,0);moving_rule=DLDLLLRUDRLLDL]
Watson[index=2;pos=(1,12);moving_rule=UD]
Robot[pos=(4,12);type=SW;dist=32]
STEPT 186:
Criminal[index=0;pos=(0,0)]
Sherlock[index=1;pos=(21,0);moving_rule=DLDLLLRUDRLLDL]
Watson[index=2;pos=(2,12);moving_rule=UD]
Robot[pos=(2,12);type=SW;dist=31]
STEPT 187:
Criminal[index=0;pos=(0,1)]
Sherlock[index=1;pos=(21,0);moving_rule=DLDLLLRUDRLLDL]
Watson[index=2;pos=(1,12);moving_rule=UD]
Robot[pos=(4,12);type=SW;dist=32]
STEPT 188:
Criminal[index=0;pos=(0,0)]
Sherlock[index=1;pos=(21,0);moving_rule=DLDLLLRUDRLLDL]
Watson[index=2;pos=(2,12);moving_rule=UD]
Robot[pos=(2,12);type=SW;dist=31]
STEPT 189:
Criminal[index=0;pos=(0,1)]
Sherlock[index=1;pos=(21,1);moving_rule=DLDLLLRUDRLLDL]
Watson[index=2;pos=(1,12);moving_rule=UD]
Robot[pos=(4,12);type=SW;dist=31]
STEPT 190:
Criminal[index=0;pos=(0,0)]
Sherlock[index=1;pos=(20,1);moving_rule=DLDLLLRUDRLLDL]
Watson[index=2;pos=(2,12);moving_rule=UD]
Robot[pos=(2,12);type=SW;dist=29]
STEPT 191:
Criminal[index=0;pos=(1,0)]
Sherlock[index=1;pos=(21,1);moving_rule=DLDLLLRUDRLLDL]
Watson[index=2;pos=(1,12);moving_rule=UD]
Robot[pos=(4,12);type=SW;dist=31]
STEPT 192:
Criminal[index=0;pos=(0,0)]
Sherlock[index=1;pos=(21,2);moving_rule=DLDLLLRUDRLLDL]
Watson[index=2;pos=(2,12);moving_rule=UD]
Robot[pos=(2,12);type=SW;dist=29]
STEPT 193:
Criminal[index=0;pos=(1,0)]
Sherlock[index=1;pos=(21,1);moving_rule=DLDLLLRUDRLLDL]
Watson[index=2;pos=(1,12);moving_rule=UD]
Robot[pos=(4,12);type=SW;dist=31]
STEPT 194:
Criminal[index=0;pos=(0,0)]
Sherlock[index=1;pos=(21,0);moving_rule=DLDLLLRUDRLLDL]
Watson[index=2;pos=(2,12);moving_rule=UD]
Robot[pos=(2,12);type=SW;dist=31]
STEPT 195:
Criminal[index=0;pos=(0,1)]
Sherlock[index=1;pos=(21,0);moving_rule=DLDLLLRUDRLLDL]
Watson[index=2;pos=(1,12);moving_rule=UD]
Robot[pos=(4,12);type=SW;dist=32]
STEPT 196:
Criminal[index=0;pos=(0,0)]
Sherlock[index=1;pos=(21,0);moving_rule=DLDLLLRUDRLLDL]
Watson[index=2;pos=(2,12);moving_rule=UD]
Robot[pos=(2,12);type=SW;dist=31]
STEPT 197:
Criminal[index=0;pos=(0,1)]
Sherlock[index=1;pos=(21,0);moving_rule=DLDLLLRUDRLLDL]
Watson[index=2;pos=(1,12);moving_rule=UD]
Robot[pos=(4,12);type=SW;dist=32]
STEPT 198:
Criminal[index=0;pos=(0,0)]
Sherlock[index=1;pos=(21,0);moving_rule=DLDLLLRUDRLLDL]
Watson[index=2;pos=(2,12);moving_rule=UD]
Robot[pos=(2,12);type=SW;dist=31]
STEPT 199:
Criminal[index=0;pos=(0,1)]
Sherlock[index=1;pos=(21,0);moving_rule=DLDLLLRUDRLLDL]
Watson[index=2;pos=(1,12);moving_rule=UD]
Robot[pos=(4,12);type=SW;dist=32]
STEPT 200:
Criminal[index=0;pos=(0,0)]
Sherlock[index=1;pos=(21,0);moving_rule=DLDLLLRUDRLLDL]
Watson[index=2;pos=(2,12);moving_rule=UD]
Robot[pos=(2,12);type=SW;dist=31]
