Step: 0000--Sherlock[index=1;pos=(2,33);moving_rule=DUDUURDDD]--|--Watson[index=2;pos=(11,3);moving_rule=DLUDRDLUURLDDD]--|--Criminal[index=0;pos=(20,33)]
Step: 0000--Sherlock[index=1;pos=(3,33);moving_rule=DUDUURDDD]--|--Watson[index=2;pos=(11,3);moving_rule=DLUDRDLUURLDDD]--|--Criminal[index=0;pos=(20,33)]
Step: 0000--Sherlock[index=1;pos=(3,33);moving_rule=DUDUURDDD]--|--Watson[index=2;pos=(11,3);moving_rule=DLUDRDLUURLDDD]--|--Criminal[index=0;pos=(20,33)]
Step: 0001--Sherlock[index=1;pos=(3,33);moving_rule=DUDUURDDD]--|--Watson[index=2;pos=(11,3);moving_rule=DLUDRDLUURLDDD]--|--Criminal[index=0;pos=(21,33)]
Step: 0001--Sherlock[index=1;pos=(2,33);moving_rule=DUDUURDDD]--|--Watson[index=2;pos=(11,3);moving_rule=DLUDRDLUURLDDD]--|--Criminal[index=0;pos=(21,33)]
Step: 0001--Sherlock[index=1;pos=(2,33);moving_rule=DUDUURDDD]--|--Watson[index=2;pos=(11,2);moving_rule=DLUDRDLUURLDDD]--|--Criminal[index=0;pos=(21,33)]
Step: 0002--Sherlock[index=1;pos=(2,33);moving_rule=DUDUURDDD]--|--Watson[index=2;pos=(11,2);moving_rule=DLUDRDLUURLDDD]--|--Criminal[index=0;pos=(22,33)]
Step: 0002--Sherlock[index=1;pos=(3,33);moving_rule=DUDUURDDD]--|--Watson[index=2;pos=(11,2);moving_rule=DLUDRDLUURLDDD]--|--Criminal[index=0;pos=(22,33)]
Step: 0002--Sherlock[index=1;pos=(3,33);moving_rule=DUDUURDDD]--|--Watson[index=2;pos=(10,2);moving_rule=DLUDRDLUURLDDD]--|--Criminal[index=0;pos=(22,33)]
Step: 0003--Sherlock[index=1;pos=(3,33);moving_rule=DUDUURDDD]--|--Watson[index=2;pos=(10,2);moving_rule=DLUDRDLUURLDDD]--|--Criminal[index=0;pos=(23,33)]
Step: 0003--Sherlock[index=1;pos=(2,33);moving_rule=DUDUURDDD]--|--Watson[index=2;pos=(10,2);moving_rule=DLUDRDLUURLDDD]--|--Criminal[index=0;pos=(23,33)]
Step: 0003--Sherlock[index=1;pos=(2,33);moving_rule=DUDUURDDD]--|--Watson[index=2;pos=(11,2);moving_rule=DLUDRDLUURLDDD]--|--Criminal[index=0;pos=(23,33)]
Step: 0004--Sherlock[index=1;pos=(2,33);moving_rule=DUDUURDDD]--|--Watson[index=2;pos=(11,2);moving_rule=DLUDRDLUURLDDD]--|--Criminal[index=0;pos=(24,33)]
Step: 0004--Sherlock[index=1;pos=(1,33);moving_rule=DUDUURDDD]--|--Watson[index=2;pos=(11,2);moving_rule=DLUDRDLUURLDDD]--|--Criminal[index=0;pos=(24,33)]
Step: 0004--Sherlock[index=1;pos=(1,33);moving_rule=DUDUURDDD]--|--Watson[index=2;pos=(11,3);moving_rule=DLUDRDLUURLDDD]--|--Criminal[index=0;pos=(24,33)]
Step: 0005--Sherlock[index=1;pos=(1,33);moving_rule=DUDUURDDD]--|--Watson[index=2;pos=(11,3);moving_rule=DLUDRDLUURLDDD]--|--Criminal[index=0;pos=(25,33)]
Step: 0005--Sherlock[index=1;pos=(1,33);moving_rule=DUDUURDDD]--|--Watson[index=2;pos=(11,3);moving_rule=DLUDRDLUURLDDD]--|--Criminal[index=0;pos=(25,33)]
Step: 0005--Sherlock[index=1;pos=(1,33);moving_rule=DUDUURDDD]--|--Watson[index=2;pos=(11,3);moving_rule=DLUDRDLUURLDDD]--|--Criminal[index=0;pos=(25,33)]
Step: 0006--Sherlock[index=1;pos=(1,33);moving_rule=DUDUURDDD]--|--Watson[index=2;pos=(11,3);moving_rule=DLUDRDLUURLDDD]--|--Criminal[index=0;pos=(25,32)]
Step: 0006--Sherlock[index=1;pos=(2,33);moving_rule=DUDUURDDD]--|--Watson[index=2;pos=(11,3);moving_rule=DLUDRDLUURLDDD]--|--Criminal[index=0;pos=(25,32)]
Step: 0006--Sherlock[index=1;pos=(2,33);moving_rule=DUDUURDDD]--|--Watson[index=2;pos=(11,2);moving_rule=DLUDRDLUURLDDD]--|--Criminal[index=0;pos=(25,32)]
Step: 0007--Sherlock[index=1;pos=(2,33);moving_rule=DUDUURDDD]--|--Watson[index=2;pos=(11,2);moving_rule=DLUDRDLUURLDDD]--|--Criminal[index=0;pos=(25,31)]
Step: 0007--Sherlock[index=1;pos=(3,33);moving_rule=DUDUURDDD]--|--Watson[index=2;pos=(11,2);moving_rule=DLUDRDLUURLDDD]--|--Criminal[index=0;pos=(25,31)]
Step: 0007--Sherlock[index=1;pos=(3,33);moving_rule=DUDUURDDD]--|--Watson[index=2;pos=(10,2);moving_rule=DLUDRDLUURLDDD]--|--Criminal[index=0;pos=(25,31)]
Step: 0008--Sherlock[index=1;pos=(3,33);moving_rule=DUDUURDDD]--|--Watson[index=2;pos=(10,2);moving_rule=DLUDRDLUURLDDD]--|--Criminal[index=0;pos=(25,30)]
Step: 0008--Sherlock[index=1;pos=(4,33);moving_rule=DUDUURDDD]--|--Watson[index=2;pos=(10,2);moving_rule=DLUDRDLUURLDDD]--|--Criminal[index=0;pos=(25,30)]
Step: 0008--Sherlock[index=1;pos=(4,33);moving_rule=DUDUURDDD]--|--Watson[index=2;pos=(9,2);moving_rule=DLUDRDLUURLDDD]--|--Criminal[index=0;pos=(25,30)]
Step: 0009--Sherlock[index=1;pos=(4,33);moving_rule=DUDUURDDD]--|--Watson[index=2;pos=(9,2);moving_rule=DLUDRDLUURLDDD]--|--Criminal[index=0;pos=(25,29)]
Step: 0009--Sherlock[index=1;pos=(5,33);moving_rule=DUDUURDDD]--|--Watson[index=2;pos=(9,2);moving_rule=DLUDRDLUURLDDD]--|--Criminal[index=0;pos=(25,29)]
Step: 0009--Sherlock[index=1;pos=(5,33);moving_rule=DUDUURDDD]--|--Watson[index=2;pos=(9,3);moving_rule=DLUDRDLUURLDDD]--|--Criminal[index=0;pos=(25,29)]
Step: 0010--Sherlock[index=1;pos=(5,33);moving_rule=DUDUURDDD]--|--Watson[index=2;pos=(9,3);moving_rule=DLUDRDLUURLDDD]--|--Criminal[index=0;pos=(25,28)]
Step: 0010--Sherlock[index=1;pos=(4,33);moving_rule=DUDUURDDD]--|--Watson[index=2;pos=(9,3);moving_rule=DLUDRDLUURLDDD]--|--Criminal[index=0;pos=(25,28)]
Step: 0010--Sherlock[index=1;pos=(4,33);moving_rule=DUDUURDDD]--|--Watson[index=2;pos=(9,2);moving_rule=DLUDRDLUURLDDD]--|--Criminal[index=0;pos=(25,28)]
Step: 0011--Sherlock[index=1;pos=(4,33);moving_rule=DUDUURDDD]--|--Watson[index=2;pos=(9,2);moving_rule=DLUDRDLUURLDDD]--|--Criminal[index=0;pos=(25,27)]
Step: 0011--Sherlock[index=1;pos=(5,33);moving_rule=DUDUURDDD]--|--Watson[index=2;pos=(9,2);moving_rule=DLUDRDLUURLDDD]--|--Criminal[index=0;pos=(25,27)]
Step: 0011--Sherlock[index=1;pos=(5,33);moving_rule=DUDUURDDD]--|--Watson[index=2;pos=(10,2);moving_rule=DLUDRDLUURLDDD]--|--Criminal[index=0;pos=(25,27)]
Step: 0012--Sherlock[index=1;pos=(5,33);moving_rule=DUDUURDDD]--|--Watson[index=2;pos=(10,2);moving_rule=DLUDRDLUURLDDD]--|--Criminal[index=0;pos=(25,26)]
Step: 0012--Sherlock[index=1;pos=(4,33);moving_rule=DUDUURDDD]--|--Watson[index=2;pos=(10,2);moving_rule=DLUDRDLUURLDDD]--|--Criminal[index=0;pos=(25,26)]
Step: 0012--Sherlock[index=1;pos=(4,33);moving_rule=DUDUURDDD]--|--Watson[index=2;pos=(11,2);moving_rule=DLUDRDLUURLDDD]--|--Criminal[index=0;pos=(25,26)]
Step: 0013--Sherlock[index=1;pos=(4,33);moving_rule=DUDUURDDD]--|--Watson[index=2;pos=(11,2);moving_rule=DLUDRDLUURLDDD]--|--Criminal[index=0;pos=(25,25)]
Step: 0013--Sherlock[index=1;pos=(3,33);moving_rule=DUDUURDDD]--|--Watson[index=2;pos=(11,2);moving_rule=DLUDRDLUURLDDD]--|--Criminal[index=0;pos=(25,25)]
Step: 0013--Sherlock[index=1;pos=(3,33);moving_rule=DUDUURDDD]--|--Watson[index=2;pos=(12,2);moving_rule=DLUDRDLUURLDDD]--|--Criminal[index=0;pos=(25,25)]
Step: 0014--Sherlock[index=1;pos=(3,33);moving_rule=DUDUURDDD]--|--Watson[index=2;pos=(12,2);moving_rule=DLUDRDLUURLDDD]--|--Criminal[index=0;pos=(25,24)]
Step: 0014--Sherlock[index=1;pos=(3,33);moving_rule=DUDUURDDD]--|--Watson[index=2;pos=(12,2);moving_rule=DLUDRDLUURLDDD]--|--Criminal[index=0;pos=(25,24)]
Step: 0014--Sherlock[index=1;pos=(3,33);moving_rule=DUDUURDDD]--|--Watson[index=2;pos=(13,2);moving_rule=DLUDRDLUURLDDD]--|--Criminal[index=0;pos=(25,24)]
Step: 0015--Sherlock[index=1;pos=(3,33);moving_rule=DUDUURDDD]--|--Watson[index=2;pos=(13,2);moving_rule=DLUDRDLUURLDDD]--|--Criminal[index=0;pos=(25,23)]
Step: 0015--Sherlock[index=1;pos=(4,33);moving_rule=DUDUURDDD]--|--Watson[index=2;pos=(13,2);moving_rule=DLUDRDLUURLDDD]--|--Criminal[index=0;pos=(25,23)]
Step: 0015--Sherlock[index=1;pos=(4,33);moving_rule=DUDUURDDD]--|--Watson[index=2;pos=(13,1);moving_rule=DLUDRDLUURLDDD]--|--Criminal[index=0;pos=(25,23)]
Step: 0016--Sherlock[index=1;pos=(4,33);moving_rule=DUDUURDDD]--|--Watson[index=2;pos=(13,1);moving_rule=DLUDRDLUURLDDD]--|--Criminal[index=0;pos=(25,22)]
Step: 0016--Sherlock[index=1;pos=(5,33);moving_rule=DUDUURDDD]--|--Watson[index=2;pos=(13,1);moving_rule=DLUDRDLUURLDDD]--|--Criminal[index=0;pos=(25,22)]
Step: 0016--Sherlock[index=1;pos=(5,33);moving_rule=DUDUURDDD]--|--Watson[index=2;pos=(12,1);moving_rule=DLUDRDLUURLDDD]--|--Criminal[index=0;pos=(25,22)]
Step: 0017--Sherlock[index=1;pos=(5,33);moving_rule=DUDUURDDD]--|--Watson[index=2;pos=(12,1);moving_rule=DLUDRDLUURLDDD]--|--Criminal[index=0;pos=(25,21)]
Step: 0017--Sherlock[index=1;pos=(6,33);moving_rule=DUDUURDDD]--|--Watson[index=2;pos=(12,1);moving_rule=DLUDRDLUURLDDD]--|--Criminal[index=0;pos=(25,21)]
Step: 0017--Sherlock[index=1;pos=(6,33);moving_rule=DUDUURDDD]--|--Watson[index=2;pos=(13,1);moving_rule=DLUDRDLUURLDDD]--|--Criminal[index=0;pos=(25,21)]
Step: 0018--Sherlock[index=1;pos=(6,33);moving_rule=DUDUURDDD]--|--Watson[index=2;pos=(13,1);moving_rule=DLUDRDLUURLDDD]--|--Criminal[index=0;pos=(25,20)]
Step: 0018--Sherlock[index=1;pos=(7,33);moving_rule=DUDUURDDD]--|--Watson[index=2;pos=(13,1);moving_rule=DLUDRDLUURLDDD]--|--Criminal[index=0;pos=(25,20)]
Step: 0018--Sherlock[index=1;pos=(7,33);moving_rule=DUDUURDDD]--|--Watson[index=2;pos=(13,2);moving_rule=DLUDRDLUURLDDD]--|--Criminal[index=0;pos=(25,20)]
Step: 0019--Sherlock[index=1;pos=(7,33);moving_rule=DUDUURDDD]--|--Watson[index=2;pos=(13,2);moving_rule=DLUDRDLUURLDDD]--|--Criminal[index=0;pos=(25,19)]
Step: 0019--Sherlock[index=1;pos=(6,33);moving_rule=DUDUURDDD]--|--Watson[index=2;pos=(13,2);moving_rule=DLUDRDLUURLDDD]--|--Criminal[index=0;pos=(25,19)]
Step: 0019--Sherlock[index=1;pos=(6,33);moving_rule=DUDUURDDD]--|--Watson[index=2;pos=(13,2);moving_rule=DLUDRDLUURLDDD]--|--Criminal[index=0;pos=(25,19)]
Step: 0020--Sherlock[index=1;pos=(6,33);moving_rule=DUDUURDDD]--|--Watson[index=2;pos=(13,2);moving_rule=DLUDRDLUURLDDD]--|--Criminal[index=0;pos=(25,18)]
Step: 0020--Sherlock[index=1;pos=(7,33);moving_rule=DUDUURDDD]--|--Watson[index=2;pos=(13,2);moving_rule=DLUDRDLUURLDDD]--|--Criminal[index=0;pos=(25,18)]
Step: 0020--Sherlock[index=1;pos=(7,33);moving_rule=DUDUURDDD]--|--Watson[index=2;pos=(13,1);moving_rule=DLUDRDLUURLDDD]--|--Criminal[index=0;pos=(25,18)]
Step: 0021--Sherlock[index=1;pos=(7,33);moving_rule=DUDUURDDD]--|--Watson[index=2;pos=(13,1);moving_rule=DLUDRDLUURLDDD]--|--Criminal[index=0;pos=(25,17)]
Step: 0021--Sherlock[index=1;pos=(6,33);moving_rule=DUDUURDDD]--|--Watson[index=2;pos=(13,1);moving_rule=DLUDRDLUURLDDD]--|--Criminal[index=0;pos=(25,17)]
Step: 0021--Sherlock[index=1;pos=(6,33);moving_rule=DUDUURDDD]--|--Watson[index=2;pos=(12,1);moving_rule=DLUDRDLUURLDDD]--|--Criminal[index=0;pos=(25,17)]
Step: 0022--Sherlock[index=1;pos=(6,33);moving_rule=DUDUURDDD]--|--Watson[index=2;pos=(12,1);moving_rule=DLUDRDLUURLDDD]--|--Criminal[index=0;pos=(25,16)]
Step: 0022--Sherlock[index=1;pos=(5,33);moving_rule=DUDUURDDD]--|--Watson[index=2;pos=(12,1);moving_rule=DLUDRDLUURLDDD]--|--Criminal[index=0;pos=(25,16)]
Step: 0022--Sherlock[index=1;pos=(5,33);moving_rule=DUDUURDDD]--|--Watson[index=2;pos=(11,1);moving_rule=DLUDRDLUURLDDD]--|--Criminal[index=0;pos=(25,16)]
Step: 0023--Sherlock[index=1;pos=(5,33);moving_rule=DUDUURDDD]--|--Watson[index=2;pos=(11,1);moving_rule=DLUDRDLUURLDDD]--|--Criminal[index=0;pos=(25,15)]
Step: 0023--Sherlock[index=1;pos=(5,33);moving_rule=DUDUURDDD]--|--Watson[index=2;pos=(11,1);moving_rule=DLUDRDLUURLDDD]--|--Criminal[index=0;pos=(25,15)]
Step: 0023--Sherlock[index=1;pos=(5,33);moving_rule=DUDUURDDD]--|--Watson[index=2;pos=(11,2);moving_rule=DLUDRDLUURLDDD]--|--Criminal[index=0;pos=(25,15)]
Step: 0024--Sherlock[index=1;pos=(5,33);moving_rule=DUDUURDDD]--|--Watson[index=2;pos=(11,2);moving_rule=DLUDRDLUURLDDD]--|--Criminal[index=0;pos=(25,14)]
Step: 0024--Sherlock[index=1;pos=(6,33);moving_rule=DUDUURDDD]--|--Watson[index=2;pos=(11,2);moving_rule=DLUDRDLUURLDDD]--|--Criminal[index=0;pos=(25,14)]
Step: 0024--Sherlock[index=1;pos=(6,33);moving_rule=DUDUURDDD]--|--Watson[index=2;pos=(11,1);moving_rule=DLUDRDLUURLDDD]--|--Criminal[index=0;pos=(25,14)]
Step: 0025--Sherlock[index=1;pos=(6,33);moving_rule=DUDUURDDD]--|--Watson[index=2;pos=(11,1);moving_rule=DLUDRDLUURLDDD]--|--Criminal[index=0;pos=(25,13)]
Step: 0025--Sherlock[index=1;pos=(7,33);moving_rule=DUDUURDDD]--|--Watson[index=2;pos=(11,1);moving_rule=DLUDRDLUURLDDD]--|--Criminal[index=0;pos=(25,13)]
Step: 0025--Sherlock[index=1;pos=(7,33);moving_rule=DUDUURDDD]--|--Watson[index=2;pos=(12,1);moving_rule=DLUDRDLUURLDDD]--|--Criminal[index=0;pos=(25,13)]
Step: 0026--Sherlock[index=1;pos=(7,33);moving_rule=DUDUURDDD]--|--Watson[index=2;pos=(12,1);moving_rule=DLUDRDLUURLDDD]--|--Criminal[index=0;pos=(25,12)]
Step: 0026--Sherlock[index=1;pos=(8,33);moving_rule=DUDUURDDD]--|--Watson[index=2;pos=(12,1);moving_rule=DLUDRDLUURLDDD]--|--Criminal[index=0;pos=(25,12)]
Step: 0026--Sherlock[index=1;pos=(8,33);moving_rule=DUDUURDDD]--|--Watson[index=2;pos=(13,1);moving_rule=DLUDRDLUURLDDD]--|--Criminal[index=0;pos=(25,12)]
Step: 0027--Sherlock[index=1;pos=(8,33);moving_rule=DUDUURDDD]--|--Watson[index=2;pos=(13,1);moving_rule=DLUDRDLUURLDDD]--|--Criminal[index=0;pos=(25,11)]
Step: 0027--Sherlock[index=1;pos=(9,33);moving_rule=DUDUURDDD]--|--Watson[index=2;pos=(13,1);moving_rule=DLUDRDLUURLDDD]--|--Criminal[index=0;pos=(25,11)]
Step: 0027--Sherlock[index=1;pos=(9,33);moving_rule=DUDUURDDD]--|--Watson[index=2;pos=(14,1);moving_rule=DLUDRDLUURLDDD]--|--Criminal[index=0;pos=(25,11)]
Step: 0028--Sherlock[index=1;pos=(9,33);moving_rule=DUDUURDDD]--|--Watson[index=2;pos=(14,1);moving_rule=DLUDRDLUURLDDD]--|--Criminal[index=0;pos=(25,10)]
Step: 0028--Sherlock[index=1;pos=(8,33);moving_rule=DUDUURDDD]--|--Watson[index=2;pos=(14,1);moving_rule=DLUDRDLUURLDDD]--|--Criminal[index=0;pos=(25,10)]
Step: 0028--Sherlock[index=1;pos=(8,33);moving_rule=DUDUURDDD]--|--Watson[index=2;pos=(15,1);moving_rule=DLUDRDLUURLDDD]--|--Criminal[index=0;pos=(25,10)]
Step: 0029--Sherlock[index=1;pos=(8,33);moving_rule=DUDUURDDD]--|--Watson[index=2;pos=(15,1);moving_rule=DLUDRDLUURLDDD]--|--Criminal[index=0;pos=(25,9)]
Step: 0029--Sherlock[index=1;pos=(9,33);moving_rule=DUDUURDDD]--|--Watson[index=2;pos=(15,1);moving_rule=DLUDRDLUURLDDD]--|--Criminal[index=0;pos=(25,9)]
Step: 0029--Sherlock[index=1;pos=(9,33);moving_rule=DUDUURDDD]--|--Watson[index=2;pos=(15,0);moving_rule=DLUDRDLUURLDDD]--|--Criminal[index=0;pos=(25,9)]
Step: 0030--Sherlock[index=1;pos=(9,33);moving_rule=DUDUURDDD]--|--Watson[index=2;pos=(15,0);moving_rule=DLUDRDLUURLDDD]--|--Criminal[index=0;pos=(25,8)]
Step: 0030--Sherlock[index=1;pos=(8,33);moving_rule=DUDUURDDD]--|--Watson[index=2;pos=(15,0);moving_rule=DLUDRDLUURLDDD]--|--Criminal[index=0;pos=(25,8)]
Step: 0030--Sherlock[index=1;pos=(8,33);moving_rule=DUDUURDDD]--|--Watson[index=2;pos=(14,0);moving_rule=DLUDRDLUURLDDD]--|--Criminal[index=0;pos=(25,8)]
Step: 0031--Sherlock[index=1;pos=(8,33);moving_rule=DUDUURDDD]--|--Watson[index=2;pos=(14,0);moving_rule=DLUDRDLUURLDDD]--|--Criminal[index=0;pos=(25,7)]
Step: 0031--Sherlock[index=1;pos=(7,33);moving_rule=DUDUURDDD]--|--Watson[index=2;pos=(14,0);moving_rule=DLUDRDLUURLDDD]--|--Criminal[index=0;pos=(25,7)]
Step: 0031--Sherlock[index=1;pos=(7,33);moving_rule=DUDUURDDD]--|--Watson[index=2;pos=(15,0);moving_rule=DLUDRDLUURLDDD]--|--Criminal[index=0;pos=(25,7)]
Step: 0032--Sherlock[index=1;pos=(7,33);moving_rule=DUDUURDDD]--|--Watson[index=2;pos=(15,0);moving_rule=DLUDRDLUURLDDD]--|--Criminal[index=0;pos=(25,6)]
Step: 0032--Sherlock[index=1;pos=(7,33);moving_rule=DUDUURDDD]--|--Watson[index=2;pos=(15,0);moving_rule=DLUDRDLUURLDDD]--|--Criminal[index=0;pos=(25,6)]
Step: 0032--Sherlock[index=1;pos=(7,33);moving_rule=DUDUURDDD]--|--Watson[index=2;pos=(15,1);moving_rule=DLUDRDLUURLDDD]--|--Criminal[index=0;pos=(25,6)]
Step: 0033--Sherlock[index=1;pos=(7,33);moving_rule=DUDUURDDD]--|--Watson[index=2;pos=(15,1);moving_rule=DLUDRDLUURLDDD]--|--Criminal[index=0;pos=(25,5)]
Step: 0033--Sherlock[index=1;pos=(8,33);moving_rule=DUDUURDDD]--|--Watson[index=2;pos=(15,1);moving_rule=DLUDRDLUURLDDD]--|--Criminal[index=0;pos=(25,5)]
Step: 0033--Sherlock[index=1;pos=(8,33);moving_rule=DUDUURDDD]--|--Watson[index=2;pos=(16,1);moving_rule=DLUDRDLUURLDDD]--|--Criminal[index=0;pos=(25,5)]
Step: 0034--Sherlock[index=1;pos=(8,33);moving_rule=DUDUURDDD]--|--Watson[index=2;pos=(16,1);moving_rule=DLUDRDLUURLDDD]--|--Criminal[index=0;pos=(25,4)]
Step: 0034--Sherlock[index=1;pos=(9,33);moving_rule=DUDUURDDD]--|--Watson[index=2;pos=(16,1);moving_rule=DLUDRDLUURLDDD]--|--Criminal[index=0;pos=(25,4)]
Step: 0034--Sherlock[index=1;pos=(9,33);moving_rule=DUDUURDDD]--|--Watson[index=2;pos=(16,0);moving_rule=DLUDRDLUURLDDD]--|--Criminal[index=0;pos=(25,4)]
Step: 0035--Sherlock[index=1;pos=(9,33);moving_rule=DUDUURDDD]--|--Watson[index=2;pos=(16,0);moving_rule=DLUDRDLUURLDDD]--|--Criminal[index=0;pos=(25,3)]
Step: 0035--Sherlock[index=1;pos=(10,33);moving_rule=DUDUURDDD]--|--Watson[index=2;pos=(16,0);moving_rule=DLUDRDLUURLDDD]--|--Criminal[index=0;pos=(25,3)]
Step: 0035--Sherlock[index=1;pos=(10,33);moving_rule=DUDUURDDD]--|--Watson[index=2;pos=(15,0);moving_rule=DLUDRDLUURLDDD]--|--Criminal[index=0;pos=(25,3)]
Step: 0036--Sherlock[index=1;pos=(10,33);moving_rule=DUDUURDDD]--|--Watson[index=2;pos=(15,0);moving_rule=DLUDRDLUURLDDD]--|--Criminal[index=0;pos=(25,4)]
Step: 0036--Sherlock[index=1;pos=(11,33);moving_rule=DUDUURDDD]--|--Watson[index=2;pos=(15,0);moving_rule=DLUDRDLUURLDDD]--|--Criminal[index=0;pos=(25,4)]
Step: 0036--Sherlock[index=1;pos=(11,33);moving_rule=DUDUURDDD]--|--Watson[index=2;pos=(14,0);moving_rule=DLUDRDLUURLDDD]--|--Criminal[index=0;pos=(25,4)]
Step: 0037--Sherlock[index=1;pos=(11,33);moving_rule=DUDUURDDD]--|--Watson[index=2;pos=(14,0);moving_rule=DLUDRDLUURLDDD]--|--Criminal[index=0;pos=(25,3)]
Step: 0037--Sherlock[index=1;pos=(10,33);moving_rule=DUDUURDDD]--|--Watson[index=2;pos=(14,0);moving_rule=DLUDRDLUURLDDD]--|--Criminal[index=0;pos=(25,3)]
Step: 0037--Sherlock[index=1;pos=(10,33);moving_rule=DUDUURDDD]--|--Watson[index=2;pos=(14,1);moving_rule=DLUDRDLUURLDDD]--|--Criminal[index=0;pos=(25,3)]
Step: 0038--Sherlock[index=1;pos=(10,33);moving_rule=DUDUURDDD]--|--Watson[index=2;pos=(14,1);moving_rule=DLUDRDLUURLDDD]--|--Criminal[index=0;pos=(25,4)]
Step: 0038--Sherlock[index=1;pos=(11,33);moving_rule=DUDUURDDD]--|--Watson[index=2;pos=(14,1);moving_rule=DLUDRDLUURLDDD]--|--Criminal[index=0;pos=(25,4)]
Step: 0038--Sherlock[index=1;pos=(11,33);moving_rule=DUDUURDDD]--|--Watson[index=2;pos=(14,0);moving_rule=DLUDRDLUURLDDD]--|--Criminal[index=0;pos=(25,4)]
Step: 0039--Sherlock[index=1;pos=(11,33);moving_rule=DUDUURDDD]--|--Watson[index=2;pos=(14,0);moving_rule=DLUDRDLUURLDDD]--|--Criminal[index=0;pos=(25,3)]
Step: 0039--Sherlock[index=1;pos=(10,33);moving_rule=DUDUURDDD]--|--Watson[index=2;pos=(14,0);moving_rule=DLUDRDLUURLDDD]--|--Criminal[index=0;pos=(25,3)]
Step: 0039--Sherlock[index=1;pos=(10,33);moving_rule=DUDUURDDD]--|--Watson[index=2;pos=(15,0);moving_rule=DLUDRDLUURLDDD]--|--Criminal[index=0;pos=(25,3)]
Step: 0040--Sherlock[index=1;pos=(10,33);moving_rule=DUDUURDDD]--|--Watson[index=2;pos=(15,0);moving_rule=DLUDRDLUURLDDD]--|--Criminal[index=0;pos=(25,4)]
Step: 0040--Sherlock[index=1;pos=(9,33);moving_rule=DUDUURDDD]--|--Watson[index=2;pos=(15,0);moving_rule=DLUDRDLUURLDDD]--|--Criminal[index=0;pos=(25,4)]
Step: 0040--Sherlock[index=1;pos=(9,33);moving_rule=DUDUURDDD]--|--Watson[index=2;pos=(16,0);moving_rule=DLUDRDLUURLDDD]--|--Criminal[index=0;pos=(25,4)]
Step: 0041--Sherlock[index=1;pos=(9,33);moving_rule=DUDUURDDD]--|--Watson[index=2;pos=(16,0);moving_rule=DLUDRDLUURLDDD]--|--Criminal[index=0;pos=(25,3)]
Step: 0041--Sherlock[index=1;pos=(9,33);moving_rule=DUDUURDDD]--|--Watson[index=2;pos=(16,0);moving_rule=DLUDRDLUURLDDD]--|--Criminal[index=0;pos=(25,3)]
Step: 0041--Sherlock[index=1;pos=(9,33);moving_rule=DUDUURDDD]--|--Watson[index=2;pos=(17,0);moving_rule=DLUDRDLUURLDDD]--|--Criminal[index=0;pos=(25,3)]
Step: 0042--Sherlock[index=1;pos=(9,33);moving_rule=DUDUURDDD]--|--Watson[index=2;pos=(17,0);moving_rule=DLUDRDLUURLDDD]--|--Criminal[index=0;pos=(25,4)]
Step: 0042--Sherlock[index=1;pos=(10,33);moving_rule=DUDUURDDD]--|--Watson[index=2;pos=(17,0);moving_rule=DLUDRDLUURLDDD]--|--Criminal[index=0;pos=(25,4)]
Step: 0042--Sherlock[index=1;pos=(10,33);moving_rule=DUDUURDDD]--|--Watson[index=2;pos=(18,0);moving_rule=DLUDRDLUURLDDD]--|--Criminal[index=0;pos=(25,4)]
Step: 0043--Sherlock[index=1;pos=(10,33);moving_rule=DUDUURDDD]--|--Watson[index=2;pos=(18,0);moving_rule=DLUDRDLUURLDDD]--|--Criminal[index=0;pos=(25,3)]
Step: 0043--Sherlock[index=1;pos=(11,33);moving_rule=DUDUURDDD]--|--Watson[index=2;pos=(18,0);moving_rule=DLUDRDLUURLDDD]--|--Criminal[index=0;pos=(25,3)]
Step: 0043--Sherlock[index=1;pos=(11,33);moving_rule=DUDUURDDD]--|--Watson[index=2;pos=(18,0);moving_rule=DLUDRDLUURLDDD]--|--Criminal[index=0;pos=(25,3)]
Step: 0044--Sherlock[index=1;pos=(11,33);moving_rule=DUDUURDDD]--|--Watson[index=2;pos=(18,0);moving_rule=DLUDRDLUURLDDD]--|--Criminal[index=0;pos=(25,4)]
Step: 0044--Sherlock[index=1;pos=(12,33);moving_rule=DUDUURDDD]--|--Watson[index=2;pos=(18,0);moving_rule=DLUDRDLUURLDDD]--|--Criminal[index=0;pos=(25,4)]
Step: 0044--Sherlock[index=1;pos=(12,33);moving_rule=DUDUURDDD]--|--Watson[index=2;pos=(17,0);moving_rule=DLUDRDLUURLDDD]--|--Criminal[index=0;pos=(25,4)]
Step: 0045--Sherlock[index=1;pos=(12,33);moving_rule=DUDUURDDD]--|--Watson[index=2;pos=(17,0);moving_rule=DLUDRDLUURLDDD]--|--Criminal[index=0;pos=(25,3)]
Step: 0045--Sherlock[index=1;pos=(13,33);moving_rule=DUDUURDDD]--|--Watson[index=2;pos=(17,0);moving_rule=DLUDRDLUURLDDD]--|--Criminal[index=0;pos=(25,3)]
Step: 0045--Sherlock[index=1;pos=(13,33);moving_rule=DUDUURDDD]--|--Watson[index=2;pos=(18,0);moving_rule=DLUDRDLUURLDDD]--|--Criminal[index=0;pos=(25,3)]
Step: 0046--Sherlock[index=1;pos=(13,33);moving_rule=DUDUURDDD]--|--Watson[index=2;pos=(18,0);moving_rule=DLUDRDLUURLDDD]--|--Criminal[index=0;pos=(25,4)]
Step: 0046--Sherlock[index=1;pos=(12,33);moving_rule=DUDUURDDD]--|--Watson[index=2;pos=(18,0);moving_rule=DLUDRDLUURLDDD]--|--Criminal[index=0;pos=(25,4)]
Step: 0046--Sherlock[index=1;pos=(12,33);moving_rule=DUDUURDDD]--|--Watson[index=2;pos=(18,1);moving_rule=DLUDRDLUURLDDD]--|--Criminal[index=0;pos=(25,4)]
Step: 0047--Sherlock[index=1;pos=(12,33);moving_rule=DUDUURDDD]--|--Watson[index=2;pos=(18,1);moving_rule=DLUDRDLUURLDDD]--|--Criminal[index=0;pos=(25,3)]
Step: 0047--Sherlock[index=1;pos=(13,33);moving_rule=DUDUURDDD]--|--Watson[index=2;pos=(18,1);moving_rule=DLUDRDLUURLDDD]--|--Criminal[index=0;pos=(25,3)]
Step: 0047--Sherlock[index=1;pos=(13,33);moving_rule=DUDUURDDD]--|--Watson[index=2;pos=(19,1);moving_rule=DLUDRDLUURLDDD]--|--Criminal[index=0;pos=(25,3)]
Step: 0048--Sherlock[index=1;pos=(13,33);moving_rule=DUDUURDDD]--|--Watson[index=2;pos=(19,1);moving_rule=DLUDRDLUURLDDD]--|--Criminal[index=0;pos=(25,4)]
Step: 0048--Sherlock[index=1;pos=(12,33);moving_rule=DUDUURDDD]--|--Watson[index=2;pos=(19,1);moving_rule=DLUDRDLUURLDDD]--|--Criminal[index=0;pos=(25,4)]
Step: 0048--Sherlock[index=1;pos=(12,33);moving_rule=DUDUURDDD]--|--Watson[index=2;pos=(19,0);moving_rule=DLUDRDLUURLDDD]--|--Criminal[index=0;pos=(25,4)]
Step: 0049--Sherlock[index=1;pos=(12,33);moving_rule=DUDUURDDD]--|--Watson[index=2;pos=(19,0);moving_rule=DLUDRDLUURLDDD]--|--Criminal[index=0;pos=(25,3)]
Step: 0049--Sherlock[index=1;pos=(11,33);moving_rule=DUDUURDDD]--|--Watson[index=2;pos=(19,0);moving_rule=DLUDRDLUURLDDD]--|--Criminal[index=0;pos=(25,3)]
Step: 0049--Sherlock[index=1;pos=(11,33);moving_rule=DUDUURDDD]--|--Watson[index=2;pos=(18,0);moving_rule=DLUDRDLUURLDDD]--|--Criminal[index=0;pos=(25,3)]
Step: 0050--Sherlock[index=1;pos=(11,33);moving_rule=DUDUURDDD]--|--Watson[index=2;pos=(18,0);moving_rule=DLUDRDLUURLDDD]--|--Criminal[index=0;pos=(25,4)]
Step: 0050--Sherlock[index=1;pos=(11,33);moving_rule=DUDUURDDD]--|--Watson[index=2;pos=(18,0);moving_rule=DLUDRDLUURLDDD]--|--Criminal[index=0;pos=(25,4)]
Step: 0050--Sherlock[index=1;pos=(11,33);moving_rule=DUDUURDDD]--|--Watson[index=2;pos=(17,0);moving_rule=DLUDRDLUURLDDD]--|--Criminal[index=0;pos=(25,4)]
Step: 0051--Sherlock[index=1;pos=(11,33);moving_rule=DUDUURDDD]--|--Watson[index=2;pos=(17,0);moving_rule=DLUDRDLUURLDDD]--|--Criminal[index=0;pos=(25,3)]
Step: 0051--Sherlock[index=1;pos=(12,33);moving_rule=DUDUURDDD]--|--Watson[index=2;pos=(17,0);moving_rule=DLUDRDLUURLDDD]--|--Criminal[index=0;pos=(25,3)]
Step: 0051--Sherlock[index=1;pos=(12,33);moving_rule=DUDUURDDD]--|--Watson[index=2;pos=(17,1);moving_rule=DLUDRDLUURLDDD]--|--Criminal[index=0;pos=(25,3)]
Step: 0052--Sherlock[index=1;pos=(12,33);moving_rule=DUDUURDDD]--|--Watson[index=2;pos=(17,1);moving_rule=DLUDRDLUURLDDD]--|--Criminal[index=0;pos=(25,4)]
Step: 0052--Sherlock[index=1;pos=(13,33);moving_rule=DUDUURDDD]--|--Watson[index=2;pos=(17,1);moving_rule=DLUDRDLUURLDDD]--|--Criminal[index=0;pos=(25,4)]
Step: 0052--Sherlock[index=1;pos=(13,33);moving_rule=DUDUURDDD]--|--Watson[index=2;pos=(17,0);moving_rule=DLUDRDLUURLDDD]--|--Criminal[index=0;pos=(25,4)]
Step: 0053--Sherlock[index=1;pos=(13,33);moving_rule=DUDUURDDD]--|--Watson[index=2;pos=(17,0);moving_rule=DLUDRDLUURLDDD]--|--Criminal[index=0;pos=(25,3)]
Step: 0053--Sherlock[index=1;pos=(14,33);moving_rule=DUDUURDDD]--|--Watson[index=2;pos=(17,0);moving_rule=DLUDRDLUURLDDD]--|--Criminal[index=0;pos=(25,3)]
Step: 0053--Sherlock[index=1;pos=(14,33);moving_rule=DUDUURDDD]--|--Watson[index=2;pos=(18,0);moving_rule=DLUDRDLUURLDDD]--|--Criminal[index=0;pos=(25,3)]
Step: 0054--Sherlock[index=1;pos=(14,33);moving_rule=DUDUURDDD]--|--Watson[index=2;pos=(18,0);moving_rule=DLUDRDLUURLDDD]--|--Criminal[index=0;pos=(25,4)]
Step: 0054--Sherlock[index=1;pos=(15,33);moving_rule=DUDUURDDD]--|--Watson[index=2;pos=(18,0);moving_rule=DLUDRDLUURLDDD]--|--Criminal[index=0;pos=(25,4)]
Step: 0054--Sherlock[index=1;pos=(15,33);moving_rule=DUDUURDDD]--|--Watson[index=2;pos=(19,0);moving_rule=DLUDRDLUURLDDD]--|--Criminal[index=0;pos=(25,4)]
Step: 0055--Sherlock[index=1;pos=(15,33);moving_rule=DUDUURDDD]--|--Watson[index=2;pos=(19,0);moving_rule=DLUDRDLUURLDDD]--|--Criminal[index=0;pos=(25,3)]
Step: 0055--Sherlock[index=1;pos=(14,33);moving_rule=DUDUURDDD]--|--Watson[index=2;pos=(19,0);moving_rule=DLUDRDLUURLDDD]--|--Criminal[index=0;pos=(25,3)]
Step: 0055--Sherlock[index=1;pos=(14,33);moving_rule=DUDUURDDD]--|--Watson[index=2;pos=(20,0);moving_rule=DLUDRDLUURLDDD]--|--Criminal[index=0;pos=(25,3)]
Step: 0056--Sherlock[index=1;pos=(14,33);moving_rule=DUDUURDDD]--|--Watson[index=2;pos=(20,0);moving_rule=DLUDRDLUURLDDD]--|--Criminal[index=0;pos=(25,4)]
Step: 0056--Sherlock[index=1;pos=(15,33);moving_rule=DUDUURDDD]--|--Watson[index=2;pos=(20,0);moving_rule=DLUDRDLUURLDDD]--|--Criminal[index=0;pos=(25,4)]
Step: 0056--Sherlock[index=1;pos=(15,33);moving_rule=DUDUURDDD]--|--Watson[index=2;pos=(21,0);moving_rule=DLUDRDLUURLDDD]--|--Criminal[index=0;pos=(25,4)]
Step: 0057--Sherlock[index=1;pos=(15,33);moving_rule=DUDUURDDD]--|--Watson[index=2;pos=(21,0);moving_rule=DLUDRDLUURLDDD]--|--Criminal[index=0;pos=(25,3)]
Step: 0057--Sherlock[index=1;pos=(14,33);moving_rule=DUDUURDDD]--|--Watson[index=2;pos=(21,0);moving_rule=DLUDRDLUURLDDD]--|--Criminal[index=0;pos=(25,3)]
Step: 0057--Sherlock[index=1;pos=(14,33);moving_rule=DUDUURDDD]--|--Watson[index=2;pos=(21,0);moving_rule=DLUDRDLUURLDDD]--|--Criminal[index=0;pos=(25,3)]
Step: 0058--Sherlock[index=1;pos=(14,33);moving_rule=DUDUURDDD]--|--Watson[index=2;pos=(21,0);moving_rule=DLUDRDLUURLDDD]--|--Criminal[index=0;pos=(25,4)]
Step: 0058--Sherlock[index=1;pos=(13,33);moving_rule=DUDUURDDD]--|--Watson[index=2;pos=(21,0);moving_rule=DLUDRDLUURLDDD]--|--Criminal[index=0;pos=(25,4)]
Step: 0058--Sherlock[index=1;pos=(13,33);moving_rule=DUDUURDDD]--|--Watson[index=2;pos=(20,0);moving_rule=DLUDRDLUURLDDD]--|--Criminal[index=0;pos=(25,4)]
Step: 0059--Sherlock[index=1;pos=(13,33);moving_rule=DUDUURDDD]--|--Watson[index=2;pos=(20,0);moving_rule=DLUDRDLUURLDDD]--|--Criminal[index=0;pos=(25,3)]
Step: 0059--Sherlock[index=1;pos=(13,33);moving_rule=DUDUURDDD]--|--Watson[index=2;pos=(20,0);moving_rule=DLUDRDLUURLDDD]--|--Criminal[index=0;pos=(25,3)]
Step: 0059--Sherlock[index=1;pos=(13,33);moving_rule=DUDUURDDD]--|--Watson[index=2;pos=(21,0);moving_rule=DLUDRDLUURLDDD]--|--Criminal[index=0;pos=(25,3)]
Step: 0060--Sherlock[index=1;pos=(13,33);moving_rule=DUDUURDDD]--|--Watson[index=2;pos=(21,0);moving_rule=DLUDRDLUURLDDD]--|--Criminal[index=0;pos=(25,4)]
Step: 0060--Sherlock[index=1;pos=(14,33);moving_rule=DUDUURDDD]--|--Watson[index=2;pos=(21,0);moving_rule=DLUDRDLUURLDDD]--|--Criminal[index=0;pos=(25,4)]
Step: 0060--Sherlock[index=1;pos=(14,33);moving_rule=DUDUURDDD]--|--Watson[index=2;pos=(21,1);moving_rule=DLUDRDLUURLDDD]--|--Criminal[index=0;pos=(25,4)]
Step: 0061--Sherlock[index=1;pos=(14,33);moving_rule=DUDUURDDD]--|--Watson[index=2;pos=(21,1);moving_rule=DLUDRDLUURLDDD]--|--Criminal[index=0;pos=(25,3)]
Step: 0061--Sherlock[index=1;pos=(15,33);moving_rule=DUDUURDDD]--|--Watson[index=2;pos=(21,1);moving_rule=DLUDRDLUURLDDD]--|--Criminal[index=0;pos=(25,3)]
Step: 0061--Sherlock[index=1;pos=(15,33);moving_rule=DUDUURDDD]--|--Watson[index=2;pos=(22,1);moving_rule=DLUDRDLUURLDDD]--|--Criminal[index=0;pos=(25,3)]
Step: 0062--Sherlock[index=1;pos=(15,33);moving_rule=DUDUURDDD]--|--Watson[index=2;pos=(22,1);moving_rule=DLUDRDLUURLDDD]--|--Criminal[index=0;pos=(25,4)]
Step: 0062--Sherlock[index=1;pos=(16,33);moving_rule=DUDUURDDD]--|--Watson[index=2;pos=(22,1);moving_rule=DLUDRDLUURLDDD]--|--Criminal[index=0;pos=(25,4)]
Step: 0062--Sherlock[index=1;pos=(16,33);moving_rule=DUDUURDDD]--|--Watson[index=2;pos=(22,0);moving_rule=DLUDRDLUURLDDD]--|--Criminal[index=0;pos=(25,4)]
Step: 0063--Sherlock[index=1;pos=(16,33);moving_rule=DUDUURDDD]--|--Watson[index=2;pos=(22,0);moving_rule=DLUDRDLUURLDDD]--|--Criminal[index=0;pos=(25,3)]
Step: 0063--Sherlock[index=1;pos=(17,33);moving_rule=DUDUURDDD]--|--Watson[index=2;pos=(22,0);moving_rule=DLUDRDLUURLDDD]--|--Criminal[index=0;pos=(25,3)]
Step: 0063--Sherlock[index=1;pos=(17,33);moving_rule=DUDUURDDD]--|--Watson[index=2;pos=(21,0);moving_rule=DLUDRDLUURLDDD]--|--Criminal[index=0;pos=(25,3)]
Step: 0064--Sherlock[index=1;pos=(17,33);moving_rule=DUDUURDDD]--|--Watson[index=2;pos=(21,0);moving_rule=DLUDRDLUURLDDD]--|--Criminal[index=0;pos=(25,4)]
Step: 0064--Sherlock[index=1;pos=(16,33);moving_rule=DUDUURDDD]--|--Watson[index=2;pos=(21,0);moving_rule=DLUDRDLUURLDDD]--|--Criminal[index=0;pos=(25,4)]
Step: 0064--Sherlock[index=1;pos=(16,33);moving_rule=DUDUURDDD]--|--Watson[index=2;pos=(20,0);moving_rule=DLUDRDLUURLDDD]--|--Criminal[index=0;pos=(25,4)]
Step: 0065--Sherlock[index=1;pos=(16,33);moving_rule=DUDUURDDD]--|--Watson[index=2;pos=(20,0);moving_rule=DLUDRDLUURLDDD]--|--Criminal[index=0;pos=(25,3)]
Step: 0065--Sherlock[index=1;pos=(17,33);moving_rule=DUDUURDDD]--|--Watson[index=2;pos=(20,0);moving_rule=DLUDRDLUURLDDD]--|--Criminal[index=0;pos=(25,3)]
Step: 0065--Sherlock[index=1;pos=(17,33);moving_rule=DUDUURDDD]--|--Watson[index=2;pos=(20,1);moving_rule=DLUDRDLUURLDDD]--|--Criminal[index=0;pos=(25,3)]
Step: 0066--Sherlock[index=1;pos=(17,33);moving_rule=DUDUURDDD]--|--Watson[index=2;pos=(20,1);moving_rule=DLUDRDLUURLDDD]--|--Criminal[index=0;pos=(25,4)]
Step: 0066--Sherlock[index=1;pos=(16,33);moving_rule=DUDUURDDD]--|--Watson[index=2;pos=(20,1);moving_rule=DLUDRDLUURLDDD]--|--Criminal[index=0;pos=(25,4)]
Step: 0066--Sherlock[index=1;pos=(16,33);moving_rule=DUDUURDDD]--|--Watson[index=2;pos=(20,0);moving_rule=DLUDRDLUURLDDD]--|--Criminal[index=0;pos=(25,4)]
Step: 0067--Sherlock[index=1;pos=(16,33);moving_rule=DUDUURDDD]--|--Watson[index=2;pos=(20,0);moving_rule=DLUDRDLUURLDDD]--|--Criminal[index=0;pos=(25,3)]
Step: 0067--Sherlock[index=1;pos=(15,33);moving_rule=DUDUURDDD]--|--Watson[index=2;pos=(20,0);moving_rule=DLUDRDLUURLDDD]--|--Criminal[index=0;pos=(25,3)]
Step: 0067--Sherlock[index=1;pos=(15,33);moving_rule=DUDUURDDD]--|--Watson[index=2;pos=(21,0);moving_rule=DLUDRDLUURLDDD]--|--Criminal[index=0;pos=(25,3)]
Step: 0068--Sherlock[index=1;pos=(15,33);moving_rule=DUDUURDDD]--|--Watson[index=2;pos=(21,0);moving_rule=DLUDRDLUURLDDD]--|--Criminal[index=0;pos=(25,4)]
Step: 0068--Sherlock[index=1;pos=(15,33);moving_rule=DUDUURDDD]--|--Watson[index=2;pos=(21,0);moving_rule=DLUDRDLUURLDDD]--|--Criminal[index=0;pos=(25,4)]
Step: 0068--Sherlock[index=1;pos=(15,33);moving_rule=DUDUURDDD]--|--Watson[index=2;pos=(22,0);moving_rule=DLUDRDLUURLDDD]--|--Criminal[index=0;pos=(25,4)]
Step: 0069--Sherlock[index=1;pos=(15,33);moving_rule=DUDUURDDD]--|--Watson[index=2;pos=(22,0);moving_rule=DLUDRDLUURLDDD]--|--Criminal[index=0;pos=(25,3)]
Step: 0069--Sherlock[index=1;pos=(16,33);moving_rule=DUDUURDDD]--|--Watson[index=2;pos=(22,0);moving_rule=DLUDRDLUURLDDD]--|--Criminal[index=0;pos=(25,3)]
Step: 0069--Sherlock[index=1;pos=(16,33);moving_rule=DUDUURDDD]--|--Watson[index=2;pos=(23,0);moving_rule=DLUDRDLUURLDDD]--|--Criminal[index=0;pos=(25,3)]
Step: 0070--Sherlock[index=1;pos=(16,33);moving_rule=DUDUURDDD]--|--Watson[index=2;pos=(23,0);moving_rule=DLUDRDLUURLDDD]--|--Criminal[index=0;pos=(25,4)]
Step: 0070--Sherlock[index=1;pos=(17,33);moving_rule=DUDUURDDD]--|--Watson[index=2;pos=(23,0);moving_rule=DLUDRDLUURLDDD]--|--Criminal[index=0;pos=(25,4)]
Step: 0070--Sherlock[index=1;pos=(17,33);moving_rule=DUDUURDDD]--|--Watson[index=2;pos=(24,0);moving_rule=DLUDRDLUURLDDD]--|--Criminal[index=0;pos=(25,4)]
Step: 0071--Sherlock[index=1;pos=(17,33);moving_rule=DUDUURDDD]--|--Watson[index=2;pos=(24,0);moving_rule=DLUDRDLUURLDDD]--|--Criminal[index=0;pos=(25,3)]
Step: 0071--Sherlock[index=1;pos=(18,33);moving_rule=DUDUURDDD]--|--Watson[index=2;pos=(24,0);moving_rule=DLUDRDLUURLDDD]--|--Criminal[index=0;pos=(25,3)]
Step: 0071--Sherlock[index=1;pos=(18,33);moving_rule=DUDUURDDD]--|--Watson[index=2;pos=(24,0);moving_rule=DLUDRDLUURLDDD]--|--Criminal[index=0;pos=(25,3)]
Step: 0072--Sherlock[index=1;pos=(18,33);moving_rule=DUDUURDDD]--|--Watson[index=2;pos=(24,0);moving_rule=DLUDRDLUURLDDD]--|--Criminal[index=0;pos=(25,4)]
Step: 0072--Sherlock[index=1;pos=(19,33);moving_rule=DUDUURDDD]--|--Watson[index=2;pos=(24,0);moving_rule=DLUDRDLUURLDDD]--|--Criminal[index=0;pos=(25,4)]
Step: 0072--Sherlock[index=1;pos=(19,33);moving_rule=DUDUURDDD]--|--Watson[index=2;pos=(23,0);moving_rule=DLUDRDLUURLDDD]--|--Criminal[index=0;pos=(25,4)]
Step: 0073--Sherlock[index=1;pos=(19,33);moving_rule=DUDUURDDD]--|--Watson[index=2;pos=(23,0);moving_rule=DLUDRDLUURLDDD]--|--Criminal[index=0;pos=(25,3)]
Step: 0073--Sherlock[index=1;pos=(18,33);moving_rule=DUDUURDDD]--|--Watson[index=2;pos=(23,0);moving_rule=DLUDRDLUURLDDD]--|--Criminal[index=0;pos=(25,3)]
Step: 0073--Sherlock[index=1;pos=(18,33);moving_rule=DUDUURDDD]--|--Watson[index=2;pos=(24,0);moving_rule=DLUDRDLUURLDDD]--|--Criminal[index=0;pos=(25,3)]
Step: 0074--Sherlock[index=1;pos=(18,33);moving_rule=DUDUURDDD]--|--Watson[index=2;pos=(24,0);moving_rule=DLUDRDLUURLDDD]--|--Criminal[index=0;pos=(25,4)]
Step: 0074--Sherlock[index=1;pos=(19,33);moving_rule=DUDUURDDD]--|--Watson[index=2;pos=(24,0);moving_rule=DLUDRDLUURLDDD]--|--Criminal[index=0;pos=(25,4)]
Step: 0074--Sherlock[index=1;pos=(19,33);moving_rule=DUDUURDDD]--|--Watson[index=2;pos=(24,1);moving_rule=DLUDRDLUURLDDD]--|--Criminal[index=0;pos=(25,4)]
Step: 0075--Sherlock[index=1;pos=(19,33);moving_rule=DUDUURDDD]--|--Watson[index=2;pos=(24,1);moving_rule=DLUDRDLUURLDDD]--|--Criminal[index=0;pos=(25,3)]
Step: 0075--Sherlock[index=1;pos=(18,33);moving_rule=DUDUURDDD]--|--Watson[index=2;pos=(24,1);moving_rule=DLUDRDLUURLDDD]--|--Criminal[index=0;pos=(25,3)]
Step: 0075--Sherlock[index=1;pos=(18,33);moving_rule=DUDUURDDD]--|--Watson[index=2;pos=(25,1);moving_rule=DLUDRDLUURLDDD]--|--Criminal[index=0;pos=(25,3)]
Step: 0076--Sherlock[index=1;pos=(18,33);moving_rule=DUDUURDDD]--|--Watson[index=2;pos=(25,1);moving_rule=DLUDRDLUURLDDD]--|--Criminal[index=0;pos=(24,3)]
Step: 0076--Sherlock[index=1;pos=(17,33);moving_rule=DUDUURDDD]--|--Watson[index=2;pos=(25,1);moving_rule=DLUDRDLUURLDDD]--|--Criminal[index=0;pos=(24,3)]
Step: 0076--Sherlock[index=1;pos=(17,33);moving_rule=DUDUURDDD]--|--Watson[index=2;pos=(25,0);moving_rule=DLUDRDLUURLDDD]--|--Criminal[index=0;pos=(24,3)]
Step: 0077--Sherlock[index=1;pos=(17,33);moving_rule=DUDUURDDD]--|--Watson[index=2;pos=(25,0);moving_rule=DLUDRDLUURLDDD]--|--Criminal[index=0;pos=(23,3)]
Step: 0077--Sherlock[index=1;pos=(17,33);moving_rule=DUDUURDDD]--|--Watson[index=2;pos=(25,0);moving_rule=DLUDRDLUURLDDD]--|--Criminal[index=0;pos=(23,3)]
Step: 0077--Sherlock[index=1;pos=(17,33);moving_rule=DUDUURDDD]--|--Watson[index=2;pos=(24,0);moving_rule=DLUDRDLUURLDDD]--|--Criminal[index=0;pos=(23,3)]
Step: 0078--Sherlock[index=1;pos=(17,33);moving_rule=DUDUURDDD]--|--Watson[index=2;pos=(24,0);moving_rule=DLUDRDLUURLDDD]--|--Criminal[index=0;pos=(22,3)]
Step: 0078--Sherlock[index=1;pos=(18,33);moving_rule=DUDUURDDD]--|--Watson[index=2;pos=(24,0);moving_rule=DLUDRDLUURLDDD]--|--Criminal[index=0;pos=(22,3)]
Step: 0078--Sherlock[index=1;pos=(18,33);moving_rule=DUDUURDDD]--|--Watson[index=2;pos=(23,0);moving_rule=DLUDRDLUURLDDD]--|--Criminal[index=0;pos=(22,3)]
Step: 0079--Sherlock[index=1;pos=(18,33);moving_rule=DUDUURDDD]--|--Watson[index=2;pos=(23,0);moving_rule=DLUDRDLUURLDDD]--|--Criminal[index=0;pos=(21,3)]
Step: 0079--Sherlock[index=1;pos=(19,33);moving_rule=DUDUURDDD]--|--Watson[index=2;pos=(23,0);moving_rule=DLUDRDLUURLDDD]--|--Criminal[index=0;pos=(21,3)]
Step: 0079--Sherlock[index=1;pos=(19,33);moving_rule=DUDUURDDD]--|--Watson[index=2;pos=(23,1);moving_rule=DLUDRDLUURLDDD]--|--Criminal[index=0;pos=(21,3)]
Step: 0080--Sherlock[index=1;pos=(19,33);moving_rule=DUDUURDDD]--|--Watson[index=2;pos=(23,1);moving_rule=DLUDRDLUURLDDD]--|--Criminal[index=0;pos=(20,3)]
Step: 0080--Sherlock[index=1;pos=(20,33);moving_rule=DUDUURDDD]--|--Watson[index=2;pos=(23,1);moving_rule=DLUDRDLUURLDDD]--|--Criminal[index=0;pos=(20,3)]
Step: 0080--Sherlock[index=1;pos=(20,33);moving_rule=DUDUURDDD]--|--Watson[index=2;pos=(23,0);moving_rule=DLUDRDLUURLDDD]--|--Criminal[index=0;pos=(20,3)]
Step: 0081--Sherlock[index=1;pos=(20,33);moving_rule=DUDUURDDD]--|--Watson[index=2;pos=(23,0);moving_rule=DLUDRDLUURLDDD]--|--Criminal[index=0;pos=(19,3)]
Step: 0081--Sherlock[index=1;pos=(21,33);moving_rule=DUDUURDDD]--|--Watson[index=2;pos=(23,0);moving_rule=DLUDRDLUURLDDD]--|--Criminal[index=0;pos=(19,3)]
Step: 0081--Sherlock[index=1;pos=(21,33);moving_rule=DUDUURDDD]--|--Watson[index=2;pos=(24,0);moving_rule=DLUDRDLUURLDDD]--|--Criminal[index=0;pos=(19,3)]
The criminal escaped
