Step: 0000--Sherlock[index=1;pos=(16,8);moving_rule=DDRLDLURU]--|--Watson[index=2;pos=(3,0);moving_rule=DLUURLR]--|--Criminal[index=0;pos=(12,4)]
Step: 0000--Sherlock[index=1;pos=(17,8);moving_rule=DDRLDLURU]--|--Watson[index=2;pos=(3,0);moving_rule=DLUURLR]--|--Criminal[index=0;pos=(12,4)]
Step: 0000--Sherlock[index=1;pos=(17,8);moving_rule=DDRLDLURU]--|--Watson[index=2;pos=(4,0);moving_rule=DLUURLR]--|--Criminal[index=0;pos=(12,4)]
Step: 0001--Sherlock[index=1;pos=(17,8);moving_rule=DDRLDLURU]--|--Watson[index=2;pos=(4,0);moving_rule=DLUURLR]--|--Criminal[index=0;pos=(11,4)]
Step: 0001--Sherlock[index=1;pos=(17,8);moving_rule=DDRLDLURU]--|--Watson[index=2;pos=(4,0);moving_rule=DLUURLR]--|--Criminal[index=0;pos=(11,4)]
Step: 0001--Sherlock[index=1;pos=(17,8);moving_rule=DDRLDLURU]--|--Watson[index=2;pos=(4,0);moving_rule=DLUURLR]--|--Criminal[index=0;pos=(11,4)]
Step: 0002--Sherlock[index=1;pos=(17,8);moving_rule=DDRLDLURU]--|--Watson[index=2;pos=(4,0);moving_rule=DLUURLR]--|--Criminal[index=0;pos=(10,4)]
Step: 0002--Sherlock[index=1;pos=(17,9);moving_rule=DDRLDLURU]--|--Watson[index=2;pos=(4,0);moving_rule=DLUURLR]--|--Criminal[index=0;pos=(10,4)]
Step: 0002--Sherlock[index=1;pos=(17,9);moving_rule=DDRLDLURU]--|--Watson[index=2;pos=(3,0);moving_rule=DLUURLR]--|--Criminal[index=0;pos=(10,4)]
Step: 0002--Sherlock[index=1;pos=(17,9);moving_rule=DDRLDLURU]--|--Watson[index=2;pos=(3,0);moving_rule=DLUURLR]--|--Criminal[index=0;pos=(10,4)]
Step: 0003--Sherlock[index=1;pos=(17,9);moving_rule=DDRLDLURU]--|--Watson[index=2;pos=(3,0);moving_rule=DLUURLR]--|--Criminal[index=0;pos=(9,4)]
Step: 0003--Sherlock[index=1;pos=(17,8);moving_rule=DDRLDLURU]--|--Watson[index=2;pos=(3,0);moving_rule=DLUURLR]--|--Criminal[index=0;pos=(9,4)]
Step: 0003--Sherlock[index=1;pos=(17,8);moving_rule=DDRLDLURU]--|--Watson[index=2;pos=(2,0);moving_rule=DLUURLR]--|--Criminal[index=0;pos=(9,4)]
Step: 0003--Sherlock[index=1;pos=(17,8);moving_rule=DDRLDLURU]--|--Watson[index=2;pos=(2,0);moving_rule=DLUURLR]--|--Criminal[index=0;pos=(9,4)]
Step: 0004--Sherlock[index=1;pos=(17,8);moving_rule=DDRLDLURU]--|--Watson[index=2;pos=(2,0);moving_rule=DLUURLR]--|--Criminal[index=0;pos=(8,4)]
Step: 0004--Sherlock[index=1;pos=(17,8);moving_rule=DDRLDLURU]--|--Watson[index=2;pos=(2,0);moving_rule=DLUURLR]--|--Criminal[index=0;pos=(8,4)]
Step: 0004--Sherlock[index=1;pos=(17,8);moving_rule=DDRLDLURU]--|--Watson[index=2;pos=(2,1);moving_rule=DLUURLR]--|--Criminal[index=0;pos=(8,4)]
Step: 0004--Sherlock[index=1;pos=(17,8);moving_rule=DDRLDLURU]--|--Watson[index=2;pos=(2,1);moving_rule=DLUURLR]--|--Criminal[index=0;pos=(8,4)]
Step: 0005--Sherlock[index=1;pos=(17,8);moving_rule=DDRLDLURU]--|--Watson[index=2;pos=(2,1);moving_rule=DLUURLR]--|--Criminal[index=0;pos=(7,4)]
Step: 0005--Sherlock[index=1;pos=(17,7);moving_rule=DDRLDLURU]--|--Watson[index=2;pos=(2,1);moving_rule=DLUURLR]--|--Criminal[index=0;pos=(7,4)]
Step: 0005--Sherlock[index=1;pos=(17,7);moving_rule=DDRLDLURU]--|--Watson[index=2;pos=(2,0);moving_rule=DLUURLR]--|--Criminal[index=0;pos=(7,4)]
Step: 0005--Sherlock[index=1;pos=(17,7);moving_rule=DDRLDLURU]--|--Watson[index=2;pos=(2,0);moving_rule=DLUURLR]--|--Criminal[index=0;pos=(7,4)]
Step: 0005--Sherlock[index=1;pos=(17,7);moving_rule=DDRLDLURU]--|--Watson[index=2;pos=(2,0);moving_rule=DLUURLR]--|--Criminal[index=0;pos=(7,4)]
Step: 0006--Sherlock[index=1;pos=(17,7);moving_rule=DDRLDLURU]--|--Watson[index=2;pos=(2,0);moving_rule=DLUURLR]--|--Criminal[index=0;pos=(6,4)]
Step: 0006--Sherlock[index=1;pos=(16,7);moving_rule=DDRLDLURU]--|--Watson[index=2;pos=(2,0);moving_rule=DLUURLR]--|--Criminal[index=0;pos=(6,4)]
Step: 0006--Sherlock[index=1;pos=(16,7);moving_rule=DDRLDLURU]--|--Watson[index=2;pos=(2,1);moving_rule=DLUURLR]--|--Criminal[index=0;pos=(6,4)]
Step: 0006--Sherlock[index=1;pos=(16,7);moving_rule=DDRLDLURU]--|--Watson[index=2;pos=(2,1);moving_rule=DLUURLR]--|--Criminal[index=0;pos=(6,4)]
Step: 0006--Sherlock[index=1;pos=(16,7);moving_rule=DDRLDLURU]--|--Watson[index=2;pos=(2,1);moving_rule=DLUURLR]--|--Criminal[index=0;pos=(6,4)]
Step: 0007--Sherlock[index=1;pos=(16,7);moving_rule=DDRLDLURU]--|--Watson[index=2;pos=(2,1);moving_rule=DLUURLR]--|--Criminal[index=0;pos=(5,4)]
Step: 0007--Sherlock[index=1;pos=(16,8);moving_rule=DDRLDLURU]--|--Watson[index=2;pos=(2,1);moving_rule=DLUURLR]--|--Criminal[index=0;pos=(5,4)]
Step: 0007--Sherlock[index=1;pos=(16,8);moving_rule=DDRLDLURU]--|--Watson[index=2;pos=(2,1);moving_rule=DLUURLR]--|--Criminal[index=0;pos=(5,4)]
Step: 0007--Sherlock[index=1;pos=(16,8);moving_rule=DDRLDLURU]--|--Watson[index=2;pos=(2,1);moving_rule=DLUURLR]--|--Criminal[index=0;pos=(5,4)]
Step: 0007--Sherlock[index=1;pos=(16,8);moving_rule=DDRLDLURU]--|--Watson[index=2;pos=(2,1);moving_rule=DLUURLR]--|--Criminal[index=0;pos=(5,4)]
Step: 0008--Sherlock[index=1;pos=(16,8);moving_rule=DDRLDLURU]--|--Watson[index=2;pos=(2,1);moving_rule=DLUURLR]--|--Criminal[index=0;pos=(4,4)]
Step: 0008--Sherlock[index=1;pos=(15,8);moving_rule=DDRLDLURU]--|--Watson[index=2;pos=(2,1);moving_rule=DLUURLR]--|--Criminal[index=0;pos=(4,4)]
Step: 0008--Sherlock[index=1;pos=(15,8);moving_rule=DDRLDLURU]--|--Watson[index=2;pos=(2,0);moving_rule=DLUURLR]--|--Criminal[index=0;pos=(4,4)]
Step: 0008--Sherlock[index=1;pos=(15,8);moving_rule=DDRLDLURU]--|--Watson[index=2;pos=(2,0);moving_rule=DLUURLR]--|--Criminal[index=0;pos=(4,4)]
Step: 0008--Sherlock[index=1;pos=(15,8);moving_rule=DDRLDLURU]--|--Watson[index=2;pos=(2,0);moving_rule=DLUURLR]--|--Criminal[index=0;pos=(4,4)]
Step: 0008--Sherlock[index=1;pos=(15,8);moving_rule=DDRLDLURU]--|--Watson[index=2;pos=(2,0);moving_rule=DLUURLR]--|--Criminal[index=0;pos=(4,4)]
Step: 0009--Sherlock[index=1;pos=(15,8);moving_rule=DDRLDLURU]--|--Watson[index=2;pos=(2,0);moving_rule=DLUURLR]--|--Criminal[index=0;pos=(3,4)]
Step: 0009--Sherlock[index=1;pos=(16,8);moving_rule=DDRLDLURU]--|--Watson[index=2;pos=(2,0);moving_rule=DLUURLR]--|--Criminal[index=0;pos=(3,4)]
Step: 0009--Sherlock[index=1;pos=(16,8);moving_rule=DDRLDLURU]--|--Watson[index=2;pos=(1,0);moving_rule=DLUURLR]--|--Criminal[index=0;pos=(3,4)]
Step: 0009--Sherlock[index=1;pos=(16,8);moving_rule=DDRLDLURU]--|--Watson[index=2;pos=(1,0);moving_rule=DLUURLR]--|--Criminal[index=0;pos=(3,4)]
Step: 0009--Sherlock[index=1;pos=(16,8);moving_rule=DDRLDLURU]--|--Watson[index=2;pos=(1,0);moving_rule=DLUURLR]--|--Criminal[index=0;pos=(3,4)]
Step: 0009--Sherlock[index=1;pos=(16,8);moving_rule=DDRLDLURU]--|--Watson[index=2;pos=(1,0);moving_rule=DLUURLR]--|--Criminal[index=0;pos=(3,4)]
Step: 0010--Sherlock[index=1;pos=(16,8);moving_rule=DDRLDLURU]--|--Watson[index=2;pos=(1,0);moving_rule=DLUURLR]--|--Criminal[index=0;pos=(2,4)]
Step: 0010--Sherlock[index=1;pos=(17,8);moving_rule=DDRLDLURU]--|--Watson[index=2;pos=(1,0);moving_rule=DLUURLR]--|--Criminal[index=0;pos=(2,4)]
Step: 0010--Sherlock[index=1;pos=(17,8);moving_rule=DDRLDLURU]--|--Watson[index=2;pos=(0,0);moving_rule=DLUURLR]--|--Criminal[index=0;pos=(2,4)]
Step: 0010--Sherlock[index=1;pos=(17,8);moving_rule=DDRLDLURU]--|--Watson[index=2;pos=(0,0);moving_rule=DLUURLR]--|--Criminal[index=0;pos=(2,4)]
Step: 0010--Sherlock[index=1;pos=(17,8);moving_rule=DDRLDLURU]--|--Watson[index=2;pos=(0,0);moving_rule=DLUURLR]--|--Criminal[index=0;pos=(2,4)]
Step: 0010--Sherlock[index=1;pos=(17,8);moving_rule=DDRLDLURU]--|--Watson[index=2;pos=(0,0);moving_rule=DLUURLR]--|--Criminal[index=0;pos=(2,4)]
Step: 0011--Sherlock[index=1;pos=(17,8);moving_rule=DDRLDLURU]--|--Watson[index=2;pos=(0,0);moving_rule=DLUURLR]--|--Criminal[index=0;pos=(1,4)]
Step: 0011--Sherlock[index=1;pos=(17,9);moving_rule=DDRLDLURU]--|--Watson[index=2;pos=(0,0);moving_rule=DLUURLR]--|--Criminal[index=0;pos=(1,4)]
Step: 0011--Sherlock[index=1;pos=(17,9);moving_rule=DDRLDLURU]--|--Watson[index=2;pos=(0,1);moving_rule=DLUURLR]--|--Criminal[index=0;pos=(1,4)]
Step: 0011--Sherlock[index=1;pos=(17,9);moving_rule=DDRLDLURU]--|--Watson[index=2;pos=(0,1);moving_rule=DLUURLR]--|--Criminal[index=0;pos=(1,4)]
Step: 0011--Sherlock[index=1;pos=(17,9);moving_rule=DDRLDLURU]--|--Watson[index=2;pos=(0,1);moving_rule=DLUURLR]--|--Criminal[index=0;pos=(1,4)]
Step: 0011--Sherlock[index=1;pos=(17,9);moving_rule=DDRLDLURU]--|--Watson[index=2;pos=(0,1);moving_rule=DLUURLR]--|--Criminal[index=0;pos=(1,4)]
Step: 0011--Sherlock[index=1;pos=(17,9);moving_rule=DDRLDLURU]--|--Watson[index=2;pos=(0,1);moving_rule=DLUURLR]--|--Criminal[index=0;pos=(1,4)]
Step: 0012--Sherlock[index=1;pos=(17,9);moving_rule=DDRLDLURU]--|--Watson[index=2;pos=(0,1);moving_rule=DLUURLR]--|--Criminal[index=0;pos=(0,4)]
Step: 0012--Sherlock[index=1;pos=(17,8);moving_rule=DDRLDLURU]--|--Watson[index=2;pos=(0,1);moving_rule=DLUURLR]--|--Criminal[index=0;pos=(0,4)]
Step: 0012--Sherlock[index=1;pos=(17,8);moving_rule=DDRLDLURU]--|--Watson[index=2;pos=(0,0);moving_rule=DLUURLR]--|--Criminal[index=0;pos=(0,4)]
Step: 0012--Sherlock[index=1;pos=(17,8);moving_rule=DDRLDLURU]--|--Watson[index=2;pos=(0,0);moving_rule=DLUURLR]--|--Criminal[index=0;pos=(0,4)]
Step: 0012--Sherlock[index=1;pos=(17,8);moving_rule=DDRLDLURU]--|--Watson[index=2;pos=(0,0);moving_rule=DLUURLR]--|--Criminal[index=0;pos=(0,4)]
Step: 0012--Sherlock[index=1;pos=(17,8);moving_rule=DDRLDLURU]--|--Watson[index=2;pos=(0,0);moving_rule=DLUURLR]--|--Criminal[index=0;pos=(0,4)]
Step: 0012--Sherlock[index=1;pos=(17,8);moving_rule=DDRLDLURU]--|--Watson[index=2;pos=(0,0);moving_rule=DLUURLR]--|--Criminal[index=0;pos=(0,4)]
Step: 0013--Sherlock[index=1;pos=(17,8);moving_rule=DDRLDLURU]--|--Watson[index=2;pos=(0,0);moving_rule=DLUURLR]--|--Criminal[index=0;pos=(0,3)]
Step: 0013--Sherlock[index=1;pos=(17,8);moving_rule=DDRLDLURU]--|--Watson[index=2;pos=(0,0);moving_rule=DLUURLR]--|--Criminal[index=0;pos=(0,3)]
Step: 0013--Sherlock[index=1;pos=(17,8);moving_rule=DDRLDLURU]--|--Watson[index=2;pos=(0,1);moving_rule=DLUURLR]--|--Criminal[index=0;pos=(0,3)]
Step: 0013--Sherlock[index=1;pos=(17,8);moving_rule=DDRLDLURU]--|--Watson[index=2;pos=(0,1);moving_rule=DLUURLR]--|--Criminal[index=0;pos=(0,3)]
Step: 0013--Sherlock[index=1;pos=(17,8);moving_rule=DDRLDLURU]--|--Watson[index=2;pos=(0,1);moving_rule=DLUURLR]--|--Criminal[index=0;pos=(0,3)]
Step: 0013--Sherlock[index=1;pos=(17,8);moving_rule=DDRLDLURU]--|--Watson[index=2;pos=(0,1);moving_rule=DLUURLR]--|--Criminal[index=0;pos=(0,3)]
Step: 0013--Sherlock[index=1;pos=(17,8);moving_rule=DDRLDLURU]--|--Watson[index=2;pos=(0,1);moving_rule=DLUURLR]--|--Criminal[index=0;pos=(0,3)]
Step: 0014--Sherlock[index=1;pos=(17,8);moving_rule=DDRLDLURU]--|--Watson[index=2;pos=(0,1);moving_rule=DLUURLR]--|--Criminal[index=0;pos=(0,2)]
Step: 0014--Sherlock[index=1;pos=(17,7);moving_rule=DDRLDLURU]--|--Watson[index=2;pos=(0,1);moving_rule=DLUURLR]--|--Criminal[index=0;pos=(0,2)]
Step: 0014--Sherlock[index=1;pos=(17,7);moving_rule=DDRLDLURU]--|--Watson[index=2;pos=(1,1);moving_rule=DLUURLR]--|--Criminal[index=0;pos=(0,2)]
Step: 0014--Sherlock[index=1;pos=(17,7);moving_rule=DDRLDLURU]--|--Watson[index=2;pos=(1,1);moving_rule=DLUURLR]--|--Criminal[index=0;pos=(0,2)]
Step: 0014--Sherlock[index=1;pos=(17,7);moving_rule=DDRLDLURU]--|--Watson[index=2;pos=(1,1);moving_rule=DLUURLR]--|--Criminal[index=0;pos=(0,2)]
Step: 0014--Sherlock[index=1;pos=(17,7);moving_rule=DDRLDLURU]--|--Watson[index=2;pos=(1,1);moving_rule=DLUURLR]--|--Criminal[index=0;pos=(0,2)]
Step: 0014--Sherlock[index=1;pos=(17,7);moving_rule=DDRLDLURU]--|--Watson[index=2;pos=(1,1);moving_rule=DLUURLR]--|--Criminal[index=0;pos=(0,2)]
Step: 0014--Sherlock[index=1;pos=(17,7);moving_rule=DDRLDLURU]--|--Watson[index=2;pos=(1,1);moving_rule=DLUURLR]--|--Criminal[index=0;pos=(0,2)]
Step: 0015--Sherlock[index=1;pos=(17,7);moving_rule=DDRLDLURU]--|--Watson[index=2;pos=(1,1);moving_rule=DLUURLR]--|--Criminal[index=0;pos=(0,1)]
Step: 0015--Sherlock[index=1;pos=(16,7);moving_rule=DDRLDLURU]--|--Watson[index=2;pos=(1,1);moving_rule=DLUURLR]--|--Criminal[index=0;pos=(0,1)]
Step: 0015--Sherlock[index=1;pos=(16,7);moving_rule=DDRLDLURU]--|--Watson[index=2;pos=(1,0);moving_rule=DLUURLR]--|--Criminal[index=0;pos=(0,1)]
Step: 0015--Sherlock[index=1;pos=(16,7);moving_rule=DDRLDLURU]--|--Watson[index=2;pos=(1,0);moving_rule=DLUURLR]--|--Criminal[index=0;pos=(0,1)]
Step: 0015--Sherlock[index=1;pos=(16,7);moving_rule=DDRLDLURU]--|--Watson[index=2;pos=(1,0);moving_rule=DLUURLR]--|--Criminal[index=0;pos=(0,1)]
Step: 0015--Sherlock[index=1;pos=(16,7);moving_rule=DDRLDLURU]--|--Watson[index=2;pos=(1,0);moving_rule=DLUURLR]--|--Criminal[index=0;pos=(0,1)]
Step: 0015--Sherlock[index=1;pos=(16,7);moving_rule=DDRLDLURU]--|--Watson[index=2;pos=(1,0);moving_rule=DLUURLR]--|--Criminal[index=0;pos=(0,1)]
Step: 0015--Sherlock[index=1;pos=(16,7);moving_rule=DDRLDLURU]--|--Watson[index=2;pos=(1,0);moving_rule=DLUURLR]--|--Criminal[index=0;pos=(0,1)]
Step: 0016--Sherlock[index=1;pos=(16,7);moving_rule=DDRLDLURU]--|--Watson[index=2;pos=(1,0);moving_rule=DLUURLR]--|--Criminal[index=0;pos=(0,0)]
Step: 0016--Sherlock[index=1;pos=(16,8);moving_rule=DDRLDLURU]--|--Watson[index=2;pos=(1,0);moving_rule=DLUURLR]--|--Criminal[index=0;pos=(0,0)]
Step: 0016--Sherlock[index=1;pos=(16,8);moving_rule=DDRLDLURU]--|--Watson[index=2;pos=(0,0);moving_rule=DLUURLR]--|--Criminal[index=0;pos=(0,0)]
Watson caught the criminal
