Criminal[index=0;pos=(28,23)]
Sherlock[index=1;pos=(2,18);moving_rule=LUUDRDDUDRDRLDU]
Watson[index=2;pos=(8,28);moving_rule=LLDDDDDLLLDR]
Robot[pos=(20,7);type=C;dist=]
CRIMINAL -> SHERLOCK -> WATSON -> ROBOTC
STEPT 1:
Criminal[index=0;pos=(29,23)]
Sherlock[index=1;pos=(2,17);moving_rule=LUUDRDDUDRDRLDU]
Watson[index=2;pos=(8,27);moving_rule=LLDDDDDLLLDR]
Robot[pos=(28,23);type=C;dist=]
STEPT 2:
Criminal[index=0;pos=(30,23)]
Sherlock[index=1;pos=(1,17);moving_rule=LUUDRDDUDRDRLDU]
Watson[index=2;pos=(8,26);moving_rule=LLDDDDDLLLDR]
Robot[pos=(29,23);type=C;dist=]
STEPT 3:
Criminal[index=0;pos=(31,23)]
Sherlock[index=1;pos=(0,17);moving_rule=LUUDRDDUDRDRLDU]
Watson[index=2;pos=(9,26);moving_rule=LLDDDDDLLLDR]
Robot[pos=(30,23);type=C;dist=]
STEPT 4:
Criminal[index=0;pos=(32,23)]
Sherlock[index=1;pos=(1,17);moving_rule=LUUDRDDUDRDRLDU]
Watson[index=2;pos=(10,26);moving_rule=LLDDDDDLLLDR]
Robot[pos=(31,23);type=C;dist=]
STEPT 5:
Criminal[index=0;pos=(33,23)]
Sherlock[index=1;pos=(1,18);moving_rule=LUUDRDDUDRDRLDU]
Watson[index=2;pos=(11,26);moving_rule=LLDDDDDLLLDR]
Robot[pos=(32,23);type=C;dist=]
STEPT 6:
Criminal[index=0;pos=(33,22)]
Sherlock[index=1;pos=(2,18);moving_rule=LUUDRDDUDRDRLDU]
Watson[index=2;pos=(12,26);moving_rule=LLDDDDDLLLDR]
Robot[pos=(33,23);type=C;dist=]
STEPT 7:
Criminal[index=0;pos=(33,21)]
Sherlock[index=1;pos=(3,18);moving_rule=LUUDRDDUDRDRLDU]
Watson[index=2;pos=(13,26);moving_rule=LLDDDDDLLLDR]
Robot[pos=(33,22);type=C;dist=]
STEPT 8:
Criminal[index=0;pos=(33,20)]
Sherlock[index=1;pos=(2,18);moving_rule=LUUDRDDUDRDRLDU]
Watson[index=2;pos=(13,25);moving_rule=LLDDDDDLLLDR]
Robot[pos=(33,21);type=C;dist=]
STEPT 9:
Criminal[index=0;pos=(33,19)]
Sherlock[index=1;pos=(3,18);moving_rule=LUUDRDDUDRDRLDU]
Watson[index=2;pos=(13,24);moving_rule=LLDDDDDLLLDR]
Robot[pos=(33,20);type=C;dist=]
STEPT 10:
Criminal[index=0;pos=(33,18)]
Sherlock[index=1;pos=(3,19);moving_rule=LUUDRDDUDRDRLDU]
Watson[index=2;pos=(13,23);moving_rule=LLDDDDDLLLDR]
Robot[pos=(33,19);type=C;dist=]
STEPT 11:
Criminal[index=0;pos=(33,17)]
Sherlock[index=1;pos=(4,19);moving_rule=LUUDRDDUDRDRLDU]
Watson[index=2;pos=(14,23);moving_rule=LLDDDDDLLLDR]
Robot[pos=(33,18);type=C;dist=]
STEPT 12:
Criminal[index=0;pos=(33,16)]
Sherlock[index=1;pos=(4,20);moving_rule=LUUDRDDUDRDRLDU]
Watson[index=2;pos=(14,24);moving_rule=LLDDDDDLLLDR]
Robot[pos=(33,17);type=C;dist=]
STEPT 13:
Criminal[index=0;pos=(33,15)]
Sherlock[index=1;pos=(4,19);moving_rule=LUUDRDDUDRDRLDU]
Watson[index=2;pos=(14,23);moving_rule=LLDDDDDLLLDR]
Robot[pos=(33,16);type=C;dist=]
STEPT 14:
Criminal[index=0;pos=(33,14)]
Sherlock[index=1;pos=(5,19);moving_rule=LUUDRDDUDRDRLDU]
Watson[index=2;pos=(14,22);moving_rule=LLDDDDDLLLDR]
Robot[pos=(33,15);type=C;dist=]
STEPT 15:
Criminal[index=0;pos=(33,13)]
Sherlock[index=1;pos=(4,19);moving_rule=LUUDRDDUDRDRLDU]
Watson[index=2;pos=(15,22);moving_rule=LLDDDDDLLLDR]
Robot[pos=(33,14);type=C;dist=]
STEPT 16:
Criminal[index=0;pos=(33,12)]
Sherlock[index=1;pos=(4,18);moving_rule=LUUDRDDUDRDRLDU]
Watson[index=2;pos=(16,22);moving_rule=LLDDDDDLLLDR]
Robot[pos=(33,13);type=C;dist=]
STEPT 17:
Criminal[index=0;pos=(33,11)]
Sherlock[index=1;pos=(3,18);moving_rule=LUUDRDDUDRDRLDU]
Watson[index=2;pos=(17,22);moving_rule=LLDDDDDLLLDR]
Robot[pos=(33,12);type=C;dist=]
STEPT 18:
Criminal[index=0;pos=(33,10)]
Sherlock[index=1;pos=(2,18);moving_rule=LUUDRDDUDRDRLDU]
Watson[index=2;pos=(18,22);moving_rule=LLDDDDDLLLDR]
Robot[pos=(33,11);type=C;dist=]
STEPT 19:
Criminal[index=0;pos=(33,9)]
Sherlock[index=1;pos=(3,18);moving_rule=LUUDRDDUDRDRLDU]
Watson[index=2;pos=(19,22);moving_rule=LLDDDDDLLLDR]
Robot[pos=(33,10);type=C;dist=]
STEPT 20:
Criminal[index=0;pos=(33,8)]
Sherlock[index=1;pos=(3,19);moving_rule=LUUDRDDUDRDRLDU]
Watson[index=2;pos=(19,21);moving_rule=LLDDDDDLLLDR]
Robot[pos=(33,9);type=C;dist=]
STEPT 21:
Criminal[index=0;pos=(33,7)]
Sherlock[index=1;pos=(4,19);moving_rule=LUUDRDDUDRDRLDU]
Watson[index=2;pos=(19,20);moving_rule=LLDDDDDLLLDR]
Robot[pos=(33,8);type=C;dist=]
STEPT 22:
Criminal[index=0;pos=(33,6)]
Sherlock[index=1;pos=(5,19);moving_rule=LUUDRDDUDRDRLDU]
Watson[index=2;pos=(19,19);moving_rule=LLDDDDDLLLDR]
Robot[pos=(33,7);type=C;dist=]
STEPT 23:
Criminal[index=0;pos=(33,5)]
Sherlock[index=1;pos=(4,19);moving_rule=LUUDRDDUDRDRLDU]
Watson[index=2;pos=(20,19);moving_rule=LLDDDDDLLLDR]
Robot[pos=(33,6);type=C;dist=]
STEPT 24:
Criminal[index=0;pos=(33,4)]
Sherlock[index=1;pos=(5,19);moving_rule=LUUDRDDUDRDRLDU]
Watson[index=2;pos=(20,20);moving_rule=LLDDDDDLLLDR]
Robot[pos=(33,5);type=C;dist=]
STEPT 25:
Criminal[index=0;pos=(33,3)]
Sherlock[index=1;pos=(5,20);moving_rule=LUUDRDDUDRDRLDU]
Watson[index=2;pos=(20,19);moving_rule=LLDDDDDLLLDR]
Robot[pos=(33,4);type=C;dist=]
STEPT 26:
Criminal[index=0;pos=(33,2)]
Sherlock[index=1;pos=(6,20);moving_rule=LUUDRDDUDRDRLDU]
Watson[index=2;pos=(20,18);moving_rule=LLDDDDDLLLDR]
Robot[pos=(33,3);type=C;dist=]
STEPT 27:
Criminal[index=0;pos=(33,1)]
Sherlock[index=1;pos=(6,21);moving_rule=LUUDRDDUDRDRLDU]
Watson[index=2;pos=(21,18);moving_rule=LLDDDDDLLLDR]
Robot[pos=(33,2);type=C;dist=]
STEPT 28:
Criminal[index=0;pos=(33,0)]
Sherlock[index=1;pos=(6,20);moving_rule=LUUDRDDUDRDRLDU]
Watson[index=2;pos=(22,18);moving_rule=LLDDDDDLLLDR]
Robot[pos=(33,1);type=C;dist=]
STEPT 29:
Criminal[index=0;pos=(32,0)]
Sherlock[index=1;pos=(7,20);moving_rule=LUUDRDDUDRDRLDU]
Watson[index=2;pos=(23,18);moving_rule=LLDDDDDLLLDR]
Robot[pos=(33,0);type=C;dist=]
STEPT 30:
Criminal[index=0;pos=(33,0)]
Sherlock[index=1;pos=(6,20);moving_rule=LUUDRDDUDRDRLDU]
Watson[index=2;pos=(24,18);moving_rule=LLDDDDDLLLDR]
Robot[pos=(32,0);type=C;dist=]
STEPT 31:
Criminal[index=0;pos=(32,0)]
Sherlock[index=1;pos=(6,19);moving_rule=LUUDRDDUDRDRLDU]
Watson[index=2;pos=(24,18);moving_rule=LLDDDDDLLLDR]
Robot[pos=(33,0);type=C;dist=]
STEPT 32:
Criminal[index=0;pos=(33,0)]
Sherlock[index=1;pos=(5,19);moving_rule=LUUDRDDUDRDRLDU]
Watson[index=2;pos=(24,17);moving_rule=LLDDDDDLLLDR]
Robot[pos=(32,0);type=C;dist=]
STEPT 33:
Criminal[index=0;pos=(32,0)]
Sherlock[index=1;pos=(4,19);moving_rule=LUUDRDDUDRDRLDU]
Watson[index=2;pos=(24,16);moving_rule=LLDDDDDLLLDR]
Robot[pos=(33,0);type=C;dist=]
STEPT 34:
Criminal[index=0;pos=(33,0)]
Sherlock[index=1;pos=(5,19);moving_rule=LUUDRDDUDRDRLDU]
Watson[index=2;pos=(24,15);moving_rule=LLDDDDDLLLDR]
Robot[pos=(32,0);type=C;dist=]
STEPT 35:
Criminal[index=0;pos=(32,0)]
Sherlock[index=1;pos=(5,20);moving_rule=LUUDRDDUDRDRLDU]
Watson[index=2;pos=(25,15);moving_rule=LLDDDDDLLLDR]
Robot[pos=(33,0);type=C;dist=]
STEPT 36:
Criminal[index=0;pos=(33,0)]
Sherlock[index=1;pos=(6,20);moving_rule=LUUDRDDUDRDRLDU]
Watson[index=2;pos=(25,16);moving_rule=LLDDDDDLLLDR]
Robot[pos=(32,0);type=C;dist=]
STEPT 37:
Criminal[index=0;pos=(32,0)]
Sherlock[index=1;pos=(7,20);moving_rule=LUUDRDDUDRDRLDU]
Watson[index=2;pos=(25,15);moving_rule=LLDDDDDLLLDR]
Robot[pos=(33,0);type=C;dist=]
STEPT 38:
Criminal[index=0;pos=(33,0)]
Sherlock[index=1;pos=(6,20);moving_rule=LUUDRDDUDRDRLDU]
Watson[index=2;pos=(25,14);moving_rule=LLDDDDDLLLDR]
Robot[pos=(32,0);type=C;dist=]
STEPT 39:
Criminal[index=0;pos=(32,0)]
Sherlock[index=1;pos=(7,20);moving_rule=LUUDRDDUDRDRLDU]
Watson[index=2;pos=(26,14);moving_rule=LLDDDDDLLLDR]
Robot[pos=(33,0);type=C;dist=]
STEPT 40:
Criminal[index=0;pos=(33,0)]
Sherlock[index=1;pos=(7,21);moving_rule=LUUDRDDUDRDRLDU]
Watson[index=2;pos=(27,14);moving_rule=LLDDDDDLLLDR]
Robot[pos=(32,0);type=C;dist=]
STEPT 41:
Criminal[index=0;pos=(32,0)]
Sherlock[index=1;pos=(8,21);moving_rule=LUUDRDDUDRDRLDU]
Watson[index=2;pos=(28,14);moving_rule=LLDDDDDLLLDR]
Robot[pos=(33,0);type=C;dist=]
STEPT 42:
Criminal[index=0;pos=(33,0)]
Sherlock[index=1;pos=(8,22);moving_rule=LUUDRDDUDRDRLDU]
Watson[index=2;pos=(29,14);moving_rule=LLDDDDDLLLDR]
Robot[pos=(32,0);type=C;dist=]
STEPT 43:
Criminal[index=0;pos=(32,0)]
Sherlock[index=1;pos=(8,21);moving_rule=LUUDRDDUDRDRLDU]
Watson[index=2;pos=(30,14);moving_rule=LLDDDDDLLLDR]
Robot[pos=(33,0);type=C;dist=]
STEPT 44:
Criminal[index=0;pos=(33,0)]
Sherlock[index=1;pos=(9,21);moving_rule=LUUDRDDUDRDRLDU]
Watson[index=2;pos=(30,13);moving_rule=LLDDDDDLLLDR]
Robot[pos=(32,0);type=C;dist=]
STEPT 45:
Criminal[index=0;pos=(32,0)]
Sherlock[index=1;pos=(8,21);moving_rule=LUUDRDDUDRDRLDU]
Watson[index=2;pos=(30,13);moving_rule=LLDDDDDLLLDR]
Robot[pos=(33,0);type=C;dist=]
STEPT 46:
Criminal[index=0;pos=(33,0)]
Sherlock[index=1;pos=(8,20);moving_rule=LUUDRDDUDRDRLDU]
Watson[index=2;pos=(30,13);moving_rule=LLDDDDDLLLDR]
Robot[pos=(32,0);type=C;dist=]
STEPT 47:
Criminal[index=0;pos=(32,0)]
Sherlock[index=1;pos=(7,20);moving_rule=LUUDRDDUDRDRLDU]
Watson[index=2;pos=(31,13);moving_rule=LLDDDDDLLLDR]
Robot[pos=(33,0);type=C;dist=]
STEPT 48:
Criminal[index=0;pos=(33,0)]
Sherlock[index=1;pos=(6,20);moving_rule=LUUDRDDUDRDRLDU]
Watson[index=2;pos=(31,14);moving_rule=LLDDDDDLLLDR]
Robot[pos=(32,0);type=C;dist=]
STEPT 49:
Criminal[index=0;pos=(32,0)]
Sherlock[index=1;pos=(7,20);moving_rule=LUUDRDDUDRDRLDU]
Watson[index=2;pos=(31,13);moving_rule=LLDDDDDLLLDR]
Robot[pos=(33,0);type=C;dist=]
STEPT 50:
Criminal[index=0;pos=(33,0)]
Sherlock[index=1;pos=(7,21);moving_rule=LUUDRDDUDRDRLDU]
Watson[index=2;pos=(31,12);moving_rule=LLDDDDDLLLDR]
Robot[pos=(32,0);type=C;dist=]
STEPT 51:
Criminal[index=0;pos=(32,0)]
Sherlock[index=1;pos=(8,21);moving_rule=LUUDRDDUDRDRLDU]
Watson[index=2;pos=(32,12);moving_rule=LLDDDDDLLLDR]
Robot[pos=(33,0);type=C;dist=]
STEPT 52:
Criminal[index=0;pos=(33,0)]
Sherlock[index=1;pos=(9,21);moving_rule=LUUDRDDUDRDRLDU]
Watson[index=2;pos=(33,12);moving_rule=LLDDDDDLLLDR]
Robot[pos=(32,0);type=C;dist=]
STEPT 53:
Criminal[index=0;pos=(32,0)]
Sherlock[index=1;pos=(8,21);moving_rule=LUUDRDDUDRDRLDU]
Watson[index=2;pos=(33,12);moving_rule=LLDDDDDLLLDR]
Robot[pos=(33,0);type=C;dist=]
STEPT 54:
Criminal[index=0;pos=(31,0)]
Sherlock[index=1;pos=(9,21);moving_rule=LUUDRDDUDRDRLDU]
Watson[index=2;pos=(33,12);moving_rule=LLDDDDDLLLDR]
Robot[pos=(32,0);type=C;dist=]
STEPT 55:
Criminal[index=0;pos=(30,0)]
Sherlock[index=1;pos=(9,22);moving_rule=LUUDRDDUDRDRLDU]
Watson[index=2;pos=(33,12);moving_rule=LLDDDDDLLLDR]
Robot[pos=(31,0);type=C;dist=]
STEPT 56:
Criminal[index=0;pos=(29,0)]
Sherlock[index=1;pos=(10,22);moving_rule=LUUDRDDUDRDRLDU]
Watson[index=2;pos=(33,11);moving_rule=LLDDDDDLLLDR]
Robot[pos=(30,0);type=C;dist=]
STEPT 57:
Criminal[index=0;pos=(28,0)]
Sherlock[index=1;pos=(10,23);moving_rule=LUUDRDDUDRDRLDU]
Watson[index=2;pos=(33,10);moving_rule=LLDDDDDLLLDR]
Robot[pos=(29,0);type=C;dist=]
STEPT 58:
Criminal[index=0;pos=(27,0)]
Sherlock[index=1;pos=(10,22);moving_rule=LUUDRDDUDRDRLDU]
Watson[index=2;pos=(33,9);moving_rule=LLDDDDDLLLDR]
Robot[pos=(28,0);type=C;dist=]
STEPT 59:
Criminal[index=0;pos=(26,0)]
Sherlock[index=1;pos=(11,22);moving_rule=LUUDRDDUDRDRLDU]
Watson[index=2;pos=(33,9);moving_rule=LLDDDDDLLLDR]
Robot[pos=(27,0);type=C;dist=]
STEPT 60:
Criminal[index=0;pos=(25,0)]
Sherlock[index=1;pos=(10,22);moving_rule=LUUDRDDUDRDRLDU]
Watson[index=2;pos=(33,10);moving_rule=LLDDDDDLLLDR]
Robot[pos=(26,0);type=C;dist=]
STEPT 61:
Criminal[index=0;pos=(24,0)]
Sherlock[index=1;pos=(10,21);moving_rule=LUUDRDDUDRDRLDU]
Watson[index=2;pos=(33,9);moving_rule=LLDDDDDLLLDR]
Robot[pos=(25,0);type=C;dist=]
STEPT 62:
Criminal[index=0;pos=(25,0)]
Sherlock[index=1;pos=(9,21);moving_rule=LUUDRDDUDRDRLDU]
Watson[index=2;pos=(33,8);moving_rule=LLDDDDDLLLDR]
Robot[pos=(24,0);type=C;dist=]
STEPT 63:
Criminal[index=0;pos=(24,0)]
Sherlock[index=1;pos=(8,21);moving_rule=LUUDRDDUDRDRLDU]
Watson[index=2;pos=(33,8);moving_rule=LLDDDDDLLLDR]
Robot[pos=(25,0);type=C;dist=]
STEPT 64:
Criminal[index=0;pos=(25,0)]
Sherlock[index=1;pos=(9,21);moving_rule=LUUDRDDUDRDRLDU]
Watson[index=2;pos=(33,8);moving_rule=LLDDDDDLLLDR]
Robot[pos=(24,0);type=C;dist=]
STEPT 65:
Criminal[index=0;pos=(24,0)]
Sherlock[index=1;pos=(9,22);moving_rule=LUUDRDDUDRDRLDU]
Watson[index=2;pos=(33,8);moving_rule=LLDDDDDLLLDR]
Robot[pos=(25,0);type=C;dist=]
STEPT 66:
Criminal[index=0;pos=(25,0)]
Sherlock[index=1;pos=(10,22);moving_rule=LUUDRDDUDRDRLDU]
Watson[index=2;pos=(33,8);moving_rule=LLDDDDDLLLDR]
Robot[pos=(24,0);type=C;dist=]
STEPT 67:
Criminal[index=0;pos=(24,0)]
Sherlock[index=1;pos=(11,22);moving_rule=LUUDRDDUDRDRLDU]
Watson[index=2;pos=(33,8);moving_rule=LLDDDDDLLLDR]
Robot[pos=(25,0);type=C;dist=]
STEPT 68:
Criminal[index=0;pos=(25,0)]
Sherlock[index=1;pos=(10,22);moving_rule=LUUDRDDUDRDRLDU]
Watson[index=2;pos=(33,7);moving_rule=LLDDDDDLLLDR]
Robot[pos=(24,0);type=C;dist=]
STEPT 69:
Criminal[index=0;pos=(24,0)]
Sherlock[index=1;pos=(11,22);moving_rule=LUUDRDDUDRDRLDU]
Watson[index=2;pos=(33,6);moving_rule=LLDDDDDLLLDR]
Robot[pos=(25,0);type=C;dist=]
STEPT 70:
Criminal[index=0;pos=(25,0)]
Sherlock[index=1;pos=(11,23);moving_rule=LUUDRDDUDRDRLDU]
Watson[index=2;pos=(33,5);moving_rule=LLDDDDDLLLDR]
Robot[pos=(24,0);type=C;dist=]
STEPT 71:
Criminal[index=0;pos=(24,0)]
Sherlock[index=1;pos=(12,23);moving_rule=LUUDRDDUDRDRLDU]
Watson[index=2;pos=(33,5);moving_rule=LLDDDDDLLLDR]
Robot[pos=(25,0);type=C;dist=]
STEPT 72:
Criminal[index=0;pos=(25,0)]
Sherlock[index=1;pos=(12,24);moving_rule=LUUDRDDUDRDRLDU]
Watson[index=2;pos=(33,6);moving_rule=LLDDDDDLLLDR]
Robot[pos=(24,0);type=C;dist=]
STEPT 73:
Criminal[index=0;pos=(24,0)]
Sherlock[index=1;pos=(12,23);moving_rule=LUUDRDDUDRDRLDU]
Watson[index=2;pos=(33,5);moving_rule=LLDDDDDLLLDR]
Robot[pos=(25,0);type=C;dist=]
STEPT 74:
Criminal[index=0;pos=(25,0)]
Sherlock[index=1;pos=(13,23);moving_rule=LUUDRDDUDRDRLDU]
Watson[index=2;pos=(33,4);moving_rule=LLDDDDDLLLDR]
Robot[pos=(24,0);type=C;dist=]
STEPT 75:
Criminal[index=0;pos=(24,0)]
Sherlock[index=1;pos=(12,23);moving_rule=LUUDRDDUDRDRLDU]
Watson[index=2;pos=(33,4);moving_rule=LLDDDDDLLLDR]
Robot[pos=(25,0);type=C;dist=]
STEPT 76:
Criminal[index=0;pos=(25,0)]
Sherlock[index=1;pos=(12,22);moving_rule=LUUDRDDUDRDRLDU]
Watson[index=2;pos=(33,4);moving_rule=LLDDDDDLLLDR]
Robot[pos=(24,0);type=C;dist=]
STEPT 77:
Criminal[index=0;pos=(24,0)]
Sherlock[index=1;pos=(11,22);moving_rule=LUUDRDDUDRDRLDU]
Watson[index=2;pos=(33,4);moving_rule=LLDDDDDLLLDR]
Robot[pos=(25,0);type=C;dist=]
STEPT 78:
Criminal[index=0;pos=(25,0)]
Sherlock[index=1;pos=(10,22);moving_rule=LUUDRDDUDRDRLDU]
Watson[index=2;pos=(33,4);moving_rule=LLDDDDDLLLDR]
Robot[pos=(24,0);type=C;dist=]
STEPT 79:
Criminal[index=0;pos=(24,0)]
Sherlock[index=1;pos=(11,22);moving_rule=LUUDRDDUDRDRLDU]
Watson[index=2;pos=(33,4);moving_rule=LLDDDDDLLLDR]
Robot[pos=(25,0);type=C;dist=]
STEPT 80:
Criminal[index=0;pos=(25,0)]
Sherlock[index=1;pos=(11,23);moving_rule=LUUDRDDUDRDRLDU]
Watson[index=2;pos=(33,3);moving_rule=LLDDDDDLLLDR]
Robot[pos=(24,0);type=C;dist=]
STEPT 81:
Criminal[index=0;pos=(24,0)]
Sherlock[index=1;pos=(12,23);moving_rule=LUUDRDDUDRDRLDU]
Watson[index=2;pos=(33,2);moving_rule=LLDDDDDLLLDR]
Robot[pos=(25,0);type=C;dist=]
STEPT 82:
Criminal[index=0;pos=(25,0)]
Sherlock[index=1;pos=(13,23);moving_rule=LUUDRDDUDRDRLDU]
Watson[index=2;pos=(33,1);moving_rule=LLDDDDDLLLDR]
Robot[pos=(24,0);type=C;dist=]
STEPT 83:
Criminal[index=0;pos=(24,0)]
Sherlock[index=1;pos=(12,23);moving_rule=LUUDRDDUDRDRLDU]
Watson[index=2;pos=(33,1);moving_rule=LLDDDDDLLLDR]
Robot[pos=(25,0);type=C;dist=]
STEPT 84:
Criminal[index=0;pos=(25,0)]
Sherlock[index=1;pos=(13,23);moving_rule=LUUDRDDUDRDRLDU]
Watson[index=2;pos=(33,2);moving_rule=LLDDDDDLLLDR]
Robot[pos=(24,0);type=C;dist=]
STEPT 85:
Criminal[index=0;pos=(24,0)]
Sherlock[index=1;pos=(13,24);moving_rule=LUUDRDDUDRDRLDU]
Watson[index=2;pos=(33,1);moving_rule=LLDDDDDLLLDR]
Robot[pos=(25,0);type=C;dist=]
STEPT 86:
Criminal[index=0;pos=(25,0)]
Sherlock[index=1;pos=(14,24);moving_rule=LUUDRDDUDRDRLDU]
Watson[index=2;pos=(33,0);moving_rule=LLDDDDDLLLDR]
Robot[pos=(24,0);type=C;dist=]
STEPT 87:
Criminal[index=0;pos=(24,0)]
Sherlock[index=1;pos=(14,25);moving_rule=LUUDRDDUDRDRLDU]
Watson[index=2;pos=(33,0);moving_rule=LLDDDDDLLLDR]
Robot[pos=(25,0);type=C;dist=]
STEPT 88:
Criminal[index=0;pos=(25,0)]
Sherlock[index=1;pos=(14,24);moving_rule=LUUDRDDUDRDRLDU]
Watson[index=2;pos=(33,0);moving_rule=LLDDDDDLLLDR]
Robot[pos=(24,0);type=C;dist=]
STEPT 89:
Criminal[index=0;pos=(24,0)]
Sherlock[index=1;pos=(15,24);moving_rule=LUUDRDDUDRDRLDU]
Watson[index=2;pos=(33,0);moving_rule=LLDDDDDLLLDR]
Robot[pos=(25,0);type=C;dist=]
STEPT 90:
Criminal[index=0;pos=(25,0)]
Sherlock[index=1;pos=(14,24);moving_rule=LUUDRDDUDRDRLDU]
Watson[index=2;pos=(33,0);moving_rule=LLDDDDDLLLDR]
Robot[pos=(24,0);type=C;dist=]
STEPT 91:
Criminal[index=0;pos=(24,0)]
Sherlock[index=1;pos=(14,23);moving_rule=LUUDRDDUDRDRLDU]
Watson[index=2;pos=(33,0);moving_rule=LLDDDDDLLLDR]
Robot[pos=(25,0);type=C;dist=]
STEPT 92:
Criminal[index=0;pos=(25,0)]
Sherlock[index=1;pos=(13,23);moving_rule=LUUDRDDUDRDRLDU]
Watson[index=2;pos=(33,0);moving_rule=LLDDDDDLLLDR]
Robot[pos=(24,0);type=C;dist=]
STEPT 93:
Criminal[index=0;pos=(24,0)]
Sherlock[index=1;pos=(12,23);moving_rule=LUUDRDDUDRDRLDU]
Watson[index=2;pos=(33,0);moving_rule=LLDDDDDLLLDR]
Robot[pos=(25,0);type=C;dist=]
STEPT 94:
Criminal[index=0;pos=(25,0)]
Sherlock[index=1;pos=(13,23);moving_rule=LUUDRDDUDRDRLDU]
Watson[index=2;pos=(33,0);moving_rule=LLDDDDDLLLDR]
Robot[pos=(24,0);type=C;dist=]
STEPT 95:
Criminal[index=0;pos=(24,0)]
Sherlock[index=1;pos=(13,24);moving_rule=LUUDRDDUDRDRLDU]
Watson[index=2;pos=(33,0);moving_rule=LLDDDDDLLLDR]
Robot[pos=(25,0);type=C;dist=]
STEPT 96:
Criminal[index=0;pos=(25,0)]
Sherlock[index=1;pos=(14,24);moving_rule=LUUDRDDUDRDRLDU]
Watson[index=2;pos=(33,1);moving_rule=LLDDDDDLLLDR]
Robot[pos=(24,0);type=C;dist=]
STEPT 97:
Criminal[index=0;pos=(24,0)]
Sherlock[index=1;pos=(15,24);moving_rule=LUUDRDDUDRDRLDU]
Watson[index=2;pos=(33,0);moving_rule=LLDDDDDLLLDR]
Robot[pos=(25,0);type=C;dist=]
STEPT 98:
Criminal[index=0;pos=(25,0)]
Sherlock[index=1;pos=(14,24);moving_rule=LUUDRDDUDRDRLDU]
Watson[index=2;pos=(33,0);moving_rule=LLDDDDDLLLDR]
Robot[pos=(24,0);type=C;dist=]
STEPT 99:
Criminal[index=0;pos=(24,0)]
Sherlock[index=1;pos=(15,24);moving_rule=LUUDRDDUDRDRLDU]
Watson[index=2;pos=(33,0);moving_rule=LLDDDDDLLLDR]
Robot[pos=(25,0);type=C;dist=]
STEPT 100:
Criminal[index=0;pos=(25,0)]
Sherlock[index=1;pos=(15,25);moving_rule=LUUDRDDUDRDRLDU]
Watson[index=2;pos=(33,0);moving_rule=LLDDDDDLLLDR]
Robot[pos=(24,0);type=C;dist=]
STEPT 101:
Criminal[index=0;pos=(24,0)]
Sherlock[index=1;pos=(16,25);moving_rule=LUUDRDDUDRDRLDU]
Watson[index=2;pos=(33,0);moving_rule=LLDDDDDLLLDR]
Robot[pos=(25,0);type=C;dist=]
STEPT 102:
Criminal[index=0;pos=(25,0)]
Sherlock[index=1;pos=(16,26);moving_rule=LUUDRDDUDRDRLDU]
Watson[index=2;pos=(33,0);moving_rule=LLDDDDDLLLDR]
Robot[pos=(24,0);type=C;dist=]
STEPT 103:
Criminal[index=0;pos=(24,0)]
Sherlock[index=1;pos=(16,25);moving_rule=LUUDRDDUDRDRLDU]
Watson[index=2;pos=(33,0);moving_rule=LLDDDDDLLLDR]
Robot[pos=(25,0);type=C;dist=]
STEPT 104:
Criminal[index=0;pos=(25,0)]
Sherlock[index=1;pos=(17,25);moving_rule=LUUDRDDUDRDRLDU]
Watson[index=2;pos=(33,0);moving_rule=LLDDDDDLLLDR]
Robot[pos=(24,0);type=C;dist=]
STEPT 105:
Criminal[index=0;pos=(24,0)]
Sherlock[index=1;pos=(16,25);moving_rule=LUUDRDDUDRDRLDU]
Watson[index=2;pos=(33,0);moving_rule=LLDDDDDLLLDR]
Robot[pos=(25,0);type=C;dist=]
STEPT 106:
Criminal[index=0;pos=(25,0)]
Sherlock[index=1;pos=(16,24);moving_rule=LUUDRDDUDRDRLDU]
Watson[index=2;pos=(33,0);moving_rule=LLDDDDDLLLDR]
Robot[pos=(24,0);type=C;dist=]
STEPT 107:
Criminal[index=0;pos=(24,0)]
Sherlock[index=1;pos=(15,24);moving_rule=LUUDRDDUDRDRLDU]
Watson[index=2;pos=(33,0);moving_rule=LLDDDDDLLLDR]
Robot[pos=(25,0);type=C;dist=]
STEPT 108:
Criminal[index=0;pos=(25,0)]
Sherlock[index=1;pos=(14,24);moving_rule=LUUDRDDUDRDRLDU]
Watson[index=2;pos=(33,1);moving_rule=LLDDDDDLLLDR]
Robot[pos=(24,0);type=C;dist=]
STEPT 109:
Criminal[index=0;pos=(24,0)]
Sherlock[index=1;pos=(15,24);moving_rule=LUUDRDDUDRDRLDU]
Watson[index=2;pos=(33,0);moving_rule=LLDDDDDLLLDR]
Robot[pos=(25,0);type=C;dist=]
STEPT 110:
Criminal[index=0;pos=(25,0)]
Sherlock[index=1;pos=(15,25);moving_rule=LUUDRDDUDRDRLDU]
Watson[index=2;pos=(33,0);moving_rule=LLDDDDDLLLDR]
Robot[pos=(24,0);type=C;dist=]
STEPT 111:
Criminal[index=0;pos=(24,0)]
Sherlock[index=1;pos=(16,25);moving_rule=LUUDRDDUDRDRLDU]
Watson[index=2;pos=(33,0);moving_rule=LLDDDDDLLLDR]
Robot[pos=(25,0);type=C;dist=]
STEPT 112:
Criminal[index=0;pos=(25,0)]
Sherlock[index=1;pos=(17,25);moving_rule=LUUDRDDUDRDRLDU]
Watson[index=2;pos=(33,0);moving_rule=LLDDDDDLLLDR]
Robot[pos=(24,0);type=C;dist=]
STEPT 113:
Criminal[index=0;pos=(24,0)]
Sherlock[index=1;pos=(16,25);moving_rule=LUUDRDDUDRDRLDU]
Watson[index=2;pos=(33,0);moving_rule=LLDDDDDLLLDR]
Robot[pos=(25,0);type=C;dist=]
STEPT 114:
Criminal[index=0;pos=(25,0)]
Sherlock[index=1;pos=(17,25);moving_rule=LUUDRDDUDRDRLDU]
Watson[index=2;pos=(33,0);moving_rule=LLDDDDDLLLDR]
Robot[pos=(24,0);type=C;dist=]
STEPT 115:
Criminal[index=0;pos=(24,0)]
Sherlock[index=1;pos=(17,26);moving_rule=LUUDRDDUDRDRLDU]
Watson[index=2;pos=(33,0);moving_rule=LLDDDDDLLLDR]
Robot[pos=(25,0);type=C;dist=]
STEPT 116:
Criminal[index=0;pos=(25,0)]
Sherlock[index=1;pos=(18,26);moving_rule=LUUDRDDUDRDRLDU]
Watson[index=2;pos=(33,0);moving_rule=LLDDDDDLLLDR]
Robot[pos=(24,0);type=C;dist=]
STEPT 117:
Criminal[index=0;pos=(24,0)]
Sherlock[index=1;pos=(18,27);moving_rule=LUUDRDDUDRDRLDU]
Watson[index=2;pos=(33,0);moving_rule=LLDDDDDLLLDR]
Robot[pos=(25,0);type=C;dist=]
STEPT 118:
Criminal[index=0;pos=(25,0)]
Sherlock[index=1;pos=(18,26);moving_rule=LUUDRDDUDRDRLDU]
Watson[index=2;pos=(33,0);moving_rule=LLDDDDDLLLDR]
Robot[pos=(24,0);type=C;dist=]
STEPT 119:
Criminal[index=0;pos=(24,0)]
Sherlock[index=1;pos=(19,26);moving_rule=LUUDRDDUDRDRLDU]
Watson[index=2;pos=(33,0);moving_rule=LLDDDDDLLLDR]
Robot[pos=(25,0);type=C;dist=]
STEPT 120:
Criminal[index=0;pos=(25,0)]
Sherlock[index=1;pos=(18,26);moving_rule=LUUDRDDUDRDRLDU]
Watson[index=2;pos=(33,1);moving_rule=LLDDDDDLLLDR]
Robot[pos=(24,0);type=C;dist=]
STEPT 121:
Criminal[index=0;pos=(24,0)]
Sherlock[index=1;pos=(18,25);moving_rule=LUUDRDDUDRDRLDU]
Watson[index=2;pos=(33,0);moving_rule=LLDDDDDLLLDR]
Robot[pos=(25,0);type=C;dist=]
STEPT 122:
Criminal[index=0;pos=(25,0)]
Sherlock[index=1;pos=(17,25);moving_rule=LUUDRDDUDRDRLDU]
Watson[index=2;pos=(33,0);moving_rule=LLDDDDDLLLDR]
Robot[pos=(24,0);type=C;dist=]
STEPT 123:
Criminal[index=0;pos=(24,0)]
Sherlock[index=1;pos=(16,25);moving_rule=LUUDRDDUDRDRLDU]
Watson[index=2;pos=(33,0);moving_rule=LLDDDDDLLLDR]
Robot[pos=(25,0);type=C;dist=]
STEPT 124:
Criminal[index=0;pos=(25,0)]
Sherlock[index=1;pos=(17,25);moving_rule=LUUDRDDUDRDRLDU]
Watson[index=2;pos=(33,0);moving_rule=LLDDDDDLLLDR]
Robot[pos=(24,0);type=C;dist=]
STEPT 125:
Criminal[index=0;pos=(24,0)]
Sherlock[index=1;pos=(17,26);moving_rule=LUUDRDDUDRDRLDU]
Watson[index=2;pos=(33,0);moving_rule=LLDDDDDLLLDR]
Robot[pos=(25,0);type=C;dist=]
STEPT 126:
Criminal[index=0;pos=(25,0)]
Sherlock[index=1;pos=(18,26);moving_rule=LUUDRDDUDRDRLDU]
Watson[index=2;pos=(33,0);moving_rule=LLDDDDDLLLDR]
Robot[pos=(24,0);type=C;dist=]
STEPT 127:
Criminal[index=0;pos=(24,0)]
Sherlock[index=1;pos=(19,26);moving_rule=LUUDRDDUDRDRLDU]
Watson[index=2;pos=(33,0);moving_rule=LLDDDDDLLLDR]
Robot[pos=(25,0);type=C;dist=]
STEPT 128:
Criminal[index=0;pos=(25,0)]
Sherlock[index=1;pos=(18,26);moving_rule=LUUDRDDUDRDRLDU]
Watson[index=2;pos=(33,0);moving_rule=LLDDDDDLLLDR]
Robot[pos=(24,0);type=C;dist=]
STEPT 129:
Criminal[index=0;pos=(24,0)]
Sherlock[index=1;pos=(19,26);moving_rule=LUUDRDDUDRDRLDU]
Watson[index=2;pos=(33,0);moving_rule=LLDDDDDLLLDR]
Robot[pos=(25,0);type=C;dist=]
STEPT 130:
Criminal[index=0;pos=(25,0)]
Sherlock[index=1;pos=(19,27);moving_rule=LUUDRDDUDRDRLDU]
Watson[index=2;pos=(33,0);moving_rule=LLDDDDDLLLDR]
Robot[pos=(24,0);type=C;dist=]
STEPT 131:
Criminal[index=0;pos=(24,0)]
Sherlock[index=1;pos=(20,27);moving_rule=LUUDRDDUDRDRLDU]
Watson[index=2;pos=(33,0);moving_rule=LLDDDDDLLLDR]
Robot[pos=(25,0);type=C;dist=]
STEPT 132:
Criminal[index=0;pos=(25,0)]
Sherlock[index=1;pos=(20,28);moving_rule=LUUDRDDUDRDRLDU]
Watson[index=2;pos=(33,1);moving_rule=LLDDDDDLLLDR]
Robot[pos=(24,0);type=C;dist=]
STEPT 133:
Criminal[index=0;pos=(24,0)]
Sherlock[index=1;pos=(20,27);moving_rule=LUUDRDDUDRDRLDU]
Watson[index=2;pos=(33,0);moving_rule=LLDDDDDLLLDR]
Robot[pos=(25,0);type=C;dist=]
STEPT 134:
Criminal[index=0;pos=(25,0)]
Sherlock[index=1;pos=(21,27);moving_rule=LUUDRDDUDRDRLDU]
Watson[index=2;pos=(33,0);moving_rule=LLDDDDDLLLDR]
Robot[pos=(24,0);type=C;dist=]
STEPT 135:
Criminal[index=0;pos=(24,0)]
Sherlock[index=1;pos=(20,27);moving_rule=LUUDRDDUDRDRLDU]
Watson[index=2;pos=(33,0);moving_rule=LLDDDDDLLLDR]
Robot[pos=(25,0);type=C;dist=]
STEPT 136:
Criminal[index=0;pos=(25,0)]
Sherlock[index=1;pos=(20,26);moving_rule=LUUDRDDUDRDRLDU]
Watson[index=2;pos=(33,0);moving_rule=LLDDDDDLLLDR]
Robot[pos=(24,0);type=C;dist=]
STEPT 137:
Criminal[index=0;pos=(24,0)]
Sherlock[index=1;pos=(19,26);moving_rule=LUUDRDDUDRDRLDU]
Watson[index=2;pos=(33,0);moving_rule=LLDDDDDLLLDR]
Robot[pos=(25,0);type=C;dist=]
STEPT 138:
Criminal[index=0;pos=(25,0)]
Sherlock[index=1;pos=(18,26);moving_rule=LUUDRDDUDRDRLDU]
Watson[index=2;pos=(33,0);moving_rule=LLDDDDDLLLDR]
Robot[pos=(24,0);type=C;dist=]
STEPT 139:
Criminal[index=0;pos=(24,0)]
Sherlock[index=1;pos=(19,26);moving_rule=LUUDRDDUDRDRLDU]
Watson[index=2;pos=(33,0);moving_rule=LLDDDDDLLLDR]
Robot[pos=(25,0);type=C;dist=]
STEPT 140:
Criminal[index=0;pos=(25,0)]
Sherlock[index=1;pos=(19,27);moving_rule=LUUDRDDUDRDRLDU]
Watson[index=2;pos=(33,0);moving_rule=LLDDDDDLLLDR]
Robot[pos=(24,0);type=C;dist=]
STEPT 141:
Criminal[index=0;pos=(24,0)]
Sherlock[index=1;pos=(20,27);moving_rule=LUUDRDDUDRDRLDU]
Watson[index=2;pos=(33,0);moving_rule=LLDDDDDLLLDR]
Robot[pos=(25,0);type=C;dist=]
STEPT 142:
Criminal[index=0;pos=(25,0)]
Sherlock[index=1;pos=(21,27);moving_rule=LUUDRDDUDRDRLDU]
Watson[index=2;pos=(33,0);moving_rule=LLDDDDDLLLDR]
Robot[pos=(24,0);type=C;dist=]
STEPT 143:
Criminal[index=0;pos=(24,0)]
Sherlock[index=1;pos=(20,27);moving_rule=LUUDRDDUDRDRLDU]
Watson[index=2;pos=(33,0);moving_rule=LLDDDDDLLLDR]
Robot[pos=(25,0);type=C;dist=]
STEPT 144:
Criminal[index=0;pos=(25,0)]
Sherlock[index=1;pos=(21,27);moving_rule=LUUDRDDUDRDRLDU]
Watson[index=2;pos=(33,1);moving_rule=LLDDDDDLLLDR]
Robot[pos=(24,0);type=C;dist=]
STEPT 145:
Criminal[index=0;pos=(24,0)]
Sherlock[index=1;pos=(21,28);moving_rule=LUUDRDDUDRDRLDU]
Watson[index=2;pos=(33,0);moving_rule=LLDDDDDLLLDR]
Robot[pos=(25,0);type=C;dist=]
STEPT 146:
Criminal[index=0;pos=(25,0)]
Sherlock[index=1;pos=(22,28);moving_rule=LUUDRDDUDRDRLDU]
Watson[index=2;pos=(33,0);moving_rule=LLDDDDDLLLDR]
Robot[pos=(24,0);type=C;dist=]
STEPT 147:
Criminal[index=0;pos=(24,0)]
Sherlock[index=1;pos=(22,29);moving_rule=LUUDRDDUDRDRLDU]
Watson[index=2;pos=(33,0);moving_rule=LLDDDDDLLLDR]
Robot[pos=(25,0);type=C;dist=]
STEPT 148:
Criminal[index=0;pos=(25,0)]
Sherlock[index=1;pos=(22,28);moving_rule=LUUDRDDUDRDRLDU]
Watson[index=2;pos=(33,0);moving_rule=LLDDDDDLLLDR]
Robot[pos=(24,0);type=C;dist=]
STEPT 149:
Criminal[index=0;pos=(24,0)]
Sherlock[index=1;pos=(23,28);moving_rule=LUUDRDDUDRDRLDU]
Watson[index=2;pos=(33,0);moving_rule=LLDDDDDLLLDR]
Robot[pos=(25,0);type=C;dist=]
STEPT 150:
Criminal[index=0;pos=(25,0)]
Sherlock[index=1;pos=(22,28);moving_rule=LUUDRDDUDRDRLDU]
Watson[index=2;pos=(33,0);moving_rule=LLDDDDDLLLDR]
Robot[pos=(24,0);type=C;dist=]
STEPT 151:
Criminal[index=0;pos=(24,0)]
Sherlock[index=1;pos=(22,27);moving_rule=LUUDRDDUDRDRLDU]
Watson[index=2;pos=(33,0);moving_rule=LLDDDDDLLLDR]
Robot[pos=(25,0);type=C;dist=]
STEPT 152:
Criminal[index=0;pos=(25,0)]
Sherlock[index=1;pos=(21,27);moving_rule=LUUDRDDUDRDRLDU]
Watson[index=2;pos=(33,0);moving_rule=LLDDDDDLLLDR]
Robot[pos=(24,0);type=C;dist=]
STEPT 153:
Criminal[index=0;pos=(24,0)]
Sherlock[index=1;pos=(20,27);moving_rule=LUUDRDDUDRDRLDU]
Watson[index=2;pos=(33,0);moving_rule=LLDDDDDLLLDR]
Robot[pos=(25,0);type=C;dist=]
STEPT 154:
Criminal[index=0;pos=(25,0)]
Sherlock[index=1;pos=(21,27);moving_rule=LUUDRDDUDRDRLDU]
Watson[index=2;pos=(33,0);moving_rule=LLDDDDDLLLDR]
Robot[pos=(24,0);type=C;dist=]
STEPT 155:
Criminal[index=0;pos=(24,0)]
Sherlock[index=1;pos=(21,28);moving_rule=LUUDRDDUDRDRLDU]
Watson[index=2;pos=(33,0);moving_rule=LLDDDDDLLLDR]
Robot[pos=(25,0);type=C;dist=]
STEPT 156:
Criminal[index=0;pos=(25,0)]
Sherlock[index=1;pos=(22,28);moving_rule=LUUDRDDUDRDRLDU]
Watson[index=2;pos=(33,1);moving_rule=LLDDDDDLLLDR]
Robot[pos=(24,0);type=C;dist=]
STEPT 157:
Criminal[index=0;pos=(24,0)]
Sherlock[index=1;pos=(23,28);moving_rule=LUUDRDDUDRDRLDU]
Watson[index=2;pos=(33,0);moving_rule=LLDDDDDLLLDR]
Robot[pos=(25,0);type=C;dist=]
STEPT 158:
Criminal[index=0;pos=(25,0)]
Sherlock[index=1;pos=(22,28);moving_rule=LUUDRDDUDRDRLDU]
Watson[index=2;pos=(33,0);moving_rule=LLDDDDDLLLDR]
Robot[pos=(24,0);type=C;dist=]
STEPT 159:
Criminal[index=0;pos=(24,0)]
Sherlock[index=1;pos=(23,28);moving_rule=LUUDRDDUDRDRLDU]
Watson[index=2;pos=(33,0);moving_rule=LLDDDDDLLLDR]
Robot[pos=(25,0);type=C;dist=]
STEPT 160:
Criminal[index=0;pos=(25,0)]
Sherlock[index=1;pos=(23,29);moving_rule=LUUDRDDUDRDRLDU]
Watson[index=2;pos=(33,0);moving_rule=LLDDDDDLLLDR]
Robot[pos=(24,0);type=C;dist=]
STEPT 161:
Criminal[index=0;pos=(24,0)]
Sherlock[index=1;pos=(24,29);moving_rule=LUUDRDDUDRDRLDU]
Watson[index=2;pos=(33,0);moving_rule=LLDDDDDLLLDR]
Robot[pos=(25,0);type=C;dist=]
STEPT 162:
Criminal[index=0;pos=(25,0)]
Sherlock[index=1;pos=(24,30);moving_rule=LUUDRDDUDRDRLDU]
Watson[index=2;pos=(33,0);moving_rule=LLDDDDDLLLDR]
Robot[pos=(24,0);type=C;dist=]
STEPT 163:
Criminal[index=0;pos=(24,0)]
Sherlock[index=1;pos=(24,29);moving_rule=LUUDRDDUDRDRLDU]
Watson[index=2;pos=(33,0);moving_rule=LLDDDDDLLLDR]
Robot[pos=(25,0);type=C;dist=]
STEPT 164:
Criminal[index=0;pos=(25,0)]
Sherlock[index=1;pos=(25,29);moving_rule=LUUDRDDUDRDRLDU]
Watson[index=2;pos=(33,0);moving_rule=LLDDDDDLLLDR]
Robot[pos=(24,0);type=C;dist=]
STEPT 165:
Criminal[index=0;pos=(24,0)]
Sherlock[index=1;pos=(24,29);moving_rule=LUUDRDDUDRDRLDU]
Watson[index=2;pos=(33,0);moving_rule=LLDDDDDLLLDR]
Robot[pos=(25,0);type=C;dist=]
STEPT 166:
Criminal[index=0;pos=(25,0)]
Sherlock[index=1;pos=(24,28);moving_rule=LUUDRDDUDRDRLDU]
Watson[index=2;pos=(33,0);moving_rule=LLDDDDDLLLDR]
Robot[pos=(24,0);type=C;dist=]
STEPT 167:
Criminal[index=0;pos=(24,0)]
Sherlock[index=1;pos=(23,28);moving_rule=LUUDRDDUDRDRLDU]
Watson[index=2;pos=(33,0);moving_rule=LLDDDDDLLLDR]
Robot[pos=(25,0);type=C;dist=]
STEPT 168:
Criminal[index=0;pos=(25,0)]
Sherlock[index=1;pos=(22,28);moving_rule=LUUDRDDUDRDRLDU]
Watson[index=2;pos=(33,1);moving_rule=LLDDDDDLLLDR]
Robot[pos=(24,0);type=C;dist=]
STEPT 169:
Criminal[index=0;pos=(24,0)]
Sherlock[index=1;pos=(23,28);moving_rule=LUUDRDDUDRDRLDU]
Watson[index=2;pos=(33,0);moving_rule=LLDDDDDLLLDR]
Robot[pos=(25,0);type=C;dist=]
STEPT 170:
Criminal[index=0;pos=(25,0)]
Sherlock[index=1;pos=(23,29);moving_rule=LUUDRDDUDRDRLDU]
Watson[index=2;pos=(33,0);moving_rule=LLDDDDDLLLDR]
Robot[pos=(24,0);type=C;dist=]
STEPT 171:
Criminal[index=0;pos=(24,0)]
Sherlock[index=1;pos=(24,29);moving_rule=LUUDRDDUDRDRLDU]
Watson[index=2;pos=(33,0);moving_rule=LLDDDDDLLLDR]
Robot[pos=(25,0);type=C;dist=]
STEPT 172:
Criminal[index=0;pos=(25,0)]
Sherlock[index=1;pos=(25,29);moving_rule=LUUDRDDUDRDRLDU]
Watson[index=2;pos=(33,0);moving_rule=LLDDDDDLLLDR]
Robot[pos=(24,0);type=C;dist=]
STEPT 173:
Criminal[index=0;pos=(24,0)]
Sherlock[index=1;pos=(24,29);moving_rule=LUUDRDDUDRDRLDU]
Watson[index=2;pos=(33,0);moving_rule=LLDDDDDLLLDR]
Robot[pos=(25,0);type=C;dist=]
STEPT 174:
Criminal[index=0;pos=(25,0)]
Sherlock[index=1;pos=(25,29);moving_rule=LUUDRDDUDRDRLDU]
Watson[index=2;pos=(33,0);moving_rule=LLDDDDDLLLDR]
Robot[pos=(24,0);type=C;dist=]
STEPT 175:
Criminal[index=0;pos=(24,0)]
Sherlock[index=1;pos=(25,30);moving_rule=LUUDRDDUDRDRLDU]
Watson[index=2;pos=(33,0);moving_rule=LLDDDDDLLLDR]
Robot[pos=(25,0);type=C;dist=]
STEPT 176:
Criminal[index=0;pos=(24,1)]
Sherlock[index=1;pos=(26,30);moving_rule=LUUDRDDUDRDRLDU]
Watson[index=2;pos=(33,0);moving_rule=LLDDDDDLLLDR]
Robot[pos=(24,0);type=C;dist=]
STEPT 177:
Criminal[index=0;pos=(23,1)]
Sherlock[index=1;pos=(26,31);moving_rule=LUUDRDDUDRDRLDU]
Watson[index=2;pos=(33,0);moving_rule=LLDDDDDLLLDR]
Robot[pos=(24,1);type=C;dist=]
STEPT 178:
Criminal[index=0;pos=(22,1)]
Sherlock[index=1;pos=(26,30);moving_rule=LUUDRDDUDRDRLDU]
Watson[index=2;pos=(33,0);moving_rule=LLDDDDDLLLDR]
Robot[pos=(23,1);type=C;dist=]
STEPT 179:
Criminal[index=0;pos=(21,1)]
Sherlock[index=1;pos=(27,30);moving_rule=LUUDRDDUDRDRLDU]
Watson[index=2;pos=(33,0);moving_rule=LLDDDDDLLLDR]
Robot[pos=(22,1);type=C;dist=]
STEPT 180:
Criminal[index=0;pos=(20,1)]
Sherlock[index=1;pos=(26,30);moving_rule=LUUDRDDUDRDRLDU]
Watson[index=2;pos=(33,1);moving_rule=LLDDDDDLLLDR]
Robot[pos=(21,1);type=C;dist=]
STEPT 181:
Criminal[index=0;pos=(19,1)]
Sherlock[index=1;pos=(26,29);moving_rule=LUUDRDDUDRDRLDU]
Watson[index=2;pos=(33,0);moving_rule=LLDDDDDLLLDR]
Robot[pos=(20,1);type=C;dist=]
STEPT 182:
Criminal[index=0;pos=(18,1)]
Sherlock[index=1;pos=(25,29);moving_rule=LUUDRDDUDRDRLDU]
Watson[index=2;pos=(33,0);moving_rule=LLDDDDDLLLDR]
Robot[pos=(19,1);type=C;dist=]
STEPT 183:
Criminal[index=0;pos=(17,1)]
Sherlock[index=1;pos=(24,29);moving_rule=LUUDRDDUDRDRLDU]
Watson[index=2;pos=(33,0);moving_rule=LLDDDDDLLLDR]
Robot[pos=(18,1);type=C;dist=]
STEPT 184:
Criminal[index=0;pos=(16,1)]
Sherlock[index=1;pos=(25,29);moving_rule=LUUDRDDUDRDRLDU]
Watson[index=2;pos=(33,0);moving_rule=LLDDDDDLLLDR]
Robot[pos=(17,1);type=C;dist=]
STEPT 185:
Criminal[index=0;pos=(15,1)]
Sherlock[index=1;pos=(25,30);moving_rule=LUUDRDDUDRDRLDU]
Watson[index=2;pos=(33,0);moving_rule=LLDDDDDLLLDR]
Robot[pos=(16,1);type=C;dist=]
STEPT 186:
Criminal[index=0;pos=(14,1)]
Sherlock[index=1;pos=(26,30);moving_rule=LUUDRDDUDRDRLDU]
Watson[index=2;pos=(33,0);moving_rule=LLDDDDDLLLDR]
Robot[pos=(15,1);type=C;dist=]
STEPT 187:
Criminal[index=0;pos=(13,1)]
Sherlock[index=1;pos=(27,30);moving_rule=LUUDRDDUDRDRLDU]
Watson[index=2;pos=(33,0);moving_rule=LLDDDDDLLLDR]
Robot[pos=(14,1);type=C;dist=]
STEPT 188:
Criminal[index=0;pos=(12,1)]
Sherlock[index=1;pos=(26,30);moving_rule=LUUDRDDUDRDRLDU]
Watson[index=2;pos=(33,0);moving_rule=LLDDDDDLLLDR]
Robot[pos=(13,1);type=C;dist=]
STEPT 189:
Criminal[index=0;pos=(11,1)]
Sherlock[index=1;pos=(27,30);moving_rule=LUUDRDDUDRDRLDU]
Watson[index=2;pos=(33,0);moving_rule=LLDDDDDLLLDR]
Robot[pos=(12,1);type=C;dist=]
STEPT 190:
Criminal[index=0;pos=(10,1)]
Sherlock[index=1;pos=(27,31);moving_rule=LUUDRDDUDRDRLDU]
Watson[index=2;pos=(33,0);moving_rule=LLDDDDDLLLDR]
Robot[pos=(11,1);type=C;dist=]
STEPT 191:
Criminal[index=0;pos=(9,1)]
Sherlock[index=1;pos=(27,31);moving_rule=LUUDRDDUDRDRLDU]
Watson[index=2;pos=(33,0);moving_rule=LLDDDDDLLLDR]
Robot[pos=(10,1);type=C;dist=]
STEPT 192:
Criminal[index=0;pos=(8,1)]
Sherlock[index=1;pos=(27,32);moving_rule=LUUDRDDUDRDRLDU]
Watson[index=2;pos=(33,1);moving_rule=LLDDDDDLLLDR]
Robot[pos=(9,1);type=C;dist=]
STEPT 193:
Criminal[index=0;pos=(7,1)]
Sherlock[index=1;pos=(27,31);moving_rule=LUUDRDDUDRDRLDU]
Watson[index=2;pos=(33,0);moving_rule=LLDDDDDLLLDR]
Robot[pos=(8,1);type=C;dist=]
STEPT 194:
Criminal[index=0;pos=(6,1)]
Sherlock[index=1;pos=(27,31);moving_rule=LUUDRDDUDRDRLDU]
Watson[index=2;pos=(33,0);moving_rule=LLDDDDDLLLDR]
Robot[pos=(7,1);type=C;dist=]
STEPT 195:
Criminal[index=0;pos=(5,1)]
Sherlock[index=1;pos=(26,31);moving_rule=LUUDRDDUDRDRLDU]
Watson[index=2;pos=(33,0);moving_rule=LLDDDDDLLLDR]
Robot[pos=(6,1);type=C;dist=]
STEPT 196:
Criminal[index=0;pos=(4,1)]
Sherlock[index=1;pos=(26,30);moving_rule=LUUDRDDUDRDRLDU]
Watson[index=2;pos=(33,0);moving_rule=LLDDDDDLLLDR]
Robot[pos=(5,1);type=C;dist=]
STEPT 197:
Criminal[index=0;pos=(3,1)]
Sherlock[index=1;pos=(25,30);moving_rule=LUUDRDDUDRDRLDU]
Watson[index=2;pos=(33,0);moving_rule=LLDDDDDLLLDR]
Robot[pos=(4,1);type=C;dist=]
STEPT 198:
Criminal[index=0;pos=(2,1)]
Sherlock[index=1;pos=(24,30);moving_rule=LUUDRDDUDRDRLDU]
Watson[index=2;pos=(33,0);moving_rule=LLDDDDDLLLDR]
Robot[pos=(3,1);type=C;dist=]
STEPT 199:
Criminal[index=0;pos=(1,1)]
Sherlock[index=1;pos=(25,30);moving_rule=LUUDRDDUDRDRLDU]
Watson[index=2;pos=(33,0);moving_rule=LLDDDDDLLLDR]
Robot[pos=(2,1);type=C;dist=]
STEPT 200:
Criminal[index=0;pos=(0,1)]
Sherlock[index=1;pos=(25,31);moving_rule=LUUDRDDUDRDRLDU]
Watson[index=2;pos=(33,0);moving_rule=LLDDDDDLLLDR]
Robot[pos=(1,1);type=C;dist=]
